data/raw/sales.csv
date,category,product,units_sold,revenue,product_price,promo_flag,is_holiday_season,category_popularity_30d
2020-05-08,Electronics,Smart Speaker,7,991.63,141.66,0,0,1.03
2020-06-01,Electronics,Smart Speaker,18,2862.76,159.04,0,0,1.03
2020-08-02,Electronics,Smart Speaker,8,1236.19,154.52,0,0,1.03
2020-08-25,Electronics,Smart Speaker,12,1794.97,149.58,0,0,1.03
2020-09-02,Electronics,Smart Speaker,9,1435.57,159.51,0,0,1.03
2020-10-08,Electronics,Smart Speaker,12,1683.81,140.32,0,0,1.03
2020-10-16,Electronics,Smart Speaker,13,1839.49,141.5,0,0,1.03
2020-11-11,Electronics,Smart Speaker,10,1495.8,149.58,0,1,1.03
2021-02-21,Electronics,Smart Speaker,12,1785.36,148.78,0,0,1.03
2021-03-02,Electronics,Smart Speaker,12,1793.29,149.44,0,0,1.03
2021-04-22,Electronics,Smart Speaker,9,1327.38,147.49,0,0,1.03
2021-05-12,Electronics,Smart Speaker,9,1232.77,136.97,0,0,1.03
2021-07-19,Electronics,Smart Speaker,13,1774.6,136.51,1,0,1.03
2021-08-06,Electronics,Smart Speaker,9,1290.22,143.36,0,0,1.03
2021-08-10,Electronics,Smart Speaker,14,2134.97,152.5,0,0,1.03
2021-08-19,Electronics,Smart Speaker,14,2320.2,165.73,0,0,1.03
2021-08-28,Electronics,Smart Speaker,13,1837.17,141.32,0,0,1.03
2021-09-09,Electronics,Smart Speaker,12,1737.27,144.77,0,0,1.03
2021-09-17,Electronics,Smart Speaker,13,1934.15,148.78,0,0,1.03
2021-10-12,Electronics,Smart Speaker,11,1664.47,151.32,0,0,1.03
2021-12-05,Electronics,Smart Speaker,11,1749.16,159.01,0,1,1.03
2022-01-13,Electronics,Smart Speaker,10,1382.56,138.26,0,0,1.03
2022-02-24,Electronics,Smart Speaker,18,2740.71,152.26,0,0,1.03
2022-03-04,Electronics,Smart Speaker,12,1877.99,156.5,1,0,1.03
2022-03-30,Electronics,Smart Speaker,13,1979.63,152.28,1,0,1.03
2022-04-04,Electronics,Smart Speaker,18,2601.54,144.53,1,0,1.03
2022-04-05,Electronics,Smart Speaker,9,1319.26,146.58,0,0,1.03
2022-04-22,Electronics,Smart Speaker,12,1864.39,155.37,0,0,1.03
2022-05-15,Electronics,Smart Speaker,9,1302.3,144.7,0,0,1.03
2022-05-30,Electronics,Smart Speaker,18,2692.83,149.6,1,0,1.03
2022-06-06,Electronics,Smart Speaker,11,1717.7,156.15,0,0,1.03
2022-06-28,Electronics,Smart Speaker,17,2366.31,139.19,1,0,1.03
2022-07-01,Electronics,Smart Speaker,14,2020.21,144.3,0,0,1.03
2022-07-25,Electronics,Smart Speaker,10,1481.85,148.18,0,0,1.03
2022-07-29,Electronics,Smart Speaker,18,2676.07,148.67,1,0,1.03
2022-07-30,Electronics,Smart Speaker,8,1265.98,158.25,1,0,1.03
2020-05-08,Groceries,Organic Cereal,307,1556.42,5.07,0,0,1.1
2020-05-10,Groceries,Organic Cereal,356,1653.73,4.65,0,0,1.1
2020-08-26,Groceries,Organic Cereal,374,1779.1,4.76,1,0,1.1
2020-10-03,Groceries,Organic Cereal,334,1697.37,5.08,0,0,1.1
2021-01-07,Groceries,Organic Cereal,334,1644.98,4.93,0,0,1.1
2021-01-31,Groceries,Organic Cereal,355,1710.91,4.82,0,0,1.1
2021-02-02,Groceries,Organic Cereal,336,1698.34,5.05,0,0,1.1
2021-04-10,Groceries,Organic Cereal,313,1685.51,5.39,0,0,1.1
2021-06-09,Groceries,Organic Cereal,337,1647.7,4.89,0,0,1.1
2021-08-09,Groceries,Organic Cereal,392,1975.66,5.04,1,0,1.1
2021-11-06,Groceries,Organic Cereal,429,2124.89,4.95,0,1,1.1
2021-12-23,Groceries,Organic Cereal,352,1987.89,5.65,0,1,1.1
2021-12-30,Groceries,Organic Cereal,428,2028.83,4.74,0,1,1.1
2022-01-02,Groceries,Organic Cereal,359,1711.85,4.77,0,0,1.1
2022-04-25,Groceries,Organic Cereal,336,1726.11,5.14,0,0,1.1
2022-05-09,Groceries,Organic Cereal,364,1739.2,4.78,0,0,1.1
2022-08-14,Groceries,Organic Cereal,556,2464.9,4.43,1,0,1.1
2022-08-24,Groceries,Organic Cereal,356,1733.86,4.87,0,0,1.1
2020-05-08,Clothing,Running Shoes,54,3145.9,58.26,0,0,0.95
2020-05-22,Clothing,Running Shoes,54,3134.6,58.05,0,0,0.95
2020-09-13,Clothing,Running Shoes,72,4456.61,61.9,1,0,0.95
2020-10-25,Clothing,Running Shoes,60,3447.05,57.45,0,0,0.95
2020-10-31,Clothing,Running Shoes,54,3317.24,61.43,0,0,0.95
2020-11-21,Clothing,Running Shoes,95,6192.47,65.18,1,1,0.95
2020-11-25,Clothing,Running Shoes,82,4723.12,57.6,0,1,0.95
2020-12-12,Clothing,Running Shoes,76,4782.1,62.92,0,1,0.95
2020-12-20,Clothing,Running Shoes,109,6663.07,61.13,1,1,0.95
2021-01-14,Clothing,Running Shoes,60,3499.92,58.33,0,0,0.95
2021-02-11,Clothing,Running Shoes,63,4086.53,64.87,0,0,0.95
2021-02-12,Clothing,Running Shoes,60,3501.68,58.36,0,0,0.95
2021-04-01,Clothing,Running Shoes,57,3423.25,60.06,0,0,0.95
2021-05-28,Clothing,Running Shoes,93,5360.27,57.64,1,0,0.95
2021-06-03,Clothing,Running Shoes,68,3851.64,56.64,0,0,0.95
2021-06-18,Clothing,Running Shoes,83,4953.57,59.68,0,0,0.95
2021-08-08,Clothing,Running Shoes,80,4651.73,58.15,0,0,0.95
2021-09-15,Clothing,Running Shoes,61,3459.82,56.72,0,0,0.95
2021-12-31,Clothing,Running Shoes,104,5888.8,56.62,1,1,0.95
2022-03-19,Clothing,Running Shoes,78,4451.77,57.07,0,0,0.95
2022-05-04,Clothing,Running Shoes,54,3404.24,63.04,0,0,0.95
2022-05-06,Clothing,Running Shoes,67,4550.03,67.91,0,0,0.95
2022-06-13,Clothing,Running Shoes,66,3992.47,60.49,0,0,0.95
2022-06-14,Clothing,Running Shoes,75,4358.94,58.12,0,0,0.95
2022-06-18,Clothing,Running Shoes,98,5496.3,56.08,0,0,0.95
2022-07-02,Clothing,Running Shoes,92,5769.59,62.71,1,0,0.95
2022-08-08,Clothing,Running Shoes,80,4913.46,61.42,1,0,0.95
2022-08-20,Clothing,Running Shoes,71,4075.1,57.4,0,0,0.95
2020-05-08,Books,Business Book,86,1869.15,21.73,0,0,1.1
2020-05-13,Books,Business Book,80,1903.7,23.8,0,0,1.1
2020-07-06,Books,Business Book,87,2122.96,24.4,0,0,1.1
2020-10-10,Books,Business Book,89,2275.17,25.56,0,0,1.1
2020-10-19,Books,Business Book,71,1792.13,25.24,0,0,1.1
2020-11-05,Books,Business Book,98,2387.08,24.36,0,1,1.1
2021-01-31,Books,Business Book,96,2259.83,23.54,0,0,1.1
2021-02-04,Books,Business Book,84,2272.44,27.05,0,0,1.1
2021-03-06,Books,Business Book,121,2909.49,24.05,1,0,1.1
2021-03-15,Books,Business Book,109,2723.86,24.99,1,0,1.1
2021-04-19,Books,Business Book,63,1606.22,25.5,0,0,1.1
2021-04-20,Books,Business Book,80,2068.78,25.86,0,0,1.1
2021-06-18,Books,Business Book,90,2268.68,25.21,0,0,1.1
2021-07-18,Books,Business Book,95,2458.54,25.88,0,0,1.1
2021-09-11,Books,Business Book,85,2162.83,25.45,0,0,1.1
2021-09-24,Books,Business Book,85,2000.63,23.54,0,0,1.1
2021-11-03,Books,Business Book,134,3301.8,24.64,1,1,1.1
2022-01-02,Books,Business Book,110,2799.91,25.45,0,0,1.1
2022-02-01,Books,Business Book,92,2273.14,24.71,0,0,1.1
2022-02-18,Books,Business Book,93,2539.67,27.31,0,0,1.1
2022-02-27,Books,Business Book,92,2141.04,23.27,0,0,1.1
2022-05-01,Books,Business Book,92,2431.58,26.43,0,0,1.1
2022-05-28,Books,Business Book,102,2552.0,25.02,0,0,1.1
2022-07-27,Books,Business Book,113,2831.68,25.06,0,0,1.1
2022-08-08,Books,Business Book,92,2465.91,26.8,1,0,1.1
2020-05-08,Furniture,Office Chair,7,822.02,117.43,0,0,0.93
2020-06-29,Furniture,Office Chair,9,1071.19,119.02,1,0,0.93
2020-07-22,Furniture,Office Chair,12,1392.75,116.06,0,0,0.93
2020-09-05,Furniture,Office Chair,8,947.8,118.48,0,0,0.93
2020-09-17,Furniture,Office Chair,9,1198.0,133.11,0,0,0.93
2020-10-11,Furniture,Office Chair,4,497.91,124.48,1,0,0.93
2020-10-15,Furniture,Office Chair,9,1009.97,112.22,0,0,0.93
2020-10-23,Furniture,Office Chair,8,883.67,110.46,0,0,0.93
2020-10-26,Furniture,Office Chair,2,246.82,123.41,0,0,0.93
2021-01-04,Furniture,Office Chair,12,1429.17,119.1,0,0,0.93
2021-01-08,Furniture,Office Chair,12,1317.55,109.8,0,0,0.93
2021-01-10,Furniture,Office Chair,7,899.55,128.51,0,0,0.93
2021-01-24,Furniture,Office Chair,11,1307.87,118.9,0,0,0.93
2021-02-15,Furniture,Office Chair,4,439.4,109.85,0,0,0.93
2021-03-16,Furniture,Office Chair,8,864.34,108.04,0,0,0.93
2021-06-03,Furniture,Office Chair,8,1024.03,128.0,0,0,0.93
2021-06-16,Furniture,Office Chair,6,695.59,115.93,0,0,0.93
2021-07-25,Furniture,Office Chair,7,932.75,133.25,0,0,0.93
2021-08-12,Furniture,Office Chair,12,1463.13,121.93,0,0,0.93
2021-08-24,Furniture,Office Chair,12,1442.67,120.22,1,0,0.93
2021-08-25,Furniture,Office Chair,10,1328.97,132.9,0,0,0.93
2021-09-23,Furniture,Office Chair,5,675.5,135.1,1,0,0.93
2021-09-29,Furniture,Office Chair,14,1592.8,113.77,0,0,0.93
2021-12-11,Furniture,Office Chair,12,1402.42,116.87,0,1,0.93
2021-12-21,Furniture,Office Chair,14,1717.19,122.66,0,1,0.93
2021-12-22,Furniture,Office Chair,15,1783.53,118.9,0,1,0.93
2022-01-15,Furniture,Office Chair,17,1859.39,109.38,0,0,0.93
2022-03-01,Furniture,Office Chair,11,1248.47,113.5,1,0,0.93
2022-03-27,Furniture,Office Chair,9,1137.04,126.34,0,0,0.93
2022-04-22,Furniture,Office Chair,8,964.51,120.56,0,0,0.93
2022-05-13,Furniture,Office Chair,6,781.8,130.3,0,0,0.93
2022-09-05,Furniture,Office Chair,10,1203.31,120.33,0,0,0.93
2020-05-08,Toys,Building Blocks,40,1357.98,33.95,0,0,1.09
2020-05-14,Toys,Building Blocks,47,1686.54,35.88,0,0,1.09
2020-06-19,Toys,Building Blocks,50,1757.29,35.15,0,0,1.09
2020-07-13,Toys,Building Blocks,60,2202.46,36.71,1,0,1.09
2020-07-18,Toys,Building Blocks,50,1635.23,32.7,0,0,1.09
2020-12-16,Toys,Building Blocks,94,3212.02,34.17,1,1,1.09
2020-12-21,Toys,Building Blocks,69,2313.89,33.53,0,1,1.09
2021-01-11,Toys,Building Blocks,55,1845.68,33.56,0,0,1.09
2021-01-13,Toys,Building Blocks,50,1771.64,35.43,0,0,1.09
2021-02-26,Toys,Building Blocks,71,2230.16,31.41,0,0,1.09
2021-04-20,Toys,Building Blocks,51,1987.96,38.98,0,0,1.09
2021-05-03,Toys,Building Blocks,54,1894.31,35.08,0,0,1.09
2021-05-06,Toys,Building Blocks,56,2011.89,35.93,0,0,1.09
2021-05-11,Toys,Building Blocks,64,2332.91,36.45,0,0,1.09
2021-06-01,Toys,Building Blocks,61,2183.96,35.8,0,0,1.09
2021-06-09,Toys,Building Blocks,54,1963.25,36.36,0,0,1.09
2021-06-15,Toys,Building Blocks,40,1438.17,35.95,0,0,1.09
2021-07-11,Toys,Building Blocks,57,1950.96,34.23,0,0,1.09
2021-08-20,Toys,Building Blocks,49,1711.66,34.93,0,0,1.09
2021-12-11,Toys,Building Blocks,82,2615.59,31.9,0,1,1.09
2022-01-20,Toys,Building Blocks,65,2434.79,37.46,0,0,1.09
2022-03-04,Toys,Building Blocks,73,2477.3,33.94,1,0,1.09
2022-08-07,Toys,Building Blocks,79,2719.76,34.43,1,0,1.09
2020-05-08,Sports,Yoga Mat,42,1793.46,42.7,0,0,0.98
2020-05-20,Sports,Yoga Mat,40,1670.93,41.77,0,0,0.98
2020-05-25,Sports,Yoga Mat,43,1857.69,43.2,0,0,0.98
2020-05-26,Sports,Yoga Mat,35,1547.38,44.21,0,0,0.98
2020-05-27,Sports,Yoga Mat,33,1497.69,45.38,0,0,0.98
2020-05-30,Sports,Yoga Mat,56,2644.02,47.21,0,0,0.98
2020-06-06,Sports,Yoga Mat,35,1659.51,47.41,0,0,0.98
2020-06-14,Sports,Yoga Mat,46,2091.78,45.47,0,0,0.98
2020-07-01,Sports,Yoga Mat,40,1670.27,41.76,0,0,0.98
2020-08-03,Sports,Yoga Mat,58,2571.37,44.33,0,0,0.98
2020-10-07,Sports,Yoga Mat,43,1963.56,45.66,0,0,0.98
2020-12-27,Sports,Yoga Mat,71,3083.24,43.43,1,1,0.98
2021-01-25,Sports,Yoga Mat,45,1963.13,43.63,0,0,0.98
2021-02-11,Sports,Yoga Mat,39,1806.87,46.33,0,0,0.98
2021-02-26,Sports,Yoga Mat,43,1972.56,45.87,0,0,0.98
2021-04-18,Sports,Yoga Mat,67,2968.17,44.3,1,0,0.98
2021-05-06,Sports,Yoga Mat,50,2314.55,46.29,0,0,0.98
2021-05-30,Sports,Yoga Mat,52,2391.63,45.99,1,0,0.98
2021-06-21,Sports,Yoga Mat,42,1900.53,45.25,0,0,0.98
2021-07-05,Sports,Yoga Mat,32,1396.05,43.63,0,0,0.98
2021-07-12,Sports,Yoga Mat,52,2260.4,43.47,0,0,0.98
2021-07-28,Sports,Yoga Mat,59,2461.56,41.72,0,0,0.98
2021-08-04,Sports,Yoga Mat,55,2292.94,41.69,0,0,0.98
2021-08-13,Sports,Yoga Mat,37,1584.61,42.83,0,0,0.98
2021-08-21,Sports,Yoga Mat,58,2668.95,46.02,0,0,0.98
2021-09-27,Sports,Yoga Mat,42,1823.2,43.41,0,0,0.98
2021-10-18,Sports,Yoga Mat,45,2224.84,49.44,0,0,0.98
2021-10-22,Sports,Yoga Mat,29,1453.67,50.13,0,0,0.98
2021-10-31,Sports,Yoga Mat,70,2868.86,40.98,1,0,0.98
2022-01-03,Sports,Yoga Mat,43,1896.36,44.1,0,0,0.98
2022-01-16,Sports,Yoga Mat,47,2031.27,43.22,0,0,0.98
2022-01-23,Sports,Yoga Mat,54,2601.74,48.18,0,0,0.98
2022-01-30,Sports,Yoga Mat,72,2886.56,40.09,0,0,0.98
2022-03-06,Sports,Yoga Mat,52,2237.29,43.02,1,0,0.98
2022-03-12,Sports,Yoga Mat,64,2871.28,44.86,1,0,0.98
2022-05-10,Sports,Yoga Mat,28,1312.59,46.88,0,0,0.98
2022-05-22,Sports,Yoga Mat,60,2536.72,42.28,0,0,0.98
2022-08-31,Sports,Yoga Mat,44,2116.51,48.1,0,0,0.98
2020-05-08,Beauty,Face Serum,158,3123.75,19.77,0,0,1.04
2020-05-30,Beauty,Face Serum,202,3813.21,18.88,0,0,1.04
2020-06-03,Beauty,Face Serum,153,3166.83,20.7,0,0,1.04
2020-07-13,Beauty,Face Serum,157,3520.99,22.43,1,0,1.04
2020-07-20,Beauty,Face Serum,140,2867.49,20.48,0,0,1.04
2020-07-26,Beauty,Face Serum,165,3331.42,20.19,0,0,1.04
2020-11-02,Beauty,Face Serum,208,4348.91,20.91,0,1,1.04
2020-11-17,Beauty,Face Serum,214,4373.46,20.44,1,1,1.04
2021-01-29,Beauty,Face Serum,252,4972.37,19.73,1,0,1.04
2021-01-30,Beauty,Face Serum,168,3409.59,20.3,0,0,1.04
2021-03-17,Beauty,Face Serum,157,3181.07,20.26,0,0,1.04
2021-04-18,Beauty,Face Serum,254,4677.35,18.41,1,0,1.04
2021-05-10,Beauty,Face Serum,159,2940.66,18.49,0,0,1.04
2021-06-21,Beauty,Face Serum,153,2936.33,19.19,0,0,1.04
2021-08-01,Beauty,Face Serum,171,3477.31,20.34,0,0,1.04
2021-08-30,Beauty,Face Serum,179,3394.77,18.97,1,0,1.04
2021-09-02,Beauty,Face Serum,163,3206.79,19.67,0,0,1.04
2021-10-19,Beauty,Face Serum,187,3899.92,20.86,0,0,1.04
2021-10-26,Beauty,Face Serum,164,3252.36,19.83,0,0,1.04
2021-12-03,Beauty,Face Serum,193,3909.77,20.26,0,1,1.04
2022-01-19,Beauty,Face Serum,180,3735.36,20.75,0,0,1.04
2022-03-07,Beauty,Face Serum,188,3943.81,20.98,0,0,1.04
2022-08-29,Beauty,Face Serum,197,4021.1,20.41,1,0,1.04
2022-09-03,Beauty,Face Serum,187,3929.02,21.01,0,0,1.04
2020-05-09,Electronics,Smart Speaker,6,840.23,140.04,0,0,1.02
2020-06-27,Electronics,Smart Speaker,16,2388.79,149.3,0,0,1.02
2020-07-10,Electronics,Smart Speaker,11,1590.46,144.59,1,0,1.02
2020-08-23,Electronics,Smart Speaker,11,1687.97,153.45,0,0,1.02
2020-08-30,Electronics,Smart Speaker,11,1727.65,157.06,0,0,1.02
2020-09-10,Electronics,Smart Speaker,12,1710.5,142.54,1,0,1.02
2020-09-23,Electronics,Smart Speaker,12,1728.33,144.03,1,0,1.02
2020-11-13,Electronics,Smart Speaker,11,1795.97,163.27,0,1,1.02
2021-01-18,Electronics,Smart Speaker,17,2587.67,152.22,0,0,1.02
2021-01-24,Electronics,Smart Speaker,17,2441.61,143.62,0,0,1.02
2021-03-10,Electronics,Smart Speaker,9,1299.2,144.36,0,0,1.02
2021-03-24,Electronics,Smart Speaker,13,1851.89,142.45,0,0,1.02
2021-03-29,Electronics,Smart Speaker,15,2371.18,158.08,0,0,1.02
2021-04-01,Electronics,Smart Speaker,7,1050.84,150.12,0,0,1.02
2021-04-23,Electronics,Smart Speaker,12,1824.7,152.06,0,0,1.02
2021-04-24,Electronics,Smart Speaker,8,1256.48,157.06,0,0,1.02
2021-05-22,Electronics,Smart Speaker,9,1351.82,150.2,1,0,1.02
2021-05-29,Electronics,Smart Speaker,13,1984.02,152.62,0,0,1.02
2021-06-28,Electronics,Smart Speaker,10,1388.52,138.85,0,0,1.02
2021-06-30,Electronics,Smart Speaker,11,1692.8,153.89,0,0,1.02
2021-09-19,Electronics,Smart Speaker,17,2698.5,158.74,0,0,1.02
2021-09-20,Electronics,Smart Speaker,6,940.07,156.68,0,0,1.02
2021-10-09,Electronics,Smart Speaker,9,1457.52,161.95,0,0,1.02
2021-10-26,Electronics,Smart Speaker,14,2198.53,157.04,0,0,1.02
2022-02-03,Electronics,Smart Speaker,6,973.7,162.28,0,0,1.02
2022-03-16,Electronics,Smart Speaker,16,2272.56,142.03,1,0,1.02
2022-03-26,Electronics,Smart Speaker,17,2373.01,139.59,0,0,1.02
2022-04-03,Electronics,Smart Speaker,14,2045.81,146.13,0,0,1.02
2022-05-27,Electronics,Smart Speaker,10,1415.5,141.55,0,0,1.02
2022-06-13,Electronics,Smart Speaker,16,2308.2,144.26,0,0,1.02
2022-06-15,Electronics,Smart Speaker,10,1410.48,141.05,0,0,1.02
2022-06-21,Electronics,Smart Speaker,15,2202.28,146.82,1,0,1.02
2020-05-09,Groceries,Organic Cereal,326,1620.57,4.97,0,0,0.97
2020-05-12,Groceries,Organic Cereal,344,1652.64,4.8,0,0,0.97
2020-05-17,Groceries,Organic Cereal,321,1538.75,4.79,0,0,0.97
2020-07-13,Groceries,Organic Cereal,378,1924.73,5.09,1,0,0.97
2020-07-19,Groceries,Organic Cereal,355,1550.5,4.37,0,0,0.97
2020-07-26,Groceries,Organic Cereal,326,1640.55,5.03,0,0,0.97
2020-08-28,Groceries,Organic Cereal,280,1453.17,5.19,0,0,0.97
2020-09-01,Groceries,Organic Cereal,347,1544.92,4.45,0,0,0.97
2020-09-06,Groceries,Organic Cereal,314,1677.92,5.34,0,0,0.97
2020-10-20,Groceries,Organic Cereal,322,1529.22,4.75,0,0,0.97
2020-11-01,Groceries,Organic Cereal,410,2199.88,5.37,0,1,0.97
2020-11-30,Groceries,Organic Cereal,369,1875.84,5.08,0,1,0.97
2020-12-15,Groceries,Organic Cereal,470,2438.95,5.19,1,1,0.97
2020-12-28,Groceries,Organic Cereal,387,1895.55,4.9,0,1,0.97
2021-01-04,Groceries,Organic Cereal,303,1509.68,4.98,0,0,0.97
2021-01-06,Groceries,Organic Cereal,350,1631.76,4.66,0,0,0.97
2021-01-17,Groceries,Organic Cereal,352,1884.14,5.35,0,0,0.97
2021-02-26,Groceries,Organic Cereal,356,1640.07,4.61,0,0,0.97
2021-03-24,Groceries,Organic Cereal,318,1598.19,5.03,0,0,0.97
2021-04-29,Groceries,Organic Cereal,303,1634.2,5.39,0,0,0.97
2021-06-08,Groceries,Organic Cereal,280,1437.73,5.13,0,0,0.97
2021-07-28,Groceries,Organic Cereal,323,1649.29,5.11,0,0,0.97
2021-10-04,Groceries,Organic Cereal,325,1600.56,4.92,0,0,0.97
2021-10-23,Groceries,Organic Cereal,353,1736.31,4.92,0,0,0.97
2021-11-13,Groceries,Organic Cereal,515,2489.95,4.83,0,1,0.97
2021-12-01,Groceries,Organic Cereal,511,2682.73,5.25,1,1,0.97
2021-12-04,Groceries,Organic Cereal,503,2453.55,4.88,0,1,0.97
2022-01-21,Groceries,Organic Cereal,330,1747.23,5.29,0,0,0.97
2022-02-02,Groceries,Organic Cereal,323,1779.97,5.51,0,0,0.97
2022-02-20,Groceries,Organic Cereal,378,1987.21,5.26,0,0,0.97
2022-02-27,Groceries,Organic Cereal,352,1798.8,5.11,0,0,0.97
2022-03-17,Groceries,Organic Cereal,335,1718.51,5.13,0,0,0.97
2022-03-29,Groceries,Organic Cereal,416,1864.06,4.48,0,0,0.97
2022-04-14,Groceries,Organic Cereal,359,1897.76,5.29,0,0,0.97
2022-05-28,Groceries,Organic Cereal,364,1858.5,5.11,0,0,0.97
2022-06-07,Groceries,Organic Cereal,440,2245.87,5.1,1,0,0.97
2022-06-15,Groceries,Organic Cereal,363,1811.04,4.99,0,0,0.97
