data/raw/sales.csv
date,category,product,units_sold,revenue,product_price,promo_flag,is_holiday_season,category_popularity_30d
2020-05-09,Clothing,Running Shoes,62,3634.32,58.62,0,0,1.11
2020-05-29,Clothing,Running Shoes,65,4150.82,63.86,0,0,1.11
2020-06-22,Clothing,Running Shoes,57,3444.08,60.42,0,0,1.11
2020-07-14,Clothing,Running Shoes,49,3099.63,63.26,0,0,1.11
2020-07-21,Clothing,Running Shoes,57,3373.3,59.18,0,0,1.11
2020-09-19,Clothing,Running Shoes,79,4854.55,61.45,0,0,1.11
2021-01-08,Clothing,Running Shoes,56,3411.27,60.92,0,0,1.11
2021-03-22,Clothing,Running Shoes,65,3883.79,59.75,0,0,1.11
2021-05-09,Clothing,Running Shoes,69,4102.43,59.46,0,0,1.11
2021-06-02,Clothing,Running Shoes,61,3721.64,61.01,0,0,1.11
2021-07-07,Clothing,Running Shoes,82,4589.13,55.97,0,0,1.11
2021-07-16,Clothing,Running Shoes,65,4029.7,62.0,0,0,1.11
2021-08-13,Clothing,Running Shoes,73,4408.86,60.4,0,0,1.11
2021-10-09,Clothing,Running Shoes,73,4483.63,61.42,0,0,1.11
2021-11-08,Clothing,Running Shoes,70,4547.1,64.96,0,1,1.11
2021-12-27,Clothing,Running Shoes,59,3551.66,60.2,0,1,1.11
2022-03-22,Clothing,Running Shoes,76,4397.08,57.86,0,0,1.11
2022-07-24,Clothing,Running Shoes,71,4135.14,58.24,0,0,1.11
2022-07-28,Clothing,Running Shoes,52,3087.24,59.37,0,0,1.11
2020-05-09,Books,Business Book,95,2413.48,25.41,0,0,0.96
2020-05-10,Books,Business Book,98,2424.01,24.73,0,0,0.96
2020-05-31,Books,Business Book,78,1983.5,25.43,0,0,0.96
2020-06-13,Books,Business Book,107,2461.12,23.0,0,0,0.96
2020-07-24,Books,Business Book,98,2704.27,27.59,1,0,0.96
2020-07-29,Books,Business Book,94,2407.72,25.61,0,0,0.96
2020-09-28,Books,Business Book,77,1784.79,23.18,0,0,0.96
2020-09-30,Books,Business Book,86,2197.48,25.55,0,0,0.96
2020-11-02,Books,Business Book,82,2117.61,25.82,0,1,0.96
2020-11-27,Books,Business Book,112,2817.46,25.16,0,1,0.96
2020-11-28,Books,Business Book,115,2758.9,23.99,0,1,0.96
2020-12-04,Books,Business Book,139,3298.48,23.73,1,1,0.96
2020-12-20,Books,Business Book,146,3761.71,25.77,1,1,0.96
2021-01-07,Books,Business Book,77,2071.53,26.9,0,0,0.96
2021-03-16,Books,Business Book,83,2094.17,25.23,0,0,0.96
2021-03-17,Books,Business Book,79,2027.07,25.66,0,0,0.96
2021-04-29,Books,Business Book,87,2058.85,23.66,0,0,0.96
2021-05-29,Books,Business Book,113,2821.96,24.97,0,0,0.96
2021-06-07,Books,Business Book,82,2148.35,26.2,0,0,0.96
2021-08-02,Books,Business Book,78,1953.27,25.04,0,0,0.96
2021-08-22,Books,Business Book,100,2772.3,27.72,0,0,0.96
2021-08-30,Books,Business Book,121,3104.02,25.65,1,0,0.96
2021-10-21,Books,Business Book,84,1989.21,23.68,0,0,0.96
2021-11-05,Books,Business Book,143,3843.04,26.87,1,1,0.96
2021-12-03,Books,Business Book,107,2697.93,25.21,0,1,0.96
2021-12-30,Books,Business Book,137,3298.0,24.07,0,1,0.96
2022-01-14,Books,Business Book,118,2886.92,24.47,0,0,0.96
2022-02-02,Books,Business Book,110,2626.62,23.88,0,0,0.96
2022-02-16,Books,Business Book,112,2606.75,23.27,0,0,0.96
2022-03-06,Books,Business Book,121,3146.23,26.0,1,0,0.96
2022-03-30,Books,Business Book,116,3074.82,26.51,1,0,0.96
2022-04-19,Books,Business Book,76,2010.02,26.45,0,0,0.96
2022-05-02,Books,Business Book,95,2482.67,26.13,0,0,0.96
2022-05-13,Books,Business Book,83,2187.88,26.36,0,0,0.96
2022-05-29,Books,Business Book,102,2641.5,25.9,0,0,0.96
2022-05-31,Books,Business Book,91,2188.34,24.05,0,0,0.96
2022-06-03,Books,Business Book,86,2169.13,25.22,0,0,0.96
2022-08-07,Books,Business Book,137,3226.73,23.55,1,0,0.96
2022-08-16,Books,Business Book,92,2164.38,23.53,0,0,0.96
2020-05-09,Furniture,Office Chair,7,883.3,126.19,0,0,1.09
2020-05-31,Furniture,Office Chair,10,1341.44,134.14,0,0,1.09
2020-06-13,Furniture,Office Chair,11,1314.17,119.47,0,0,1.09
2020-06-15,Furniture,Office Chair,4,487.89,121.97,0,0,1.09
2020-07-16,Furniture,Office Chair,8,960.75,120.09,0,0,1.09
2020-08-11,Furniture,Office Chair,10,1271.69,127.17,1,0,1.09
2020-08-13,Furniture,Office Chair,9,933.0,103.67,0,0,1.09
2020-11-30,Furniture,Office Chair,8,1007.73,125.97,0,1,1.09
2021-01-14,Furniture,Office Chair,10,1122.37,112.24,0,0,1.09
2021-01-25,Furniture,Office Chair,11,1332.02,121.09,0,0,1.09
2021-02-23,Furniture,Office Chair,9,1052.42,116.94,0,0,1.09
2021-03-09,Furniture,Office Chair,3,364.72,121.57,0,0,1.09
2021-03-10,Furniture,Office Chair,11,1371.67,124.7,0,0,1.09
2021-08-05,Furniture,Office Chair,5,624.33,124.87,1,0,1.09
2021-08-10,Furniture,Office Chair,2,250.95,125.48,0,0,1.09
2021-08-11,Furniture,Office Chair,13,1535.39,118.11,1,0,1.09
2021-09-07,Furniture,Office Chair,10,1199.93,119.99,1,0,1.09
2021-10-09,Furniture,Office Chair,7,836.16,119.45,0,0,1.09
2021-10-22,Furniture,Office Chair,3,365.76,121.92,0,0,1.09
2021-11-19,Furniture,Office Chair,7,841.1,120.16,0,1,1.09
2022-01-16,Furniture,Office Chair,13,1596.19,122.78,0,0,1.09
2022-03-10,Furniture,Office Chair,10,1173.52,117.35,0,0,1.09
2022-05-09,Furniture,Office Chair,8,970.21,121.28,0,0,1.09
2022-05-16,Furniture,Office Chair,9,1183.9,131.54,0,0,1.09
2022-07-03,Furniture,Office Chair,15,1818.0,121.2,1,0,1.09
2022-07-29,Furniture,Office Chair,11,1345.98,122.36,1,0,1.09
2022-08-30,Furniture,Office Chair,12,1494.95,124.58,0,0,1.09
2020-05-09,Toys,Building Blocks,64,2116.09,33.06,0,0,0.88
2020-08-19,Toys,Building Blocks,56,2033.76,36.32,0,0,0.88
2020-09-07,Toys,Building Blocks,64,2203.77,34.43,0,0,0.88
2020-10-28,Toys,Building Blocks,61,1917.84,31.44,0,0,0.88
2020-11-29,Toys,Building Blocks,90,2826.67,31.41,0,1,0.88
2021-01-29,Toys,Building Blocks,60,2113.12,35.22,1,0,0.88
2021-03-22,Toys,Building Blocks,46,1579.97,34.35,0,0,0.88
2021-04-07,Toys,Building Blocks,64,2221.98,34.72,0,0,0.88
2021-05-14,Toys,Building Blocks,51,1817.3,35.63,0,0,0.88
2021-05-29,Toys,Building Blocks,69,2348.19,34.03,0,0,0.88
2021-07-08,Toys,Building Blocks,51,1788.56,35.07,0,0,0.88
2021-08-07,Toys,Building Blocks,70,2315.66,33.08,1,0,0.88
2021-09-02,Toys,Building Blocks,68,2419.58,35.58,0,0,0.88
2021-12-08,Toys,Building Blocks,70,2483.17,35.47,0,1,0.88
2022-01-30,Toys,Building Blocks,57,1974.85,34.65,0,0,0.88
2022-03-13,Toys,Building Blocks,56,1894.14,33.82,0,0,0.88
2022-05-20,Toys,Building Blocks,59,2063.77,34.98,0,0,0.88
2022-07-21,Toys,Building Blocks,57,2169.01,38.05,0,0,0.88
2020-05-09,Sports,Yoga Mat,35,1569.33,44.84,0,0,1.1
2020-05-28,Sports,Yoga Mat,49,2018.73,41.2,0,0,1.1
2020-07-23,Sports,Yoga Mat,34,1650.73,48.55,0,0,1.1
2020-08-24,Sports,Yoga Mat,35,1707.64,48.79,0,0,1.1
2020-10-02,Sports,Yoga Mat,40,1779.3,44.48,0,0,1.1
2020-11-17,Sports,Yoga Mat,67,3194.44,47.68,1,1,1.1
2020-11-23,Sports,Yoga Mat,50,2130.37,42.61,0,1,1.1
2021-01-28,Sports,Yoga Mat,40,1758.81,43.97,0,0,1.1
2021-02-24,Sports,Yoga Mat,42,1878.9,44.74,0,0,1.1
2021-04-24,Sports,Yoga Mat,43,1895.31,44.08,0,0,1.1
2021-05-12,Sports,Yoga Mat,47,2000.41,42.56,0,0,1.1
2021-06-13,Sports,Yoga Mat,41,1925.83,46.97,0,0,1.1
2021-06-23,Sports,Yoga Mat,46,1894.35,41.18,0,0,1.1
2021-09-01,Sports,Yoga Mat,55,2327.28,42.31,0,0,1.1
2021-10-13,Sports,Yoga Mat,43,2050.94,47.7,0,0,1.1
2021-10-15,Sports,Yoga Mat,52,2203.03,42.37,0,0,1.1
2021-11-26,Sports,Yoga Mat,54,2571.17,47.61,0,1,1.1
2021-12-13,Sports,Yoga Mat,64,2940.16,45.94,0,1,1.1
2022-03-05,Sports,Yoga Mat,48,2211.73,46.08,0,0,1.1
2022-03-16,Sports,Yoga Mat,62,2827.18,45.6,1,0,1.1
2022-03-18,Sports,Yoga Mat,51,2145.61,42.07,0,0,1.1
2022-03-29,Sports,Yoga Mat,58,2496.2,43.04,0,0,1.1
2022-04-19,Sports,Yoga Mat,48,1954.18,40.71,0,0,1.1
2022-06-03,Sports,Yoga Mat,35,1622.08,46.35,0,0,1.1
2022-07-19,Sports,Yoga Mat,47,2094.76,44.57,0,0,1.1
2022-07-26,Sports,Yoga Mat,44,1990.88,45.25,0,0,1.1
2022-09-09,Sports,Yoga Mat,54,2176.63,40.31,0,0,1.1
2020-05-09,Beauty,Face Serum,173,3522.52,20.36,0,0,1.15
2020-07-02,Beauty,Face Serum,144,2894.67,20.1,0,0,1.15
2020-07-31,Beauty,Face Serum,145,3141.75,21.67,0,0,1.15
2020-12-18,Beauty,Face Serum,161,3293.83,20.46,0,1,1.15
2021-01-01,Beauty,Face Serum,153,3084.99,20.16,0,0,1.15
2021-09-03,Beauty,Face Serum,148,3067.44,20.73,0,0,1.15
2021-09-16,Beauty,Face Serum,135,2797.06,20.72,0,0,1.15
2021-12-07,Beauty,Face Serum,190,3750.54,19.74,0,1,1.15
2021-12-11,Beauty,Face Serum,207,4193.7,20.26,0,1,1.15
2022-06-09,Beauty,Face Serum,178,3417.67,19.2,0,0,1.15
2020-05-10,Electronics,Smart Speaker,6,882.06,147.01,0,0,0.99
2020-05-25,Electronics,Smart Speaker,15,2138.67,142.58,0,0,0.99
2020-06-24,Electronics,Smart Speaker,12,1673.43,139.45,0,0,0.99
2020-07-02,Electronics,Smart Speaker,11,1735.73,157.79,0,0,0.99
2020-07-08,Electronics,Smart Speaker,14,2069.13,147.8,0,0,0.99
2020-07-11,Electronics,Smart Speaker,12,1801.42,150.12,0,0,0.99
2020-08-14,Electronics,Smart Speaker,10,1559.49,155.95,1,0,0.99
2020-08-26,Electronics,Smart Speaker,19,2660.59,140.03,1,0,0.99
2020-10-18,Electronics,Smart Speaker,11,1590.01,144.55,0,0,0.99
2020-10-31,Electronics,Smart Speaker,17,2568.33,151.08,0,0,0.99
2020-11-04,Electronics,Smart Speaker,16,2296.32,143.52,0,1,0.99
2020-11-05,Electronics,Smart Speaker,9,1344.54,149.39,0,1,0.99
2021-01-06,Electronics,Smart Speaker,13,1843.94,141.84,0,0,0.99
2021-01-09,Electronics,Smart Speaker,16,2553.39,159.59,0,0,0.99
2021-02-08,Electronics,Smart Speaker,10,1479.03,147.9,0,0,0.99
2021-02-28,Electronics,Smart Speaker,15,2277.5,151.83,0,0,0.99
2021-03-27,Electronics,Smart Speaker,15,2373.74,158.25,0,0,0.99
2021-04-25,Electronics,Smart Speaker,13,1886.43,145.11,0,0,0.99
2021-05-08,Electronics,Smart Speaker,8,1118.41,139.8,0,0,0.99
2021-06-02,Electronics,Smart Speaker,14,2014.09,143.86,0,0,0.99
2021-07-22,Electronics,Smart Speaker,12,1768.3,147.36,0,0,0.99
2021-07-26,Electronics,Smart Speaker,12,1835.96,153.0,0,0,0.99
2021-08-08,Electronics,Smart Speaker,7,1052.95,150.42,0,0,0.99
2021-10-23,Electronics,Smart Speaker,7,1033.42,147.63,0,0,0.99
2021-11-19,Electronics,Smart Speaker,16,2451.77,153.24,0,1,0.99
2021-11-20,Electronics,Smart Speaker,11,1757.94,159.81,0,1,0.99
2021-11-30,Electronics,Smart Speaker,9,1369.75,152.19,0,1,0.99
2022-02-15,Electronics,Smart Speaker,15,2480.7,165.38,0,0,0.99
2022-02-27,Electronics,Smart Speaker,14,2182.33,155.88,0,0,0.99
2022-05-17,Electronics,Smart Speaker,21,3087.49,147.02,1,0,0.99
2022-06-03,Electronics,Smart Speaker,7,1033.19,147.6,0,0,0.99
2022-06-07,Electronics,Smart Speaker,9,1310.36,145.6,1,0,0.99
2020-05-10,Furniture,Office Chair,10,1215.43,121.54,0,0,1.03
2020-06-05,Furniture,Office Chair,7,820.36,117.19,1,0,1.03
2020-06-14,Furniture,Office Chair,10,1203.42,120.34,0,0,1.03
2020-06-25,Furniture,Office Chair,5,628.59,125.72,0,0,1.03
2020-07-10,Furniture,Office Chair,7,863.16,123.31,1,0,1.03
2020-07-12,Furniture,Office Chair,9,1042.5,115.83,1,0,1.03
2020-08-03,Furniture,Office Chair,9,1030.49,114.5,0,0,1.03
2020-09-10,Furniture,Office Chair,9,1095.07,121.67,1,0,1.03
2020-10-05,Furniture,Office Chair,15,1637.7,109.18,1,0,1.03
2020-10-12,Furniture,Office Chair,7,807.68,115.38,0,0,1.03
2020-12-22,Furniture,Office Chair,11,1349.56,122.69,0,1,1.03
2021-02-10,Furniture,Office Chair,9,1202.81,133.65,0,0,1.03
2021-02-20,Furniture,Office Chair,5,624.78,124.96,0,0,1.03
2021-05-10,Furniture,Office Chair,6,725.59,120.93,0,0,1.03
2021-05-21,Furniture,Office Chair,9,1071.83,119.09,1,0,1.03
2021-06-12,Furniture,Office Chair,10,1149.74,114.97,0,0,1.03
2021-06-25,Furniture,Office Chair,7,767.63,109.66,0,0,1.03
2021-07-06,Furniture,Office Chair,8,875.64,109.46,0,0,1.03
2021-09-18,Furniture,Office Chair,8,934.84,116.85,0,0,1.03
2021-10-07,Furniture,Office Chair,13,1566.17,120.47,0,0,1.03
2021-10-08,Furniture,Office Chair,7,833.62,119.09,0,0,1.03
2021-10-26,Furniture,Office Chair,8,890.74,111.34,0,0,1.03
2021-10-29,Furniture,Office Chair,16,2005.43,125.34,0,0,1.03
2021-11-25,Furniture,Office Chair,10,1177.09,117.71,0,1,1.03
2021-12-13,Furniture,Office Chair,16,1911.23,119.45,0,1,1.03
2022-01-17,Furniture,Office Chair,8,922.97,115.37,0,0,1.03
2022-03-06,Furniture,Office Chair,15,1722.71,114.85,1,0,1.03
2022-03-07,Furniture,Office Chair,10,1200.75,120.07,0,0,1.03
2022-04-05,Furniture,Office Chair,7,843.59,120.51,0,0,1.03
2022-05-29,Furniture,Office Chair,6,790.73,131.79,0,0,1.03
2022-07-13,Furniture,Office Chair,10,1240.99,124.1,0,0,1.03
2022-08-07,Furniture,Office Chair,9,1109.87,123.32,1,0,1.03
2022-08-09,Furniture,Office Chair,5,633.24,126.65,0,0,1.03
2022-09-06,Furniture,Office Chair,10,1210.63,121.06,1,0,1.03
2020-05-10,Toys,Building Blocks,53,1855.47,35.01,0,0,0.98
2020-06-25,Toys,Building Blocks,46,1607.32,34.94,0,0,0.98
2020-06-28,Toys,Building Blocks,55,2113.37,38.42,0,0,0.98
2020-07-04,Toys,Building Blocks,47,1695.87,36.08,0,0,0.98
2020-07-19,Toys,Building Blocks,44,1500.23,34.1,0,0,0.98
2020-09-04,Toys,Building Blocks,64,2285.98,35.72,1,0,0.98
2020-11-18,Toys,Building Blocks,75,2743.78,36.58,1,1,0.98
2021-01-12,Toys,Building Blocks,46,1674.93,36.41,0,0,0.98
2021-02-07,Toys,Building Blocks,52,2005.36,38.56,0,0,0.98
2021-02-14,Toys,Building Blocks,50,1682.25,33.65,0,0,0.98
2021-03-03,Toys,Building Blocks,46,1665.55,36.21,0,0,0.98
2021-03-06,Toys,Building Blocks,68,2309.57,33.96,1,0,0.98
2021-03-15,Toys,Building Blocks,74,2563.69,34.64,1,0,0.98
2021-04-11,Toys,Building Blocks,52,1936.85,37.25,0,0,0.98
2021-04-13,Toys,Building Blocks,61,1998.36,32.76,0,0,0.98
2021-05-04,Toys,Building Blocks,69,2388.68,34.62,1,0,0.98
2021-05-13,Toys,Building Blocks,58,2201.12,37.95,0,0,0.98
2021-08-24,Toys,Building Blocks,64,2310.42,36.1,1,0,0.98
2021-09-06,Toys,Building Blocks,64,2071.69,32.37,0,0,0.98
2021-10-02,Toys,Building Blocks,60,2109.95,35.17,0,0,0.98
2021-10-07,Toys,Building Blocks,62,2180.68,35.17,0,0,0.98
2021-10-16,Toys,Building Blocks,51,1861.24,36.49,0,0,0.98
2021-10-30,Toys,Building Blocks,56,1877.23,33.52,0,0,0.98
2021-11-01,Toys,Building Blocks,65,2247.34,34.57,0,1,0.98
2022-01-04,Toys,Building Blocks,51,1842.44,36.13,0,0,0.98
2022-02-19,Toys,Building Blocks,67,2348.18,35.05,0,0,0.98
2022-04-25,Toys,Building Blocks,69,2571.82,37.27,0,0,0.98
2022-04-28,Toys,Building Blocks,51,1692.14,33.18,0,0,0.98
2022-06-15,Toys,Building Blocks,61,2141.21,35.1,0,0,0.98
2022-07-06,Toys,Building Blocks,42,1493.7,35.56,0,0,0.98
2022-07-31,Toys,Building Blocks,71,2460.01,34.65,0,0,0.98
2020-05-10,Sports,Yoga Mat,59,2609.5,44.23,0,0,0.92
2020-06-18,Sports,Yoga Mat,49,2124.01,43.35,0,0,0.92
2020-06-29,Sports,Yoga Mat,57,2565.15,45.0,1,0,0.92
2020-07-14,Sports,Yoga Mat,41,1840.78,44.9,0,0,0.92
2020-08-01,Sports,Yoga Mat,40,1817.67,45.44,0,0,0.92
2020-09-09,Sports,Yoga Mat,37,1685.87,45.56,0,0,0.92
2020-09-11,Sports,Yoga Mat,39,1713.89,43.95,0,0,0.92
2020-11-04,Sports,Yoga Mat,52,2391.75,46.0,0,1,0.92
2020-11-21,Sports,Yoga Mat,84,3720.9,44.3,1,1,0.92
2020-12-31,Sports,Yoga Mat,70,3232.42,46.18,1,1,0.92
2021-01-04,Sports,Yoga Mat,54,2316.82,42.9,0,0,0.92
2021-02-01,Sports,Yoga Mat,46,2093.17,45.5,0,0,0.92
2021-02-04,Sports,Yoga Mat,46,2173.58,47.25,0,0,0.92
2021-02-15,Sports,Yoga Mat,44,1991.96,45.27,0,0,0.92
2021-02-17,Sports,Yoga Mat,46,1967.98,42.78,0,0,0.92
2021-03-14,Sports,Yoga Mat,67,2978.53,44.46,1,0,0.92
2021-06-05,Sports,Yoga Mat,50,2200.0,44.0,0,0,0.92
2021-06-12,Sports,Yoga Mat,45,1983.93,44.09,0,0,0.92
2021-07-27,Sports,Yoga Mat,43,1958.72,45.55,1,0,0.92
2021-08-31,Sports,Yoga Mat,52,2425.26,46.64,0,0,0.92
2021-10-25,Sports,Yoga Mat,41,1779.1,43.39,0,0,0.92
2021-11-04,Sports,Yoga Mat,54,2344.12,43.41,0,1,0.92
2021-12-24,Sports,Yoga Mat,59,2697.37,45.72,0,1,0.92
2022-02-16,Sports,Yoga Mat,65,2675.22,41.16,0,0,0.92
2022-03-02,Sports,Yoga Mat,43,2053.31,47.75,0,0,0.92
2022-04-10,Sports,Yoga Mat,39,1989.03,51.0,0,0,0.92
2022-05-09,Sports,Yoga Mat,49,2208.49,45.07,0,0,0.92
2022-07-23,Sports,Yoga Mat,43,2077.78,48.32,0,0,0.92
2020-05-10,Beauty,Face Serum,146,3195.38,21.89,0,0,1.02
2020-05-31,Beauty,Face Serum,185,3604.24,19.48,0,0,1.02
2020-06-19,Beauty,Face Serum,177,3215.95,18.17,0,0,1.02
2020-06-21,Beauty,Face Serum,177,3630.96,20.51,0,0,1.02
2020-06-30,Beauty,Face Serum,166,3265.57,19.67,0,0,1.02
2020-08-27,Beauty,Face Serum,181,3811.32,21.06,1,0,1.02
2020-09-07,Beauty,Face Serum,193,3681.74,19.08,0,0,1.02
2020-10-15,Beauty,Face Serum,134,2774.63,20.71,0,0,1.02
2021-01-10,Beauty,Face Serum,166,3747.79,22.58,0,0,1.02
2021-01-17,Beauty,Face Serum,189,3589.64,18.99,0,0,1.02
2021-01-27,Beauty,Face Serum,186,3659.62,19.68,0,0,1.02
2021-01-31,Beauty,Face Serum,180,3880.1,21.56,0,0,1.02
2021-02-15,Beauty,Face Serum,156,3120.46,20.0,0,0,1.02
2021-04-26,Beauty,Face Serum,180,3647.49,20.26,0,0,1.02
2021-05-04,Beauty,Face Serum,213,4191.68,19.68,1,0,1.02
2021-05-12,Beauty,Face Serum,170,3534.36,20.79,0,0,1.02
2021-05-23,Beauty,Face Serum,155,3287.29,21.21,0,0,1.02
2021-09-07,Beauty,Face Serum,227,4563.17,20.1,1,0,1.02
2021-09-13,Beauty,Face Serum,151,2926.76,19.38,0,0,1.02
2021-10-09,Beauty,Face Serum,180,3487.55,19.38,0,0,1.02
2021-10-15,Beauty,Face Serum,169,3465.45,20.51,0,0,1.02
2021-10-27,Beauty,Face Serum,155,3223.84,20.8,0,0,1.02
2021-10-30,Beauty,Face Serum,186,3706.88,19.93,0,0,1.02
2021-12-08,Beauty,Face Serum,214,4062.74,18.98,0,1,1.02
2022-01-10,Beauty,Face Serum,194,3515.5,18.12,0,0,1.02
2022-02-18,Beauty,Face Serum,181,3666.56,20.26,0,0,1.02
2022-03-08,Beauty,Face Serum,151,3039.75,20.13,0,0,1.02
2022-03-14,Beauty,Face Serum,161,3335.95,20.72,0,0,1.02
2022-05-27,Beauty,Face Serum,201,3788.08,18.85,0,0,1.02
2022-06-01,Beauty,Face Serum,196,3805.58,19.42,0,0,1.02
2022-06-16,Beauty,Face Serum,227,4420.58,19.47,1,0,1.02
2022-07-03,Beauty,Face Serum,244,4797.95,19.66,1,0,1.02
2022-07-29,Beauty,Face Serum,221,4588.51,20.76,1,0,1.02
2022-08-05,Beauty,Face Serum,169,3555.41,21.04,0,0,1.02
2022-08-08,Beauty,Face Serum,212,4266.29,20.12,1,0,1.02
2022-08-26,Beauty,Face Serum,175,3342.44,19.1,0,0,1.02
2022-09-06,Beauty,Face Serum,221,4566.77,20.66,1,0,1.02
