data/raw/sales.csv
date,category,product,units_sold,revenue,product_price,promo_flag,is_holiday_season,category_popularity_30d
2020-05-11,Electronics,Smart Speaker,10,1498.61,149.86,1,0,0.83
2020-08-09,Electronics,Smart Speaker,11,1744.27,158.57,0,0,0.83
2020-10-27,Electronics,Smart Speaker,7,1097.02,156.72,0,0,0.83
2020-10-29,Electronics,Smart Speaker,13,1944.18,149.55,1,0,0.83
2020-12-09,Electronics,Smart Speaker,11,1657.05,150.64,0,1,0.83
2020-12-12,Electronics,Smart Speaker,12,1808.17,150.68,0,1,0.83
2021-11-29,Electronics,Smart Speaker,19,2773.13,145.95,0,1,0.83
2022-02-11,Electronics,Smart Speaker,8,1285.12,160.64,1,0,0.83
2022-05-07,Electronics,Smart Speaker,8,1299.31,162.41,0,0,0.83
2022-09-04,Electronics,Smart Speaker,13,1972.05,151.7,0,0,0.83
2020-05-11,Groceries,Organic Cereal,373,1874.54,5.03,1,0,0.96
2020-06-13,Groceries,Organic Cereal,367,1623.73,4.42,0,0,0.96
2020-07-08,Groceries,Organic Cereal,336,1552.5,4.62,0,0,0.96
2020-08-10,Groceries,Organic Cereal,306,1649.25,5.39,0,0,0.96
2020-08-18,Groceries,Organic Cereal,417,2035.98,4.88,1,0,0.96
2020-09-28,Groceries,Organic Cereal,316,1502.6,4.76,0,0,0.96
2020-11-09,Groceries,Organic Cereal,451,2222.21,4.93,1,1,0.96
2020-12-10,Groceries,Organic Cereal,506,2347.66,4.64,1,1,0.96
2020-12-24,Groceries,Organic Cereal,417,2036.37,4.88,0,1,0.96
2021-01-02,Groceries,Organic Cereal,313,1690.24,5.4,0,0,0.96
2021-02-04,Groceries,Organic Cereal,340,1546.93,4.55,0,0,0.96
2021-02-16,Groceries,Organic Cereal,368,1662.67,4.52,0,0,0.96
2021-03-10,Groceries,Organic Cereal,304,1577.62,5.19,0,0,0.96
2021-03-26,Groceries,Organic Cereal,335,1632.04,4.87,0,0,0.96
2021-04-21,Groceries,Organic Cereal,346,1668.77,4.82,0,0,0.96
2021-04-30,Groceries,Organic Cereal,288,1514.13,5.26,0,0,0.96
2021-06-18,Groceries,Organic Cereal,316,1628.51,5.15,0,0,0.96
2021-07-08,Groceries,Organic Cereal,274,1543.1,5.63,0,0,0.96
2021-10-12,Groceries,Organic Cereal,314,1611.64,5.13,0,0,0.96
2021-11-26,Groceries,Organic Cereal,376,1913.79,5.09,0,1,0.96
2022-01-27,Groceries,Organic Cereal,325,1705.5,5.25,0,0,0.96
2022-02-03,Groceries,Organic Cereal,354,1765.43,4.99,0,0,0.96
2022-02-15,Groceries,Organic Cereal,345,1761.57,5.11,0,0,0.96
2022-03-14,Groceries,Organic Cereal,327,1614.63,4.94,0,0,0.96
2022-04-16,Groceries,Organic Cereal,393,1992.91,5.07,0,0,0.96
2022-04-30,Groceries,Organic Cereal,392,1926.47,4.91,0,0,0.96
2022-06-12,Groceries,Organic Cereal,373,1804.23,4.84,0,0,0.96
2022-07-15,Groceries,Organic Cereal,377,1701.62,4.51,0,0,0.96
2022-07-19,Groceries,Organic Cereal,345,1623.54,4.71,0,0,0.96
2022-08-13,Groceries,Organic Cereal,383,1909.87,4.99,0,0,0.96
2022-09-01,Groceries,Organic Cereal,348,1750.59,5.03,0,0,0.96
2020-05-11,Clothing,Running Shoes,66,4054.6,61.43,1,0,0.97
2020-05-14,Clothing,Running Shoes,63,3611.2,57.32,0,0,0.97
2020-06-08,Clothing,Running Shoes,62,3579.76,57.74,0,0,0.97
2020-06-14,Clothing,Running Shoes,70,4132.24,59.03,0,0,0.97
2020-07-17,Clothing,Running Shoes,56,3376.02,60.29,0,0,0.97
2020-08-27,Clothing,Running Shoes,80,4517.76,56.47,1,0,0.97
2020-09-26,Clothing,Running Shoes,69,4009.9,58.11,0,0,0.97
2020-11-24,Clothing,Running Shoes,70,4271.41,61.02,0,1,0.97
2021-01-23,Clothing,Running Shoes,81,4546.65,56.13,1,0,0.97
2021-02-07,Clothing,Running Shoes,91,5120.68,56.27,0,0,0.97
2021-02-08,Clothing,Running Shoes,64,3675.75,57.43,0,0,0.97
2021-03-15,Clothing,Running Shoes,76,4614.24,60.71,1,0,0.97
2021-03-24,Clothing,Running Shoes,67,3756.65,56.07,0,0,0.97
2021-03-31,Clothing,Running Shoes,82,4299.23,52.43,0,0,0.97
2021-04-28,Clothing,Running Shoes,95,5602.73,58.98,1,0,0.97
2021-10-28,Clothing,Running Shoes,66,3854.69,58.4,0,0,0.97
2021-11-02,Clothing,Running Shoes,76,4857.28,63.91,0,1,0.97
2021-11-12,Clothing,Running Shoes,83,5044.36,60.78,0,1,0.97
2021-11-26,Clothing,Running Shoes,87,5009.35,57.58,0,1,0.97
2021-12-07,Clothing,Running Shoes,102,5294.41,51.91,0,1,0.97
2022-01-08,Clothing,Running Shoes,82,4769.25,58.16,0,0,0.97
2022-01-20,Clothing,Running Shoes,61,3756.68,61.58,0,0,0.97
2022-02-19,Clothing,Running Shoes,74,4693.61,63.43,0,0,0.97
2022-03-12,Clothing,Running Shoes,92,5559.15,60.43,1,0,0.97
2022-04-27,Clothing,Running Shoes,75,4342.25,57.9,0,0,0.97
2022-07-03,Clothing,Running Shoes,86,5041.63,58.62,1,0,0.97
2022-08-12,Clothing,Running Shoes,59,3647.55,61.82,0,0,0.97
2020-05-11,Books,Business Book,90,2288.23,25.42,1,0,1.0
2020-06-01,Books,Business Book,83,2094.83,25.24,0,0,1.0
2020-06-03,Books,Business Book,77,2156.2,28.0,0,0,1.0
2020-06-06,Books,Business Book,117,2838.89,24.26,0,0,1.0
2020-06-11,Books,Business Book,90,2278.27,25.31,0,0,1.0
2020-06-25,Books,Business Book,84,2089.65,24.88,0,0,1.0
2020-07-22,Books,Business Book,54,1405.97,26.04,0,0,1.0
2020-11-10,Books,Business Book,110,2790.06,25.36,0,1,1.0
2020-12-13,Books,Business Book,110,2718.06,24.71,0,1,1.0
2021-01-06,Books,Business Book,103,2655.71,25.78,0,0,1.0
2021-01-09,Books,Business Book,83,2064.41,24.87,0,0,1.0
2021-01-24,Books,Business Book,106,2499.61,23.58,0,0,1.0
2021-02-11,Books,Business Book,92,2391.89,26.0,0,0,1.0
2021-02-24,Books,Business Book,89,2281.24,25.63,0,0,1.0
2021-03-21,Books,Business Book,79,2050.9,25.96,0,0,1.0
2021-03-28,Books,Business Book,93,2255.67,24.25,0,0,1.0
2021-05-16,Books,Business Book,98,2752.81,28.09,0,0,1.0
2021-07-06,Books,Business Book,84,2085.96,24.83,0,0,1.0
2021-07-19,Books,Business Book,105,2606.87,24.83,1,0,1.0
2021-08-11,Books,Business Book,136,3074.23,22.6,1,0,1.0
2021-08-13,Books,Business Book,92,2431.64,26.43,0,0,1.0
2021-09-17,Books,Business Book,102,2250.62,22.06,0,0,1.0
2021-11-11,Books,Business Book,112,2549.22,22.76,0,1,1.0
2021-12-09,Books,Business Book,120,2893.3,24.11,0,1,1.0
2022-01-04,Books,Business Book,100,2533.87,25.34,0,0,1.0
2022-02-14,Books,Business Book,89,2329.06,26.17,0,0,1.0
2022-02-19,Books,Business Book,100,2407.92,24.08,0,0,1.0
2022-02-23,Books,Business Book,109,2877.22,26.4,0,0,1.0
2022-03-04,Books,Business Book,116,3150.21,27.16,1,0,1.0
2022-03-12,Books,Business Book,135,3375.8,25.01,1,0,1.0
2022-05-12,Books,Business Book,72,1902.54,26.42,0,0,1.0
2022-06-12,Books,Business Book,109,2746.3,25.2,0,0,1.0
2022-06-18,Books,Business Book,98,2470.62,25.21,0,0,1.0
2022-07-25,Books,Business Book,77,1954.58,25.38,0,0,1.0
2022-08-15,Books,Business Book,81,2083.43,25.72,0,0,1.0
2020-05-11,Furniture,Office Chair,13,1499.52,115.35,1,0,1.08
2020-05-22,Furniture,Office Chair,9,1048.85,116.54,0,0,1.08
2020-06-22,Furniture,Office Chair,10,1173.89,117.39,0,0,1.08
2020-06-30,Furniture,Office Chair,10,1133.68,113.37,0,0,1.08
2020-07-02,Furniture,Office Chair,5,672.38,134.48,0,0,1.08
2020-07-04,Furniture,Office Chair,7,799.62,114.23,0,0,1.08
2020-07-07,Furniture,Office Chair,15,1657.04,110.47,0,0,1.08
2020-07-25,Furniture,Office Chair,6,788.74,131.46,0,0,1.08
2020-08-05,Furniture,Office Chair,5,593.87,118.77,0,0,1.08
2020-08-16,Furniture,Office Chair,12,1487.16,123.93,1,0,1.08
2020-09-26,Furniture,Office Chair,5,619.28,123.86,0,0,1.08
2020-09-28,Furniture,Office Chair,8,896.92,112.11,0,0,1.08
2020-10-13,Furniture,Office Chair,10,1187.15,118.72,0,0,1.08
2021-02-08,Furniture,Office Chair,10,1189.28,118.93,0,0,1.08
2021-02-28,Furniture,Office Chair,14,1527.4,109.1,0,0,1.08
2021-03-22,Furniture,Office Chair,9,1119.87,124.43,0,0,1.08
2021-04-16,Furniture,Office Chair,13,1561.56,120.12,0,0,1.08
2021-04-17,Furniture,Office Chair,17,1953.06,114.89,1,0,1.08
2021-05-26,Furniture,Office Chair,7,817.42,116.77,0,0,1.08
2021-06-23,Furniture,Office Chair,5,619.94,123.99,0,0,1.08
2021-06-24,Furniture,Office Chair,9,1001.19,111.24,0,0,1.08
2021-07-13,Furniture,Office Chair,10,1191.77,119.18,0,0,1.08
2021-08-07,Furniture,Office Chair,11,1288.57,117.14,1,0,1.08
2021-11-11,Furniture,Office Chair,10,1339.3,133.93,0,1,1.08
2021-11-29,Furniture,Office Chair,13,1582.5,121.73,0,1,1.08
2022-01-19,Furniture,Office Chair,11,1278.3,116.21,0,0,1.08
2022-02-15,Furniture,Office Chair,7,881.89,125.98,0,0,1.08
2022-02-19,Furniture,Office Chair,6,741.85,123.64,0,0,1.08
2022-02-22,Furniture,Office Chair,5,610.79,122.16,0,0,1.08
2022-03-12,Furniture,Office Chair,12,1494.08,124.51,1,0,1.08
2022-04-10,Furniture,Office Chair,7,864.16,123.45,0,0,1.08
2022-04-19,Furniture,Office Chair,10,1200.43,120.04,0,0,1.08
2022-07-14,Furniture,Office Chair,8,995.39,124.42,0,0,1.08
2022-07-21,Furniture,Office Chair,6,730.25,121.71,0,0,1.08
2022-08-25,Furniture,Office Chair,12,1296.98,108.08,0,0,1.08
2020-05-11,Toys,Building Blocks,59,2210.09,37.46,1,0,1.14
2020-08-02,Toys,Building Blocks,52,1736.62,33.4,0,0,1.14
2020-09-26,Toys,Building Blocks,46,1601.02,34.8,0,0,1.14
2020-10-26,Toys,Building Blocks,56,1840.12,32.86,0,0,1.14
2020-11-17,Toys,Building Blocks,78,2769.84,35.51,1,1,1.14
2020-12-17,Toys,Building Blocks,66,2323.28,35.2,0,1,1.14
2021-01-07,Toys,Building Blocks,57,2053.44,36.03,0,0,1.14
2021-09-30,Toys,Building Blocks,60,2071.0,34.52,0,0,1.14
2021-12-17,Toys,Building Blocks,86,2733.37,31.78,0,1,1.14
2022-03-08,Toys,Building Blocks,51,1793.76,35.17,0,0,1.14
2022-04-04,Toys,Building Blocks,84,2833.85,33.74,1,0,1.14
2022-04-13,Toys,Building Blocks,55,1940.87,35.29,0,0,1.14
2022-05-26,Toys,Building Blocks,52,1980.17,38.08,0,0,1.14
2020-05-11,Sports,Yoga Mat,44,1931.15,43.89,1,0,1.09
2020-06-03,Sports,Yoga Mat,24,1155.57,48.15,0,0,1.09
2020-07-07,Sports,Yoga Mat,39,1847.86,47.38,0,0,1.09
2020-08-31,Sports,Yoga Mat,48,2218.42,46.22,1,0,1.09
2020-10-20,Sports,Yoga Mat,45,2028.69,45.08,0,0,1.09
2020-10-31,Sports,Yoga Mat,45,2157.85,47.95,0,0,1.09
2020-11-30,Sports,Yoga Mat,59,2504.81,42.45,0,1,1.09
2020-12-28,Sports,Yoga Mat,50,2060.24,41.2,0,1,1.09
2021-01-05,Sports,Yoga Mat,42,1815.05,43.22,0,0,1.09
2021-02-10,Sports,Yoga Mat,41,1769.61,43.16,0,0,1.09
2021-02-20,Sports,Yoga Mat,55,2536.82,46.12,0,0,1.09
2021-04-06,Sports,Yoga Mat,42,1951.34,46.46,0,0,1.09
2021-04-11,Sports,Yoga Mat,41,1732.34,42.25,0,0,1.09
2021-04-17,Sports,Yoga Mat,75,3009.55,40.13,1,0,1.09
2021-04-28,Sports,Yoga Mat,48,2383.55,49.66,1,0,1.09
2021-04-29,Sports,Yoga Mat,39,1759.59,45.12,0,0,1.09
2021-06-03,Sports,Yoga Mat,50,2389.9,47.8,0,0,1.09
2021-06-27,Sports,Yoga Mat,63,2947.07,46.78,1,0,1.09
2021-08-27,Sports,Yoga Mat,40,1938.5,48.46,1,0,1.09
2021-10-01,Sports,Yoga Mat,50,2363.17,47.26,0,0,1.09
2021-10-02,Sports,Yoga Mat,58,2444.57,42.15,0,0,1.09
2021-10-12,Sports,Yoga Mat,45,1957.51,43.5,0,0,1.09
2021-10-26,Sports,Yoga Mat,38,1911.86,50.31,0,0,1.09
2021-11-12,Sports,Yoga Mat,70,3171.27,45.3,0,1,1.09
2022-02-09,Sports,Yoga Mat,51,2503.8,49.09,0,0,1.09
2022-03-13,Sports,Yoga Mat,52,2253.8,43.34,0,0,1.09
2022-03-20,Sports,Yoga Mat,57,2600.17,45.62,0,0,1.09
2022-03-30,Sports,Yoga Mat,62,2932.48,47.3,1,0,1.09
2022-04-09,Sports,Yoga Mat,52,2202.6,42.36,0,0,1.09
2022-07-31,Sports,Yoga Mat,62,2696.09,43.49,0,0,1.09
2022-08-03,Sports,Yoga Mat,48,2094.2,43.63,0,0,1.09
2020-05-11,Beauty,Face Serum,161,3494.76,21.71,1,0,1.09
2020-05-14,Beauty,Face Serum,162,3035.74,18.74,0,0,1.09
2020-08-19,Beauty,Face Serum,171,3101.86,18.14,0,0,1.09
2020-10-17,Beauty,Face Serum,149,3217.12,21.59,0,0,1.09
2020-11-09,Beauty,Face Serum,240,5067.19,21.11,1,1,1.09
2021-02-04,Beauty,Face Serum,151,3159.21,20.92,0,0,1.09
2021-03-13,Beauty,Face Serum,166,3396.3,20.46,0,0,1.09
2021-06-07,Beauty,Face Serum,145,3221.63,22.22,0,0,1.09
2021-06-25,Beauty,Face Serum,169,3322.28,19.66,0,0,1.09
2021-09-09,Beauty,Face Serum,159,3352.03,21.08,0,0,1.09
2021-10-06,Beauty,Face Serum,152,3024.89,19.9,0,0,1.09
2021-10-25,Beauty,Face Serum,168,3365.92,20.04,0,0,1.09
2021-11-19,Beauty,Face Serum,227,4597.01,20.25,0,1,1.09
2022-02-13,Beauty,Face Serum,249,4985.71,20.02,1,0,1.09
2022-03-04,Beauty,Face Serum,178,3736.39,20.99,1,0,1.09
2022-03-13,Beauty,Face Serum,175,3704.11,21.17,0,0,1.09
2022-03-25,Beauty,Face Serum,165,3331.64,20.19,0,0,1.09
2022-04-21,Beauty,Face Serum,209,4468.29,21.38,1,0,1.09
2022-04-25,Beauty,Face Serum,178,3692.98,20.75,0,0,1.09
2022-07-15,Beauty,Face Serum,175,3297.98,18.85,0,0,1.09
2022-08-01,Beauty,Face Serum,176,3420.84,19.44,0,0,1.09
2022-08-12,Beauty,Face Serum,171,3437.04,20.1,0,0,1.09
2020-05-12,Electronics,Smart Speaker,17,2432.77,143.1,0,0,1.15
2021-01-10,Electronics,Smart Speaker,12,1821.0,151.75,0,0,1.15
2021-06-11,Electronics,Smart Speaker,17,2417.68,142.22,1,0,1.15
2021-07-25,Electronics,Smart Speaker,13,2040.1,156.93,0,0,1.15
2021-12-20,Electronics,Smart Speaker,12,1853.79,154.48,0,1,1.15
2022-03-06,Electronics,Smart Speaker,13,2063.79,158.75,1,0,1.15
2022-04-26,Electronics,Smart Speaker,21,3216.52,153.17,1,0,1.15
2022-05-18,Electronics,Smart Speaker,11,1534.01,139.46,0,0,1.15
2022-08-24,Electronics,Smart Speaker,10,1622.84,162.28,0,0,1.15
2020-05-12,Clothing,Running Shoes,66,4121.08,62.44,0,0,0.88
2020-05-31,Clothing,Running Shoes,74,4357.11,58.88,0,0,0.88
2020-06-27,Clothing,Running Shoes,66,3996.29,60.55,0,0,0.88
2020-07-22,Clothing,Running Shoes,57,3395.75,59.57,0,0,0.88
2020-09-08,Clothing,Running Shoes,73,4101.56,56.19,0,0,0.88
2020-10-13,Clothing,Running Shoes,49,3109.44,63.46,0,0,0.88
2020-11-03,Clothing,Running Shoes,93,4961.29,53.35,0,1,0.88
2021-01-21,Clothing,Running Shoes,49,3018.91,61.61,0,0,0.88
2021-04-25,Clothing,Running Shoes,72,4306.11,59.81,0,0,0.88
2021-06-08,Clothing,Running Shoes,55,3302.11,60.04,0,0,0.88
2021-06-13,Clothing,Running Shoes,76,4348.86,57.22,0,0,0.88
2021-06-22,Clothing,Running Shoes,53,3259.54,61.5,0,0,0.88
2021-09-24,Clothing,Running Shoes,83,5300.09,63.86,0,0,0.88
2021-11-27,Clothing,Running Shoes,99,6265.51,63.29,0,1,0.88
2021-11-28,Clothing,Running Shoes,98,5462.56,55.74,0,1,0.88
2022-02-04,Clothing,Running Shoes,77,4714.87,61.23,0,0,0.88
2022-02-14,Clothing,Running Shoes,61,4005.35,65.66,0,0,0.88
2022-03-25,Clothing,Running Shoes,64,3818.1,59.66,0,0,0.88
2022-04-25,Clothing,Running Shoes,82,4885.23,59.58,0,0,0.88
2022-04-30,Clothing,Running Shoes,83,4682.6,56.42,0,0,0.88
2022-05-10,Clothing,Running Shoes,73,4338.27,59.43,0,0,0.88
2022-05-14,Clothing,Running Shoes,69,4030.76,58.42,0,0,0.88
2022-05-18,Clothing,Running Shoes,80,4692.44,58.66,0,0,0.88
2020-05-12,Books,Business Book,101,2322.06,22.99,0,0,1.02
2020-05-17,Books,Business Book,87,2123.77,24.41,0,0,1.02
2020-05-28,Books,Business Book,84,2063.46,24.56,0,0,1.02
2020-08-14,Books,Business Book,96,2438.6,25.4,1,0,1.02
2020-10-26,Books,Business Book,88,2205.43,25.06,0,0,1.02
2020-10-31,Books,Business Book,88,2062.47,23.44,0,0,1.02
2020-12-25,Books,Business Book,97,2372.58,24.46,0,1,1.02
2021-01-27,Books,Business Book,87,2084.6,23.96,0,0,1.02
2021-02-17,Books,Business Book,82,2031.82,24.78,0,0,1.02
2021-03-07,Books,Business Book,119,2831.33,23.79,1,0,1.02
2021-03-11,Books,Business Book,87,2136.54,24.56,0,0,1.02
2021-03-19,Books,Business Book,90,2016.12,22.4,0,0,1.02
2021-04-01,Books,Business Book,92,2373.39,25.8,0,0,1.02
2021-05-09,Books,Business Book,102,2596.9,25.46,0,0,1.02
2021-05-18,Books,Business Book,74,1912.74,25.85,0,0,1.02
2021-06-04,Books,Business Book,75,1919.75,25.6,0,0,1.02
2021-07-25,Books,Business Book,97,2245.57,23.15,0,0,1.02
2021-10-14,Books,Business Book,80,1989.11,24.86,0,0,1.02
2021-10-18,Books,Business Book,77,1803.31,23.42,0,0,1.02
2021-10-22,Books,Business Book,76,1988.58,26.17,0,0,1.02
2021-11-24,Books,Business Book,104,2581.58,24.82,0,1,1.02
2022-01-01,Books,Business Book,111,2656.96,23.94,0,0,1.02
2022-01-21,Books,Business Book,99,2538.35,25.64,0,0,1.02
2022-02-21,Books,Business Book,127,3057.78,24.08,0,0,1.02
2022-05-30,Books,Business Book,110,2768.76,25.17,1,0,1.02
2020-05-12,Furniture,Office Chair,9,1013.2,112.58,0,0,0.87
2020-12-21,Furniture,Office Chair,10,1164.64,116.46,0,1,0.87
2021-01-15,Furniture,Office Chair,11,1144.83,104.08,0,0,0.87
2021-03-08,Furniture,Office Chair,7,792.44,113.21,0,0,0.87
2021-03-29,Furniture,Office Chair,8,1000.08,125.01,0,0,0.87
2021-09-26,Furniture,Office Chair,10,1163.82,116.38,0,0,0.87
2022-01-09,Furniture,Office Chair,10,1126.09,112.61,0,0,0.87
2022-01-30,Furniture,Office Chair,13,1580.66,121.59,0,0,0.87
2022-07-15,Furniture,Office Chair,10,1262.34,126.23,0,0,0.87
2022-07-30,Furniture,Office Chair,21,2356.47,112.21,1,0,0.87
2020-05-12,Toys,Building Blocks,50,1775.64,35.51,0,0,0.93
2020-07-28,Toys,Building Blocks,55,2070.11,37.64,1,0,0.93
2020-07-31,Toys,Building Blocks,58,1933.34,33.33,0,0,0.93
2020-09-30,Toys,Building Blocks,46,1549.95,33.69,0,0,0.93
2020-10-23,Toys,Building Blocks,46,1669.38,36.29,0,0,0.93
2020-11-03,Toys,Building Blocks,79,2540.9,32.16,0,1,0.93
2021-01-10,Toys,Building Blocks,65,2288.56,35.21,0,0,0.93
2021-02-02,Toys,Building Blocks,61,2046.19,33.54,0,0,0.93
2021-02-21,Toys,Building Blocks,59,2199.21,37.27,0,0,0.93
2021-03-18,Toys,Building Blocks,56,1913.4,34.17,1,0,0.93
2021-04-01,Toys,Building Blocks,48,1789.67,37.28,0,0,0.93
2021-04-09,Toys,Building Blocks,46,1670.9,36.32,0,0,0.93
2021-04-15,Toys,Building Blocks,66,2248.11,34.06,0,0,0.93
2021-05-08,Toys,Building Blocks,66,2342.62,35.49,0,0,0.93
2021-08-08,Toys,Building Blocks,51,1789.36,35.09,0,0,0.93
2021-08-28,Toys,Building Blocks,63,2258.4,35.85,0,0,0.93
2021-11-20,Toys,Building Blocks,64,2147.75,33.56,0,1,0.93
2021-12-12,Toys,Building Blocks,68,2318.97,34.1,0,1,0.93
2022-01-21,Toys,Building Blocks,56,2028.07,36.22,0,0,0.93
2022-01-28,Toys,Building Blocks,60,2115.82,35.26,0,0,0.93
2022-02-02,Toys,Building Blocks,40,1392.8,34.82,0,0,0.93
2022-02-05,Toys,Building Blocks,65,2303.95,35.45,0,0,0.93
2022-02-26,Toys,Building Blocks,58,2134.99,36.81,0,0,0.93
2022-02-28,Toys,Building Blocks,62,2097.16,33.83,0,0,0.93
2022-03-29,Toys,Building Blocks,67,2304.52,34.4,0,0,0.93
2022-06-13,Toys,Building Blocks,56,1894.15,33.82,0,0,0.93
2022-06-22,Toys,Building Blocks,56,2035.36,36.35,0,0,0.93
2022-06-28,Toys,Building Blocks,79,2604.06,32.96,1,0,0.93
2022-07-16,Toys,Building Blocks,76,2660.36,35.0,0,0,0.93
2022-07-26,Toys,Building Blocks,62,2138.71,34.5,0,0,0.93
2022-08-05,Toys,Building Blocks,48,1540.95,32.1,0,0,0.93
2022-08-22,Toys,Building Blocks,59,2052.63,34.79,0,0,0.93
