data/raw/sales.csv
date,category,product,units_sold,revenue,product_price,promo_flag,is_holiday_season,category_popularity_30d
2020-05-12,Sports,Yoga Mat,47,1989.02,42.32,0,0,1.07
2020-05-21,Sports,Yoga Mat,38,1800.23,47.37,0,0,1.07
2020-10-22,Sports,Yoga Mat,54,2367.72,43.85,1,0,1.07
2020-12-19,Sports,Yoga Mat,60,2720.27,45.34,0,1,1.07
2021-03-13,Sports,Yoga Mat,52,2384.52,45.86,0,0,1.07
2021-04-22,Sports,Yoga Mat,36,1633.81,45.38,0,0,1.07
2021-05-11,Sports,Yoga Mat,45,2078.87,46.2,0,0,1.07
2021-05-26,Sports,Yoga Mat,42,1765.47,42.03,0,0,1.07
2021-05-29,Sports,Yoga Mat,51,2305.68,45.21,0,0,1.07
2021-06-04,Sports,Yoga Mat,40,1699.03,42.48,0,0,1.07
2021-06-25,Sports,Yoga Mat,46,1936.55,42.1,0,0,1.07
2021-06-28,Sports,Yoga Mat,33,1462.34,44.31,0,0,1.07
2021-08-24,Sports,Yoga Mat,63,2792.08,44.32,1,0,1.07
2021-09-02,Sports,Yoga Mat,37,1786.33,48.28,0,0,1.07
2021-09-08,Sports,Yoga Mat,39,1828.58,46.89,0,0,1.07
2021-12-05,Sports,Yoga Mat,52,2378.57,45.74,0,1,1.07
2021-12-16,Sports,Yoga Mat,68,3037.06,44.66,0,1,1.07
2022-03-27,Sports,Yoga Mat,58,2879.42,49.65,0,0,1.07
2022-04-08,Sports,Yoga Mat,49,2181.09,44.51,0,0,1.07
2022-05-30,Sports,Yoga Mat,55,2534.04,46.07,1,0,1.07
2022-06-11,Sports,Yoga Mat,39,1841.97,47.23,0,0,1.07
2022-08-13,Sports,Yoga Mat,49,2218.62,45.28,0,0,1.07
2022-08-15,Sports,Yoga Mat,35,1624.41,46.41,0,0,1.07
2022-08-16,Sports,Yoga Mat,45,2022.39,44.94,0,0,1.07
2020-05-12,Beauty,Face Serum,147,3110.31,21.16,0,0,0.92
2020-06-29,Beauty,Face Serum,192,3531.35,18.39,1,0,0.92
2020-08-05,Beauty,Face Serum,115,2364.35,20.56,0,0,0.92
2020-08-09,Beauty,Face Serum,165,3338.41,20.23,0,0,0.92
2020-08-17,Beauty,Face Serum,137,2678.08,19.55,0,0,0.92
2020-10-01,Beauty,Face Serum,137,2740.95,20.01,0,0,0.92
2020-10-29,Beauty,Face Serum,183,3588.01,19.61,1,0,0.92
2020-12-15,Beauty,Face Serum,232,4514.63,19.46,1,1,0.92
2021-04-27,Beauty,Face Serum,161,2915.65,18.11,0,0,0.92
2021-05-03,Beauty,Face Serum,158,3284.35,20.79,0,0,0.92
2021-06-01,Beauty,Face Serum,177,3607.19,20.38,0,0,0.92
2021-06-06,Beauty,Face Serum,198,3539.82,17.88,0,0,0.92
2021-08-06,Beauty,Face Serum,156,2909.23,18.65,0,0,0.92
2021-08-23,Beauty,Face Serum,177,3337.64,18.86,0,0,0.92
2021-10-01,Beauty,Face Serum,162,3036.4,18.74,0,0,0.92
2021-11-18,Beauty,Face Serum,297,5636.87,18.98,1,1,0.92
2021-11-28,Beauty,Face Serum,226,4677.23,20.7,0,1,0.92
2021-11-29,Beauty,Face Serum,225,4306.52,19.14,0,1,0.92
2022-01-23,Beauty,Face Serum,190,3691.35,19.43,0,0,0.92
2022-02-25,Beauty,Face Serum,177,3368.73,19.03,0,0,0.92
2022-03-20,Beauty,Face Serum,207,3787.6,18.3,0,0,0.92
2022-03-27,Beauty,Face Serum,193,3759.34,19.48,0,0,0.92
2022-05-12,Beauty,Face Serum,192,3867.96,20.15,0,0,0.92
2022-05-18,Beauty,Face Serum,176,3717.56,21.12,0,0,0.92
2022-06-05,Beauty,Face Serum,250,4818.63,19.27,1,0,0.92
2022-06-07,Beauty,Face Serum,213,4313.01,20.25,1,0,0.92
2022-06-23,Beauty,Face Serum,205,3879.56,18.92,0,0,0.92
2022-07-06,Beauty,Face Serum,183,3483.46,19.04,0,0,0.92
2020-05-13,Electronics,Smart Speaker,9,1291.43,143.49,0,0,1.01
2020-05-31,Electronics,Smart Speaker,8,1105.8,138.23,0,0,1.01
2020-08-06,Electronics,Smart Speaker,9,1396.04,155.12,0,0,1.01
2020-08-21,Electronics,Smart Speaker,11,1656.35,150.58,0,0,1.01
2020-09-19,Electronics,Smart Speaker,8,1218.79,152.35,0,0,1.01
2020-10-25,Electronics,Smart Speaker,8,1158.1,144.76,0,0,1.01
2020-10-30,Electronics,Smart Speaker,8,1159.72,144.97,0,0,1.01
2020-11-25,Electronics,Smart Speaker,12,1955.31,162.94,0,1,1.01
2020-12-03,Electronics,Smart Speaker,17,2574.66,151.45,0,1,1.01
2021-03-18,Electronics,Smart Speaker,11,1746.62,158.78,1,0,1.01
2021-03-20,Electronics,Smart Speaker,13,1840.96,141.61,0,0,1.01
2021-04-03,Electronics,Smart Speaker,11,1753.86,159.44,0,0,1.01
2021-04-20,Electronics,Smart Speaker,16,2419.13,151.2,0,0,1.01
2021-05-19,Electronics,Smart Speaker,8,1078.76,134.85,0,0,1.01
2021-07-16,Electronics,Smart Speaker,5,713.91,142.78,0,0,1.01
2021-08-29,Electronics,Smart Speaker,11,1653.6,150.33,0,0,1.01
2021-09-05,Electronics,Smart Speaker,10,1627.43,162.74,1,0,1.01
2021-10-28,Electronics,Smart Speaker,10,1322.48,132.25,0,0,1.01
2021-12-21,Electronics,Smart Speaker,9,1379.11,153.23,0,1,1.01
2021-12-25,Electronics,Smart Speaker,6,895.21,149.2,0,1,1.01
2022-02-02,Electronics,Smart Speaker,5,708.47,141.69,0,0,1.01
2022-04-12,Electronics,Smart Speaker,11,1721.54,156.5,0,0,1.01
2022-04-27,Electronics,Smart Speaker,19,2573.01,135.42,0,0,1.01
2022-06-23,Electronics,Smart Speaker,10,1418.36,141.84,0,0,1.01
2022-06-30,Electronics,Smart Speaker,19,2895.94,152.42,1,0,1.01
2022-08-08,Electronics,Smart Speaker,13,1823.34,140.26,1,0,1.01
2020-05-13,Groceries,Organic Cereal,294,1534.58,5.22,0,0,0.98
2020-07-15,Groceries,Organic Cereal,343,1601.87,4.67,0,0,0.98
2020-08-22,Groceries,Organic Cereal,299,1583.02,5.29,0,0,0.98
2020-09-18,Groceries,Organic Cereal,358,1684.49,4.71,0,0,0.98
2020-10-22,Groceries,Organic Cereal,396,1965.78,4.96,1,0,0.98
2020-11-10,Groceries,Organic Cereal,394,2040.4,5.18,0,1,0.98
2020-12-20,Groceries,Organic Cereal,585,2847.98,4.87,1,1,0.98
2020-12-21,Groceries,Organic Cereal,385,1907.26,4.95,0,1,0.98
2021-01-18,Groceries,Organic Cereal,318,1593.63,5.01,0,0,0.98
2021-01-26,Groceries,Organic Cereal,342,1696.18,4.96,0,0,0.98
2021-01-27,Groceries,Organic Cereal,320,1597.4,4.99,0,0,0.98
2021-02-22,Groceries,Organic Cereal,332,1670.42,5.03,0,0,0.98
2021-03-22,Groceries,Organic Cereal,305,1579.79,5.18,0,0,0.98
2021-03-28,Groceries,Organic Cereal,374,1836.14,4.91,0,0,0.98
2021-04-09,Groceries,Organic Cereal,323,1709.37,5.29,0,0,0.98
2021-05-18,Groceries,Organic Cereal,344,1580.84,4.6,0,0,0.98
2021-05-20,Groceries,Organic Cereal,362,1844.15,5.09,1,0,0.98
2021-08-01,Groceries,Organic Cereal,399,1877.71,4.71,0,0,0.98
2021-08-16,Groceries,Organic Cereal,266,1431.26,5.38,0,0,0.98
2021-08-23,Groceries,Organic Cereal,307,1520.52,4.95,0,0,0.98
2021-09-17,Groceries,Organic Cereal,320,1618.66,5.06,0,0,0.98
2021-10-13,Groceries,Organic Cereal,346,1625.98,4.7,0,0,0.98
2021-10-29,Groceries,Organic Cereal,352,1678.66,4.77,0,0,0.98
2021-11-30,Groceries,Organic Cereal,425,2033.93,4.79,0,1,0.98
2022-01-14,Groceries,Organic Cereal,349,1780.99,5.1,0,0,0.98
2022-02-06,Groceries,Organic Cereal,415,1983.67,4.78,0,0,0.98
2022-02-18,Groceries,Organic Cereal,297,1594.12,5.37,0,0,0.98
2022-02-19,Groceries,Organic Cereal,395,2053.42,5.2,0,0,0.98
2022-03-02,Groceries,Organic Cereal,347,1709.87,4.93,0,0,0.98
2022-03-18,Groceries,Organic Cereal,342,1643.11,4.8,0,0,0.98
2022-05-03,Groceries,Organic Cereal,351,1785.62,5.09,0,0,0.98
2022-05-07,Groceries,Organic Cereal,378,1961.24,5.19,0,0,0.98
2022-05-27,Groceries,Organic Cereal,332,1680.07,5.06,0,0,0.98
2022-07-03,Groceries,Organic Cereal,505,2569.67,5.09,1,0,0.98
2022-07-13,Groceries,Organic Cereal,331,1689.7,5.1,0,0,0.98
2022-08-16,Groceries,Organic Cereal,381,1724.75,4.53,0,0,0.98
2022-08-19,Groceries,Organic Cereal,348,1772.77,5.09,0,0,0.98
2022-09-05,Groceries,Organic Cereal,323,1583.42,4.9,0,0,0.98
2022-09-07,Groceries,Organic Cereal,422,1896.17,4.49,0,0,0.98
2020-05-13,Clothing,Running Shoes,53,3614.77,68.2,0,0,1.01
2020-05-23,Clothing,Running Shoes,57,3449.02,60.51,0,0,1.01
2020-08-11,Clothing,Running Shoes,91,5469.29,60.1,1,0,1.01
2020-10-27,Clothing,Running Shoes,69,4093.95,59.33,0,0,1.01
2020-11-29,Clothing,Running Shoes,66,4079.53,61.81,0,1,1.01
2020-12-11,Clothing,Running Shoes,78,4377.41,56.12,0,1,1.01
2020-12-15,Clothing,Running Shoes,87,5219.52,59.99,1,1,1.01
2021-01-04,Clothing,Running Shoes,75,4422.65,58.97,0,0,1.01
2021-01-24,Clothing,Running Shoes,65,3861.08,59.4,0,0,1.01
2021-02-14,Clothing,Running Shoes,56,3299.31,58.92,0,0,1.01
2021-03-23,Clothing,Running Shoes,62,4083.06,65.86,0,0,1.01
2021-04-11,Clothing,Running Shoes,74,3935.36,53.18,0,0,1.01
2021-06-01,Clothing,Running Shoes,58,3652.96,62.98,0,0,1.01
2021-06-09,Clothing,Running Shoes,74,4422.72,59.77,0,0,1.01
2021-06-28,Clothing,Running Shoes,62,3572.95,57.63,0,0,1.01
2021-07-17,Clothing,Running Shoes,72,4334.38,60.2,0,0,1.01
2021-07-18,Clothing,Running Shoes,63,4017.43,63.77,0,0,1.01
2021-07-29,Clothing,Running Shoes,95,5559.39,58.52,1,0,1.01
2021-08-30,Clothing,Running Shoes,99,5773.62,58.32,1,0,1.01
2021-10-27,Clothing,Running Shoes,62,3421.84,55.19,0,0,1.01
2021-11-15,Clothing,Running Shoes,84,5211.57,62.04,1,1,1.01
2021-12-06,Clothing,Running Shoes,94,5565.64,59.21,0,1,1.01
2021-12-11,Clothing,Running Shoes,77,4535.89,58.91,0,1,1.01
2022-01-01,Clothing,Running Shoes,76,4008.44,52.74,0,0,1.01
2022-01-05,Clothing,Running Shoes,83,4615.78,55.61,0,0,1.01
2022-01-23,Clothing,Running Shoes,81,5438.41,67.14,0,0,1.01
2022-01-25,Clothing,Running Shoes,55,3427.8,62.32,0,0,1.01
2022-05-01,Clothing,Running Shoes,59,3695.5,62.64,0,0,1.01
2022-05-09,Clothing,Running Shoes,81,4332.42,53.49,0,0,1.01
2022-05-30,Clothing,Running Shoes,92,5729.03,62.27,1,0,1.01
2022-08-04,Clothing,Running Shoes,72,4351.87,60.44,0,0,1.01
2022-08-09,Clothing,Running Shoes,72,4653.15,64.63,0,0,1.01
2022-08-14,Clothing,Running Shoes,99,5642.99,57.0,1,0,1.01
2022-08-16,Clothing,Running Shoes,77,4484.4,58.24,0,0,1.01
2022-08-28,Clothing,Running Shoes,62,3669.73,59.19,0,0,1.01
2020-05-13,Furniture,Office Chair,12,1431.06,119.26,0,0,1.07
2020-08-24,Furniture,Office Chair,5,574.78,114.96,0,0,1.07
2020-09-27,Furniture,Office Chair,7,850.06,121.44,0,0,1.07
2021-01-23,Furniture,Office Chair,10,1240.28,124.03,1,0,1.07
2021-02-17,Furniture,Office Chair,8,1035.25,129.41,0,0,1.07
2021-02-18,Furniture,Office Chair,7,916.91,130.99,0,0,1.07
2021-03-27,Furniture,Office Chair,8,969.19,121.15,0,0,1.07
2021-04-08,Furniture,Office Chair,7,860.13,122.88,1,0,1.07
2021-04-14,Furniture,Office Chair,13,1499.77,115.37,1,0,1.07
2021-04-21,Furniture,Office Chair,10,1244.65,124.46,0,0,1.07
2021-05-22,Furniture,Office Chair,8,929.37,116.17,1,0,1.07
2021-05-27,Furniture,Office Chair,8,933.18,116.65,0,0,1.07
2021-06-09,Furniture,Office Chair,7,795.98,113.71,0,0,1.07
2021-06-20,Furniture,Office Chair,13,1552.49,119.42,0,0,1.07
2021-08-04,Furniture,Office Chair,6,681.23,113.54,0,0,1.07
2021-08-14,Furniture,Office Chair,13,1715.4,131.95,0,0,1.07
2021-09-09,Furniture,Office Chair,6,676.16,112.69,0,0,1.07
2021-11-06,Furniture,Office Chair,16,1752.61,109.54,0,1,1.07
2021-12-14,Furniture,Office Chair,10,1188.93,118.89,1,1,1.07
2021-12-28,Furniture,Office Chair,11,1200.18,109.11,0,1,1.07
2022-01-01,Furniture,Office Chair,9,1161.9,129.1,0,0,1.07
2022-01-27,Furniture,Office Chair,7,873.88,124.84,0,0,1.07
2022-04-27,Furniture,Office Chair,12,1336.98,111.41,0,0,1.07
2022-05-30,Furniture,Office Chair,9,1175.97,130.66,1,0,1.07
2022-06-25,Furniture,Office Chair,9,1158.85,128.76,0,0,1.07
2022-06-26,Furniture,Office Chair,10,1301.3,130.13,0,0,1.07
2022-06-29,Furniture,Office Chair,15,1775.87,118.39,0,0,1.07
2022-07-08,Furniture,Office Chair,5,598.32,119.66,0,0,1.07
2022-08-06,Furniture,Office Chair,13,1535.78,118.14,1,0,1.07
2022-08-15,Furniture,Office Chair,10,1240.36,124.04,0,0,1.07
2020-05-13,Toys,Building Blocks,59,2071.01,35.1,0,0,0.89
2020-08-17,Toys,Building Blocks,43,1602.53,37.27,0,0,0.89
2020-10-19,Toys,Building Blocks,39,1419.03,36.39,0,0,0.89
2020-11-26,Toys,Building Blocks,76,2456.15,32.32,0,1,0.89
2020-12-10,Toys,Building Blocks,74,2595.41,35.07,1,1,0.89
2020-12-20,Toys,Building Blocks,102,3680.06,36.08,1,1,0.89
2020-12-29,Toys,Building Blocks,68,2409.38,35.43,0,1,0.89
2021-03-04,Toys,Building Blocks,47,1784.56,37.97,0,0,0.89
2021-04-12,Toys,Building Blocks,49,1713.55,34.97,0,0,0.89
2021-04-27,Toys,Building Blocks,55,1735.0,31.55,0,0,0.89
2021-08-02,Toys,Building Blocks,60,1958.38,32.64,0,0,0.89
2021-08-30,Toys,Building Blocks,66,2374.07,35.97,1,0,0.89
2021-11-04,Toys,Building Blocks,88,2668.48,30.32,0,1,0.89
2021-11-18,Toys,Building Blocks,93,3095.01,33.28,1,1,0.89
2021-11-21,Toys,Building Blocks,112,3779.1,33.74,1,1,0.89
2021-12-19,Toys,Building Blocks,86,2975.91,34.6,0,1,0.89
2022-01-24,Toys,Building Blocks,63,1932.3,30.67,0,0,0.89
2022-03-25,Toys,Building Blocks,56,2195.94,39.21,0,0,0.89
2022-04-20,Toys,Building Blocks,58,2106.45,36.32,0,0,0.89
2022-04-22,Toys,Building Blocks,51,1781.06,34.92,0,0,0.89
2022-05-27,Toys,Building Blocks,59,1966.92,33.34,0,0,0.89
2022-07-02,Toys,Building Blocks,75,2470.73,32.94,1,0,0.89
2022-08-30,Toys,Building Blocks,61,2167.45,35.53,0,0,0.89
2022-09-04,Toys,Building Blocks,58,2157.4,37.2,0,0,0.89
2020-05-13,Sports,Yoga Mat,35,1660.29,47.44,0,0,1.11
2020-09-12,Sports,Yoga Mat,32,1626.79,50.84,0,0,1.11
2020-10-21,Sports,Yoga Mat,44,1926.78,43.79,0,0,1.11
2021-01-12,Sports,Yoga Mat,36,1566.07,43.5,0,0,1.11
2021-05-22,Sports,Yoga Mat,65,2823.71,43.44,1,0,1.11
2021-05-31,Sports,Yoga Mat,48,2261.24,47.11,0,0,1.11
2021-07-14,Sports,Yoga Mat,42,1773.55,42.23,0,0,1.11
2021-09-15,Sports,Yoga Mat,49,1930.9,39.41,0,0,1.11
2021-10-21,Sports,Yoga Mat,38,1735.54,45.67,0,0,1.11
2021-12-11,Sports,Yoga Mat,64,2909.48,45.46,0,1,1.11
2022-01-18,Sports,Yoga Mat,53,2416.17,45.59,0,0,1.11
2022-02-10,Sports,Yoga Mat,42,2075.6,49.42,0,0,1.11
2022-07-15,Sports,Yoga Mat,52,2226.03,42.81,0,0,1.11
2022-08-26,Sports,Yoga Mat,46,1935.24,42.07,0,0,1.11
2020-05-13,Beauty,Face Serum,147,3015.71,20.52,0,0,1.05
2020-05-17,Beauty,Face Serum,203,3990.33,19.66,0,0,1.05
2020-07-18,Beauty,Face Serum,144,3017.17,20.95,0,0,1.05
2020-08-10,Beauty,Face Serum,141,2780.99,19.72,0,0,1.05
2020-09-03,Beauty,Face Serum,140,2639.9,18.86,0,0,1.05
2020-09-16,Beauty,Face Serum,185,3707.91,20.04,1,0,1.05
2020-09-23,Beauty,Face Serum,176,3404.12,19.34,1,0,1.05
2020-09-26,Beauty,Face Serum,158,3077.15,19.48,0,0,1.05
2020-10-04,Beauty,Face Serum,176,3821.14,21.71,0,0,1.05
2020-10-14,Beauty,Face Serum,172,3704.59,21.54,0,0,1.05
2020-11-08,Beauty,Face Serum,210,4240.97,20.2,0,1,1.05
2020-11-28,Beauty,Face Serum,206,4346.96,21.1,0,1,1.05
2020-11-30,Beauty,Face Serum,176,3485.6,19.8,0,1,1.05
2021-02-11,Beauty,Face Serum,149,2957.91,19.85,0,0,1.05
2021-03-09,Beauty,Face Serum,178,3738.6,21.0,0,0,1.05
2021-03-29,Beauty,Face Serum,185,3845.65,20.79,0,0,1.05
2021-04-03,Beauty,Face Serum,202,3947.85,19.54,0,0,1.05
2021-04-22,Beauty,Face Serum,168,3376.19,20.1,0,0,1.05
2021-05-29,Beauty,Face Serum,152,2954.59,19.44,0,0,1.05
2021-08-13,Beauty,Face Serum,172,3214.38,18.69,0,0,1.05
2021-10-07,Beauty,Face Serum,169,3367.27,19.92,0,0,1.05
2021-10-22,Beauty,Face Serum,140,3019.11,21.57,0,0,1.05
2021-11-10,Beauty,Face Serum,193,3970.96,20.57,0,1,1.05
2022-02-10,Beauty,Face Serum,148,2975.16,20.1,0,0,1.05
2022-02-28,Beauty,Face Serum,176,3721.08,21.14,0,0,1.05
2022-03-05,Beauty,Face Serum,182,3595.1,19.75,0,0,1.05
2022-03-30,Beauty,Face Serum,263,4963.37,18.87,1,0,1.05
2022-04-07,Beauty,Face Serum,180,3724.28,20.69,0,0,1.05
2022-04-27,Beauty,Face Serum,170,3523.0,20.72,0,0,1.05
2022-05-03,Beauty,Face Serum,166,3631.82,21.88,0,0,1.05
2022-05-10,Beauty,Face Serum,164,3357.69,20.47,0,0,1.05
2022-05-31,Beauty,Face Serum,145,3100.06,21.38,0,0,1.05
2022-08-14,Beauty,Face Serum,277,5126.29,18.51,1,0,1.05
2022-09-07,Beauty,Face Serum,144,2944.94,20.45,0,0,1.05
2020-05-14,Electronics,Smart Speaker,7,1119.87,159.98,0,0,1.1
2020-06-04,Electronics,Smart Speaker,8,1206.87,150.86,0,0,1.1
2020-09-13,Electronics,Smart Speaker,9,1304.01,144.89,1,0,1.1
2020-09-29,Electronics,Smart Speaker,9,1440.32,160.04,0,0,1.1
2020-11-08,Electronics,Smart Speaker,14,2236.5,159.75,0,1,1.1
2020-11-16,Electronics,Smart Speaker,15,2240.79,149.39,1,1,1.1
2021-01-20,Electronics,Smart Speaker,9,1315.82,146.2,0,0,1.1
2021-03-03,Electronics,Smart Speaker,10,1448.03,144.8,0,0,1.1
2021-03-12,Electronics,Smart Speaker,14,2248.65,160.62,1,0,1.1
2021-05-09,Electronics,Smart Speaker,7,1116.64,159.52,0,0,1.1
2021-05-18,Electronics,Smart Speaker,11,1550.06,140.91,0,0,1.1
2021-06-16,Electronics,Smart Speaker,10,1491.31,149.13,0,0,1.1
2021-06-21,Electronics,Smart Speaker,9,1427.17,158.57,0,0,1.1
2021-06-29,Electronics,Smart Speaker,9,1300.93,144.55,0,0,1.1
2021-07-11,Electronics,Smart Speaker,12,1779.8,148.32,0,0,1.1
2021-07-13,Electronics,Smart Speaker,9,1280.9,142.32,0,0,1.1
2021-08-07,Electronics,Smart Speaker,17,2515.92,148.0,1,0,1.1
2021-10-15,Electronics,Smart Speaker,9,1366.1,151.79,0,0,1.1
2022-01-01,Electronics,Smart Speaker,11,1711.44,155.59,0,0,1.1
2022-01-03,Electronics,Smart Speaker,12,1891.93,157.66,0,0,1.1
2022-02-06,Electronics,Smart Speaker,14,2007.17,143.37,0,0,1.1
2022-02-21,Electronics,Smart Speaker,20,2810.24,140.51,0,0,1.1
2022-03-10,Electronics,Smart Speaker,13,2044.6,157.28,0,0,1.1
2022-05-26,Electronics,Smart Speaker,10,1576.19,157.62,0,0,1.1
2022-08-18,Electronics,Smart Speaker,12,2005.66,167.14,1,0,1.1
2020-05-14,Groceries,Organic Cereal,334,1520.66,4.55,0,0,1.04
2020-05-20,Groceries,Organic Cereal,291,1454.55,5.0,0,0,1.04
2020-06-04,Groceries,Organic Cereal,287,1412.02,4.92,0,0,1.04
2020-07-04,Groceries,Organic Cereal,310,1584.71,5.11,0,0,1.04
2020-07-22,Groceries,Organic Cereal,302,1532.36,5.07,0,0,1.04
2020-07-28,Groceries,Organic Cereal,337,1852.65,5.5,1,0,1.04
2020-08-23,Groceries,Organic Cereal,303,1625.76,5.37,0,0,1.04
2020-09-11,Groceries,Organic Cereal,329,1615.79,4.91,0,0,1.04
2020-09-12,Groceries,Organic Cereal,305,1547.57,5.07,0,0,1.04
2020-10-18,Groceries,Organic Cereal,312,1647.6,5.28,0,0,1.04
2021-01-30,Groceries,Organic Cereal,335,1670.69,4.99,0,0,1.04
2021-02-07,Groceries,Organic Cereal,372,1750.93,4.71,0,0,1.04
2021-04-18,Groceries,Organic Cereal,430,2312.24,5.38,1,0,1.04
2021-05-07,Groceries,Organic Cereal,444,2234.62,5.03,1,0,1.04
2021-06-15,Groceries,Organic Cereal,334,1612.01,4.83,0,0,1.04
2021-08-04,Groceries,Organic Cereal,311,1468.89,4.72,0,0,1.04
2021-11-09,Groceries,Organic Cereal,409,2188.47,5.35,0,1,1.04
2022-04-19,Groceries,Organic Cereal,317,1657.91,5.23,0,0,1.04
2022-04-22,Groceries,Organic Cereal,350,1705.94,4.87,0,0,1.04
2022-05-17,Groceries,Organic Cereal,408,2114.19,5.18,1,0,1.04
2022-06-09,Groceries,Organic Cereal,381,1957.53,5.14,0,0,1.04
2022-06-25,Groceries,Organic Cereal,371,1991.53,5.37,0,0,1.04
2022-08-06,Groceries,Organic Cereal,496,2517.85,5.08,1,0,1.04
2022-09-04,Groceries,Organic Cereal,327,1660.29,5.08,0,0,1.04
