data/raw/sales.csv
date,category,product,units_sold,revenue,product_price,promo_flag,is_holiday_season,category_popularity_30d
2020-05-14,Books,Business Book,63,1618.28,25.69,0,0,0.87
2020-05-25,Books,Business Book,92,2151.65,23.39,0,0,0.87
2020-06-30,Books,Business Book,75,2080.08,27.73,0,0,0.87
2020-08-07,Books,Business Book,83,2093.19,25.22,0,0,0.87
2020-08-08,Books,Business Book,84,2005.76,23.88,0,0,0.87
2020-08-15,Books,Business Book,81,2048.83,25.29,0,0,0.87
2020-09-11,Books,Business Book,65,1622.66,24.96,0,0,0.87
2020-10-09,Books,Business Book,80,2108.24,26.35,0,0,0.87
2020-12-17,Books,Business Book,108,2604.81,24.12,0,1,0.87
2020-12-19,Books,Business Book,130,2923.34,22.49,0,1,0.87
2021-01-30,Books,Business Book,105,2732.96,26.03,0,0,0.87
2021-02-13,Books,Business Book,126,3140.2,24.92,1,0,0.87
2021-03-30,Books,Business Book,93,2366.15,25.44,0,0,0.87
2021-04-03,Books,Business Book,96,2470.58,25.74,0,0,0.87
2021-05-19,Books,Business Book,67,1723.8,25.73,0,0,0.87
2021-07-12,Books,Business Book,106,2500.19,23.59,0,0,0.87
2021-07-15,Books,Business Book,77,1986.8,25.8,0,0,0.87
2021-10-27,Books,Business Book,101,2343.56,23.2,0,0,0.87
2022-04-16,Books,Business Book,79,2127.04,26.92,0,0,0.87
2022-07-15,Books,Business Book,88,2175.96,24.73,0,0,0.87
2020-05-14,Furniture,Office Chair,8,1074.67,134.33,0,0,1.18
2020-11-08,Furniture,Office Chair,18,2170.21,120.57,0,1,1.18
2021-03-23,Furniture,Office Chair,9,1049.13,116.57,0,0,1.18
2021-08-19,Furniture,Office Chair,10,1206.92,120.69,0,0,1.18
2021-08-20,Furniture,Office Chair,10,1167.17,116.72,0,0,1.18
2021-10-11,Furniture,Office Chair,6,748.3,124.72,0,0,1.18
2021-12-31,Furniture,Office Chair,16,1715.49,107.22,1,1,1.18
2022-06-21,Furniture,Office Chair,13,1635.92,125.84,1,0,1.18
2022-07-25,Furniture,Office Chair,6,757.79,126.3,0,0,1.18
2020-05-14,Sports,Yoga Mat,42,1845.12,43.93,0,0,0.93
2020-06-28,Sports,Yoga Mat,42,1851.26,44.08,0,0,0.93
2020-08-19,Sports,Yoga Mat,41,1888.72,46.07,0,0,0.93
2020-08-25,Sports,Yoga Mat,38,1794.34,47.22,0,0,0.93
2020-09-18,Sports,Yoga Mat,54,2208.78,40.9,0,0,0.93
2020-11-27,Sports,Yoga Mat,58,2587.25,44.61,0,1,0.93
2020-12-24,Sports,Yoga Mat,42,2044.14,48.67,0,1,0.93
2021-01-11,Sports,Yoga Mat,34,1601.89,47.11,0,0,0.93
2021-03-10,Sports,Yoga Mat,44,1932.98,43.93,0,0,0.93
2021-03-12,Sports,Yoga Mat,54,2337.18,43.28,1,0,0.93
2021-03-17,Sports,Yoga Mat,50,2244.15,44.88,0,0,0.93
2021-04-08,Sports,Yoga Mat,56,2600.55,46.44,1,0,0.93
2021-04-21,Sports,Yoga Mat,50,2294.98,45.9,0,0,0.93
2021-06-10,Sports,Yoga Mat,40,1892.63,47.32,0,0,0.93
2021-09-07,Sports,Yoga Mat,50,2205.02,44.1,1,0,0.93
2021-10-17,Sports,Yoga Mat,60,2696.27,44.94,0,0,0.93
2021-10-20,Sports,Yoga Mat,48,2336.11,48.67,0,0,0.93
2021-11-02,Sports,Yoga Mat,59,2508.36,42.51,0,1,0.93
2021-11-27,Sports,Yoga Mat,55,2478.87,45.07,0,1,0.93
2021-12-06,Sports,Yoga Mat,51,2285.31,44.81,0,1,0.93
2021-12-23,Sports,Yoga Mat,58,2643.78,45.58,0,1,0.93
2022-02-25,Sports,Yoga Mat,41,2028.71,49.48,0,0,0.93
2022-02-28,Sports,Yoga Mat,33,1416.03,42.91,0,0,0.93
2022-03-28,Sports,Yoga Mat,54,2356.63,43.64,0,0,0.93
2022-04-05,Sports,Yoga Mat,53,2579.36,48.67,0,0,0.93
2022-05-15,Sports,Yoga Mat,47,2152.74,45.8,0,0,0.93
2022-05-26,Sports,Yoga Mat,54,2394.14,44.34,0,0,0.93
2022-06-20,Sports,Yoga Mat,49,2156.43,44.01,0,0,0.93
2022-07-06,Sports,Yoga Mat,38,1818.01,47.84,0,0,0.93
2022-07-14,Sports,Yoga Mat,40,1837.5,45.94,0,0,0.93
2022-07-25,Sports,Yoga Mat,31,1594.63,51.44,0,0,0.93
2020-05-15,Electronics,Smart Speaker,13,1878.75,144.52,0,0,0.87
2020-07-24,Electronics,Smart Speaker,7,992.86,141.84,1,0,0.87
2020-12-14,Electronics,Smart Speaker,10,1517.25,151.73,0,1,0.87
2021-06-24,Electronics,Smart Speaker,11,1524.79,138.62,0,0,0.87
2021-06-26,Electronics,Smart Speaker,12,1801.04,150.09,0,0,0.87
2021-07-03,Electronics,Smart Speaker,8,1126.46,140.81,0,0,0.87
2021-12-16,Electronics,Smart Speaker,10,1652.32,165.23,0,1,0.87
2021-12-27,Electronics,Smart Speaker,18,2774.88,154.16,0,1,0.87
2022-01-30,Electronics,Smart Speaker,13,1911.94,147.07,0,0,0.87
2022-04-10,Electronics,Smart Speaker,15,2303.24,153.55,0,0,0.87
2022-04-19,Electronics,Smart Speaker,13,1892.72,145.59,0,0,0.87
2022-04-20,Electronics,Smart Speaker,18,2636.12,146.45,0,0,0.87
2022-05-31,Electronics,Smart Speaker,6,896.35,149.39,0,0,0.87
2022-06-09,Electronics,Smart Speaker,14,2084.82,148.92,0,0,0.87
2022-07-11,Electronics,Smart Speaker,16,2358.04,147.38,0,0,0.87
2022-08-03,Electronics,Smart Speaker,9,1395.93,155.1,0,0,0.87
2022-08-14,Electronics,Smart Speaker,16,2349.89,146.87,1,0,0.87
2020-05-15,Clothing,Running Shoes,63,3535.26,56.12,0,0,0.99
2020-05-20,Clothing,Running Shoes,50,2981.56,59.63,0,0,0.99
2020-07-15,Clothing,Running Shoes,60,3455.99,57.6,0,0,0.99
2020-08-04,Clothing,Running Shoes,69,3857.27,55.9,0,0,0.99
2020-08-25,Clothing,Running Shoes,63,3853.4,61.17,0,0,0.99
2020-11-06,Clothing,Running Shoes,81,4706.11,58.1,0,1,0.99
2020-11-19,Clothing,Running Shoes,82,4881.67,59.53,0,1,0.99
2020-11-23,Clothing,Running Shoes,84,4845.32,57.68,0,1,0.99
2020-11-27,Clothing,Running Shoes,87,5152.82,59.23,0,1,0.99
2020-12-16,Clothing,Running Shoes,107,6516.35,60.9,1,1,0.99
2020-12-30,Clothing,Running Shoes,70,4429.17,63.27,0,1,0.99
2021-01-09,Clothing,Running Shoes,75,4458.7,59.45,0,0,0.99
2021-01-12,Clothing,Running Shoes,58,3643.38,62.82,0,0,0.99
2021-02-25,Clothing,Running Shoes,49,3186.69,65.03,0,0,0.99
2021-03-09,Clothing,Running Shoes,68,4057.97,59.68,0,0,0.99
2021-03-14,Clothing,Running Shoes,101,5850.92,57.93,1,0,0.99
2021-03-17,Clothing,Running Shoes,51,3296.86,64.64,0,0,0.99
2021-03-30,Clothing,Running Shoes,62,3365.59,54.28,0,0,0.99
2021-05-08,Clothing,Running Shoes,68,3826.08,56.27,0,0,0.99
2021-05-29,Clothing,Running Shoes,70,4079.04,58.27,0,0,0.99
2021-07-25,Clothing,Running Shoes,68,3742.38,55.03,0,0,0.99
2021-09-01,Clothing,Running Shoes,86,5222.97,60.73,0,0,0.99
2021-11-01,Clothing,Running Shoes,72,4521.21,62.79,0,1,0.99
2021-11-24,Clothing,Running Shoes,87,5236.12,60.19,0,1,0.99
2022-02-10,Clothing,Running Shoes,75,4041.39,53.89,0,0,0.99
2022-02-26,Clothing,Running Shoes,72,4263.81,59.22,0,0,0.99
2022-03-21,Clothing,Running Shoes,68,4049.66,59.55,0,0,0.99
2022-05-03,Clothing,Running Shoes,66,4100.6,62.13,0,0,0.99
2022-08-05,Clothing,Running Shoes,73,4348.58,59.57,0,0,0.99
2022-08-19,Clothing,Running Shoes,81,4858.06,59.98,0,0,0.99
2022-08-31,Clothing,Running Shoes,72,4358.93,60.54,0,0,0.99
2022-09-05,Clothing,Running Shoes,70,3859.56,55.14,0,0,0.99
2022-09-06,Clothing,Running Shoes,103,6252.97,60.71,1,0,0.99
2020-05-15,Books,Business Book,54,1454.16,26.93,0,0,1.13
2020-06-21,Books,Business Book,88,2284.0,25.95,0,0,1.13
2020-07-25,Books,Business Book,102,2658.65,26.07,0,0,1.13
2020-09-02,Books,Business Book,82,2083.13,25.4,0,0,1.13
2020-12-06,Books,Business Book,110,2721.46,24.74,0,1,1.13
2021-05-03,Books,Business Book,86,2165.26,25.18,0,0,1.13
2021-05-13,Books,Business Book,89,2124.62,23.87,0,0,1.13
2021-06-21,Books,Business Book,93,2468.82,26.55,0,0,1.13
2021-06-25,Books,Business Book,76,1929.07,25.38,0,0,1.13
2021-07-23,Books,Business Book,88,2075.41,23.58,0,0,1.13
2021-10-08,Books,Business Book,69,1890.3,27.4,0,0,1.13
2021-12-13,Books,Business Book,113,2967.64,26.26,0,1,1.13
2021-12-28,Books,Business Book,87,2315.3,26.61,0,1,1.13
2022-01-25,Books,Business Book,85,2057.21,24.2,0,0,1.13
2022-02-12,Books,Business Book,100,2569.39,25.69,0,0,1.13
2022-04-28,Books,Business Book,110,2424.85,22.04,0,0,1.13
2022-05-19,Books,Business Book,106,2653.43,25.03,0,0,1.13
2022-06-02,Books,Business Book,95,2414.76,25.42,0,0,1.13
2022-08-19,Books,Business Book,78,2035.86,26.1,0,0,1.13
2022-08-22,Books,Business Book,101,2352.27,23.29,0,0,1.13
2020-05-15,Toys,Building Blocks,50,1806.63,36.13,0,0,1.01
2020-06-10,Toys,Building Blocks,51,1703.34,33.4,0,0,1.01
2020-06-14,Toys,Building Blocks,47,1692.66,36.01,0,0,1.01
2020-08-11,Toys,Building Blocks,59,2076.3,35.19,1,0,1.01
2020-08-16,Toys,Building Blocks,69,2311.58,33.5,1,0,1.01
2020-09-27,Toys,Building Blocks,54,1940.5,35.94,0,0,1.01
2020-10-01,Toys,Building Blocks,51,1746.74,34.25,0,0,1.01
2020-10-12,Toys,Building Blocks,59,1944.73,32.96,0,0,1.01
2020-10-17,Toys,Building Blocks,50,1672.65,33.45,0,0,1.01
2020-11-06,Toys,Building Blocks,53,1942.82,36.66,0,1,1.01
2020-11-08,Toys,Building Blocks,77,3054.37,39.67,0,1,1.01
2020-11-10,Toys,Building Blocks,60,2235.5,37.26,0,1,1.01
2020-11-19,Toys,Building Blocks,62,2384.75,38.46,0,1,1.01
2021-01-23,Toys,Building Blocks,68,2422.93,35.63,1,0,1.01
2021-01-24,Toys,Building Blocks,62,2152.45,34.72,0,0,1.01
2021-01-28,Toys,Building Blocks,58,1980.81,34.15,0,0,1.01
2021-02-04,Toys,Building Blocks,52,1765.64,33.95,0,0,1.01
2021-02-08,Toys,Building Blocks,56,1808.94,32.3,0,0,1.01
2021-02-17,Toys,Building Blocks,62,2231.77,36.0,0,0,1.01
2021-05-10,Toys,Building Blocks,58,2088.23,36.0,0,0,1.01
2021-05-18,Toys,Building Blocks,42,1439.06,34.26,0,0,1.01
2021-09-21,Toys,Building Blocks,55,1944.07,35.35,0,0,1.01
2021-10-04,Toys,Building Blocks,60,2024.38,33.74,0,0,1.01
2021-10-25,Toys,Building Blocks,53,1893.74,35.73,0,0,1.01
2021-11-02,Toys,Building Blocks,60,2020.92,33.68,0,1,1.01
2021-11-05,Toys,Building Blocks,78,2887.08,37.01,1,1,1.01
2021-11-19,Toys,Building Blocks,58,1991.79,34.34,0,1,1.01
2021-12-06,Toys,Building Blocks,82,2798.81,34.13,0,1,1.01
2021-12-16,Toys,Building Blocks,70,2718.37,38.83,0,1,1.01
2022-02-09,Toys,Building Blocks,73,2320.16,31.78,0,0,1.01
2022-02-13,Toys,Building Blocks,77,2552.59,33.15,1,0,1.01
2022-02-14,Toys,Building Blocks,70,2376.02,33.94,0,0,1.01
2022-03-22,Toys,Building Blocks,56,1972.73,35.23,0,0,1.01
2022-04-26,Toys,Building Blocks,72,2351.96,32.67,1,0,1.01
2022-05-09,Toys,Building Blocks,65,2071.15,31.86,0,0,1.01
2022-05-10,Toys,Building Blocks,56,1794.76,32.05,0,0,1.01
2022-05-11,Toys,Building Blocks,44,1610.98,36.61,0,0,1.01
2022-06-03,Toys,Building Blocks,65,2131.89,32.8,0,0,1.01
2022-07-15,Toys,Building Blocks,45,1630.57,36.23,0,0,1.01
2022-08-20,Toys,Building Blocks,55,1942.05,35.31,0,0,1.01
2022-09-07,Toys,Building Blocks,65,2156.45,33.18,0,0,1.01
2020-05-15,Beauty,Face Serum,166,3392.93,20.44,0,0,0.99
2020-06-01,Beauty,Face Serum,145,3127.0,21.57,0,0,0.99
2020-06-16,Beauty,Face Serum,146,2796.88,19.16,0,0,0.99
2020-07-07,Beauty,Face Serum,156,2746.96,17.61,0,0,0.99
2020-07-09,Beauty,Face Serum,156,2847.4,18.25,0,0,0.99
2020-08-07,Beauty,Face Serum,147,2886.89,19.64,0,0,0.99
2020-09-10,Beauty,Face Serum,178,3650.25,20.51,1,0,0.99
2020-09-19,Beauty,Face Serum,156,3079.81,19.74,0,0,0.99
2020-09-30,Beauty,Face Serum,146,2893.83,19.82,0,0,0.99
2020-12-01,Beauty,Face Serum,201,4162.59,20.71,0,1,0.99
2020-12-16,Beauty,Face Serum,227,4743.19,20.9,1,1,0.99
2020-12-17,Beauty,Face Serum,196,3882.92,19.81,0,1,0.99
2021-01-12,Beauty,Face Serum,135,2665.96,19.75,0,0,0.99
2021-01-24,Beauty,Face Serum,194,3739.27,19.27,0,0,0.99
2021-02-14,Beauty,Face Serum,202,4005.29,19.83,0,0,0.99
2021-03-07,Beauty,Face Serum,226,4619.55,20.44,1,0,0.99
2021-06-18,Beauty,Face Serum,159,3117.97,19.61,0,0,0.99
2021-06-23,Beauty,Face Serum,164,3243.21,19.78,0,0,0.99
2021-07-26,Beauty,Face Serum,157,3056.7,19.47,0,0,0.99
2021-08-02,Beauty,Face Serum,167,3479.8,20.84,0,0,0.99
2021-08-14,Beauty,Face Serum,173,3301.53,19.08,0,0,0.99
2021-09-26,Beauty,Face Serum,163,3435.66,21.08,0,0,0.99
2021-09-29,Beauty,Face Serum,166,3311.43,19.95,0,0,0.99
2021-11-03,Beauty,Face Serum,279,5741.88,20.58,1,1,0.99
2021-12-31,Beauty,Face Serum,233,5181.73,22.24,1,1,0.99
2022-01-04,Beauty,Face Serum,163,3270.31,20.06,0,0,0.99
2022-01-20,Beauty,Face Serum,183,3678.11,20.1,0,0,0.99
2022-02-02,Beauty,Face Serum,166,3077.53,18.54,0,0,0.99
2022-02-12,Beauty,Face Serum,197,3826.1,19.42,0,0,0.99
2022-03-02,Beauty,Face Serum,183,3697.8,20.21,0,0,0.99
2022-05-25,Beauty,Face Serum,166,3102.46,18.69,0,0,0.99
2022-06-17,Beauty,Face Serum,179,3696.5,20.65,0,0,0.99
2022-08-16,Beauty,Face Serum,188,3661.17,19.47,0,0,0.99
2022-08-24,Beauty,Face Serum,165,3352.97,20.32,0,0,0.99
2022-09-08,Beauty,Face Serum,173,3595.42,20.78,0,0,0.99
2020-05-16,Electronics,Smart Speaker,5,760.54,152.11,0,0,0.94
2020-05-29,Electronics,Smart Speaker,10,1553.08,155.31,0,0,0.94
2020-08-03,Electronics,Smart Speaker,5,697.92,139.58,0,0,0.94
2020-09-22,Electronics,Smart Speaker,11,1695.87,154.17,0,0,0.94
2020-10-14,Electronics,Smart Speaker,10,1352.58,135.26,0,0,0.94
2020-11-27,Electronics,Smart Speaker,12,1834.07,152.84,0,1,0.94
2020-12-17,Electronics,Smart Speaker,17,2289.31,134.67,0,1,0.94
2021-02-03,Electronics,Smart Speaker,16,2118.84,132.43,0,0,0.94
2021-03-21,Electronics,Smart Speaker,10,1505.45,150.54,0,0,0.94
2021-04-26,Electronics,Smart Speaker,11,1590.64,144.6,0,0,0.94
2021-06-07,Electronics,Smart Speaker,12,1840.17,153.35,0,0,0.94
2021-08-12,Electronics,Smart Speaker,19,2877.09,151.43,0,0,0.94
2021-09-27,Electronics,Smart Speaker,9,1347.59,149.73,0,0,0.94
2021-10-20,Electronics,Smart Speaker,6,899.95,149.99,0,0,0.94
2021-11-05,Electronics,Smart Speaker,20,3099.01,154.95,1,1,0.94
2021-11-06,Electronics,Smart Speaker,14,2288.44,163.46,0,1,0.94
2021-11-22,Electronics,Smart Speaker,9,1453.72,161.52,1,1,0.94
2021-11-28,Electronics,Smart Speaker,23,3320.09,144.35,0,1,0.94
2022-01-14,Electronics,Smart Speaker,18,2497.66,138.76,0,0,0.94
2022-03-09,Electronics,Smart Speaker,9,1255.98,139.55,0,0,0.94
2022-04-09,Electronics,Smart Speaker,18,2822.34,156.8,0,0,0.94
2022-05-23,Electronics,Smart Speaker,14,2112.55,150.9,0,0,0.94
2022-06-01,Electronics,Smart Speaker,9,1292.6,143.62,0,0,0.94
2022-08-16,Electronics,Smart Speaker,11,1545.95,140.54,0,0,0.94
2020-05-16,Groceries,Organic Cereal,315,1528.59,4.85,0,0,1.08
2020-09-10,Groceries,Organic Cereal,329,1729.67,5.26,1,0,1.08
2020-11-05,Groceries,Organic Cereal,422,1978.31,4.69,0,1,1.08
2020-11-07,Groceries,Organic Cereal,559,2734.82,4.89,1,1,1.08
2020-12-11,Groceries,Organic Cereal,354,1854.36,5.24,0,1,1.08
2020-12-26,Groceries,Organic Cereal,423,2169.92,5.13,0,1,1.08
2021-01-19,Groceries,Organic Cereal,402,2113.23,5.26,1,0,1.08
2021-02-23,Groceries,Organic Cereal,335,1630.63,4.87,0,0,1.08
2021-04-01,Groceries,Organic Cereal,352,1706.19,4.85,0,0,1.08
2021-04-14,Groceries,Organic Cereal,402,1974.4,4.91,1,0,1.08
2021-04-19,Groceries,Organic Cereal,294,1591.5,5.41,0,0,1.08
2021-06-13,Groceries,Organic Cereal,378,1952.94,5.17,0,0,1.08
2021-06-19,Groceries,Organic Cereal,339,1738.23,5.13,0,0,1.08
2021-06-20,Groceries,Organic Cereal,368,1839.92,5.0,0,0,1.08
2021-07-04,Groceries,Organic Cereal,405,1868.24,4.61,0,0,1.08
2021-07-18,Groceries,Organic Cereal,324,1742.75,5.38,0,0,1.08
2021-09-07,Groceries,Organic Cereal,392,2063.27,5.26,1,0,1.08
2021-09-12,Groceries,Organic Cereal,329,1591.41,4.84,0,0,1.08
2021-10-06,Groceries,Organic Cereal,336,1609.75,4.79,0,0,1.08
2022-01-10,Groceries,Organic Cereal,341,1626.55,4.77,0,0,1.08
2022-01-11,Groceries,Organic Cereal,380,1835.31,4.83,0,0,1.08
2022-02-14,Groceries,Organic Cereal,385,1878.02,4.88,0,0,1.08
2022-02-16,Groceries,Organic Cereal,342,1812.56,5.3,0,0,1.08
2022-06-14,Groceries,Organic Cereal,355,1659.79,4.68,0,0,1.08
2022-06-18,Groceries,Organic Cereal,391,1983.84,5.07,0,0,1.08
2022-07-02,Groceries,Organic Cereal,508,2424.42,4.77,1,0,1.08
2022-07-26,Groceries,Organic Cereal,384,1725.49,4.49,0,0,1.08
2022-08-29,Groceries,Organic Cereal,400,2110.56,5.28,1,0,1.08
2020-05-16,Clothing,Running Shoes,69,4326.22,62.7,0,0,1.03
2020-06-07,Clothing,Running Shoes,77,4605.18,59.81,0,0,1.03
2020-06-30,Clothing,Running Shoes,74,4250.26,57.44,0,0,1.03
2020-07-20,Clothing,Running Shoes,57,3355.12,58.86,0,0,1.03
2020-07-24,Clothing,Running Shoes,79,4480.39,56.71,1,0,1.03
2020-07-28,Clothing,Running Shoes,86,5082.96,59.1,1,0,1.03
2020-08-01,Clothing,Running Shoes,59,3729.9,63.22,0,0,1.03
2020-08-05,Clothing,Running Shoes,59,3716.27,62.99,0,0,1.03
2020-08-23,Clothing,Running Shoes,66,4108.48,62.25,0,0,1.03
2020-09-05,Clothing,Running Shoes,58,3411.36,58.82,0,0,1.03
2020-09-15,Clothing,Running Shoes,70,4174.1,59.63,0,0,1.03
2020-10-02,Clothing,Running Shoes,38,2412.28,63.48,0,0,1.03
2020-10-20,Clothing,Running Shoes,78,4643.07,59.53,0,0,1.03
2020-10-21,Clothing,Running Shoes,76,4419.47,58.15,0,0,1.03
2020-11-01,Clothing,Running Shoes,81,5208.54,64.3,0,1,1.03
2020-11-17,Clothing,Running Shoes,85,5181.19,60.96,1,1,1.03
2021-02-02,Clothing,Running Shoes,60,3717.79,61.96,0,0,1.03
2021-02-28,Clothing,Running Shoes,78,4514.43,57.88,0,0,1.03
2021-03-03,Clothing,Running Shoes,61,3523.1,57.76,0,0,1.03
2021-03-28,Clothing,Running Shoes,67,3818.05,56.99,0,0,1.03
2021-03-29,Clothing,Running Shoes,72,4409.48,61.24,0,0,1.03
2021-05-06,Clothing,Running Shoes,63,3908.99,62.05,0,0,1.03
2021-05-26,Clothing,Running Shoes,64,3613.44,56.46,0,0,1.03
2021-06-04,Clothing,Running Shoes,57,3427.37,60.13,0,0,1.03
2021-09-03,Clothing,Running Shoes,40,2590.05,64.75,0,0,1.03
2021-09-10,Clothing,Running Shoes,70,4109.77,58.71,0,0,1.03
2021-09-23,Clothing,Running Shoes,65,4414.43,67.91,1,0,1.03
2021-09-28,Clothing,Running Shoes,61,3870.65,63.45,0,0,1.03
2021-10-02,Clothing,Running Shoes,71,4570.76,64.38,0,0,1.03
2021-10-31,Clothing,Running Shoes,83,4672.81,56.3,1,0,1.03
2021-11-17,Clothing,Running Shoes,71,4224.24,59.5,0,1,1.03
2022-01-18,Clothing,Running Shoes,84,4530.24,53.93,0,0,1.03
2022-02-03,Clothing,Running Shoes,74,4179.98,56.49,0,0,1.03
2022-03-23,Clothing,Running Shoes,113,5768.0,51.04,1,0,1.03
2022-03-28,Clothing,Running Shoes,56,3491.55,62.35,0,0,1.03
2022-04-10,Clothing,Running Shoes,79,4888.49,61.88,0,0,1.03
2022-04-23,Clothing,Running Shoes,66,4325.83,65.54,0,0,1.03
2022-05-22,Clothing,Running Shoes,81,4835.17,59.69,0,0,1.03
2022-06-07,Clothing,Running Shoes,81,4592.66,56.7,1,0,1.03
2022-06-10,Clothing,Running Shoes,72,4147.41,57.6,0,0,1.03
2022-06-23,Clothing,Running Shoes,76,4627.66,60.89,0,0,1.03
2022-07-16,Clothing,Running Shoes,78,4898.06,62.8,0,0,1.03
2022-07-18,Clothing,Running Shoes,66,3977.37,60.26,0,0,1.03
