data/raw/sales.csv
date,category,product,units_sold,revenue,product_price,promo_flag,is_holiday_season,category_popularity_30d
2020-05-16,Books,Business Book,99,2372.41,23.96,0,0,0.94
2020-06-16,Books,Business Book,62,1640.41,26.46,0,0,0.94
2020-08-23,Books,Business Book,108,2566.12,23.76,0,0,0.94
2020-09-20,Books,Business Book,81,1979.98,24.44,0,0,0.94
2020-10-13,Books,Business Book,79,1864.98,23.61,0,0,0.94
2020-12-22,Books,Business Book,97,2347.47,24.2,0,1,0.94
2021-01-15,Books,Business Book,76,1929.38,25.39,0,0,0.94
2021-01-23,Books,Business Book,113,2935.62,25.98,1,0,0.94
2021-01-25,Books,Business Book,70,1839.87,26.28,0,0,0.94
2021-06-20,Books,Business Book,72,1971.45,27.38,0,0,0.94
2021-06-30,Books,Business Book,86,2122.8,24.68,0,0,0.94
2021-08-20,Books,Business Book,84,2216.98,26.39,0,0,0.94
2021-09-08,Books,Business Book,81,2124.13,26.22,0,0,0.94
2021-10-13,Books,Business Book,64,1480.52,23.13,0,0,0.94
2021-10-30,Books,Business Book,90,2357.28,26.19,0,0,0.94
2021-12-07,Books,Business Book,109,2831.67,25.98,0,1,0.94
2021-12-31,Books,Business Book,143,3657.95,25.58,1,1,0.94
2022-01-06,Books,Business Book,84,2164.41,25.77,0,0,0.94
2022-01-07,Books,Business Book,109,2606.3,23.91,1,0,0.94
2022-01-24,Books,Business Book,101,2362.77,23.39,0,0,0.94
2022-02-11,Books,Business Book,101,2578.21,25.53,1,0,0.94
2022-04-22,Books,Business Book,78,2056.43,26.36,0,0,0.94
2022-05-25,Books,Business Book,93,2444.87,26.29,0,0,0.94
2022-07-05,Books,Business Book,103,2608.5,25.33,0,0,0.94
2022-08-20,Books,Business Book,125,3191.43,25.53,0,0,0.94
2020-05-16,Furniture,Office Chair,14,1678.24,119.87,0,0,1.01
2020-05-29,Furniture,Office Chair,11,1374.02,124.91,0,0,1.01
2020-06-18,Furniture,Office Chair,8,971.86,121.48,0,0,1.01
2020-12-26,Furniture,Office Chair,7,774.75,110.68,0,1,1.01
2021-01-03,Furniture,Office Chair,10,1218.77,121.88,0,0,1.01
2021-01-29,Furniture,Office Chair,9,1087.12,120.79,1,0,1.01
2021-04-09,Furniture,Office Chair,12,1376.36,114.7,0,0,1.01
2021-04-29,Furniture,Office Chair,1,128.04,128.04,0,0,1.01
2021-05-04,Furniture,Office Chair,9,1051.38,116.82,1,0,1.01
2021-05-11,Furniture,Office Chair,7,841.76,120.25,0,0,1.01
2021-05-16,Furniture,Office Chair,12,1414.53,117.88,0,0,1.01
2021-05-20,Furniture,Office Chair,10,1244.74,124.47,1,0,1.01
2021-06-13,Furniture,Office Chair,12,1498.3,124.86,0,0,1.01
2021-07-10,Furniture,Office Chair,14,1665.62,118.97,0,0,1.01
2021-07-29,Furniture,Office Chair,10,1172.2,117.22,1,0,1.01
2021-10-18,Furniture,Office Chair,9,1097.69,121.97,0,0,1.01
2022-01-14,Furniture,Office Chair,5,613.06,122.61,0,0,1.01
2022-01-21,Furniture,Office Chair,11,1315.6,119.6,0,0,1.01
2022-01-25,Furniture,Office Chair,9,1059.27,117.7,0,0,1.01
2022-02-07,Furniture,Office Chair,3,379.11,126.37,0,0,1.01
2022-02-10,Furniture,Office Chair,12,1356.52,113.04,0,0,1.01
2022-03-17,Furniture,Office Chair,7,835.92,119.42,0,0,1.01
2022-06-16,Furniture,Office Chair,14,1644.69,117.48,1,0,1.01
2022-06-28,Furniture,Office Chair,18,2074.9,115.27,1,0,1.01
2022-07-05,Furniture,Office Chair,6,745.97,124.33,0,0,1.01
2022-08-05,Furniture,Office Chair,10,1129.74,112.97,0,0,1.01
2022-08-17,Furniture,Office Chair,12,1328.23,110.69,0,0,1.01
2022-08-23,Furniture,Office Chair,5,577.4,115.48,0,0,1.01
2020-05-16,Toys,Building Blocks,57,1967.96,34.53,0,0,0.94
2020-05-20,Toys,Building Blocks,40,1342.92,33.57,0,0,0.94
2020-06-16,Toys,Building Blocks,52,1921.55,36.95,0,0,0.94
2020-07-09,Toys,Building Blocks,51,1920.09,37.65,0,0,0.94
2020-08-24,Toys,Building Blocks,60,2112.56,35.21,0,0,0.94
2020-08-26,Toys,Building Blocks,49,1724.48,35.19,1,0,0.94
2020-09-19,Toys,Building Blocks,53,2010.2,37.93,0,0,0.94
2020-10-24,Toys,Building Blocks,71,2430.37,34.23,0,0,0.94
2020-10-30,Toys,Building Blocks,47,1713.53,36.46,0,0,0.94
2020-12-12,Toys,Building Blocks,75,2657.66,35.44,0,1,0.94
2021-02-27,Toys,Building Blocks,62,2110.02,34.03,0,0,0.94
2021-03-29,Toys,Building Blocks,57,2073.98,36.39,0,0,0.94
2021-03-30,Toys,Building Blocks,53,1903.39,35.91,0,0,0.94
2021-04-28,Toys,Building Blocks,75,2691.95,35.89,1,0,0.94
2021-05-16,Toys,Building Blocks,66,2215.92,33.57,0,0,0.94
2021-05-24,Toys,Building Blocks,44,1551.4,35.26,0,0,0.94
2021-05-30,Toys,Building Blocks,87,3016.79,34.68,1,0,0.94
2021-06-05,Toys,Building Blocks,54,1919.24,35.54,0,0,0.94
2021-09-14,Toys,Building Blocks,49,1864.8,38.06,0,0,0.94
2021-09-25,Toys,Building Blocks,64,2216.82,34.64,0,0,0.94
2021-10-26,Toys,Building Blocks,51,1773.25,34.77,0,0,0.94
2021-10-28,Toys,Building Blocks,72,2448.47,34.01,0,0,0.94
2021-11-12,Toys,Building Blocks,74,2560.65,34.6,0,1,0.94
2021-11-26,Toys,Building Blocks,75,2720.96,36.28,0,1,0.94
2021-11-28,Toys,Building Blocks,77,2663.42,34.59,0,1,0.94
2021-12-18,Toys,Building Blocks,69,2630.33,38.12,0,1,0.94
2022-01-15,Toys,Building Blocks,70,2534.25,36.2,0,0,0.94
2022-03-10,Toys,Building Blocks,57,1960.51,34.39,0,0,0.94
2022-03-26,Toys,Building Blocks,60,2051.84,34.2,0,0,0.94
2022-05-24,Toys,Building Blocks,51,1522.46,29.85,0,0,0.94
2022-06-19,Toys,Building Blocks,53,1729.01,32.62,0,0,0.94
2022-08-09,Toys,Building Blocks,65,1971.32,30.33,0,0,0.94
2020-05-16,Sports,Yoga Mat,45,1843.56,40.97,0,0,0.96
2020-06-05,Sports,Yoga Mat,57,2365.37,41.5,1,0,0.96
2020-06-26,Sports,Yoga Mat,33,1478.44,44.8,0,0,0.96
2020-07-26,Sports,Yoga Mat,62,2529.17,40.79,0,0,0.96
2020-08-14,Sports,Yoga Mat,44,2104.03,47.82,1,0,0.96
2020-08-28,Sports,Yoga Mat,38,1753.49,46.14,0,0,0.96
2020-09-03,Sports,Yoga Mat,30,1441.7,48.06,0,0,0.96
2020-09-19,Sports,Yoga Mat,67,2806.87,41.89,0,0,0.96
2020-10-28,Sports,Yoga Mat,37,1569.99,42.43,0,0,0.96
2021-01-19,Sports,Yoga Mat,64,2707.49,42.3,1,0,0.96
2021-03-07,Sports,Yoga Mat,78,3515.77,45.07,1,0,0.96
2021-03-09,Sports,Yoga Mat,34,1588.44,46.72,0,0,0.96
2021-03-25,Sports,Yoga Mat,44,1891.22,42.98,0,0,0.96
2021-05-23,Sports,Yoga Mat,43,1955.11,45.47,0,0,0.96
2021-06-01,Sports,Yoga Mat,49,2241.82,45.75,0,0,0.96
2021-06-17,Sports,Yoga Mat,39,1726.83,44.28,0,0,0.96
2021-06-22,Sports,Yoga Mat,59,2541.2,43.07,0,0,0.96
2021-07-11,Sports,Yoga Mat,46,2213.74,48.12,0,0,0.96
2021-09-10,Sports,Yoga Mat,40,1783.04,44.58,0,0,0.96
2021-09-21,Sports,Yoga Mat,34,1624.04,47.77,0,0,0.96
2021-10-10,Sports,Yoga Mat,54,2594.35,48.04,0,0,0.96
2021-11-22,Sports,Yoga Mat,70,2912.36,41.61,1,1,0.96
2021-12-12,Sports,Yoga Mat,66,2885.48,43.72,0,1,0.96
2022-01-09,Sports,Yoga Mat,50,2243.86,44.88,0,0,0.96
2022-01-31,Sports,Yoga Mat,52,2273.8,43.73,0,0,0.96
2022-03-04,Sports,Yoga Mat,63,2846.76,45.19,1,0,0.96
2022-03-14,Sports,Yoga Mat,29,1333.09,45.97,0,0,0.96
2022-04-11,Sports,Yoga Mat,38,1768.95,46.55,0,0,0.96
2022-06-30,Sports,Yoga Mat,59,2671.61,45.28,1,0,0.96
2022-08-04,Sports,Yoga Mat,51,2211.54,43.36,0,0,0.96
2022-08-07,Sports,Yoga Mat,73,3043.17,41.69,1,0,0.96
2020-05-16,Beauty,Face Serum,170,3531.02,20.77,0,0,1.07
2020-05-25,Beauty,Face Serum,175,3363.05,19.22,0,0,1.07
2020-07-15,Beauty,Face Serum,147,3028.02,20.6,0,0,1.07
2020-09-04,Beauty,Face Serum,199,3873.01,19.46,1,0,1.07
2020-09-15,Beauty,Face Serum,145,2595.59,17.9,0,0,1.07
2020-10-25,Beauty,Face Serum,162,3395.2,20.96,0,0,1.07
2020-10-30,Beauty,Face Serum,127,2588.99,20.39,0,0,1.07
2020-11-13,Beauty,Face Serum,178,3644.38,20.47,0,1,1.07
2020-12-06,Beauty,Face Serum,213,4527.34,21.26,0,1,1.07
2021-05-11,Beauty,Face Serum,156,3162.74,20.27,0,0,1.07
2021-05-19,Beauty,Face Serum,164,3214.06,19.6,0,0,1.07
2021-06-17,Beauty,Face Serum,164,3329.23,20.3,0,0,1.07
2021-06-22,Beauty,Face Serum,158,3194.9,20.22,0,0,1.07
2021-06-28,Beauty,Face Serum,166,3395.48,20.45,0,0,1.07
2021-07-21,Beauty,Face Serum,135,2805.95,20.78,0,0,1.07
2021-09-05,Beauty,Face Serum,251,4978.8,19.84,1,0,1.07
2021-09-22,Beauty,Face Serum,131,2734.51,20.87,0,0,1.07
2021-09-27,Beauty,Face Serum,160,3150.74,19.69,0,0,1.07
2021-10-12,Beauty,Face Serum,159,3317.0,20.86,0,0,1.07
2021-10-14,Beauty,Face Serum,143,2904.63,20.31,0,0,1.07
2021-10-18,Beauty,Face Serum,153,2989.19,19.54,0,0,1.07
2021-11-05,Beauty,Face Serum,309,5867.81,18.99,1,1,1.07
2021-11-17,Beauty,Face Serum,226,4624.71,20.46,0,1,1.07
2021-12-06,Beauty,Face Serum,215,4048.45,18.83,0,1,1.07
2021-12-15,Beauty,Face Serum,218,4116.97,18.89,0,1,1.07
2022-01-02,Beauty,Face Serum,202,3991.84,19.76,0,0,1.07
2022-01-06,Beauty,Face Serum,173,3352.14,19.38,0,0,1.07
2022-02-15,Beauty,Face Serum,168,3442.97,20.49,0,0,1.07
2022-02-27,Beauty,Face Serum,198,4109.56,20.76,0,0,1.07
2022-03-09,Beauty,Face Serum,181,3900.72,21.55,0,0,1.07
2022-04-22,Beauty,Face Serum,156,3370.89,21.61,0,0,1.07
2022-05-04,Beauty,Face Serum,159,3274.74,20.6,0,0,1.07
2022-06-04,Beauty,Face Serum,220,4199.31,19.09,0,0,1.07
2022-06-30,Beauty,Face Serum,202,4146.29,20.53,1,0,1.07
2022-07-07,Beauty,Face Serum,153,3285.46,21.47,0,0,1.07
2022-07-16,Beauty,Face Serum,185,3882.95,20.99,0,0,1.07
2022-07-26,Beauty,Face Serum,190,3890.17,20.47,0,0,1.07
2022-09-02,Beauty,Face Serum,183,3580.34,19.56,0,0,1.07
2020-05-17,Electronics,Smart Speaker,10,1505.69,150.57,0,0,0.93
2020-06-05,Electronics,Smart Speaker,24,3500.95,145.87,1,0,0.93
2020-06-09,Electronics,Smart Speaker,14,2026.29,144.74,1,0,0.93
2020-06-25,Electronics,Smart Speaker,6,803.17,133.86,0,0,0.93
2020-06-26,Electronics,Smart Speaker,15,2457.02,163.8,0,0,0.93
2020-07-14,Electronics,Smart Speaker,18,2600.51,144.47,0,0,0.93
2020-08-22,Electronics,Smart Speaker,6,905.32,150.89,0,0,0.93
2020-08-29,Electronics,Smart Speaker,10,1444.1,144.41,0,0,0.93
2020-09-17,Electronics,Smart Speaker,7,1046.96,149.57,0,0,0.93
2020-09-21,Electronics,Smart Speaker,11,1490.7,135.52,0,0,0.93
2020-10-23,Electronics,Smart Speaker,12,1828.3,152.36,0,0,0.93
2020-11-07,Electronics,Smart Speaker,15,2332.5,155.5,1,1,0.93
2020-12-06,Electronics,Smart Speaker,10,1493.33,149.33,0,1,0.93
2020-12-16,Electronics,Smart Speaker,18,2636.13,146.45,1,1,0.93
2020-12-24,Electronics,Smart Speaker,12,1858.46,154.87,0,1,0.93
2020-12-29,Electronics,Smart Speaker,12,1858.22,154.85,0,1,0.93
2021-01-21,Electronics,Smart Speaker,10,1558.33,155.83,0,0,0.93
2021-05-27,Electronics,Smart Speaker,19,2725.89,143.47,0,0,0.93
2021-06-04,Electronics,Smart Speaker,12,1895.13,157.93,0,0,0.93
2021-07-09,Electronics,Smart Speaker,13,2033.86,156.45,0,0,0.93
2021-07-10,Electronics,Smart Speaker,16,2180.25,136.27,0,0,0.93
2021-08-22,Electronics,Smart Speaker,12,1690.31,140.86,0,0,0.93
2021-09-03,Electronics,Smart Speaker,10,1649.61,164.96,0,0,0.93
2021-09-13,Electronics,Smart Speaker,10,1432.01,143.2,0,0,0.93
2021-09-29,Electronics,Smart Speaker,7,1133.52,161.93,0,0,0.93
2021-10-06,Electronics,Smart Speaker,13,2083.44,160.26,0,0,0.93
2021-11-02,Electronics,Smart Speaker,14,2087.74,149.12,0,1,0.93
2021-11-12,Electronics,Smart Speaker,5,788.41,157.68,0,1,0.93
2021-11-18,Electronics,Smart Speaker,21,3139.71,149.51,1,1,0.93
2021-11-21,Electronics,Smart Speaker,26,4175.06,160.58,1,1,0.93
2021-12-08,Electronics,Smart Speaker,17,2392.03,140.71,0,1,0.93
2021-12-22,Electronics,Smart Speaker,16,2460.57,153.79,0,1,0.93
2021-12-29,Electronics,Smart Speaker,17,2545.99,149.76,0,1,0.93
2022-01-15,Electronics,Smart Speaker,10,1412.56,141.26,0,0,0.93
2022-01-20,Electronics,Smart Speaker,9,1331.96,148.0,0,0,0.93
2022-01-21,Electronics,Smart Speaker,10,1515.65,151.56,0,0,0.93
2022-01-29,Electronics,Smart Speaker,14,2138.71,152.76,0,0,0.93
2022-02-07,Electronics,Smart Speaker,12,1801.52,150.13,0,0,0.93
2022-04-15,Electronics,Smart Speaker,11,1785.25,162.3,0,0,0.93
2022-04-25,Electronics,Smart Speaker,10,1457.5,145.75,0,0,0.93
2022-07-18,Electronics,Smart Speaker,13,2076.89,159.76,0,0,0.93
2022-07-20,Electronics,Smart Speaker,14,2125.43,151.82,0,0,0.93
2022-07-31,Electronics,Smart Speaker,12,1827.04,152.25,0,0,0.93
2020-05-17,Clothing,Running Shoes,55,3164.33,57.53,0,0,1.02
2020-06-13,Clothing,Running Shoes,61,3712.13,60.85,0,0,1.02
2020-07-04,Clothing,Running Shoes,60,3471.0,57.85,0,0,1.02
2020-07-18,Clothing,Running Shoes,78,4844.65,62.11,0,0,1.02
2020-08-06,Clothing,Running Shoes,55,3438.72,62.52,0,0,1.02
2020-09-25,Clothing,Running Shoes,61,3858.41,63.25,0,0,1.02
2020-11-16,Clothing,Running Shoes,116,6353.2,54.77,1,1,1.02
2020-12-14,Clothing,Running Shoes,87,5004.16,57.52,0,1,1.02
2020-12-21,Clothing,Running Shoes,85,5306.46,62.43,0,1,1.02
2021-01-06,Clothing,Running Shoes,54,3180.65,58.9,0,0,1.02
2021-01-07,Clothing,Running Shoes,66,3987.05,60.41,0,0,1.02
2021-01-22,Clothing,Running Shoes,61,3766.51,61.75,0,0,1.02
2021-01-26,Clothing,Running Shoes,63,4048.7,64.27,0,0,1.02
2021-02-27,Clothing,Running Shoes,77,4642.18,60.29,0,0,1.02
2021-03-01,Clothing,Running Shoes,72,4215.95,58.55,0,0,1.02
2021-03-27,Clothing,Running Shoes,84,4965.92,59.12,0,0,1.02
2021-04-12,Clothing,Running Shoes,66,4090.82,61.98,0,0,1.02
2021-04-24,Clothing,Running Shoes,68,4067.54,59.82,0,0,1.02
2021-05-25,Clothing,Running Shoes,58,3625.01,62.5,0,0,1.02
2021-06-21,Clothing,Running Shoes,53,3213.76,60.64,0,0,1.02
2021-06-24,Clothing,Running Shoes,58,3601.62,62.1,0,0,1.02
2021-07-03,Clothing,Running Shoes,75,4407.96,58.77,0,0,1.02
2021-07-09,Clothing,Running Shoes,63,3688.88,58.55,0,0,1.02
2021-07-20,Clothing,Running Shoes,63,3801.46,60.34,0,0,1.02
2021-07-23,Clothing,Running Shoes,63,4050.28,64.29,0,0,1.02
2021-08-19,Clothing,Running Shoes,67,3929.85,58.65,0,0,1.02
2021-08-21,Clothing,Running Shoes,70,4435.23,63.36,0,0,1.02
2021-09-12,Clothing,Running Shoes,76,4515.21,59.41,0,0,1.02
2021-10-04,Clothing,Running Shoes,50,2908.58,58.17,0,0,1.02
2021-11-14,Clothing,Running Shoes,94,5903.6,62.8,0,1,1.02
2021-11-29,Clothing,Running Shoes,77,5141.15,66.77,0,1,1.02
2022-01-03,Clothing,Running Shoes,64,3648.84,57.01,0,0,1.02
2022-03-03,Clothing,Running Shoes,99,5299.23,53.53,1,0,1.02
2022-04-09,Clothing,Running Shoes,59,3510.56,59.5,0,0,1.02
2022-05-12,Clothing,Running Shoes,78,4622.26,59.26,0,0,1.02
2022-06-02,Clothing,Running Shoes,60,3820.94,63.68,0,0,1.02
2022-07-25,Clothing,Running Shoes,71,4311.27,60.72,0,0,1.02
2022-07-29,Clothing,Running Shoes,93,5131.8,55.18,1,0,1.02
2020-05-17,Furniture,Office Chair,6,694.14,115.69,0,0,0.98
2020-06-02,Furniture,Office Chair,12,1445.34,120.45,0,0,0.98
2020-06-28,Furniture,Office Chair,7,888.96,126.99,0,0,0.98
2020-07-23,Furniture,Office Chair,6,696.96,116.16,0,0,0.98
2020-07-30,Furniture,Office Chair,5,594.84,118.97,0,0,0.98
2020-08-07,Furniture,Office Chair,5,586.36,117.27,0,0,0.98
2020-08-25,Furniture,Office Chair,7,881.59,125.94,0,0,0.98
2020-08-29,Furniture,Office Chair,7,823.35,117.62,0,0,0.98
2020-08-31,Furniture,Office Chair,10,1219.25,121.93,1,0,0.98
2020-09-11,Furniture,Office Chair,8,992.65,124.08,0,0,0.98
2020-10-09,Furniture,Office Chair,5,558.74,111.75,0,0,0.98
2020-10-22,Furniture,Office Chair,11,1182.91,107.54,1,0,0.98
2020-11-09,Furniture,Office Chair,8,991.38,123.92,1,1,0.98
2020-11-25,Furniture,Office Chair,11,1437.67,130.7,0,1,0.98
2021-01-01,Furniture,Office Chair,8,998.98,124.87,0,0,0.98
2021-01-30,Furniture,Office Chair,7,752.97,107.57,0,0,0.98
2021-03-02,Furniture,Office Chair,8,909.81,113.73,0,0,0.98
2021-03-03,Furniture,Office Chair,10,1222.65,122.27,0,0,0.98
2021-04-10,Furniture,Office Chair,10,1217.69,121.77,0,0,0.98
2021-05-13,Furniture,Office Chair,9,1032.64,114.74,0,0,0.98
2021-06-21,Furniture,Office Chair,6,688.17,114.7,0,0,0.98
2021-07-18,Furniture,Office Chair,9,1124.5,124.94,0,0,0.98
2021-08-26,Furniture,Office Chair,5,589.77,117.95,1,0,0.98
2021-08-28,Furniture,Office Chair,11,1381.85,125.62,0,0,0.98
2021-08-30,Furniture,Office Chair,21,2360.46,112.4,1,0,0.98
2021-11-23,Furniture,Office Chair,10,1159.67,115.97,1,1,0.98
2021-12-16,Furniture,Office Chair,13,1552.15,119.4,0,1,0.98
2022-01-02,Furniture,Office Chair,7,821.46,117.35,0,0,0.98
2022-02-04,Furniture,Office Chair,5,601.54,120.31,0,0,0.98
2022-03-15,Furniture,Office Chair,10,1227.84,122.78,0,0,0.98
2022-03-19,Furniture,Office Chair,8,981.25,122.66,0,0,0.98
2022-03-24,Furniture,Office Chair,11,1188.08,108.01,0,0,0.98
2022-03-26,Furniture,Office Chair,10,1193.92,119.39,0,0,0.98
2022-06-07,Furniture,Office Chair,11,1319.97,120.0,1,0,0.98
2022-07-09,Furniture,Office Chair,17,2057.29,121.02,1,0,0.98
2022-08-02,Furniture,Office Chair,8,933.07,116.63,0,0,0.98
