data/raw/sales.csv
date,category,product,units_sold,revenue,product_price,promo_flag,is_holiday_season,category_popularity_30d
2020-05-17,Toys,Building Blocks,46,1555.07,33.81,0,0,1.0
2020-05-22,Toys,Building Blocks,44,1414.68,32.15,0,0,1.0
2020-06-26,Toys,Building Blocks,46,1653.98,35.96,0,0,1.0
2020-07-06,Toys,Building Blocks,75,2536.31,33.82,0,0,1.0
2020-08-09,Toys,Building Blocks,66,2097.47,31.78,0,0,1.0
2020-08-22,Toys,Building Blocks,55,2009.09,36.53,0,0,1.0
2020-08-27,Toys,Building Blocks,69,2207.66,32.0,1,0,1.0
2020-09-13,Toys,Building Blocks,70,2319.63,33.14,1,0,1.0
2020-09-17,Toys,Building Blocks,54,1693.96,31.37,0,0,1.0
2020-10-06,Toys,Building Blocks,53,1739.55,32.82,0,0,1.0
2020-11-04,Toys,Building Blocks,53,1716.29,32.38,0,1,1.0
2020-11-07,Toys,Building Blocks,94,3112.35,33.11,1,1,1.0
2020-12-01,Toys,Building Blocks,60,2057.56,34.29,0,1,1.0
2020-12-23,Toys,Building Blocks,66,2426.34,36.76,0,1,1.0
2021-02-11,Toys,Building Blocks,67,2293.91,34.24,0,0,1.0
2021-02-15,Toys,Building Blocks,59,2188.73,37.1,0,0,1.0
2021-02-28,Toys,Building Blocks,60,2066.85,34.45,0,0,1.0
2021-04-05,Toys,Building Blocks,62,2077.95,33.52,0,0,1.0
2021-04-14,Toys,Building Blocks,75,2723.71,36.32,1,0,1.0
2021-05-01,Toys,Building Blocks,53,1844.44,34.8,0,0,1.0
2021-05-15,Toys,Building Blocks,59,2308.87,39.13,1,0,1.0
2021-05-21,Toys,Building Blocks,70,2463.8,35.2,1,0,1.0
2021-08-15,Toys,Building Blocks,51,1759.88,34.51,0,0,1.0
2021-09-03,Toys,Building Blocks,53,1871.44,35.31,0,0,1.0
2021-09-24,Toys,Building Blocks,63,2290.06,36.35,0,0,1.0
2021-12-13,Toys,Building Blocks,74,2577.44,34.83,0,1,1.0
2022-01-17,Toys,Building Blocks,48,1677.89,34.96,0,0,1.0
2022-02-20,Toys,Building Blocks,55,1975.67,35.92,0,0,1.0
2022-03-23,Toys,Building Blocks,67,2268.52,33.86,1,0,1.0
2022-03-24,Toys,Building Blocks,47,1754.01,37.32,0,0,1.0
2022-04-23,Toys,Building Blocks,66,2180.76,33.04,0,0,1.0
2022-05-07,Toys,Building Blocks,72,2471.13,34.32,0,0,1.0
2022-05-13,Toys,Building Blocks,57,1844.44,32.36,0,0,1.0
2022-06-14,Toys,Building Blocks,57,2151.74,37.75,0,0,1.0
2022-06-16,Toys,Building Blocks,82,3001.53,36.6,1,0,1.0
2022-06-18,Toys,Building Blocks,50,1959.48,39.19,0,0,1.0
2022-07-03,Toys,Building Blocks,79,3008.86,38.09,1,0,1.0
2020-05-17,Sports,Yoga Mat,39,1866.54,47.86,0,0,1.08
2020-05-23,Sports,Yoga Mat,45,2000.78,44.46,0,0,1.08
2020-06-16,Sports,Yoga Mat,38,1472.86,38.76,0,0,1.08
2020-08-10,Sports,Yoga Mat,32,1577.04,49.28,0,0,1.08
2020-10-16,Sports,Yoga Mat,39,1666.91,42.74,0,0,1.08
2020-11-11,Sports,Yoga Mat,53,2157.35,40.7,0,1,1.08
2020-11-28,Sports,Yoga Mat,65,3323.08,51.12,0,1,1.08
2021-01-29,Sports,Yoga Mat,47,1853.54,39.44,1,0,1.08
2021-02-12,Sports,Yoga Mat,51,2229.96,43.72,0,0,1.08
2021-03-29,Sports,Yoga Mat,54,2549.63,47.22,0,0,1.08
2021-04-19,Sports,Yoga Mat,43,1827.81,42.51,0,0,1.08
2021-07-20,Sports,Yoga Mat,54,2242.0,41.52,0,0,1.08
2021-08-20,Sports,Yoga Mat,35,1659.1,47.4,0,0,1.08
2021-08-28,Sports,Yoga Mat,55,2416.24,43.93,0,0,1.08
2021-09-14,Sports,Yoga Mat,51,2159.46,42.34,0,0,1.08
2021-10-04,Sports,Yoga Mat,44,2066.94,46.98,0,0,1.08
2021-11-05,Sports,Yoga Mat,58,2554.63,44.05,1,1,1.08
2021-12-26,Sports,Yoga Mat,72,3085.79,42.86,0,1,1.08
2021-12-27,Sports,Yoga Mat,53,2546.66,48.05,0,1,1.08
2022-01-06,Sports,Yoga Mat,47,2086.28,44.39,0,0,1.08
2022-01-25,Sports,Yoga Mat,48,1960.7,40.85,0,0,1.08
2022-02-05,Sports,Yoga Mat,42,1992.34,47.44,0,0,1.08
2022-02-08,Sports,Yoga Mat,53,2273.67,42.9,0,0,1.08
2022-02-24,Sports,Yoga Mat,46,2013.04,43.76,0,0,1.08
2022-03-24,Sports,Yoga Mat,48,2041.53,42.53,0,0,1.08
2022-07-28,Sports,Yoga Mat,44,1945.49,44.22,0,0,1.08
2020-05-18,Electronics,Smart Speaker,6,910.08,151.68,1,0,1.0
2020-06-03,Electronics,Smart Speaker,4,591.69,147.92,0,0,1.0
2020-06-13,Electronics,Smart Speaker,10,1410.52,141.05,0,0,1.0
2020-08-10,Electronics,Smart Speaker,11,1646.85,149.71,0,0,1.0
2020-08-11,Electronics,Smart Speaker,8,1322.99,165.37,1,0,1.0
2020-08-27,Electronics,Smart Speaker,10,1475.97,147.6,1,0,1.0
2020-09-01,Electronics,Smart Speaker,20,2887.94,144.4,0,0,1.0
2020-09-06,Electronics,Smart Speaker,11,1661.79,151.07,0,0,1.0
2020-09-27,Electronics,Smart Speaker,16,2501.08,156.32,0,0,1.0
2020-10-13,Electronics,Smart Speaker,7,1008.15,144.02,0,0,1.0
2020-10-22,Electronics,Smart Speaker,12,1812.51,151.04,1,0,1.0
2020-11-06,Electronics,Smart Speaker,12,1816.83,151.4,0,1,1.0
2020-11-09,Electronics,Smart Speaker,19,2781.64,146.4,1,1,1.0
2020-11-12,Electronics,Smart Speaker,14,2071.61,147.97,0,1,1.0
2020-11-14,Electronics,Smart Speaker,13,1903.41,146.42,0,1,1.0
2020-12-27,Electronics,Smart Speaker,22,2911.51,132.34,1,1,1.0
2021-01-22,Electronics,Smart Speaker,9,1442.98,160.33,0,0,1.0
2021-03-11,Electronics,Smart Speaker,6,888.25,148.04,0,0,1.0
2021-03-16,Electronics,Smart Speaker,10,1479.18,147.92,0,0,1.0
2021-03-28,Electronics,Smart Speaker,8,1180.72,147.59,0,0,1.0
2021-04-10,Electronics,Smart Speaker,13,1901.62,146.28,0,0,1.0
2021-06-08,Electronics,Smart Speaker,18,2858.34,158.8,0,0,1.0
2021-06-20,Electronics,Smart Speaker,13,1902.67,146.36,0,0,1.0
2021-07-21,Electronics,Smart Speaker,12,1874.12,156.18,0,0,1.0
2021-08-18,Electronics,Smart Speaker,11,1627.33,147.94,0,0,1.0
2021-09-18,Electronics,Smart Speaker,8,1231.25,153.91,0,0,1.0
2021-10-04,Electronics,Smart Speaker,6,927.47,154.58,0,0,1.0
2021-10-05,Electronics,Smart Speaker,7,1077.25,153.89,1,0,1.0
2021-10-16,Electronics,Smart Speaker,9,1310.06,145.56,0,0,1.0
2021-12-30,Electronics,Smart Speaker,12,1870.88,155.91,0,1,1.0
2022-01-07,Electronics,Smart Speaker,17,2513.91,147.88,1,0,1.0
2022-01-19,Electronics,Smart Speaker,1,168.9,168.9,0,0,1.0
2022-03-23,Electronics,Smart Speaker,14,2232.26,159.45,1,0,1.0
2022-03-24,Electronics,Smart Speaker,11,1732.06,157.46,0,0,1.0
2022-04-08,Electronics,Smart Speaker,10,1536.08,153.61,0,0,1.0
2022-05-04,Electronics,Smart Speaker,11,1718.67,156.24,0,0,1.0
2022-06-19,Electronics,Smart Speaker,14,2174.88,155.35,0,0,1.0
2022-06-29,Electronics,Smart Speaker,8,1350.26,168.78,0,0,1.0
2022-07-12,Electronics,Smart Speaker,13,1984.84,152.68,0,0,1.0
2022-08-26,Electronics,Smart Speaker,12,1850.26,154.19,0,0,1.0
2020-05-18,Groceries,Organic Cereal,382,1912.34,5.01,1,0,1.05
2020-05-28,Groceries,Organic Cereal,345,1638.43,4.75,0,0,1.05
2020-06-29,Groceries,Organic Cereal,376,1948.16,5.18,1,0,1.05
2020-09-03,Groceries,Organic Cereal,270,1449.01,5.37,0,0,1.05
2020-09-15,Groceries,Organic Cereal,279,1391.41,4.99,0,0,1.05
2020-10-02,Groceries,Organic Cereal,274,1385.37,5.06,0,0,1.05
2020-10-13,Groceries,Organic Cereal,320,1520.14,4.75,0,0,1.05
2020-11-22,Groceries,Organic Cereal,387,2251.99,5.82,0,1,1.05
2020-12-05,Groceries,Organic Cereal,573,2916.6,5.09,1,1,1.05
2021-01-20,Groceries,Organic Cereal,331,1728.07,5.22,0,0,1.05
2021-02-11,Groceries,Organic Cereal,295,1439.71,4.88,0,0,1.05
2021-05-30,Groceries,Organic Cereal,445,2273.73,5.11,1,0,1.05
2021-06-05,Groceries,Organic Cereal,332,1798.03,5.42,0,0,1.05
2021-08-14,Groceries,Organic Cereal,382,1799.81,4.71,0,0,1.05
2021-08-17,Groceries,Organic Cereal,321,1608.87,5.01,0,0,1.05
2021-09-01,Groceries,Organic Cereal,340,1715.34,5.05,0,0,1.05
2021-09-09,Groceries,Organic Cereal,351,1726.96,4.92,0,0,1.05
2021-12-20,Groceries,Organic Cereal,383,2047.37,5.35,0,1,1.05
2021-12-25,Groceries,Organic Cereal,439,2330.06,5.31,0,1,1.05
2021-12-28,Groceries,Organic Cereal,402,2089.85,5.2,0,1,1.05
2022-01-23,Groceries,Organic Cereal,395,1931.12,4.89,0,0,1.05
2022-04-12,Groceries,Organic Cereal,331,1675.56,5.06,0,0,1.05
2022-04-21,Groceries,Organic Cereal,449,2227.16,4.96,1,0,1.05
2022-05-26,Groceries,Organic Cereal,370,1890.31,5.11,0,0,1.05
2022-07-29,Groceries,Organic Cereal,458,2185.65,4.77,1,0,1.05
2020-05-18,Clothing,Running Shoes,70,4652.17,66.46,1,0,0.92
2020-06-24,Clothing,Running Shoes,69,4075.99,59.07,0,0,0.92
2020-08-10,Clothing,Running Shoes,54,3147.3,58.28,0,0,0.92
2020-08-15,Clothing,Running Shoes,63,3578.94,56.81,0,0,0.92
2020-12-09,Clothing,Running Shoes,63,3825.01,60.71,0,1,0.92
2021-01-11,Clothing,Running Shoes,71,4381.61,61.71,0,0,0.92
2021-01-29,Clothing,Running Shoes,77,4771.08,61.96,1,0,0.92
2021-03-12,Clothing,Running Shoes,61,3805.7,62.39,1,0,0.92
2021-03-25,Clothing,Running Shoes,61,3906.95,64.05,0,0,0.92
2021-04-27,Clothing,Running Shoes,56,3354.49,59.9,0,0,0.92
2021-06-06,Clothing,Running Shoes,63,3977.82,63.14,0,0,0.92
2021-06-11,Clothing,Running Shoes,83,4936.36,59.47,1,0,0.92
2021-07-06,Clothing,Running Shoes,60,3617.79,60.3,0,0,0.92
2021-08-06,Clothing,Running Shoes,62,3775.98,60.9,0,0,0.92
2021-09-06,Clothing,Running Shoes,55,3165.36,57.55,0,0,0.92
2021-10-05,Clothing,Running Shoes,68,4257.42,62.61,1,0,0.92
2021-12-18,Clothing,Running Shoes,86,5179.0,60.22,0,1,0.92
2022-01-21,Clothing,Running Shoes,70,4233.83,60.48,0,0,0.92
2022-03-07,Clothing,Running Shoes,68,3909.24,57.49,0,0,0.92
2022-05-27,Clothing,Running Shoes,57,3299.01,57.88,0,0,0.92
2022-06-16,Clothing,Running Shoes,102,6153.66,60.33,1,0,0.92
2022-06-19,Clothing,Running Shoes,60,3758.31,62.64,0,0,0.92
2020-05-18,Books,Business Book,84,2329.93,27.74,1,0,0.92
2020-05-22,Books,Business Book,67,1679.06,25.06,0,0,0.92
2020-05-26,Books,Business Book,90,2091.65,23.24,0,0,0.92
2020-06-19,Books,Business Book,76,2010.38,26.45,0,0,0.92
2020-07-16,Books,Business Book,76,1796.48,23.64,0,0,0.92
2020-07-31,Books,Business Book,90,2043.44,22.7,0,0,0.92
2020-08-20,Books,Business Book,98,2513.12,25.64,1,0,0.92
2020-09-16,Books,Business Book,109,2591.32,23.77,1,0,0.92
2020-11-30,Books,Business Book,110,2823.26,25.67,0,1,0.92
2020-12-16,Books,Business Book,133,3299.39,24.81,1,1,0.92
2020-12-29,Books,Business Book,98,2648.09,27.02,0,1,0.92
2021-01-04,Books,Business Book,77,2104.9,27.34,0,0,0.92
2021-02-28,Books,Business Book,91,2167.73,23.82,0,0,0.92
2021-03-01,Books,Business Book,94,2251.56,23.95,0,0,0.92
2021-06-15,Books,Business Book,110,2428.81,22.08,0,0,0.92
2021-07-22,Books,Business Book,79,1909.78,24.17,0,0,0.92
2021-07-30,Books,Business Book,100,2398.78,23.99,0,0,0.92
2021-08-08,Books,Business Book,93,2277.91,24.49,0,0,0.92
2021-09-03,Books,Business Book,88,2186.51,24.85,0,0,0.92
2021-09-12,Books,Business Book,80,1969.74,24.62,0,0,0.92
2021-09-28,Books,Business Book,65,1590.22,24.46,0,0,0.92
2021-10-29,Books,Business Book,70,1644.89,23.5,0,0,0.92
2021-11-17,Books,Business Book,111,2741.16,24.7,0,1,0.92
2022-03-03,Books,Business Book,123,3064.1,24.91,1,0,0.92
2022-04-08,Books,Business Book,84,2187.98,26.05,0,0,0.92
2022-04-09,Books,Business Book,98,2556.35,26.09,0,0,0.92
2022-04-13,Books,Business Book,97,2462.27,25.38,0,0,0.92
2022-04-23,Books,Business Book,101,2431.2,24.07,0,0,0.92
2022-04-27,Books,Business Book,87,2408.09,27.68,0,0,0.92
2022-05-05,Books,Business Book,122,3091.99,25.34,1,0,0.92
2022-08-03,Books,Business Book,92,2349.54,25.54,0,0,0.92
2020-05-18,Furniture,Office Chair,12,1287.08,107.26,1,0,0.95
2020-07-09,Furniture,Office Chair,7,827.64,118.23,0,0,0.95
2020-07-26,Furniture,Office Chair,6,761.53,126.92,0,0,0.95
2020-07-28,Furniture,Office Chair,7,867.5,123.93,1,0,0.95
2020-08-21,Furniture,Office Chair,6,718.93,119.82,0,0,0.95
2020-09-22,Furniture,Office Chair,7,852.22,121.75,0,0,0.95
2020-09-23,Furniture,Office Chair,9,997.54,110.84,1,0,0.95
2020-10-27,Furniture,Office Chair,6,700.96,116.83,0,0,0.95
2021-01-11,Furniture,Office Chair,6,665.17,110.86,0,0,0.95
2021-01-18,Furniture,Office Chair,1,116.61,116.61,0,0,0.95
2021-02-04,Furniture,Office Chair,4,504.03,126.01,0,0,0.95
2021-03-07,Furniture,Office Chair,22,2708.91,123.13,1,0,0.95
2021-03-30,Furniture,Office Chair,7,852.32,121.76,0,0,0.95
2021-04-07,Furniture,Office Chair,12,1426.89,118.91,0,0,0.95
2021-04-23,Furniture,Office Chair,10,1231.71,123.17,0,0,0.95
2021-04-27,Furniture,Office Chair,7,888.96,126.99,0,0,0.95
2021-05-30,Furniture,Office Chair,16,1765.78,110.36,1,0,0.95
2021-07-08,Furniture,Office Chair,12,1522.23,126.85,0,0,0.95
2021-10-04,Furniture,Office Chair,6,675.85,112.64,0,0,0.95
2021-10-19,Furniture,Office Chair,8,1037.13,129.64,0,0,0.95
2021-12-05,Furniture,Office Chair,16,1991.23,124.45,0,1,0.95
2022-01-06,Furniture,Office Chair,11,1340.03,121.82,0,0,0.95
2022-01-18,Furniture,Office Chair,10,980.69,98.07,0,0,0.95
2022-02-12,Furniture,Office Chair,8,923.45,115.43,0,0,0.95
2022-05-17,Furniture,Office Chair,9,1071.42,119.05,1,0,0.95
2020-05-18,Sports,Yoga Mat,64,2750.63,42.98,1,0,1.05
2020-06-17,Sports,Yoga Mat,43,1876.74,43.65,0,0,1.05
2020-06-19,Sports,Yoga Mat,36,1704.11,47.34,0,0,1.05
2020-06-27,Sports,Yoga Mat,44,2005.12,45.57,0,0,1.05
2020-07-31,Sports,Yoga Mat,35,1645.91,47.03,0,0,1.05
2020-08-27,Sports,Yoga Mat,59,2664.54,45.16,1,0,1.05
2020-09-14,Sports,Yoga Mat,32,1406.9,43.97,0,0,1.05
2020-09-22,Sports,Yoga Mat,35,1717.35,49.07,0,0,1.05
2020-10-29,Sports,Yoga Mat,48,1990.64,41.47,1,0,1.05
2020-11-14,Sports,Yoga Mat,55,2513.33,45.7,0,1,1.05
2020-12-01,Sports,Yoga Mat,58,2963.7,51.1,0,1,1.05
2021-01-13,Sports,Yoga Mat,46,2195.56,47.73,0,0,1.05
2021-03-22,Sports,Yoga Mat,55,2257.28,41.04,0,0,1.05
2021-04-05,Sports,Yoga Mat,48,2018.55,42.05,0,0,1.05
2021-04-16,Sports,Yoga Mat,56,2529.5,45.17,0,0,1.05
2021-05-04,Sports,Yoga Mat,51,2350.02,46.08,1,0,1.05
2021-06-16,Sports,Yoga Mat,43,2014.84,46.86,0,0,1.05
2021-07-01,Sports,Yoga Mat,44,1881.27,42.76,0,0,1.05
2021-08-17,Sports,Yoga Mat,44,1968.23,44.73,0,0,1.05
2021-09-05,Sports,Yoga Mat,70,3205.47,45.79,1,0,1.05
2021-09-20,Sports,Yoga Mat,47,2194.73,46.7,0,0,1.05
2021-09-25,Sports,Yoga Mat,50,2244.2,44.88,0,0,1.05
2021-10-06,Sports,Yoga Mat,42,2022.0,48.14,0,0,1.05
2021-10-11,Sports,Yoga Mat,36,1681.79,46.72,0,0,1.05
2022-02-18,Sports,Yoga Mat,51,2105.19,41.28,0,0,1.05
2022-02-20,Sports,Yoga Mat,47,2208.38,46.99,0,0,1.05
2022-03-31,Sports,Yoga Mat,39,1757.09,45.05,0,0,1.05
2022-04-21,Sports,Yoga Mat,61,2739.72,44.91,1,0,1.05
2022-06-01,Sports,Yoga Mat,54,2459.01,45.54,0,0,1.05
2022-08-08,Sports,Yoga Mat,59,2664.59,45.16,1,0,1.05
2022-08-09,Sports,Yoga Mat,38,1736.34,45.69,0,0,1.05
2022-08-11,Sports,Yoga Mat,51,2283.15,44.77,0,0,1.05
2020-05-19,Electronics,Smart Speaker,6,896.69,149.45,0,0,0.97
2020-05-27,Electronics,Smart Speaker,3,463.34,154.45,0,0,0.97
2020-06-11,Electronics,Smart Speaker,8,1211.52,151.44,0,0,0.97
2020-07-23,Electronics,Smart Speaker,6,830.11,138.35,0,0,0.97
2020-07-27,Electronics,Smart Speaker,11,1555.35,141.4,0,0,0.97
2020-07-29,Electronics,Smart Speaker,7,989.01,141.29,0,0,0.97
2020-08-17,Electronics,Smart Speaker,16,2354.35,147.15,0,0,0.97
2020-09-11,Electronics,Smart Speaker,7,1133.08,161.87,0,0,0.97
2020-09-14,Electronics,Smart Speaker,12,1726.93,143.91,0,0,0.97
2020-10-07,Electronics,Smart Speaker,9,1357.24,150.8,0,0,0.97
2020-10-21,Electronics,Smart Speaker,10,1608.66,160.87,0,0,0.97
2020-12-05,Electronics,Smart Speaker,18,2612.16,145.12,1,1,0.97
2020-12-19,Electronics,Smart Speaker,15,2177.87,145.19,0,1,0.97
2020-12-25,Electronics,Smart Speaker,11,1806.35,164.21,0,1,0.97
2021-02-17,Electronics,Smart Speaker,9,1319.95,146.66,0,0,0.97
2021-03-06,Electronics,Smart Speaker,12,1827.78,152.32,1,0,0.97
2021-08-11,Electronics,Smart Speaker,13,1732.56,133.27,1,0,0.97
2021-08-26,Electronics,Smart Speaker,13,1744.28,134.18,1,0,0.97
2021-09-15,Electronics,Smart Speaker,5,717.39,143.48,0,0,0.97
2021-10-30,Electronics,Smart Speaker,15,2016.17,134.41,0,0,0.97
2021-11-04,Electronics,Smart Speaker,16,2417.87,151.12,0,1,0.97
2021-11-07,Electronics,Smart Speaker,7,1104.29,157.76,0,1,0.97
2021-11-27,Electronics,Smart Speaker,18,2629.07,146.06,0,1,0.97
2021-12-14,Electronics,Smart Speaker,23,3376.85,146.82,1,1,0.97
2022-01-04,Electronics,Smart Speaker,10,1456.55,145.65,0,0,0.97
2022-01-12,Electronics,Smart Speaker,7,1035.08,147.87,0,0,0.97
2022-01-24,Electronics,Smart Speaker,9,1311.35,145.71,0,0,0.97
2022-01-28,Electronics,Smart Speaker,17,2472.57,145.45,0,0,0.97
2022-02-05,Electronics,Smart Speaker,13,1942.4,149.42,0,0,0.97
2022-02-08,Electronics,Smart Speaker,12,1796.26,149.69,0,0,0.97
2022-02-12,Electronics,Smart Speaker,6,951.85,158.64,0,0,0.97
2022-04-06,Electronics,Smart Speaker,17,2370.84,139.46,0,0,0.97
2022-05-22,Electronics,Smart Speaker,8,1112.51,139.06,0,0,0.97
