data/raw/sales.csv
date,category,product,units_sold,revenue,product_price,promo_flag,is_holiday_season,category_popularity_30d
2020-05-19,Groceries,Organic Cereal,315,1601.85,5.09,0,0,0.99
2020-06-12,Groceries,Organic Cereal,296,1429.04,4.83,0,0,0.99
2020-06-30,Groceries,Organic Cereal,330,1522.88,4.61,0,0,0.99
2020-10-06,Groceries,Organic Cereal,305,1535.36,5.03,0,0,0.99
2020-10-21,Groceries,Organic Cereal,262,1367.7,5.22,0,0,0.99
2020-10-30,Groceries,Organic Cereal,295,1477.54,5.01,0,0,0.99
2020-11-20,Groceries,Organic Cereal,391,2017.1,5.16,0,1,0.99
2020-12-12,Groceries,Organic Cereal,405,2168.84,5.36,0,1,0.99
2021-01-05,Groceries,Organic Cereal,345,1754.22,5.08,0,0,0.99
2021-01-12,Groceries,Organic Cereal,349,1697.76,4.86,0,0,0.99
2021-02-24,Groceries,Organic Cereal,335,1725.96,5.15,0,0,0.99
2021-03-11,Groceries,Organic Cereal,357,1802.19,5.05,0,0,0.99
2021-03-16,Groceries,Organic Cereal,352,1716.92,4.88,0,0,0.99
2021-04-17,Groceries,Organic Cereal,446,2177.2,4.88,1,0,0.99
2021-05-08,Groceries,Organic Cereal,319,1623.58,5.09,0,0,0.99
2021-06-06,Groceries,Organic Cereal,307,1632.25,5.32,0,0,0.99
2021-06-07,Groceries,Organic Cereal,318,1601.25,5.04,0,0,0.99
2021-06-14,Groceries,Organic Cereal,442,2028.16,4.59,1,0,0.99
2021-08-15,Groceries,Organic Cereal,387,1910.74,4.94,0,0,0.99
2021-08-18,Groceries,Organic Cereal,363,1813.34,5.0,0,0,0.99
2021-08-26,Groceries,Organic Cereal,401,2083.33,5.2,1,0,0.99
2021-09-04,Groceries,Organic Cereal,341,1705.05,5.0,0,0,0.99
2021-09-05,Groceries,Organic Cereal,459,2318.09,5.05,1,0,0.99
2021-12-03,Groceries,Organic Cereal,422,2192.34,5.2,0,1,0.99
2021-12-07,Groceries,Organic Cereal,472,2185.46,4.63,0,1,0.99
2022-01-09,Groceries,Organic Cereal,389,1966.75,5.06,0,0,0.99
2022-02-26,Groceries,Organic Cereal,369,1871.92,5.07,0,0,0.99
2022-03-22,Groceries,Organic Cereal,346,1746.76,5.05,0,0,0.99
2022-04-07,Groceries,Organic Cereal,359,1776.67,4.95,0,0,0.99
2022-04-27,Groceries,Organic Cereal,329,1687.73,5.13,0,0,0.99
2022-08-02,Groceries,Organic Cereal,338,1708.27,5.05,0,0,0.99
2022-08-04,Groceries,Organic Cereal,386,1822.16,4.72,0,0,0.99
2022-08-15,Groceries,Organic Cereal,331,1773.33,5.36,0,0,0.99
2020-05-19,Clothing,Running Shoes,63,3316.52,52.64,0,0,0.91
2020-05-24,Clothing,Running Shoes,60,3749.46,62.49,0,0,0.91
2020-08-29,Clothing,Running Shoes,70,3961.19,56.59,0,0,0.91
2020-10-17,Clothing,Running Shoes,47,2711.0,57.68,0,0,0.91
2020-11-12,Clothing,Running Shoes,71,4310.32,60.71,0,1,0.91
2020-12-05,Clothing,Running Shoes,107,6098.8,57.0,1,1,0.91
2021-03-06,Clothing,Running Shoes,82,4876.12,59.46,1,0,0.91
2021-05-12,Clothing,Running Shoes,64,3756.44,58.69,0,0,0.91
2021-06-29,Clothing,Running Shoes,64,4031.76,63.0,0,0,0.91
2021-06-30,Clothing,Running Shoes,76,4091.52,53.84,0,0,0.91
2021-08-10,Clothing,Running Shoes,74,4454.22,60.19,0,0,0.91
2021-09-04,Clothing,Running Shoes,64,3924.91,61.33,0,0,0.91
2021-10-13,Clothing,Running Shoes,67,4004.96,59.78,0,0,0.91
2021-10-19,Clothing,Running Shoes,67,4103.24,61.24,0,0,0.91
2021-11-07,Clothing,Running Shoes,97,5873.6,60.55,0,1,0.91
2022-01-12,Clothing,Running Shoes,56,3277.23,58.52,0,0,0.91
2022-01-27,Clothing,Running Shoes,56,3202.67,57.19,0,0,0.91
2022-02-15,Clothing,Running Shoes,71,4100.42,57.75,0,0,0.91
2022-02-28,Clothing,Running Shoes,67,3746.12,55.91,0,0,0.91
2022-04-19,Clothing,Running Shoes,71,4283.77,60.33,0,0,0.91
2022-05-19,Clothing,Running Shoes,82,4958.58,60.47,0,0,0.91
2022-05-24,Clothing,Running Shoes,72,4001.44,55.58,0,0,0.91
2022-06-03,Clothing,Running Shoes,74,4510.76,60.96,0,0,0.91
2022-06-12,Clothing,Running Shoes,73,4317.28,59.14,0,0,0.91
2020-05-19,Books,Business Book,80,2025.94,25.32,0,0,1.03
2020-07-21,Books,Business Book,72,1755.76,24.39,0,0,1.03
2020-11-03,Books,Business Book,97,2530.75,26.09,0,1,1.03
2020-11-07,Books,Business Book,114,2951.82,25.89,1,1,1.03
2021-01-03,Books,Business Book,114,2870.56,25.18,0,0,1.03
2021-01-05,Books,Business Book,89,2284.0,25.66,0,0,1.03
2021-01-12,Books,Business Book,86,2179.31,25.34,0,0,1.03
2021-04-08,Books,Business Book,106,2546.25,24.02,1,0,1.03
2021-04-21,Books,Business Book,60,1636.27,27.27,0,0,1.03
2021-05-15,Books,Business Book,112,2725.28,24.33,1,0,1.03
2021-06-10,Books,Business Book,87,2068.05,23.77,0,0,1.03
2021-08-05,Books,Business Book,91,2426.74,26.67,1,0,1.03
2021-08-12,Books,Business Book,102,2621.94,25.71,0,0,1.03
2021-08-16,Books,Business Book,80,2010.16,25.13,0,0,1.03
2021-08-21,Books,Business Book,118,2771.62,23.49,0,0,1.03
2021-08-26,Books,Business Book,109,2616.61,24.01,1,0,1.03
2021-09-30,Books,Business Book,81,1918.7,23.69,0,0,1.03
2021-10-02,Books,Business Book,93,2351.91,25.29,0,0,1.03
2021-10-10,Books,Business Book,82,2143.49,26.14,0,0,1.03
2021-10-12,Books,Business Book,83,1999.69,24.09,0,0,1.03
2021-10-15,Books,Business Book,77,1938.53,25.18,0,0,1.03
2021-11-13,Books,Business Book,116,3025.62,26.08,0,1,1.03
2022-02-05,Books,Business Book,88,2431.19,27.63,0,0,1.03
2022-02-06,Books,Business Book,120,2865.89,23.88,0,0,1.03
2022-02-07,Books,Business Book,82,2119.47,25.85,0,0,1.03
2022-02-13,Books,Business Book,141,3494.05,24.78,1,0,1.03
2022-02-28,Books,Business Book,91,2355.82,25.89,0,0,1.03
2022-03-11,Books,Business Book,92,2323.58,25.26,0,0,1.03
2022-03-31,Books,Business Book,91,2064.67,22.69,0,0,1.03
2022-04-03,Books,Business Book,113,2875.14,25.44,0,0,1.03
2022-06-16,Books,Business Book,115,3036.48,26.4,1,0,1.03
2022-07-14,Books,Business Book,75,1842.34,24.56,0,0,1.03
2022-07-30,Books,Business Book,121,2904.79,24.01,1,0,1.03
2022-07-31,Books,Business Book,103,2643.08,25.66,0,0,1.03
2022-08-26,Books,Business Book,91,2124.14,23.34,0,0,1.03
2022-08-29,Books,Business Book,126,2886.54,22.91,1,0,1.03
2020-05-19,Furniture,Office Chair,7,826.85,118.12,0,0,0.84
2020-06-08,Furniture,Office Chair,6,753.06,125.51,0,0,0.84
2020-06-17,Furniture,Office Chair,7,820.43,117.2,0,0,0.84
2020-12-01,Furniture,Office Chair,11,1235.15,112.29,0,1,0.84
2021-02-07,Furniture,Office Chair,9,1095.02,121.67,0,0,0.84
2021-05-15,Furniture,Office Chair,16,1799.99,112.5,1,0,0.84
2021-08-06,Furniture,Office Chair,7,804.89,114.98,0,0,0.84
2021-09-05,Furniture,Office Chair,18,2109.75,117.21,1,0,0.84
2022-01-07,Furniture,Office Chair,9,1071.61,119.07,1,0,0.84
2022-02-27,Furniture,Office Chair,14,1870.81,133.63,0,0,0.84
2022-05-23,Furniture,Office Chair,8,996.92,124.62,0,0,0.84
2020-05-19,Sports,Yoga Mat,41,1860.68,45.38,0,0,1.12
2020-09-05,Sports,Yoga Mat,49,2184.24,44.58,0,0,1.12
2020-09-08,Sports,Yoga Mat,38,1914.21,50.37,0,0,1.12
2020-09-27,Sports,Yoga Mat,56,2327.03,41.55,0,0,1.12
2020-10-09,Sports,Yoga Mat,47,1971.18,41.94,0,0,1.12
2020-10-27,Sports,Yoga Mat,32,1438.83,44.96,0,0,1.12
2020-11-12,Sports,Yoga Mat,46,2105.49,45.77,0,1,1.12
2020-11-13,Sports,Yoga Mat,57,2543.05,44.61,0,1,1.12
2021-01-10,Sports,Yoga Mat,38,1727.0,45.45,0,0,1.12
2021-05-09,Sports,Yoga Mat,51,2149.66,42.15,0,0,1.12
2021-09-11,Sports,Yoga Mat,40,1841.19,46.03,0,0,1.12
2021-11-15,Sports,Yoga Mat,59,2635.17,44.66,1,1,1.12
2021-12-21,Sports,Yoga Mat,51,2189.66,42.93,0,1,1.12
2021-12-25,Sports,Yoga Mat,60,2640.51,44.01,0,1,1.12
2022-04-22,Sports,Yoga Mat,42,2071.66,49.33,0,0,1.12
2022-05-17,Sports,Yoga Mat,53,2393.53,45.16,1,0,1.12
2020-05-19,Beauty,Face Serum,162,3074.7,18.98,0,0,0.97
2020-05-28,Beauty,Face Serum,148,2986.62,20.18,0,0,0.97
2020-06-05,Beauty,Face Serum,197,3871.32,19.65,1,0,0.97
2020-07-01,Beauty,Face Serum,155,3291.44,21.24,0,0,0.97
2020-08-01,Beauty,Face Serum,183,3464.62,18.93,0,0,0.97
2020-10-13,Beauty,Face Serum,155,3082.83,19.89,0,0,0.97
2020-11-07,Beauty,Face Serum,267,5273.19,19.75,1,1,0.97
2020-12-02,Beauty,Face Serum,179,3778.01,21.11,0,1,0.97
2021-01-04,Beauty,Face Serum,184,3442.03,18.71,0,0,0.97
2021-01-23,Beauty,Face Serum,208,4040.48,19.43,1,0,0.97
2021-02-10,Beauty,Face Serum,138,2807.05,20.34,0,0,0.97
2021-03-12,Beauty,Face Serum,198,4251.63,21.47,1,0,0.97
2021-03-21,Beauty,Face Serum,166,3567.99,21.49,0,0,0.97
2021-04-12,Beauty,Face Serum,138,2702.27,19.58,0,0,0.97
2021-05-05,Beauty,Face Serum,185,3851.48,20.82,1,0,0.97
2021-05-13,Beauty,Face Serum,187,3558.91,19.03,0,0,0.97
2021-07-03,Beauty,Face Serum,167,3470.61,20.78,0,0,0.97
2021-07-12,Beauty,Face Serum,129,2628.59,20.38,0,0,0.97
2021-08-09,Beauty,Face Serum,180,3794.47,21.08,1,0,0.97
2021-09-12,Beauty,Face Serum,197,3670.27,18.63,0,0,0.97
2021-09-19,Beauty,Face Serum,169,3588.36,21.23,0,0,0.97
2021-11-15,Beauty,Face Serum,283,5569.01,19.68,1,1,0.97
2021-11-22,Beauty,Face Serum,261,5103.28,19.55,1,1,0.97
2021-12-14,Beauty,Face Serum,274,5083.15,18.55,1,1,0.97
2021-12-16,Beauty,Face Serum,216,4074.81,18.86,0,1,0.97
2022-01-18,Beauty,Face Serum,180,3543.07,19.68,0,0,0.97
2022-02-01,Beauty,Face Serum,159,3022.04,19.01,0,0,0.97
2022-02-19,Beauty,Face Serum,175,3703.68,21.16,0,0,0.97
2022-02-23,Beauty,Face Serum,205,4103.28,20.02,0,0,0.97
2022-04-18,Beauty,Face Serum,163,3046.51,18.69,0,0,0.97
2022-05-26,Beauty,Face Serum,169,3288.43,19.46,0,0,0.97
2022-06-10,Beauty,Face Serum,171,3375.36,19.74,0,0,0.97
2022-08-06,Beauty,Face Serum,231,4799.09,20.78,1,0,0.97
2020-05-20,Electronics,Smart Speaker,14,2211.13,157.94,0,0,0.82
2020-07-12,Electronics,Smart Speaker,14,2049.7,146.41,1,0,0.82
2020-09-30,Electronics,Smart Speaker,10,1452.73,145.27,0,0,0.82
2021-01-02,Electronics,Smart Speaker,11,1803.24,163.93,0,0,0.82
2021-05-02,Electronics,Smart Speaker,14,2207.57,157.68,0,0,0.82
2021-05-05,Electronics,Smart Speaker,6,954.44,159.07,1,0,0.82
2021-07-12,Electronics,Smart Speaker,7,1022.45,146.06,0,0,0.82
2021-08-30,Electronics,Smart Speaker,16,2508.17,156.76,1,0,0.82
2022-08-22,Electronics,Smart Speaker,9,1387.06,154.12,0,0,0.82
2020-05-20,Books,Business Book,80,1889.87,23.62,0,0,1.05
2020-06-07,Books,Business Book,94,2539.61,27.02,0,0,1.05
2020-07-09,Books,Business Book,83,1952.01,23.52,0,0,1.05
2020-08-01,Books,Business Book,88,2177.01,24.74,0,0,1.05
2020-08-16,Books,Business Book,109,2603.36,23.88,1,0,1.05
2020-09-17,Books,Business Book,80,2073.1,25.91,0,0,1.05
2020-09-22,Books,Business Book,72,1832.44,25.45,0,0,1.05
2020-11-14,Books,Business Book,107,2622.78,24.51,0,1,1.05
2020-12-05,Books,Business Book,167,3580.06,21.44,1,1,1.05
2020-12-23,Books,Business Book,136,3101.56,22.81,0,1,1.05
2021-01-02,Books,Business Book,87,2220.16,25.52,0,0,1.05
2021-02-09,Books,Business Book,112,2789.09,24.9,1,0,1.05
2021-02-15,Books,Business Book,95,2322.15,24.44,0,0,1.05
2021-03-14,Books,Business Book,110,2918.67,26.53,1,0,1.05
2021-05-07,Books,Business Book,121,2877.92,23.78,1,0,1.05
2021-06-09,Books,Business Book,71,1781.92,25.1,0,0,1.05
2021-06-16,Books,Business Book,82,1866.22,22.76,0,0,1.05
2021-06-26,Books,Business Book,97,2450.19,25.26,0,0,1.05
2021-08-10,Books,Business Book,101,2500.72,24.76,0,0,1.05
2021-08-27,Books,Business Book,122,2966.95,24.32,1,0,1.05
2021-09-14,Books,Business Book,89,2209.3,24.82,0,0,1.05
2021-10-04,Books,Business Book,88,2190.45,24.89,0,0,1.05
2021-10-06,Books,Business Book,80,2013.07,25.16,0,0,1.05
2021-11-22,Books,Business Book,127,3372.81,26.56,1,1,1.05
2021-12-25,Books,Business Book,117,2878.94,24.61,0,1,1.05
2021-12-26,Books,Business Book,121,2997.06,24.77,0,1,1.05
2022-02-24,Books,Business Book,81,1971.66,24.34,0,0,1.05
2022-03-13,Books,Business Book,111,2908.44,26.2,0,0,1.05
2022-03-17,Books,Business Book,70,1918.52,27.41,0,0,1.05
2022-03-27,Books,Business Book,88,2393.95,27.2,0,0,1.05
2022-06-19,Books,Business Book,120,2814.1,23.45,0,0,1.05
2022-08-04,Books,Business Book,97,2218.85,22.87,0,0,1.05
2020-05-20,Furniture,Office Chair,3,396.99,132.33,0,0,0.97
2020-05-30,Furniture,Office Chair,5,587.39,117.48,0,0,0.97
2020-06-16,Furniture,Office Chair,9,1199.57,133.29,0,0,0.97
2020-07-13,Furniture,Office Chair,6,704.97,117.5,1,0,0.97
2020-08-01,Furniture,Office Chair,7,832.2,118.89,0,0,0.97
2020-08-15,Furniture,Office Chair,7,878.64,125.52,0,0,0.97
2020-08-17,Furniture,Office Chair,10,1183.31,118.33,0,0,0.97
2020-08-22,Furniture,Office Chair,13,1576.96,121.3,0,0,0.97
2020-08-26,Furniture,Office Chair,12,1504.31,125.36,1,0,0.97
2020-08-30,Furniture,Office Chair,9,1092.26,121.36,0,0,0.97
2020-09-03,Furniture,Office Chair,9,1106.85,122.98,0,0,0.97
2020-09-04,Furniture,Office Chair,13,1576.9,121.3,1,0,0.97
2020-09-19,Furniture,Office Chair,4,536.14,134.03,0,0,0.97
2020-10-02,Furniture,Office Chair,9,1106.25,122.92,0,0,0.97
2020-10-16,Furniture,Office Chair,8,986.49,123.31,0,0,0.97
2020-10-24,Furniture,Office Chair,10,1208.11,120.81,0,0,0.97
2020-12-04,Furniture,Office Chair,18,2277.29,126.52,1,1,0.97
2020-12-11,Furniture,Office Chair,6,722.85,120.47,0,1,0.97
2021-01-26,Furniture,Office Chair,6,726.74,121.12,0,0,0.97
2021-02-16,Furniture,Office Chair,8,1019.64,127.45,0,0,0.97
2021-02-27,Furniture,Office Chair,13,1473.01,113.31,0,0,0.97
2021-03-20,Furniture,Office Chair,10,1212.29,121.23,0,0,0.97
2021-04-15,Furniture,Office Chair,3,373.24,124.41,0,0,0.97
2021-06-01,Furniture,Office Chair,15,1936.86,129.12,0,0,0.97
2021-09-16,Furniture,Office Chair,5,565.0,113.0,0,0,0.97
2021-09-22,Furniture,Office Chair,7,900.81,128.69,0,0,0.97
2021-10-13,Furniture,Office Chair,7,828.94,118.42,0,0,0.97
2021-11-10,Furniture,Office Chair,15,1738.08,115.87,0,1,0.97
2021-11-17,Furniture,Office Chair,13,1485.64,114.28,0,1,0.97
2021-12-04,Furniture,Office Chair,21,2181.03,103.86,0,1,0.97
2022-01-31,Furniture,Office Chair,14,1657.12,118.37,0,0,0.97
2022-03-18,Furniture,Office Chair,6,761.14,126.86,0,0,0.97
2022-03-25,Furniture,Office Chair,8,1010.27,126.28,0,0,0.97
2022-03-28,Furniture,Office Chair,12,1381.84,115.15,0,0,0.97
2022-04-24,Furniture,Office Chair,9,972.76,108.08,0,0,0.97
2022-04-29,Furniture,Office Chair,10,1165.33,116.53,0,0,0.97
2022-05-10,Furniture,Office Chair,10,1109.5,110.95,0,0,0.97
2022-05-18,Furniture,Office Chair,10,1185.34,118.53,0,0,0.97
2022-05-27,Furniture,Office Chair,13,1440.74,110.83,0,0,0.97
2022-06-23,Furniture,Office Chair,12,1360.42,113.37,0,0,0.97
2022-07-26,Furniture,Office Chair,6,738.83,123.14,0,0,0.97
2022-08-29,Furniture,Office Chair,10,1199.5,119.95,1,0,0.97
2020-05-20,Beauty,Face Serum,162,3223.48,19.9,0,0,1.0
2020-05-22,Beauty,Face Serum,149,2882.88,19.35,0,0,1.0
2020-07-03,Beauty,Face Serum,115,2532.71,22.02,0,0,1.0
2020-07-27,Beauty,Face Serum,167,3633.07,21.75,0,0,1.0
2020-08-02,Beauty,Face Serum,174,3330.06,19.14,0,0,1.0
2020-08-22,Beauty,Face Serum,168,3202.0,19.06,0,0,1.0
2020-09-20,Beauty,Face Serum,175,3347.87,19.13,0,0,1.0
2020-10-16,Beauty,Face Serum,150,3004.27,20.03,0,0,1.0
2021-01-18,Beauty,Face Serum,173,3093.73,17.88,0,0,1.0
2021-01-26,Beauty,Face Serum,148,3002.02,20.28,0,0,1.0
2021-03-23,Beauty,Face Serum,150,3300.29,22.0,0,0,1.0
2021-03-30,Beauty,Face Serum,136,2771.86,20.38,0,0,1.0
2021-04-02,Beauty,Face Serum,193,3725.15,19.3,0,0,1.0
2021-04-13,Beauty,Face Serum,165,3229.96,19.58,0,0,1.0
2021-04-24,Beauty,Face Serum,175,3486.12,19.92,0,0,1.0
2021-05-22,Beauty,Face Serum,222,4353.37,19.61,1,0,1.0
2021-06-14,Beauty,Face Serum,228,4680.91,20.53,1,0,1.0
2021-07-10,Beauty,Face Serum,177,3650.68,20.63,0,0,1.0
2021-09-18,Beauty,Face Serum,169,3489.72,20.65,0,0,1.0
2021-12-02,Beauty,Face Serum,216,4120.69,19.08,0,1,1.0
2022-01-03,Beauty,Face Serum,169,3696.24,21.87,0,0,1.0
2022-02-03,Beauty,Face Serum,179,3539.57,19.77,0,0,1.0
2022-02-24,Beauty,Face Serum,159,3089.71,19.43,0,0,1.0
2022-03-01,Beauty,Face Serum,220,4561.12,20.73,1,0,1.0
2022-03-15,Beauty,Face Serum,179,3660.87,20.45,0,0,1.0
2022-04-01,Beauty,Face Serum,195,3728.84,19.12,0,0,1.0
2022-04-30,Beauty,Face Serum,194,3881.45,20.01,0,0,1.0
2022-05-02,Beauty,Face Serum,179,3619.56,20.22,0,0,1.0
2022-05-13,Beauty,Face Serum,149,3006.93,20.18,0,0,1.0
2022-06-08,Beauty,Face Serum,175,3319.51,18.97,0,0,1.0
2022-07-02,Beauty,Face Serum,240,4844.55,20.19,1,0,1.0
2022-07-27,Beauty,Face Serum,167,3366.29,20.16,0,0,1.0
2022-08-18,Beauty,Face Serum,215,4304.1,20.02,1,0,1.0
2022-08-30,Beauty,Face Serum,164,3400.1,20.73,0,0,1.0
