data/raw/sales.csv
date,category,product,units_sold,revenue,product_price,promo_flag,is_holiday_season,category_popularity_30d
2020-05-21,Electronics,Smart Speaker,7,1044.1,149.16,0,0,0.98
2020-06-02,Electronics,Smart Speaker,8,1126.21,140.78,0,0,0.98
2020-07-05,Electronics,Smart Speaker,13,2022.56,155.58,0,0,0.98
2020-07-09,Electronics,Smart Speaker,13,1883.19,144.86,0,0,0.98
2020-08-16,Electronics,Smart Speaker,19,2886.65,151.93,1,0,0.98
2020-10-24,Electronics,Smart Speaker,9,1383.17,153.69,0,0,0.98
2020-10-28,Electronics,Smart Speaker,16,2599.51,162.47,0,0,0.98
2020-12-10,Electronics,Smart Speaker,12,1880.24,156.69,1,1,0.98
2020-12-11,Electronics,Smart Speaker,15,2227.24,148.48,0,1,0.98
2021-03-25,Electronics,Smart Speaker,11,1641.28,149.21,0,0,0.98
2021-04-11,Electronics,Smart Speaker,10,1633.84,163.38,0,0,0.98
2021-04-21,Electronics,Smart Speaker,16,2418.77,151.17,0,0,0.98
2021-05-07,Electronics,Smart Speaker,19,2770.15,145.8,1,0,0.98
2021-06-01,Electronics,Smart Speaker,11,1695.44,154.13,0,0,0.98
2021-06-03,Electronics,Smart Speaker,10,1472.21,147.22,0,0,0.98
2021-06-19,Electronics,Smart Speaker,14,2047.33,146.24,0,0,0.98
2021-06-22,Electronics,Smart Speaker,10,1448.39,144.84,0,0,0.98
2021-06-23,Electronics,Smart Speaker,7,999.61,142.8,0,0,0.98
2021-07-01,Electronics,Smart Speaker,9,1325.65,147.29,0,0,0.98
2021-07-04,Electronics,Smart Speaker,15,2244.98,149.67,0,0,0.98
2021-08-03,Electronics,Smart Speaker,13,1897.81,145.99,1,0,0.98
2021-12-10,Electronics,Smart Speaker,14,2054.28,146.73,0,1,0.98
2021-12-26,Electronics,Smart Speaker,11,1726.04,156.91,0,1,0.98
2022-01-17,Electronics,Smart Speaker,12,1683.64,140.3,0,0,0.98
2022-01-22,Electronics,Smart Speaker,11,1548.58,140.78,0,0,0.98
2022-03-01,Electronics,Smart Speaker,16,2364.71,147.79,1,0,0.98
2022-03-21,Electronics,Smart Speaker,20,2760.46,138.02,0,0,0.98
2022-06-10,Electronics,Smart Speaker,15,2112.93,140.86,0,0,0.98
2022-06-12,Electronics,Smart Speaker,15,2451.64,163.44,0,0,0.98
2022-08-21,Electronics,Smart Speaker,17,2467.34,145.14,0,0,0.98
2022-08-23,Electronics,Smart Speaker,13,2015.82,155.06,0,0,0.98
2022-08-27,Electronics,Smart Speaker,13,1975.92,151.99,0,0,0.98
2022-08-28,Electronics,Smart Speaker,12,1684.22,140.35,0,0,0.98
2022-09-02,Electronics,Smart Speaker,5,797.85,159.57,0,0,0.98
2022-09-05,Electronics,Smart Speaker,12,1927.14,160.6,0,0,0.98
2020-05-21,Clothing,Running Shoes,60,3896.09,64.93,0,0,0.98
2020-07-09,Clothing,Running Shoes,62,3820.64,61.62,0,0,0.98
2020-07-16,Clothing,Running Shoes,50,3271.4,65.43,0,0,0.98
2020-07-19,Clothing,Running Shoes,67,4097.65,61.16,0,0,0.98
2020-08-24,Clothing,Running Shoes,50,3158.23,63.16,0,0,0.98
2020-09-12,Clothing,Running Shoes,76,5093.07,67.01,0,0,0.98
2020-09-23,Clothing,Running Shoes,84,5261.09,62.63,1,0,0.98
2020-10-06,Clothing,Running Shoes,52,3279.56,63.07,0,0,0.98
2020-11-14,Clothing,Running Shoes,88,5260.37,59.78,0,1,0.98
2020-12-13,Clothing,Running Shoes,93,5332.01,57.33,0,1,0.98
2021-01-17,Clothing,Running Shoes,60,3691.71,61.53,0,0,0.98
2021-01-27,Clothing,Running Shoes,83,4563.12,54.98,0,0,0.98
2021-02-04,Clothing,Running Shoes,72,4323.86,60.05,0,0,0.98
2021-02-18,Clothing,Running Shoes,73,4085.77,55.97,0,0,0.98
2021-02-22,Clothing,Running Shoes,53,3358.37,63.37,0,0,0.98
2021-03-07,Clothing,Running Shoes,75,4626.35,61.68,1,0,0.98
2021-03-21,Clothing,Running Shoes,80,4873.42,60.92,0,0,0.98
2021-04-08,Clothing,Running Shoes,84,5058.0,60.21,1,0,0.98
2021-04-20,Clothing,Running Shoes,69,3858.48,55.92,0,0,0.98
2021-05-02,Clothing,Running Shoes,72,4465.91,62.03,0,0,0.98
2021-05-19,Clothing,Running Shoes,64,3717.16,58.08,0,0,0.98
2021-05-27,Clothing,Running Shoes,68,4057.28,59.67,0,0,0.98
2021-06-12,Clothing,Running Shoes,77,4879.83,63.37,0,0,0.98
2021-07-26,Clothing,Running Shoes,69,4312.17,62.5,0,0,0.98
2021-08-22,Clothing,Running Shoes,79,4737.58,59.97,0,0,0.98
2021-09-26,Clothing,Running Shoes,91,4962.96,54.54,0,0,0.98
2022-01-09,Clothing,Running Shoes,78,4950.17,63.46,0,0,0.98
2022-02-23,Clothing,Running Shoes,62,3818.06,61.58,0,0,0.98
2022-03-10,Clothing,Running Shoes,74,3900.7,52.71,0,0,0.98
2022-03-13,Clothing,Running Shoes,76,4082.77,53.72,0,0,0.98
2022-03-30,Clothing,Running Shoes,86,4886.62,56.82,1,0,0.98
2022-06-27,Clothing,Running Shoes,85,5022.16,59.08,0,0,0.98
2022-06-30,Clothing,Running Shoes,80,4564.86,57.06,1,0,0.98
2022-07-13,Clothing,Running Shoes,49,3157.59,64.44,0,0,0.98
2022-08-10,Clothing,Running Shoes,74,4746.74,64.15,1,0,0.98
2022-09-09,Clothing,Running Shoes,70,4527.77,64.68,0,0,0.98
2020-05-21,Books,Business Book,57,1644.37,28.85,0,0,1.11
2020-06-29,Books,Business Book,82,2086.02,25.44,1,0,1.11
2020-07-27,Books,Business Book,100,2226.84,22.27,0,0,1.11
2020-08-03,Books,Business Book,71,1882.03,26.51,0,0,1.11
2020-08-25,Books,Business Book,63,1570.24,24.92,0,0,1.11
2020-12-02,Books,Business Book,90,2340.64,26.01,0,1,1.11
2020-12-24,Books,Business Book,108,2680.55,24.82,0,1,1.11
2021-03-05,Books,Business Book,127,3139.33,24.72,1,0,1.11
2021-04-13,Books,Business Book,89,2122.61,23.85,0,0,1.11
2021-06-11,Books,Business Book,117,2860.7,24.45,1,0,1.11
2021-06-13,Books,Business Book,106,2466.89,23.27,0,0,1.11
2021-06-28,Books,Business Book,99,2508.22,25.34,0,0,1.11
2021-07-17,Books,Business Book,103,2355.19,22.87,0,0,1.11
2021-08-09,Books,Business Book,98,2536.65,25.88,1,0,1.11
2022-01-28,Books,Business Book,104,2736.2,26.31,0,0,1.11
2022-02-22,Books,Business Book,82,2129.72,25.97,0,0,1.11
2022-03-21,Books,Business Book,88,2226.78,25.3,0,0,1.11
2022-04-01,Books,Business Book,94,2246.24,23.9,0,0,1.11
2022-06-09,Books,Business Book,85,2111.51,24.84,0,0,1.11
2022-06-14,Books,Business Book,77,2097.77,27.24,0,0,1.11
2022-07-02,Books,Business Book,124,3071.27,24.77,1,0,1.11
2020-05-21,Furniture,Office Chair,4,441.45,110.36,0,0,1.02
2020-07-15,Furniture,Office Chair,9,1047.24,116.36,0,0,1.02
2020-07-24,Furniture,Office Chair,4,500.76,125.19,1,0,1.02
2020-08-10,Furniture,Office Chair,5,578.25,115.65,0,0,1.02
2020-08-14,Furniture,Office Chair,10,1069.38,106.94,1,0,1.02
2020-10-03,Furniture,Office Chair,13,1533.5,117.96,0,0,1.02
2020-10-28,Furniture,Office Chair,8,946.18,118.27,0,0,1.02
2020-10-29,Furniture,Office Chair,10,1057.29,105.73,1,0,1.02
2020-12-06,Furniture,Office Chair,19,2258.56,118.87,0,1,1.02
2020-12-14,Furniture,Office Chair,10,1133.47,113.35,0,1,1.02
2020-12-20,Furniture,Office Chair,15,1729.08,115.27,1,1,1.02
2021-01-05,Furniture,Office Chair,4,477.2,119.3,0,0,1.02
2021-02-09,Furniture,Office Chair,14,1560.77,111.48,1,0,1.02
2021-03-12,Furniture,Office Chair,7,812.26,116.04,1,0,1.02
2021-04-26,Furniture,Office Chair,9,1187.1,131.9,0,0,1.02
2021-05-18,Furniture,Office Chair,2,239.25,119.63,0,0,1.02
2021-06-10,Furniture,Office Chair,12,1371.97,114.33,0,0,1.02
2021-07-28,Furniture,Office Chair,7,785.05,112.15,0,0,1.02
2021-10-10,Furniture,Office Chair,9,1169.46,129.94,0,0,1.02
2021-10-16,Furniture,Office Chair,5,624.54,124.91,0,0,1.02
2021-10-25,Furniture,Office Chair,9,1000.3,111.14,0,0,1.02
2021-12-29,Furniture,Office Chair,9,1054.54,117.17,0,1,1.02
2022-01-08,Furniture,Office Chair,6,702.91,117.15,0,0,1.02
2022-01-24,Furniture,Office Chair,8,996.38,124.55,0,0,1.02
2022-02-06,Furniture,Office Chair,16,1951.49,121.97,0,0,1.02
2022-03-13,Furniture,Office Chair,6,707.07,117.84,0,0,1.02
2022-03-21,Furniture,Office Chair,11,1257.35,114.3,0,0,1.02
2022-04-09,Furniture,Office Chair,7,878.96,125.57,0,0,1.02
2022-05-03,Furniture,Office Chair,9,1115.96,124.0,0,0,1.02
2022-05-04,Furniture,Office Chair,6,701.66,116.94,0,0,1.02
2022-05-21,Furniture,Office Chair,10,1278.99,127.9,0,0,1.02
2022-06-11,Furniture,Office Chair,4,462.73,115.68,0,0,1.02
2022-08-12,Furniture,Office Chair,11,1283.24,116.66,0,0,1.02
2022-08-27,Furniture,Office Chair,13,1474.01,113.39,0,0,1.02
2022-09-07,Furniture,Office Chair,9,1105.6,122.84,0,0,1.02
2022-09-08,Furniture,Office Chair,9,1113.69,123.74,0,0,1.02
2022-09-09,Furniture,Office Chair,11,1267.71,115.25,0,0,1.02
2020-05-21,Toys,Building Blocks,62,2086.11,33.65,0,0,0.96
2020-07-27,Toys,Building Blocks,45,1480.33,32.9,0,0,0.96
2020-08-13,Toys,Building Blocks,40,1497.95,37.45,0,0,0.96
2020-09-09,Toys,Building Blocks,39,1404.9,36.02,0,0,0.96
2020-11-25,Toys,Building Blocks,60,2206.67,36.78,0,1,0.96
2021-01-18,Toys,Building Blocks,50,1724.33,34.49,0,0,0.96
2021-01-20,Toys,Building Blocks,45,1520.44,33.79,0,0,0.96
2021-02-13,Toys,Building Blocks,74,2569.89,34.73,1,0,0.96
2021-04-06,Toys,Building Blocks,52,1911.45,36.76,0,0,0.96
2021-06-22,Toys,Building Blocks,53,1825.57,34.44,0,0,0.96
2021-06-25,Toys,Building Blocks,49,1844.29,37.64,0,0,0.96
2021-06-26,Toys,Building Blocks,37,1356.44,36.66,0,0,0.96
2021-06-28,Toys,Building Blocks,59,2188.55,37.09,0,0,0.96
2021-07-13,Toys,Building Blocks,49,1832.95,37.41,0,0,0.96
2021-08-06,Toys,Building Blocks,62,2124.79,34.27,0,0,0.96
2021-08-18,Toys,Building Blocks,50,1676.33,33.53,0,0,0.96
2021-08-31,Toys,Building Blocks,54,1956.51,36.23,0,0,0.96
2021-09-05,Toys,Building Blocks,75,2565.14,34.2,1,0,0.96
2021-10-09,Toys,Building Blocks,54,2038.23,37.74,0,0,0.96
2021-10-14,Toys,Building Blocks,61,2100.41,34.43,0,0,0.96
2021-12-31,Toys,Building Blocks,90,3079.77,34.22,1,1,0.96
2022-01-13,Toys,Building Blocks,61,2041.72,33.47,0,0,0.96
2022-01-14,Toys,Building Blocks,58,1848.79,31.88,0,0,0.96
2022-01-16,Toys,Building Blocks,59,2073.87,35.15,0,0,0.96
2022-04-10,Toys,Building Blocks,65,2317.97,35.66,0,0,0.96
2022-05-28,Toys,Building Blocks,65,2284.13,35.14,0,0,0.96
2022-07-09,Toys,Building Blocks,84,2578.29,30.69,1,0,0.96
2022-07-17,Toys,Building Blocks,51,1731.47,33.95,0,0,0.96
2022-07-19,Toys,Building Blocks,54,1865.12,34.54,0,0,0.96
2022-07-29,Toys,Building Blocks,71,2347.35,33.06,1,0,0.96
2022-09-03,Toys,Building Blocks,62,2122.92,34.24,0,0,0.96
2020-05-21,Beauty,Face Serum,143,3199.53,22.37,0,0,1.1
2020-06-07,Beauty,Face Serum,157,3397.8,21.64,0,0,1.1
2020-07-23,Beauty,Face Serum,165,3153.28,19.11,0,0,1.1
2021-01-08,Beauty,Face Serum,169,3263.29,19.31,0,0,1.1
2021-05-15,Beauty,Face Serum,226,4555.81,20.16,1,0,1.1
2021-05-25,Beauty,Face Serum,172,3287.27,19.11,0,0,1.1
2021-07-18,Beauty,Face Serum,172,3472.62,20.19,0,0,1.1
2021-09-30,Beauty,Face Serum,146,3143.79,21.53,0,0,1.1
2021-12-28,Beauty,Face Serum,199,3819.21,19.19,0,1,1.1
2022-04-03,Beauty,Face Serum,195,3787.34,19.42,0,0,1.1
2022-04-29,Beauty,Face Serum,190,3628.59,19.1,0,0,1.1
2022-06-13,Beauty,Face Serum,159,3234.93,20.35,0,0,1.1
2022-06-26,Beauty,Face Serum,199,3879.57,19.5,0,0,1.1
2022-06-28,Beauty,Face Serum,213,3865.89,18.15,1,0,1.1
2022-07-10,Beauty,Face Serum,183,3709.96,20.27,0,0,1.1
2022-08-07,Beauty,Face Serum,248,4794.41,19.33,1,0,1.1
2022-08-21,Beauty,Face Serum,188,3758.9,19.99,0,0,1.1
2022-09-05,Beauty,Face Serum,170,3334.65,19.62,0,0,1.1
2020-05-22,Electronics,Smart Speaker,12,1721.19,143.43,0,0,0.86
2020-07-03,Electronics,Smart Speaker,9,1416.74,157.42,0,0,0.86
2020-09-25,Electronics,Smart Speaker,8,1314.44,164.3,0,0,0.86
2021-03-31,Electronics,Smart Speaker,8,1160.2,145.02,0,0,0.86
2021-04-18,Electronics,Smart Speaker,20,3203.91,160.2,1,0,0.86
2021-07-31,Electronics,Smart Speaker,12,1876.49,156.37,0,0,0.86
2021-09-07,Electronics,Smart Speaker,12,1748.33,145.69,1,0,0.86
2021-11-03,Electronics,Smart Speaker,22,3458.23,157.19,1,1,0.86
2022-02-26,Electronics,Smart Speaker,8,1163.37,145.42,0,0,0.86
2020-05-22,Groceries,Organic Cereal,295,1371.86,4.65,0,0,1.06
2020-06-15,Groceries,Organic Cereal,273,1420.47,5.2,0,0,1.06
2020-07-02,Groceries,Organic Cereal,298,1465.52,4.92,0,0,1.06
2020-08-04,Groceries,Organic Cereal,271,1462.71,5.4,0,0,1.06
2020-10-09,Groceries,Organic Cereal,324,1547.88,4.78,0,0,1.06
2020-10-25,Groceries,Organic Cereal,342,1695.61,4.96,0,0,1.06
2020-11-12,Groceries,Organic Cereal,366,1970.55,5.38,0,1,1.06
2020-11-14,Groceries,Organic Cereal,450,2252.6,5.01,0,1,1.06
2020-11-17,Groceries,Organic Cereal,450,2391.97,5.32,1,1,1.06
2020-12-18,Groceries,Organic Cereal,376,1896.11,5.04,0,1,1.06
2021-01-25,Groceries,Organic Cereal,312,1569.98,5.03,0,0,1.06
2021-02-28,Groceries,Organic Cereal,331,1622.83,4.9,0,0,1.06
2021-03-07,Groceries,Organic Cereal,462,2241.01,4.85,1,0,1.06
2021-03-27,Groceries,Organic Cereal,384,1832.7,4.77,0,0,1.06
2021-05-05,Groceries,Organic Cereal,417,2031.04,4.87,1,0,1.06
2021-06-03,Groceries,Organic Cereal,325,1692.01,5.21,0,0,1.06
2021-06-04,Groceries,Organic Cereal,325,1670.23,5.14,0,0,1.06
2021-06-11,Groceries,Organic Cereal,383,2039.34,5.32,1,0,1.06
2021-08-03,Groceries,Organic Cereal,407,1929.08,4.74,1,0,1.06
2021-09-16,Groceries,Organic Cereal,292,1554.51,5.32,0,0,1.06
2021-09-18,Groceries,Organic Cereal,418,2061.73,4.93,0,0,1.06
2021-11-07,Groceries,Organic Cereal,501,2349.57,4.69,0,1,1.06
2021-11-21,Groceries,Organic Cereal,535,2717.51,5.08,1,1,1.06
2021-11-24,Groceries,Organic Cereal,427,2260.14,5.29,0,1,1.06
2021-12-08,Groceries,Organic Cereal,412,2189.54,5.31,0,1,1.06
2021-12-14,Groceries,Organic Cereal,534,2634.8,4.93,1,1,1.06
2022-01-19,Groceries,Organic Cereal,372,1780.44,4.79,0,0,1.06
2022-01-24,Groceries,Organic Cereal,398,1857.27,4.67,0,0,1.06
2022-02-13,Groceries,Organic Cereal,481,2511.19,5.22,1,0,1.06
2022-03-26,Groceries,Organic Cereal,417,1826.23,4.38,0,0,1.06
2022-04-13,Groceries,Organic Cereal,309,1592.33,5.15,0,0,1.06
2022-07-20,Groceries,Organic Cereal,381,1810.05,4.75,0,0,1.06
2022-07-28,Groceries,Organic Cereal,365,1788.34,4.9,0,0,1.06
2022-08-30,Groceries,Organic Cereal,309,1788.96,5.79,0,0,1.06
2020-05-22,Sports,Yoga Mat,31,1439.54,46.44,0,0,0.83
2020-07-09,Sports,Yoga Mat,38,1615.24,42.51,0,0,0.83
2020-08-04,Sports,Yoga Mat,41,1738.61,42.41,0,0,0.83
2020-10-04,Sports,Yoga Mat,36,1625.54,45.15,0,0,0.83
2020-11-07,Sports,Yoga Mat,82,3665.13,44.7,1,1,0.83
2020-11-26,Sports,Yoga Mat,42,1924.3,45.82,0,1,0.83
2021-01-14,Sports,Yoga Mat,48,2303.62,47.99,0,0,0.83
2022-01-15,Sports,Yoga Mat,47,2079.78,44.25,0,0,0.83
2020-05-23,Electronics,Smart Speaker,13,1891.31,145.49,0,0,1.08
2020-06-22,Electronics,Smart Speaker,16,2254.55,140.91,0,0,1.08
2020-08-13,Electronics,Smart Speaker,10,1540.0,154.0,0,0,1.08
2020-10-12,Electronics,Smart Speaker,8,1229.57,153.7,0,0,1.08
2020-12-13,Electronics,Smart Speaker,16,2395.4,149.71,0,1,1.08
2021-01-15,Electronics,Smart Speaker,9,1278.04,142.0,0,0,1.08
2021-01-27,Electronics,Smart Speaker,8,1245.6,155.7,0,0,1.08
2021-02-04,Electronics,Smart Speaker,7,1040.02,148.57,0,0,1.08
2021-02-11,Electronics,Smart Speaker,11,1525.78,138.71,0,0,1.08
2021-02-12,Electronics,Smart Speaker,11,1760.34,160.03,0,0,1.08
2021-03-30,Electronics,Smart Speaker,12,1698.91,141.58,0,0,1.08
2021-04-09,Electronics,Smart Speaker,11,1618.04,147.09,0,0,1.08
2021-04-27,Electronics,Smart Speaker,13,1870.51,143.89,0,0,1.08
2021-05-11,Electronics,Smart Speaker,12,1792.32,149.36,0,0,1.08
2021-07-18,Electronics,Smart Speaker,14,2049.18,146.37,0,0,1.08
2021-09-22,Electronics,Smart Speaker,3,436.06,145.35,0,0,1.08
2021-10-01,Electronics,Smart Speaker,6,885.24,147.54,0,0,1.08
2022-02-19,Electronics,Smart Speaker,20,2981.97,149.1,0,0,1.08
2022-02-20,Electronics,Smart Speaker,15,2124.2,141.61,0,0,1.08
2022-05-12,Electronics,Smart Speaker,16,2462.83,153.93,0,0,1.08
2022-06-18,Electronics,Smart Speaker,17,2535.72,149.16,0,0,1.08
2022-06-27,Electronics,Smart Speaker,12,1598.42,133.2,0,0,1.08
2022-07-19,Electronics,Smart Speaker,5,722.94,144.59,0,0,1.08
2022-08-06,Electronics,Smart Speaker,15,2306.12,153.74,1,0,1.08
2022-08-29,Electronics,Smart Speaker,10,1585.73,158.57,1,0,1.08
2020-05-23,Books,Business Book,97,2484.18,25.61,0,0,1.16
2020-09-13,Books,Business Book,133,3196.69,24.04,1,0,1.16
2021-03-26,Books,Business Book,96,2365.9,24.64,0,0,1.16
2021-07-28,Books,Business Book,83,2167.73,26.12,0,0,1.16
2022-03-26,Books,Business Book,109,2565.07,23.53,0,0,1.16
2022-07-13,Books,Business Book,79,1958.14,24.79,0,0,1.16
2022-07-22,Books,Business Book,89,2272.9,25.54,0,0,1.16
2022-09-07,Books,Business Book,117,2902.86,24.81,0,0,1.16
2020-05-23,Furniture,Office Chair,11,1280.76,116.43,0,0,1.06
2020-07-17,Furniture,Office Chair,5,622.7,124.54,0,0,1.06
2020-07-19,Furniture,Office Chair,13,1471.81,113.22,0,0,1.06
2020-08-02,Furniture,Office Chair,5,606.94,121.39,0,0,1.06
2020-08-08,Furniture,Office Chair,12,1404.28,117.02,0,0,1.06
2020-08-12,Furniture,Office Chair,10,1243.88,124.39,1,0,1.06
2020-10-25,Furniture,Office Chair,9,981.2,109.02,0,0,1.06
2020-11-04,Furniture,Office Chair,8,918.34,114.79,0,1,1.06
2020-12-07,Furniture,Office Chair,11,1299.0,118.09,0,1,1.06
2020-12-28,Furniture,Office Chair,5,566.0,113.2,0,1,1.06
2021-03-19,Furniture,Office Chair,14,1626.75,116.2,0,0,1.06
2021-04-11,Furniture,Office Chair,5,607.23,121.45,0,0,1.06
2021-05-12,Furniture,Office Chair,13,1698.95,130.69,0,0,1.06
2021-06-14,Furniture,Office Chair,11,1311.12,119.19,1,0,1.06
2021-07-02,Furniture,Office Chair,9,1045.74,116.19,0,0,1.06
2021-08-15,Furniture,Office Chair,13,1466.75,112.83,0,0,1.06
2021-09-04,Furniture,Office Chair,8,951.28,118.91,0,0,1.06
2021-09-12,Furniture,Office Chair,7,856.5,122.36,0,0,1.06
2021-11-01,Furniture,Office Chair,16,1997.96,124.87,0,1,1.06
2021-11-22,Furniture,Office Chair,9,1050.39,116.71,1,1,1.06
2021-11-28,Furniture,Office Chair,10,1174.0,117.4,0,1,1.06
2021-12-03,Furniture,Office Chair,11,1255.33,114.12,0,1,1.06
2021-12-12,Furniture,Office Chair,12,1496.65,124.72,0,1,1.06
2021-12-27,Furniture,Office Chair,18,2094.44,116.36,0,1,1.06
2022-01-26,Furniture,Office Chair,7,737.65,105.38,0,0,1.06
2022-03-09,Furniture,Office Chair,10,1118.53,111.85,0,0,1.06
2022-03-14,Furniture,Office Chair,8,951.49,118.94,0,0,1.06
2022-04-25,Furniture,Office Chair,15,1874.62,124.97,0,0,1.06
2022-05-12,Furniture,Office Chair,8,977.76,122.22,0,0,1.06
2022-06-09,Furniture,Office Chair,9,1034.42,114.94,0,0,1.06
