data/raw/sales.csv
date,category,product,units_sold,revenue,product_price,promo_flag,is_holiday_season,category_popularity_30d
2020-05-23,Toys,Building Blocks,52,1915.69,36.84,0,0,0.92
2020-05-31,Toys,Building Blocks,53,1838.59,34.69,0,0,0.92
2020-10-20,Toys,Building Blocks,47,1841.74,39.19,0,0,0.92
2020-10-27,Toys,Building Blocks,64,2063.1,32.24,0,0,0.92
2020-12-09,Toys,Building Blocks,65,2312.2,35.57,0,1,0.92
2021-01-14,Toys,Building Blocks,46,1585.87,34.48,0,0,0.92
2021-02-16,Toys,Building Blocks,58,2076.25,35.8,0,0,0.92
2021-02-24,Toys,Building Blocks,54,1817.45,33.66,0,0,0.92
2021-04-02,Toys,Building Blocks,54,1961.76,36.33,0,0,0.92
2021-06-03,Toys,Building Blocks,47,1762.24,37.49,0,0,0.92
2021-06-12,Toys,Building Blocks,62,2223.76,35.87,0,0,0.92
2021-06-17,Toys,Building Blocks,42,1468.99,34.98,0,0,0.92
2021-06-29,Toys,Building Blocks,55,1881.45,34.21,0,0,0.92
2021-07-10,Toys,Building Blocks,57,2010.65,35.27,0,0,0.92
2021-07-28,Toys,Building Blocks,52,1858.16,35.73,0,0,0.92
2021-08-14,Toys,Building Blocks,67,2531.66,37.79,0,0,0.92
2021-09-17,Toys,Building Blocks,46,1622.89,35.28,0,0,0.92
2021-09-23,Toys,Building Blocks,74,2490.11,33.65,1,0,0.92
2021-11-06,Toys,Building Blocks,88,2785.92,31.66,0,1,0.92
2021-11-07,Toys,Building Blocks,95,3211.64,33.81,0,1,0.92
2021-11-08,Toys,Building Blocks,85,2947.5,34.68,0,1,0.92
2021-12-20,Toys,Building Blocks,81,2860.38,35.31,0,1,0.92
2022-03-19,Toys,Building Blocks,59,2088.6,35.4,0,0,0.92
2022-03-20,Toys,Building Blocks,61,2109.16,34.58,0,0,0.92
2022-04-07,Toys,Building Blocks,50,1633.72,32.67,0,0,0.92
2022-04-12,Toys,Building Blocks,60,2020.69,33.68,0,0,0.92
2022-05-03,Toys,Building Blocks,58,2048.02,35.31,0,0,0.92
2022-06-01,Toys,Building Blocks,60,2070.69,34.51,0,0,0.92
2022-06-05,Toys,Building Blocks,96,2998.06,31.23,1,0,0.92
2022-06-23,Toys,Building Blocks,60,2043.2,34.05,0,0,0.92
2022-07-08,Toys,Building Blocks,67,2309.5,34.47,0,0,0.92
2020-05-23,Beauty,Face Serum,199,3803.92,19.12,0,0,1.03
2020-05-26,Beauty,Face Serum,145,2934.02,20.23,0,0,1.03
2020-06-14,Beauty,Face Serum,153,3106.53,20.3,0,0,1.03
2020-08-16,Beauty,Face Serum,223,4370.82,19.6,1,0,1.03
2020-11-21,Beauty,Face Serum,292,5747.7,19.68,1,1,1.03
2020-12-31,Beauty,Face Serum,195,3954.12,20.28,1,1,1.03
2021-01-13,Beauty,Face Serum,160,3393.05,21.21,0,0,1.03
2021-03-10,Beauty,Face Serum,163,3254.44,19.97,0,0,1.03
2021-04-15,Beauty,Face Serum,183,3374.09,18.44,0,0,1.03
2021-04-29,Beauty,Face Serum,181,3535.89,19.54,0,0,1.03
2021-05-18,Beauty,Face Serum,166,3635.54,21.9,0,0,1.03
2021-05-21,Beauty,Face Serum,208,4309.45,20.72,1,0,1.03
2021-06-04,Beauty,Face Serum,160,3441.0,21.51,0,0,1.03
2021-07-04,Beauty,Face Serum,180,3402.37,18.9,0,0,1.03
2021-07-31,Beauty,Face Serum,158,3101.55,19.63,0,0,1.03
2021-08-29,Beauty,Face Serum,180,3511.57,19.51,0,0,1.03
2021-09-08,Beauty,Face Serum,177,3418.01,19.31,0,0,1.03
2021-10-11,Beauty,Face Serum,149,3153.54,21.16,0,0,1.03
2021-11-16,Beauty,Face Serum,293,5593.96,19.09,1,1,1.03
2021-11-20,Beauty,Face Serum,199,4155.39,20.88,0,1,1.03
2021-12-05,Beauty,Face Serum,208,4267.07,20.51,0,1,1.03
2021-12-12,Beauty,Face Serum,236,4386.63,18.59,0,1,1.03
2021-12-21,Beauty,Face Serum,233,4245.12,18.22,0,1,1.03
2021-12-26,Beauty,Face Serum,249,4842.29,19.45,0,1,1.03
2022-01-07,Beauty,Face Serum,251,4640.07,18.49,1,0,1.03
2022-01-08,Beauty,Face Serum,201,3921.75,19.51,0,0,1.03
2022-01-09,Beauty,Face Serum,219,4289.17,19.59,0,0,1.03
2022-01-24,Beauty,Face Serum,181,3683.83,20.35,0,0,1.03
2022-04-09,Beauty,Face Serum,184,3563.49,19.37,0,0,1.03
2022-06-03,Beauty,Face Serum,191,3720.91,19.48,0,0,1.03
2022-06-18,Beauty,Face Serum,180,3534.11,19.63,0,0,1.03
2022-06-27,Beauty,Face Serum,165,3127.53,18.95,0,0,1.03
2020-05-24,Electronics,Smart Speaker,12,1830.46,152.54,0,0,0.96
2020-08-12,Electronics,Smart Speaker,16,2493.94,155.87,1,0,0.96
2020-09-18,Electronics,Smart Speaker,10,1570.5,157.05,0,0,0.96
2020-10-04,Electronics,Smart Speaker,13,2085.08,160.39,0,0,0.96
2020-10-05,Electronics,Smart Speaker,11,1605.16,145.92,1,0,0.96
2021-01-05,Electronics,Smart Speaker,11,1730.94,157.36,0,0,0.96
2021-03-04,Electronics,Smart Speaker,12,1746.48,145.54,0,0,0.96
2021-03-22,Electronics,Smart Speaker,15,2256.65,150.44,0,0,0.96
2021-04-15,Electronics,Smart Speaker,10,1473.27,147.33,0,0,0.96
2021-05-01,Electronics,Smart Speaker,13,1882.34,144.8,0,0,0.96
2021-06-13,Electronics,Smart Speaker,9,1322.14,146.9,0,0,0.96
2021-07-20,Electronics,Smart Speaker,6,930.11,155.02,0,0,0.96
2021-10-24,Electronics,Smart Speaker,10,1503.17,150.32,0,0,0.96
2021-11-10,Electronics,Smart Speaker,13,1929.51,148.42,0,1,0.96
2022-01-02,Electronics,Smart Speaker,17,2547.18,149.83,0,0,0.96
2022-01-10,Electronics,Smart Speaker,15,2052.2,136.81,0,0,0.96
2022-02-22,Electronics,Smart Speaker,13,1756.87,135.14,0,0,0.96
2022-03-07,Electronics,Smart Speaker,15,2100.84,140.06,0,0,0.96
2022-03-27,Electronics,Smart Speaker,19,3043.4,160.18,0,0,0.96
2022-04-13,Electronics,Smart Speaker,10,1642.42,164.24,0,0,0.96
2022-04-21,Electronics,Smart Speaker,18,2517.4,139.86,1,0,0.96
2022-06-22,Electronics,Smart Speaker,18,2477.02,137.61,0,0,0.96
2022-07-07,Electronics,Smart Speaker,17,2420.78,142.4,0,0,0.96
2022-08-09,Electronics,Smart Speaker,15,2308.64,153.91,0,0,0.96
2020-05-24,Groceries,Organic Cereal,306,1543.91,5.05,0,0,1.02
2020-06-22,Groceries,Organic Cereal,312,1484.63,4.76,0,0,1.02
2020-08-13,Groceries,Organic Cereal,305,1530.55,5.02,0,0,1.02
2020-08-16,Groceries,Organic Cereal,403,1998.44,4.96,1,0,1.02
2020-10-26,Groceries,Organic Cereal,355,1845.85,5.2,0,0,1.02
2020-10-29,Groceries,Organic Cereal,408,1959.71,4.8,1,0,1.02
2020-10-31,Groceries,Organic Cereal,335,1652.53,4.93,0,0,1.02
2021-01-24,Groceries,Organic Cereal,335,1682.7,5.02,0,0,1.02
2021-02-03,Groceries,Organic Cereal,333,1737.24,5.22,0,0,1.02
2021-02-27,Groceries,Organic Cereal,342,1701.44,4.97,0,0,1.02
2021-03-03,Groceries,Organic Cereal,362,1615.1,4.46,0,0,1.02
2021-03-09,Groceries,Organic Cereal,299,1664.61,5.57,0,0,1.02
2021-03-12,Groceries,Organic Cereal,440,2150.0,4.89,1,0,1.02
2021-05-10,Groceries,Organic Cereal,335,1637.69,4.89,0,0,1.02
2021-05-31,Groceries,Organic Cereal,346,1681.18,4.86,0,0,1.02
2021-06-28,Groceries,Organic Cereal,374,1869.28,5.0,0,0,1.02
2021-07-19,Groceries,Organic Cereal,416,2151.17,5.17,1,0,1.02
2021-08-11,Groceries,Organic Cereal,368,1966.64,5.34,1,0,1.02
2021-08-20,Groceries,Organic Cereal,373,1728.57,4.63,0,0,1.02
2021-09-10,Groceries,Organic Cereal,349,1682.51,4.82,0,0,1.02
2021-09-11,Groceries,Organic Cereal,357,1759.03,4.93,0,0,1.02
2021-10-22,Groceries,Organic Cereal,347,1735.33,5.0,0,0,1.02
2021-11-12,Groceries,Organic Cereal,431,2037.87,4.73,0,1,1.02
2021-12-02,Groceries,Organic Cereal,445,2060.14,4.63,0,1,1.02
2021-12-09,Groceries,Organic Cereal,430,2030.19,4.72,0,1,1.02
2022-01-17,Groceries,Organic Cereal,338,1632.99,4.83,0,0,1.02
2022-01-29,Groceries,Organic Cereal,423,2087.42,4.93,0,0,1.02
2022-03-27,Groceries,Organic Cereal,372,1956.39,5.26,0,0,1.02
2022-04-03,Groceries,Organic Cereal,351,1764.05,5.03,0,0,1.02
2022-04-08,Groceries,Organic Cereal,312,1730.22,5.55,0,0,1.02
2022-04-09,Groceries,Organic Cereal,369,1830.42,4.96,0,0,1.02
2022-05-06,Groceries,Organic Cereal,420,1914.23,4.56,0,0,1.02
2022-06-06,Groceries,Organic Cereal,359,1702.17,4.74,0,0,1.02
2022-06-13,Groceries,Organic Cereal,315,1635.58,5.19,0,0,1.02
2022-08-03,Groceries,Organic Cereal,302,1725.28,5.71,0,0,1.02
2022-08-12,Groceries,Organic Cereal,290,1556.69,5.37,0,0,1.02
2022-08-20,Groceries,Organic Cereal,361,1881.88,5.21,0,0,1.02
2020-05-24,Books,Business Book,98,2416.94,24.66,0,0,0.9
2020-06-18,Books,Business Book,102,2325.24,22.8,0,0,0.9
2020-07-02,Books,Business Book,81,2001.85,24.71,0,0,0.9
2020-07-12,Books,Business Book,121,3107.08,25.68,1,0,0.9
2020-09-19,Books,Business Book,75,1882.07,25.09,0,0,0.9
2020-09-21,Books,Business Book,76,2030.02,26.71,0,0,0.9
2020-10-16,Books,Business Book,74,1830.85,24.74,0,0,0.9
2020-10-27,Books,Business Book,69,1800.77,26.1,0,0,0.9
2020-12-27,Books,Business Book,144,3602.95,25.02,1,1,0.9
2021-01-18,Books,Business Book,90,2464.8,27.39,0,0,0.9
2021-02-03,Books,Business Book,91,2319.58,25.49,0,0,0.9
2021-03-03,Books,Business Book,91,2347.26,25.79,0,0,0.9
2021-08-04,Books,Business Book,99,2590.09,26.16,0,0,0.9
2021-08-25,Books,Business Book,95,2218.24,23.35,0,0,0.9
2021-09-25,Books,Business Book,112,2786.6,24.88,0,0,0.9
2021-11-02,Books,Business Book,123,2939.52,23.9,0,1,0.9
2021-11-18,Books,Business Book,130,2957.81,22.75,1,1,0.9
2022-01-10,Books,Business Book,72,1830.94,25.43,0,0,0.9
2022-02-08,Books,Business Book,82,2041.6,24.9,0,0,0.9
2022-03-29,Books,Business Book,91,2280.73,25.06,0,0,0.9
2022-04-17,Books,Business Book,155,3636.42,23.46,1,0,0.9
2022-05-20,Books,Business Book,111,2775.63,25.01,0,0,0.9
2022-06-05,Books,Business Book,120,3074.49,25.62,1,0,0.9
2022-06-06,Books,Business Book,79,2085.07,26.39,0,0,0.9
2022-07-01,Books,Business Book,88,2217.03,25.19,0,0,0.9
2020-05-24,Furniture,Office Chair,12,1494.5,124.54,0,0,0.91
2020-06-27,Furniture,Office Chair,14,1574.04,112.43,0,0,0.91
2020-07-14,Furniture,Office Chair,5,607.56,121.51,0,0,0.91
2020-09-14,Furniture,Office Chair,8,964.7,120.59,0,0,0.91
2020-10-08,Furniture,Office Chair,4,524.67,131.17,0,0,0.91
2020-10-17,Furniture,Office Chair,13,1547.63,119.05,0,0,0.91
2020-12-31,Furniture,Office Chair,11,1413.38,128.49,1,1,0.91
2021-04-06,Furniture,Office Chair,8,931.76,116.47,0,0,0.91
2021-06-15,Furniture,Office Chair,9,1127.29,125.25,0,0,0.91
2021-06-26,Furniture,Office Chair,10,1098.65,109.86,0,0,0.91
2021-07-20,Furniture,Office Chair,14,1741.73,124.41,0,0,0.91
2021-09-08,Furniture,Office Chair,10,1196.36,119.64,0,0,0.91
2021-09-17,Furniture,Office Chair,6,654.06,109.01,0,0,0.91
2021-11-27,Furniture,Office Chair,15,1635.96,109.06,0,1,0.91
2022-05-28,Furniture,Office Chair,10,1223.05,122.31,0,0,0.91
2020-05-24,Sports,Yoga Mat,51,2499.5,49.01,0,0,1.06
2020-07-02,Sports,Yoga Mat,30,1395.42,46.51,0,0,1.06
2020-07-25,Sports,Yoga Mat,41,1984.89,48.41,0,0,1.06
2020-08-17,Sports,Yoga Mat,41,1716.24,41.86,0,0,1.06
2020-09-13,Sports,Yoga Mat,45,2092.93,46.51,1,0,1.06
2020-09-24,Sports,Yoga Mat,46,2158.79,46.93,0,0,1.06
2020-10-05,Sports,Yoga Mat,52,2306.65,44.36,1,0,1.06
2020-11-15,Sports,Yoga Mat,59,2579.68,43.72,0,1,1.06
2020-11-25,Sports,Yoga Mat,42,2009.15,47.84,0,1,1.06
2020-12-13,Sports,Yoga Mat,76,3373.32,44.39,0,1,1.06
2021-01-20,Sports,Yoga Mat,39,1615.87,41.43,0,0,1.06
2021-01-31,Sports,Yoga Mat,40,1853.25,46.33,0,0,1.06
2021-02-05,Sports,Yoga Mat,54,2463.49,45.62,0,0,1.06
2021-02-14,Sports,Yoga Mat,52,2356.78,45.32,0,0,1.06
2021-03-23,Sports,Yoga Mat,44,1904.89,43.29,0,0,1.06
2021-05-05,Sports,Yoga Mat,55,2600.3,47.28,1,0,1.06
2021-07-03,Sports,Yoga Mat,35,1497.3,42.78,0,0,1.06
2021-07-31,Sports,Yoga Mat,43,1906.51,44.34,0,0,1.06
2021-10-07,Sports,Yoga Mat,38,1857.29,48.88,0,0,1.06
2021-11-09,Sports,Yoga Mat,59,2532.64,42.93,0,1,1.06
2021-11-18,Sports,Yoga Mat,66,3064.11,46.43,1,1,1.06
2021-12-09,Sports,Yoga Mat,50,2391.61,47.83,0,1,1.06
2022-04-16,Sports,Yoga Mat,61,2640.4,43.29,0,0,1.06
2022-05-23,Sports,Yoga Mat,48,2361.46,49.2,0,0,1.06
2022-07-05,Sports,Yoga Mat,46,2011.36,43.73,0,0,1.06
2022-07-11,Sports,Yoga Mat,44,2066.04,46.96,0,0,1.06
2022-07-21,Sports,Yoga Mat,60,2498.95,41.65,0,0,1.06
2020-05-24,Beauty,Face Serum,167,3381.79,20.25,0,0,0.89
2020-06-22,Beauty,Face Serum,168,3182.98,18.95,0,0,0.89
2020-07-06,Beauty,Face Serum,154,3184.62,20.68,0,0,0.89
2020-07-24,Beauty,Face Serum,190,3699.49,19.47,1,0,0.89
2020-09-05,Beauty,Face Serum,174,3400.02,19.54,0,0,0.89
2020-09-17,Beauty,Face Serum,160,3005.35,18.78,0,0,0.89
2020-11-10,Beauty,Face Serum,196,3980.85,20.31,0,1,0.89
2020-11-16,Beauty,Face Serum,227,4537.27,19.99,1,1,0.89
2020-11-19,Beauty,Face Serum,206,3912.39,18.99,0,1,0.89
2020-11-24,Beauty,Face Serum,189,3872.97,20.49,0,1,0.89
2021-02-21,Beauty,Face Serum,165,3351.24,20.31,0,0,0.89
2021-03-08,Beauty,Face Serum,145,2739.82,18.9,0,0,0.89
2021-07-30,Beauty,Face Serum,191,3675.96,19.25,0,0,0.89
2021-09-14,Beauty,Face Serum,163,3528.34,21.65,0,0,0.89
2021-09-21,Beauty,Face Serum,165,3500.56,21.22,0,0,0.89
2021-10-21,Beauty,Face Serum,157,2865.67,18.25,0,0,0.89
2021-11-11,Beauty,Face Serum,236,4625.5,19.6,0,1,0.89
2021-11-30,Beauty,Face Serum,206,4186.02,20.32,0,1,0.89
2022-01-11,Beauty,Face Serum,174,3219.85,18.5,0,0,0.89
2022-03-28,Beauty,Face Serum,155,3212.54,20.73,0,0,0.89
2022-04-23,Beauty,Face Serum,205,4208.77,20.53,0,0,0.89
2022-07-30,Beauty,Face Serum,255,5215.18,20.45,1,0,0.89
2022-08-09,Beauty,Face Serum,174,3458.92,19.88,0,0,0.89
2020-05-25,Groceries,Organic Cereal,289,1322.72,4.58,0,0,1.15
2020-05-26,Groceries,Organic Cereal,305,1505.56,4.94,0,0,1.15
2020-09-23,Groceries,Organic Cereal,404,2017.3,4.99,1,0,1.15
2020-11-29,Groceries,Organic Cereal,424,2027.39,4.78,0,1,1.15
2021-03-25,Groceries,Organic Cereal,326,1502.03,4.61,0,0,1.15
2021-05-03,Groceries,Organic Cereal,325,1638.57,5.04,0,0,1.15
2021-07-01,Groceries,Organic Cereal,333,1729.53,5.19,0,0,1.15
2021-07-21,Groceries,Organic Cereal,281,1505.81,5.36,0,0,1.15
2021-09-21,Groceries,Organic Cereal,326,1465.24,4.49,0,0,1.15
2022-03-03,Groceries,Organic Cereal,392,2099.2,5.36,1,0,1.15
2022-04-15,Groceries,Organic Cereal,345,1742.02,5.05,0,0,1.15
2022-06-11,Groceries,Organic Cereal,353,1760.57,4.99,0,0,1.15
2022-08-25,Groceries,Organic Cereal,365,1826.12,5.0,0,0,1.15
2020-05-25,Clothing,Running Shoes,64,3645.68,56.96,0,0,0.83
2020-08-21,Clothing,Running Shoes,55,3373.18,61.33,0,0,0.83
2020-10-08,Clothing,Running Shoes,43,2781.01,64.67,0,0,0.83
2020-10-14,Clothing,Running Shoes,44,2753.86,62.59,0,0,0.83
2021-04-10,Clothing,Running Shoes,82,5104.48,62.25,0,0,0.83
2021-05-11,Clothing,Running Shoes,85,5151.2,60.6,0,0,0.83
2021-08-12,Clothing,Running Shoes,58,3413.43,58.85,0,0,0.83
2021-10-21,Clothing,Running Shoes,65,3815.81,58.7,0,0,0.83
2022-02-13,Clothing,Running Shoes,91,5502.53,60.47,1,0,0.83
2022-04-26,Clothing,Running Shoes,89,5362.07,60.25,1,0,0.83
2022-06-05,Clothing,Running Shoes,112,6719.21,59.99,1,0,0.83
2020-05-25,Furniture,Office Chair,8,947.54,118.44,0,0,0.85
2020-11-26,Furniture,Office Chair,6,761.55,126.92,0,1,0.85
2021-02-19,Furniture,Office Chair,6,756.35,126.06,0,0,0.85
2021-05-03,Furniture,Office Chair,10,1207.81,120.78,0,0,0.85
2021-07-30,Furniture,Office Chair,13,1561.58,120.12,0,0,0.85
2021-11-04,Furniture,Office Chair,10,1273.03,127.3,0,1,0.85
2021-12-01,Furniture,Office Chair,13,1602.39,123.26,1,1,0.85
2022-04-20,Furniture,Office Chair,11,1192.36,108.4,0,0,0.85
2022-04-23,Furniture,Office Chair,14,1707.52,121.97,0,0,0.85
2022-06-22,Furniture,Office Chair,10,1103.23,110.32,0,0,0.85
2020-05-25,Toys,Building Blocks,71,2358.61,33.22,0,0,1.05
2020-05-29,Toys,Building Blocks,44,1431.8,32.54,0,0,1.05
2020-07-07,Toys,Building Blocks,48,1634.98,34.06,0,0,1.05
2020-08-21,Toys,Building Blocks,52,1821.64,35.03,0,0,1.05
2020-11-20,Toys,Building Blocks,64,2156.7,33.7,0,1,1.05
2020-12-30,Toys,Building Blocks,75,2644.49,35.26,0,1,1.05
2021-01-01,Toys,Building Blocks,47,1717.47,36.54,0,0,1.05
2021-01-31,Toys,Building Blocks,53,1817.89,34.3,0,0,1.05
2021-02-06,Toys,Building Blocks,54,1983.35,36.73,0,0,1.05
2021-05-02,Toys,Building Blocks,55,2076.98,37.76,0,0,1.05
2021-06-04,Toys,Building Blocks,68,2301.99,33.85,0,0,1.05
2021-07-21,Toys,Building Blocks,54,1770.08,32.78,0,0,1.05
2021-07-31,Toys,Building Blocks,57,1968.63,34.54,0,0,1.05
2021-12-23,Toys,Building Blocks,78,2463.84,31.59,0,1,1.05
2022-01-31,Toys,Building Blocks,52,1711.85,32.92,0,0,1.05
2022-03-30,Toys,Building Blocks,78,2635.45,33.79,1,0,1.05
2022-05-04,Toys,Building Blocks,72,2527.08,35.1,0,0,1.05
2022-05-05,Toys,Building Blocks,70,2413.74,34.48,1,0,1.05
2022-05-30,Toys,Building Blocks,71,2494.86,35.14,1,0,1.05
2022-06-12,Toys,Building Blocks,56,1881.18,33.59,0,0,1.05
2020-05-26,Electronics,Smart Speaker,11,1647.3,149.75,0,0,0.95
2020-07-21,Electronics,Smart Speaker,10,1411.17,141.12,0,0,0.95
2020-11-10,Electronics,Smart Speaker,10,1557.68,155.77,0,1,0.95
2020-11-26,Electronics,Smart Speaker,21,3144.8,149.75,0,1,0.95
2020-11-30,Electronics,Smart Speaker,12,1707.33,142.28,0,1,0.95
2021-01-14,Electronics,Smart Speaker,16,2350.62,146.91,0,0,0.95
2021-02-23,Electronics,Smart Speaker,12,1667.06,138.92,0,0,0.95
2021-04-08,Electronics,Smart Speaker,15,2103.38,140.23,1,0,0.95
2021-05-14,Electronics,Smart Speaker,16,2404.67,150.29,0,0,0.95
2021-06-06,Electronics,Smart Speaker,6,875.12,145.85,0,0,0.95
2021-06-09,Electronics,Smart Speaker,11,1736.84,157.89,0,0,0.95
2021-09-02,Electronics,Smart Speaker,16,2364.88,147.8,0,0,0.95
2021-10-02,Electronics,Smart Speaker,13,1925.59,148.12,0,0,0.95
2021-10-27,Electronics,Smart Speaker,8,1295.43,161.93,0,0,0.95
2021-11-14,Electronics,Smart Speaker,19,2929.85,154.2,0,1,0.95
2021-11-23,Electronics,Smart Speaker,14,1957.6,139.83,1,1,0.95
2021-12-24,Electronics,Smart Speaker,17,2528.09,148.71,0,1,0.95
2022-01-06,Electronics,Smart Speaker,13,1861.76,143.21,0,0,0.95
2022-01-16,Electronics,Smart Speaker,14,2326.19,166.16,0,0,0.95
2022-04-24,Electronics,Smart Speaker,8,1148.5,143.56,0,0,0.95
2022-05-01,Electronics,Smart Speaker,11,1677.77,152.52,0,0,0.95
2022-05-10,Electronics,Smart Speaker,13,1834.29,141.1,0,0,0.95
2022-05-24,Electronics,Smart Speaker,15,2185.8,145.72,0,0,0.95
2022-06-25,Electronics,Smart Speaker,14,2232.96,159.5,0,0,0.95
2022-07-10,Electronics,Smart Speaker,14,2006.16,143.3,0,0,0.95
2022-07-14,Electronics,Smart Speaker,14,1941.07,138.65,0,0,0.95
2022-07-21,Electronics,Smart Speaker,10,1490.26,149.03,0,0,0.95
2022-08-10,Electronics,Smart Speaker,15,2222.65,148.18,1,0,0.95
2022-08-19,Electronics,Smart Speaker,15,2295.86,153.06,0,0,0.95
