data/raw/sales.csv
date,category,product,units_sold,revenue,product_price,promo_flag,is_holiday_season,category_popularity_30d
2020-05-26,Clothing,Running Shoes,48,3059.44,63.74,0,0,0.79
2020-08-12,Clothing,Running Shoes,79,4741.7,60.02,1,0,0.79
2020-11-04,Clothing,Running Shoes,82,4714.0,57.49,0,1,0.79
2021-07-21,Clothing,Running Shoes,69,3922.13,56.84,0,0,0.79
2021-09-09,Clothing,Running Shoes,66,4236.5,64.19,0,0,0.79
2021-10-17,Clothing,Running Shoes,79,4271.52,54.07,0,0,0.79
2021-10-26,Clothing,Running Shoes,83,4624.98,55.72,0,0,0.79
2021-11-18,Clothing,Running Shoes,117,7091.11,60.61,1,1,0.79
2022-09-03,Clothing,Running Shoes,81,4781.88,59.04,0,0,0.79
2020-05-26,Furniture,Office Chair,4,502.46,125.61,0,0,1.13
2020-06-26,Furniture,Office Chair,6,661.36,110.23,0,0,1.13
2020-07-29,Furniture,Office Chair,4,434.18,108.54,0,0,1.13
2020-10-19,Furniture,Office Chair,5,586.31,117.26,0,0,1.13
2020-12-25,Furniture,Office Chair,14,1602.1,114.44,0,1,1.13
2021-03-14,Furniture,Office Chair,8,982.21,122.78,1,0,1.13
2021-03-18,Furniture,Office Chair,10,1213.59,121.36,1,0,1.13
2021-06-18,Furniture,Office Chair,8,988.78,123.6,0,0,1.13
2021-07-04,Furniture,Office Chair,7,885.5,126.5,0,0,1.13
2021-07-07,Furniture,Office Chair,10,1160.09,116.01,0,0,1.13
2021-07-27,Furniture,Office Chair,6,655.55,109.26,1,0,1.13
2021-08-13,Furniture,Office Chair,8,968.73,121.09,0,0,1.13
2021-09-19,Furniture,Office Chair,7,886.51,126.64,0,0,1.13
2021-10-17,Furniture,Office Chair,5,643.76,128.75,0,0,1.13
2021-11-07,Furniture,Office Chair,13,1643.1,126.39,0,1,1.13
2021-12-18,Furniture,Office Chair,17,1849.87,108.82,0,1,1.13
2022-01-22,Furniture,Office Chair,12,1379.74,114.98,0,0,1.13
2022-04-03,Furniture,Office Chair,11,1269.96,115.45,0,0,1.13
2022-08-08,Furniture,Office Chair,14,1781.92,127.28,1,0,1.13
2020-05-26,Toys,Building Blocks,42,1477.26,35.17,0,0,0.99
2020-06-27,Toys,Building Blocks,56,1914.4,34.19,0,0,0.99
2020-07-01,Toys,Building Blocks,49,1749.98,35.71,0,0,0.99
2020-07-03,Toys,Building Blocks,52,1909.85,36.73,0,0,0.99
2020-07-10,Toys,Building Blocks,58,2088.06,36.0,1,0,0.99
2020-07-16,Toys,Building Blocks,53,1864.12,35.17,0,0,0.99
2020-07-17,Toys,Building Blocks,56,1956.15,34.93,0,0,0.99
2020-09-15,Toys,Building Blocks,54,1917.1,35.5,0,0,0.99
2020-12-19,Toys,Building Blocks,81,2843.01,35.1,0,1,0.99
2020-12-28,Toys,Building Blocks,53,2083.49,39.31,0,1,0.99
2021-01-08,Toys,Building Blocks,57,1856.67,32.57,0,0,0.99
2021-01-16,Toys,Building Blocks,60,1984.04,33.07,0,0,0.99
2021-02-01,Toys,Building Blocks,46,1660.51,36.1,0,0,0.99
2021-04-21,Toys,Building Blocks,59,1777.66,30.13,0,0,0.99
2021-05-25,Toys,Building Blocks,59,2029.77,34.4,0,0,0.99
2021-06-06,Toys,Building Blocks,55,1890.36,34.37,0,0,0.99
2021-06-11,Toys,Building Blocks,61,2198.66,36.04,1,0,0.99
2021-06-27,Toys,Building Blocks,61,2423.32,39.73,1,0,0.99
2021-06-30,Toys,Building Blocks,52,1887.76,36.3,0,0,0.99
2021-07-29,Toys,Building Blocks,69,2538.78,36.79,1,0,0.99
2021-07-30,Toys,Building Blocks,52,2040.71,39.24,0,0,0.99
2021-09-11,Toys,Building Blocks,61,2154.1,35.31,0,0,0.99
2021-09-20,Toys,Building Blocks,65,2092.36,32.19,0,0,0.99
2021-11-17,Toys,Building Blocks,80,2570.67,32.13,0,1,0.99
2021-11-25,Toys,Building Blocks,76,2593.32,34.12,0,1,0.99
2022-02-06,Toys,Building Blocks,77,2411.1,31.31,0,0,0.99
2022-03-17,Toys,Building Blocks,63,2010.66,31.92,0,0,0.99
2022-03-27,Toys,Building Blocks,68,2208.23,32.47,0,0,0.99
2022-03-28,Toys,Building Blocks,47,1685.37,35.86,0,0,0.99
2022-04-14,Toys,Building Blocks,58,2166.64,37.36,0,0,0.99
2022-04-17,Toys,Building Blocks,67,2367.4,35.33,1,0,0.99
2022-05-06,Toys,Building Blocks,68,2357.82,34.67,0,0,0.99
2022-05-22,Toys,Building Blocks,58,2207.83,38.07,0,0,0.99
2022-06-07,Toys,Building Blocks,76,2695.17,35.46,1,0,0.99
2022-06-24,Toys,Building Blocks,53,2023.43,38.18,0,0,0.99
2022-06-25,Toys,Building Blocks,75,2629.08,35.05,0,0,0.99
2022-07-11,Toys,Building Blocks,52,1744.35,33.55,0,0,0.99
2022-08-02,Toys,Building Blocks,64,2279.74,35.62,0,0,0.99
2022-08-17,Toys,Building Blocks,52,1986.54,38.2,0,0,0.99
2022-08-19,Toys,Building Blocks,61,1953.53,32.03,0,0,0.99
2020-05-27,Groceries,Organic Cereal,291,1478.73,5.08,0,0,0.87
2020-07-24,Groceries,Organic Cereal,371,1778.93,4.79,1,0,0.87
2020-08-01,Groceries,Organic Cereal,334,1721.66,5.15,0,0,0.87
2020-08-14,Groceries,Organic Cereal,365,1791.18,4.91,1,0,0.87
2020-10-07,Groceries,Organic Cereal,280,1421.56,5.08,0,0,0.87
2020-11-04,Groceries,Organic Cereal,381,1869.22,4.91,0,1,0.87
2020-12-22,Groceries,Organic Cereal,329,1819.31,5.53,0,1,0.87
2020-12-23,Groceries,Organic Cereal,364,1798.48,4.94,0,1,0.87
2021-04-12,Groceries,Organic Cereal,307,1481.49,4.83,0,0,0.87
2021-04-26,Groceries,Organic Cereal,317,1674.84,5.28,0,0,0.87
2021-04-28,Groceries,Organic Cereal,424,2050.26,4.84,1,0,0.87
2021-05-25,Groceries,Organic Cereal,337,1572.97,4.67,0,0,0.87
2021-06-16,Groceries,Organic Cereal,332,1759.08,5.3,0,0,0.87
2021-06-24,Groceries,Organic Cereal,341,1724.5,5.06,0,0,0.87
2021-09-24,Groceries,Organic Cereal,348,1592.41,4.58,0,0,0.87
2021-10-30,Groceries,Organic Cereal,310,1605.71,5.18,0,0,0.87
2022-02-01,Groceries,Organic Cereal,346,1866.82,5.4,0,0,0.87
2022-03-06,Groceries,Organic Cereal,445,2264.33,5.09,1,0,0.87
2022-03-28,Groceries,Organic Cereal,365,1794.43,4.92,0,0,0.87
2022-03-31,Groceries,Organic Cereal,313,1636.77,5.23,0,0,0.87
2022-06-17,Groceries,Organic Cereal,350,1700.04,4.86,0,0,0.87
2020-05-27,Clothing,Running Shoes,56,3272.18,58.43,0,0,1.1
2020-07-05,Clothing,Running Shoes,81,4406.43,54.4,0,0,1.1
2020-08-03,Clothing,Running Shoes,57,3323.91,58.31,0,0,1.1
2020-08-08,Clothing,Running Shoes,65,4021.05,61.86,0,0,1.1
2021-05-24,Clothing,Running Shoes,51,3215.3,63.05,0,0,1.1
2021-07-10,Clothing,Running Shoes,65,3812.21,58.65,0,0,1.1
2021-08-07,Clothing,Running Shoes,84,5481.56,65.26,1,0,1.1
2021-08-16,Clothing,Running Shoes,59,3631.99,61.56,0,0,1.1
2022-02-11,Clothing,Running Shoes,85,4967.68,58.44,1,0,1.1
2022-04-04,Clothing,Running Shoes,99,5906.36,59.66,1,0,1.1
2022-04-16,Clothing,Running Shoes,75,4557.94,60.77,0,0,1.1
2022-08-21,Clothing,Running Shoes,81,5188.24,64.05,0,0,1.1
2020-05-27,Books,Business Book,90,2074.88,23.05,0,0,1.06
2020-06-23,Books,Business Book,109,2761.13,25.33,1,0,1.06
2020-07-04,Books,Business Book,77,1927.57,25.03,0,0,1.06
2020-09-07,Books,Business Book,102,2518.3,24.69,0,0,1.06
2020-09-09,Books,Business Book,64,1601.77,25.03,0,0,1.06
2020-10-08,Books,Business Book,69,1883.2,27.29,0,0,1.06
2020-12-09,Books,Business Book,84,2134.1,25.41,0,1,1.06
2020-12-15,Books,Business Book,137,3520.46,25.7,1,1,1.06
2021-03-12,Books,Business Book,111,2873.84,25.89,1,0,1.06
2021-04-06,Books,Business Book,81,2071.17,25.57,0,0,1.06
2021-05-02,Books,Business Book,89,2187.45,24.58,0,0,1.06
2021-05-17,Books,Business Book,83,1952.92,23.53,0,0,1.06
2021-07-08,Books,Business Book,89,2190.89,24.62,0,0,1.06
2021-08-06,Books,Business Book,89,2314.18,26.0,0,0,1.06
2021-08-28,Books,Business Book,101,2306.39,22.84,0,0,1.06
2021-11-19,Books,Business Book,94,2573.05,27.37,0,1,1.06
2021-11-26,Books,Business Book,137,3304.39,24.12,0,1,1.06
2022-01-05,Books,Business Book,99,2276.24,22.99,0,0,1.06
2022-01-08,Books,Business Book,118,2780.48,23.56,0,0,1.06
2022-02-25,Books,Business Book,61,1762.62,28.9,0,0,1.06
2022-03-09,Books,Business Book,84,2063.24,24.56,0,0,1.06
2022-04-11,Books,Business Book,97,2454.79,25.31,0,0,1.06
2022-04-14,Books,Business Book,90,2383.03,26.48,0,0,1.06
2022-04-21,Books,Business Book,126,2990.39,23.73,1,0,1.06
2022-06-21,Books,Business Book,90,2350.88,26.12,1,0,1.06
2022-07-06,Books,Business Book,103,2390.82,23.21,0,0,1.06
2022-07-17,Books,Business Book,88,2377.78,27.02,0,0,1.06
2022-07-26,Books,Business Book,111,2741.23,24.7,0,0,1.06
2022-08-11,Books,Business Book,89,2402.18,26.99,0,0,1.06
2022-08-21,Books,Business Book,115,2857.22,24.85,0,0,1.06
2022-09-01,Books,Business Book,93,2268.08,24.39,0,0,1.06
2022-09-08,Books,Business Book,101,2479.06,24.55,0,0,1.06
2020-05-27,Furniture,Office Chair,9,967.58,107.51,0,0,1.17
2020-11-07,Furniture,Office Chair,13,1521.29,117.02,1,1,1.17
2020-12-19,Furniture,Office Chair,6,722.37,120.39,0,1,1.17
2021-03-31,Furniture,Office Chair,8,1082.21,135.28,0,0,1.17
2021-05-23,Furniture,Office Chair,7,839.1,119.87,0,0,1.17
2021-07-22,Furniture,Office Chair,14,1557.59,111.26,0,0,1.17
2021-08-01,Furniture,Office Chair,14,1579.44,112.82,0,0,1.17
2021-08-22,Furniture,Office Chair,10,1236.71,123.67,0,0,1.17
2021-10-06,Furniture,Office Chair,6,767.38,127.9,0,0,1.17
2021-10-21,Furniture,Office Chair,16,1898.73,118.67,0,0,1.17
2022-04-21,Furniture,Office Chair,15,1730.45,115.36,1,0,1.17
2020-05-27,Toys,Building Blocks,52,1848.01,35.54,0,0,0.83
2020-06-09,Toys,Building Blocks,48,1802.6,37.55,1,0,0.83
2020-07-12,Toys,Building Blocks,69,2427.03,35.17,1,0,0.83
2020-08-03,Toys,Building Blocks,54,1846.57,34.2,0,0,0.83
2020-09-23,Toys,Building Blocks,59,2128.19,36.07,1,0,0.83
2020-11-14,Toys,Building Blocks,46,1612.76,35.06,0,1,0.83
2020-11-22,Toys,Building Blocks,74,2554.27,34.52,0,1,0.83
2020-12-26,Toys,Building Blocks,83,2911.72,35.08,0,1,0.83
2021-07-01,Toys,Building Blocks,69,2310.73,33.49,0,0,0.83
2021-08-23,Toys,Building Blocks,55,1842.1,33.49,0,0,0.83
2021-10-23,Toys,Building Blocks,53,1847.27,34.85,0,0,0.83
2021-10-31,Toys,Building Blocks,75,2633.04,35.11,1,0,0.83
2022-03-15,Toys,Building Blocks,51,1907.33,37.4,0,0,0.83
2022-06-10,Toys,Building Blocks,43,1499.38,34.87,0,0,0.83
2020-05-27,Beauty,Face Serum,140,2827.42,20.2,0,0,0.9
2020-06-12,Beauty,Face Serum,147,2957.58,20.12,0,0,0.9
2020-08-25,Beauty,Face Serum,179,3493.33,19.52,0,0,0.9
2020-10-12,Beauty,Face Serum,156,3134.71,20.09,0,0,0.9
2021-01-07,Beauty,Face Serum,162,3316.64,20.47,0,0,0.9
2021-04-09,Beauty,Face Serum,158,3155.93,19.97,0,0,0.9
2021-05-02,Beauty,Face Serum,183,3520.51,19.24,0,0,0.9
2021-07-20,Beauty,Face Serum,176,3358.25,19.08,0,0,0.9
2021-09-04,Beauty,Face Serum,165,3191.41,19.34,0,0,0.9
2021-11-01,Beauty,Face Serum,195,4407.18,22.6,0,1,0.9
2021-11-14,Beauty,Face Serum,244,4616.01,18.92,0,1,0.9
2022-01-16,Beauty,Face Serum,201,4024.3,20.02,0,0,0.9
2022-01-25,Beauty,Face Serum,171,3595.47,21.03,0,0,0.9
2022-04-02,Beauty,Face Serum,162,3189.7,19.69,0,0,0.9
2022-05-28,Beauty,Face Serum,206,4191.14,20.35,0,0,0.9
2022-06-12,Beauty,Face Serum,215,4095.07,19.05,0,0,0.9
2022-08-11,Beauty,Face Serum,177,3503.82,19.8,0,0,0.9
2022-08-13,Beauty,Face Serum,218,4301.05,19.73,0,0,0.9
2022-08-28,Beauty,Face Serum,208,4076.26,19.6,0,0,0.9
2022-08-31,Beauty,Face Serum,166,3653.91,22.01,0,0,0.9
2022-09-04,Beauty,Face Serum,192,3743.36,19.5,0,0,0.9
2020-05-28,Electronics,Smart Speaker,11,1611.3,146.48,0,0,1.05
2020-06-12,Electronics,Smart Speaker,10,1504.25,150.42,0,0,1.05
2020-06-29,Electronics,Smart Speaker,10,1571.48,157.15,1,0,1.05
2020-07-26,Electronics,Smart Speaker,9,1345.55,149.51,0,0,1.05
2020-07-30,Electronics,Smart Speaker,8,1225.94,153.24,0,0,1.05
2020-07-31,Electronics,Smart Speaker,8,1258.71,157.34,0,0,1.05
2020-08-05,Electronics,Smart Speaker,9,1361.65,151.29,0,0,1.05
2020-08-08,Electronics,Smart Speaker,13,1960.76,150.83,0,0,1.05
2020-10-03,Electronics,Smart Speaker,11,1572.45,142.95,0,0,1.05
2020-10-11,Electronics,Smart Speaker,16,2352.18,147.01,1,0,1.05
2020-12-04,Electronics,Smart Speaker,14,2045.11,146.08,1,1,1.05
2020-12-07,Electronics,Smart Speaker,13,1929.32,148.41,0,1,1.05
2020-12-23,Electronics,Smart Speaker,16,2397.1,149.82,0,1,1.05
2021-02-09,Electronics,Smart Speaker,16,2102.78,131.42,1,0,1.05
2021-02-16,Electronics,Smart Speaker,11,1890.66,171.88,0,0,1.05
2021-02-27,Electronics,Smart Speaker,14,2032.78,145.2,0,0,1.05
2021-04-07,Electronics,Smart Speaker,12,1774.33,147.86,0,0,1.05
2021-05-21,Electronics,Smart Speaker,14,2084.38,148.88,1,0,1.05
2021-07-15,Electronics,Smart Speaker,11,1609.37,146.31,0,0,1.05
2021-07-27,Electronics,Smart Speaker,21,3373.48,160.64,1,0,1.05
2021-08-15,Electronics,Smart Speaker,15,2121.47,141.43,0,0,1.05
2021-09-01,Electronics,Smart Speaker,11,1684.54,153.14,0,0,1.05
2021-10-07,Electronics,Smart Speaker,8,1110.83,138.85,0,0,1.05
2021-10-19,Electronics,Smart Speaker,15,2296.43,153.1,0,0,1.05
2021-10-29,Electronics,Smart Speaker,10,1515.77,151.58,0,0,1.05
2021-11-01,Electronics,Smart Speaker,12,1683.99,140.33,0,1,1.05
2021-12-12,Electronics,Smart Speaker,13,1903.94,146.46,0,1,1.05
2021-12-28,Electronics,Smart Speaker,10,1637.54,163.75,0,1,1.05
2022-02-17,Electronics,Smart Speaker,13,1986.77,152.83,0,0,1.05
2022-03-13,Electronics,Smart Speaker,15,2366.74,157.78,0,0,1.05
2022-04-18,Electronics,Smart Speaker,16,2284.45,142.78,0,0,1.05
2022-07-06,Electronics,Smart Speaker,13,1863.55,143.35,0,0,1.05
2022-07-08,Electronics,Smart Speaker,8,1226.89,153.36,0,0,1.05
2022-07-27,Electronics,Smart Speaker,7,1167.17,166.74,0,0,1.05
2022-09-06,Electronics,Smart Speaker,14,2025.43,144.67,1,0,1.05
2020-05-28,Furniture,Office Chair,9,997.7,110.86,0,0,0.92
2020-06-24,Furniture,Office Chair,8,970.23,121.28,0,0,0.92
2020-07-01,Furniture,Office Chair,9,1108.2,123.13,0,0,0.92
2020-10-21,Furniture,Office Chair,11,1456.87,132.44,0,0,0.92
2020-11-18,Furniture,Office Chair,13,1574.27,121.1,1,1,0.92
2021-02-03,Furniture,Office Chair,7,795.03,113.58,0,0,0.92
2021-02-11,Furniture,Office Chair,7,862.18,123.17,0,0,0.92
2021-02-22,Furniture,Office Chair,5,592.69,118.54,0,0,0.92
2021-05-14,Furniture,Office Chair,5,602.07,120.41,0,0,0.92
2021-05-31,Furniture,Office Chair,7,864.88,123.55,0,0,0.92
2021-07-15,Furniture,Office Chair,10,1334.44,133.44,0,0,0.92
2021-08-09,Furniture,Office Chair,12,1447.64,120.64,1,0,0.92
2021-08-21,Furniture,Office Chair,17,2026.94,119.23,0,0,0.92
2021-09-10,Furniture,Office Chair,11,1341.24,121.93,0,0,0.92
2021-09-28,Furniture,Office Chair,11,1269.47,115.41,0,0,0.92
2021-11-08,Furniture,Office Chair,6,732.46,122.08,0,1,0.92
2021-11-26,Furniture,Office Chair,11,1151.73,104.7,0,1,0.92
2022-01-29,Furniture,Office Chair,8,1060.17,132.52,0,0,0.92
2022-04-11,Furniture,Office Chair,6,774.03,129.0,0,0,0.92
2022-05-02,Furniture,Office Chair,7,866.89,123.84,0,0,0.92
2022-05-06,Furniture,Office Chair,13,1699.92,130.76,0,0,0.92
2022-06-02,Furniture,Office Chair,8,894.56,111.82,0,0,0.92
2022-07-18,Furniture,Office Chair,10,1191.54,119.15,0,0,0.92
2022-08-20,Furniture,Office Chair,10,1085.82,108.58,0,0,0.92
2020-05-28,Toys,Building Blocks,33,1190.09,36.06,0,0,0.85
2020-10-22,Toys,Building Blocks,75,2364.87,31.53,1,0,0.85
2020-11-09,Toys,Building Blocks,78,2576.29,33.03,1,1,0.85
2020-11-24,Toys,Building Blocks,65,2369.06,36.45,0,1,0.85
2020-12-07,Toys,Building Blocks,71,2523.98,35.55,0,1,0.85
2021-04-25,Toys,Building Blocks,48,1758.74,36.64,0,0,0.85
2021-07-23,Toys,Building Blocks,65,2245.49,34.55,0,0,0.85
2021-10-11,Toys,Building Blocks,53,1905.53,35.95,0,0,0.85
2022-03-14,Toys,Building Blocks,45,1663.73,36.97,0,0,0.85
2022-05-19,Toys,Building Blocks,48,1611.14,33.57,0,0,0.85
2020-05-29,Groceries,Organic Cereal,297,1564.04,5.27,0,0,1.01
2020-06-01,Groceries,Organic Cereal,294,1457.72,4.96,0,0,1.01
2020-06-19,Groceries,Organic Cereal,278,1487.11,5.35,0,0,1.01
2020-06-25,Groceries,Organic Cereal,272,1351.07,4.97,0,0,1.01
2020-09-05,Groceries,Organic Cereal,357,1804.83,5.06,0,0,1.01
2020-09-20,Groceries,Organic Cereal,352,1730.34,4.92,0,0,1.01
2020-10-15,Groceries,Organic Cereal,299,1544.53,5.17,0,0,1.01
2020-10-24,Groceries,Organic Cereal,326,1736.16,5.33,0,0,1.01
2020-11-02,Groceries,Organic Cereal,404,2103.27,5.21,0,1,1.01
2020-11-16,Groceries,Organic Cereal,467,2351.3,5.03,1,1,1.01
2021-01-22,Groceries,Organic Cereal,331,1704.21,5.15,0,0,1.01
2021-02-13,Groceries,Organic Cereal,439,2263.85,5.16,1,0,1.01
2021-02-25,Groceries,Organic Cereal,300,1572.89,5.24,0,0,1.01
2021-04-16,Groceries,Organic Cereal,339,1635.74,4.83,0,0,1.01
2021-04-22,Groceries,Organic Cereal,375,1784.88,4.76,0,0,1.01
2021-06-22,Groceries,Organic Cereal,305,1577.16,5.17,0,0,1.01
2021-08-08,Groceries,Organic Cereal,345,1815.09,5.26,0,0,1.01
2021-08-12,Groceries,Organic Cereal,346,1556.11,4.5,0,0,1.01
2021-10-08,Groceries,Organic Cereal,339,1630.13,4.81,0,0,1.01
2021-10-09,Groceries,Organic Cereal,341,1747.95,5.13,0,0,1.01
2021-10-28,Groceries,Organic Cereal,339,1781.59,5.26,0,0,1.01
2021-12-18,Groceries,Organic Cereal,427,2130.7,4.99,0,1,1.01
2022-01-20,Groceries,Organic Cereal,358,1749.13,4.89,0,0,1.01
2022-02-05,Groceries,Organic Cereal,360,1994.86,5.54,0,0,1.01
2022-02-17,Groceries,Organic Cereal,346,1578.91,4.56,0,0,1.01
2022-03-01,Groceries,Organic Cereal,444,2274.18,5.12,1,0,1.01
2022-03-08,Groceries,Organic Cereal,309,1661.7,5.38,0,0,1.01
2022-05-01,Groceries,Organic Cereal,381,1956.86,5.14,0,0,1.01
2022-05-10,Groceries,Organic Cereal,357,1833.09,5.13,0,0,1.01
2022-07-21,Groceries,Organic Cereal,363,1891.87,5.21,0,0,1.01
2022-08-26,Groceries,Organic Cereal,391,1792.77,4.59,0,0,1.01
