data/raw/sales.csv
date,category,product,units_sold,revenue,product_price,promo_flag,is_holiday_season,category_popularity_30d
2020-05-29,Books,Business Book,103,2378.46,23.09,0,0,0.99
2020-08-06,Books,Business Book,92,2230.15,24.24,0,0,0.99
2020-10-15,Books,Business Book,89,2175.56,24.44,0,0,0.99
2020-11-01,Books,Business Book,111,2920.47,26.31,0,1,0.99
2020-12-08,Books,Business Book,109,2634.48,24.17,0,1,0.99
2021-01-10,Books,Business Book,99,2436.76,24.61,0,0,0.99
2021-01-14,Books,Business Book,96,2316.53,24.13,0,0,0.99
2021-02-18,Books,Business Book,86,2143.57,24.93,0,0,0.99
2021-02-27,Books,Business Book,102,2423.68,23.76,0,0,0.99
2021-04-05,Books,Business Book,83,2190.1,26.39,0,0,0.99
2021-04-18,Books,Business Book,117,2866.49,24.5,1,0,0.99
2021-04-23,Books,Business Book,96,2241.38,23.35,0,0,0.99
2021-07-05,Books,Business Book,91,2269.32,24.94,0,0,0.99
2021-10-05,Books,Business Book,92,2330.63,25.33,1,0,0.99
2021-11-08,Books,Business Book,97,2401.53,24.76,0,1,0.99
2021-12-18,Books,Business Book,111,2904.08,26.16,0,1,0.99
2021-12-19,Books,Business Book,112,2742.6,24.49,0,1,0.99
2022-02-03,Books,Business Book,100,2323.83,23.24,0,0,0.99
2022-03-02,Books,Business Book,76,2038.5,26.82,0,0,0.99
2022-06-10,Books,Business Book,74,1878.64,25.39,0,0,0.99
2022-06-30,Books,Business Book,108,2686.71,24.88,1,0,0.99
2022-07-03,Books,Business Book,127,3150.89,24.81,1,0,0.99
2022-08-02,Books,Business Book,74,1914.41,25.87,0,0,0.99
2022-08-10,Books,Business Book,116,2839.79,24.48,1,0,0.99
2022-08-25,Books,Business Book,79,2046.67,25.91,0,0,0.99
2022-08-30,Books,Business Book,89,2264.81,25.45,0,0,0.99
2022-08-31,Books,Business Book,77,2036.59,26.45,0,0,0.99
2020-05-29,Sports,Yoga Mat,47,2004.76,42.65,0,0,1.13
2020-06-13,Sports,Yoga Mat,42,1814.16,43.19,0,0,1.13
2020-10-25,Sports,Yoga Mat,33,1514.87,45.91,0,0,1.13
2021-01-01,Sports,Yoga Mat,49,2132.67,43.52,0,0,1.13
2021-01-02,Sports,Yoga Mat,50,2070.85,41.42,0,0,1.13
2021-02-23,Sports,Yoga Mat,37,1629.91,44.05,0,0,1.13
2021-03-20,Sports,Yoga Mat,53,2663.21,50.25,0,0,1.13
2021-07-19,Sports,Yoga Mat,49,2233.71,45.59,1,0,1.13
2021-08-08,Sports,Yoga Mat,39,1944.97,49.87,0,0,1.13
2021-08-11,Sports,Yoga Mat,58,2729.48,47.06,1,0,1.13
2021-08-16,Sports,Yoga Mat,52,2279.92,43.84,0,0,1.13
2021-12-07,Sports,Yoga Mat,59,2796.9,47.41,0,1,1.13
2022-01-11,Sports,Yoga Mat,57,2486.16,43.62,0,0,1.13
2022-01-19,Sports,Yoga Mat,39,1750.69,44.89,0,0,1.13
2022-04-17,Sports,Yoga Mat,53,2419.96,45.66,1,0,1.13
2022-05-14,Sports,Yoga Mat,37,1675.33,45.28,0,0,1.13
2022-06-05,Sports,Yoga Mat,74,3323.24,44.91,1,0,1.13
2022-06-18,Sports,Yoga Mat,64,2827.31,44.18,0,0,1.13
2022-06-21,Sports,Yoga Mat,58,2554.29,44.04,1,0,1.13
2022-07-29,Sports,Yoga Mat,56,2421.19,43.24,1,0,1.13
2022-08-25,Sports,Yoga Mat,42,1983.42,47.22,0,0,1.13
2020-05-30,Electronics,Smart Speaker,8,1216.02,152.0,0,0,1.09
2020-06-23,Electronics,Smart Speaker,13,1991.76,153.21,1,0,1.09
2020-07-19,Electronics,Smart Speaker,18,2909.81,161.66,0,0,1.09
2020-12-31,Electronics,Smart Speaker,16,2395.85,149.74,1,1,1.09
2021-01-07,Electronics,Smart Speaker,7,1032.48,147.5,0,0,1.09
2021-04-19,Electronics,Smart Speaker,17,2594.34,152.61,0,0,1.09
2021-05-04,Electronics,Smart Speaker,13,2077.74,159.83,1,0,1.09
2021-05-24,Electronics,Smart Speaker,6,899.13,149.86,0,0,1.09
2021-06-05,Electronics,Smart Speaker,4,608.03,152.01,0,0,1.09
2021-06-18,Electronics,Smart Speaker,15,2286.77,152.45,0,0,1.09
2021-07-08,Electronics,Smart Speaker,18,2647.76,147.1,0,0,1.09
2021-07-14,Electronics,Smart Speaker,13,2049.32,157.64,0,0,1.09
2021-08-23,Electronics,Smart Speaker,9,1444.08,160.45,0,0,1.09
2022-01-09,Electronics,Smart Speaker,14,2052.91,146.64,0,0,1.09
2022-02-01,Electronics,Smart Speaker,15,2299.06,153.27,0,0,1.09
2022-02-14,Electronics,Smart Speaker,8,1271.4,158.92,0,0,1.09
2022-03-05,Electronics,Smart Speaker,19,2933.72,154.41,0,0,1.09
2022-03-14,Electronics,Smart Speaker,20,3164.88,158.24,0,0,1.09
2022-04-02,Electronics,Smart Speaker,16,2336.1,146.01,0,0,1.09
2022-06-02,Electronics,Smart Speaker,17,2464.7,144.98,0,0,1.09
2022-06-08,Electronics,Smart Speaker,17,2359.99,138.82,0,0,1.09
2022-06-24,Electronics,Smart Speaker,17,2552.25,150.13,0,0,1.09
2022-06-26,Electronics,Smart Speaker,8,1237.1,154.64,0,0,1.09
2022-07-13,Electronics,Smart Speaker,15,2085.12,139.01,0,0,1.09
2020-05-30,Groceries,Organic Cereal,365,1832.51,5.02,0,0,1.11
2020-07-31,Groceries,Organic Cereal,295,1519.64,5.15,0,0,1.11
2020-08-11,Groceries,Organic Cereal,385,1849.94,4.81,1,0,1.11
2020-09-04,Groceries,Organic Cereal,361,1911.51,5.3,1,0,1.11
2020-12-08,Groceries,Organic Cereal,381,2030.23,5.33,0,1,1.11
2020-12-29,Groceries,Organic Cereal,352,1893.36,5.38,0,1,1.11
2021-01-15,Groceries,Organic Cereal,328,1638.34,4.99,0,0,1.11
2021-02-12,Groceries,Organic Cereal,377,1664.67,4.42,0,0,1.11
2021-06-12,Groceries,Organic Cereal,397,1830.17,4.61,0,0,1.11
2021-07-20,Groceries,Organic Cereal,331,1687.31,5.1,0,0,1.11
2021-09-02,Groceries,Organic Cereal,316,1700.67,5.38,0,0,1.11
2021-11-25,Groceries,Organic Cereal,410,1950.75,4.76,0,1,1.11
2021-12-21,Groceries,Organic Cereal,469,2197.53,4.69,0,1,1.11
2022-03-20,Groceries,Organic Cereal,370,1965.34,5.31,0,0,1.11
2022-03-24,Groceries,Organic Cereal,352,1684.94,4.79,0,0,1.11
2022-05-29,Groceries,Organic Cereal,369,1845.93,5.0,0,0,1.11
2022-07-05,Groceries,Organic Cereal,340,1777.29,5.23,0,0,1.11
2022-07-27,Groceries,Organic Cereal,350,1759.25,5.03,0,0,1.11
2022-08-21,Groceries,Organic Cereal,368,1870.63,5.08,0,0,1.11
2020-05-30,Clothing,Running Shoes,67,3916.03,58.45,0,0,1.14
2020-09-20,Clothing,Running Shoes,59,3547.19,60.12,0,0,1.14
2020-11-10,Clothing,Running Shoes,76,4926.6,64.82,0,1,1.14
2020-12-24,Clothing,Running Shoes,92,4802.24,52.2,0,1,1.14
2021-01-13,Clothing,Running Shoes,60,3876.73,64.61,0,0,1.14
2021-04-04,Clothing,Running Shoes,75,4530.86,60.41,0,0,1.14
2021-04-06,Clothing,Running Shoes,85,4839.01,56.93,0,0,1.14
2021-08-04,Clothing,Running Shoes,63,4137.86,65.68,0,0,1.14
2021-08-24,Clothing,Running Shoes,80,5213.27,65.17,1,0,1.14
2021-09-14,Clothing,Running Shoes,66,4074.09,61.73,0,0,1.14
2021-11-22,Clothing,Running Shoes,114,6393.1,56.08,1,1,1.14
2021-12-25,Clothing,Running Shoes,95,5738.85,60.41,0,1,1.14
2022-01-17,Clothing,Running Shoes,62,3630.11,58.55,0,0,1.14
2020-05-30,Books,Business Book,88,2150.99,24.44,0,0,1.15
2020-08-18,Books,Business Book,111,2860.76,25.77,1,0,1.15
2020-09-18,Books,Business Book,80,2033.44,25.42,0,0,1.15
2021-06-24,Books,Business Book,96,2241.26,23.35,0,0,1.15
2021-11-21,Books,Business Book,184,4631.54,25.17,1,1,1.15
2021-12-29,Books,Business Book,103,2460.0,23.88,0,1,1.15
2022-04-10,Books,Business Book,102,2742.87,26.89,0,0,1.15
2022-09-05,Books,Business Book,103,2594.82,25.19,0,0,1.15
2020-05-30,Toys,Building Blocks,52,1816.84,34.94,0,0,1.02
2020-06-08,Toys,Building Blocks,36,1376.34,38.23,0,0,1.02
2020-06-11,Toys,Building Blocks,57,2000.04,35.09,0,0,1.02
2020-06-30,Toys,Building Blocks,57,1942.72,34.08,0,0,1.02
2020-07-14,Toys,Building Blocks,50,1738.44,34.77,0,0,1.02
2020-08-28,Toys,Building Blocks,53,1812.55,34.2,0,0,1.02
2020-08-30,Toys,Building Blocks,55,1860.27,33.82,0,0,1.02
2020-09-12,Toys,Building Blocks,65,2214.23,34.07,0,0,1.02
2020-09-21,Toys,Building Blocks,44,1575.42,35.81,0,0,1.02
2020-10-02,Toys,Building Blocks,38,1386.99,36.5,0,0,1.02
2020-10-15,Toys,Building Blocks,40,1427.89,35.7,0,0,1.02
2020-10-31,Toys,Building Blocks,48,1745.06,36.36,0,0,1.02
2020-11-27,Toys,Building Blocks,56,1971.35,35.2,0,1,1.02
2020-12-03,Toys,Building Blocks,51,1713.96,33.61,0,1,1.02
2020-12-11,Toys,Building Blocks,68,2392.53,35.18,0,1,1.02
2020-12-25,Toys,Building Blocks,57,1971.7,34.59,0,1,1.02
2021-01-06,Toys,Building Blocks,65,2252.36,34.65,0,0,1.02
2021-03-09,Toys,Building Blocks,55,1890.18,34.37,0,0,1.02
2021-04-22,Toys,Building Blocks,54,1853.3,34.32,0,0,1.02
2021-06-02,Toys,Building Blocks,38,1259.06,33.13,0,0,1.02
2021-07-05,Toys,Building Blocks,62,1832.29,29.55,0,0,1.02
2021-07-24,Toys,Building Blocks,70,2442.06,34.89,0,0,1.02
2021-08-03,Toys,Building Blocks,68,2306.41,33.92,1,0,1.02
2021-08-10,Toys,Building Blocks,43,1613.61,37.53,0,0,1.02
2021-10-20,Toys,Building Blocks,51,1771.84,34.74,0,0,1.02
2021-10-27,Toys,Building Blocks,66,2284.95,34.62,0,0,1.02
2022-01-03,Toys,Building Blocks,63,2267.21,35.99,0,0,1.02
2022-05-25,Toys,Building Blocks,58,1973.37,34.02,0,0,1.02
2022-07-10,Toys,Building Blocks,58,1938.52,33.42,0,0,1.02
2020-05-31,Groceries,Organic Cereal,313,1608.46,5.14,0,0,0.94
2020-06-06,Groceries,Organic Cereal,297,1460.73,4.92,0,0,0.94
2020-06-23,Groceries,Organic Cereal,363,1881.64,5.18,1,0,0.94
2020-07-05,Groceries,Organic Cereal,338,1809.96,5.35,0,0,0.94
2020-08-08,Groceries,Organic Cereal,326,1516.4,4.65,0,0,0.94
2020-08-31,Groceries,Organic Cereal,376,1841.81,4.9,1,0,0.94
2020-09-29,Groceries,Organic Cereal,308,1613.71,5.24,0,0,0.94
2020-11-03,Groceries,Organic Cereal,384,2078.46,5.41,0,1,0.94
2020-11-21,Groceries,Organic Cereal,522,2748.27,5.26,1,1,0.94
2020-11-28,Groceries,Organic Cereal,491,2344.81,4.78,0,1,0.94
2021-02-15,Groceries,Organic Cereal,308,1530.02,4.97,0,0,0.94
2021-03-19,Groceries,Organic Cereal,304,1619.22,5.33,0,0,0.94
2021-04-23,Groceries,Organic Cereal,334,1629.52,4.88,0,0,0.94
2021-05-19,Groceries,Organic Cereal,330,1625.74,4.93,0,0,0.94
2021-07-07,Groceries,Organic Cereal,306,1538.23,5.03,0,0,0.94
2021-07-10,Groceries,Organic Cereal,343,1741.11,5.08,0,0,0.94
2021-10-05,Groceries,Organic Cereal,367,1850.78,5.04,1,0,0.94
2021-12-31,Groceries,Organic Cereal,462,2412.48,5.22,1,1,0.94
2022-02-28,Groceries,Organic Cereal,333,1718.69,5.16,0,0,0.94
2022-03-15,Groceries,Organic Cereal,336,1778.48,5.29,0,0,0.94
2022-04-18,Groceries,Organic Cereal,387,1889.25,4.88,0,0,0.94
2022-05-31,Groceries,Organic Cereal,335,1765.68,5.27,0,0,0.94
2022-06-03,Groceries,Organic Cereal,353,1852.3,5.25,0,0,0.94
2022-07-06,Groceries,Organic Cereal,342,1709.56,5.0,0,0,0.94
2022-07-18,Groceries,Organic Cereal,355,1743.33,4.91,0,0,0.94
2022-08-09,Groceries,Organic Cereal,380,1962.57,5.16,0,0,0.94
2020-05-31,Sports,Yoga Mat,33,1482.54,44.93,0,0,1.18
2020-06-02,Sports,Yoga Mat,35,1521.73,43.48,0,0,1.18
2020-08-13,Sports,Yoga Mat,41,1753.17,42.76,0,0,1.18
2020-09-28,Sports,Yoga Mat,55,2307.97,41.96,0,0,1.18
2020-10-11,Sports,Yoga Mat,52,2498.82,48.05,1,0,1.18
2020-11-01,Sports,Yoga Mat,58,2473.65,42.65,0,1,1.18
2021-03-30,Sports,Yoga Mat,45,1944.71,43.22,0,0,1.18
2021-09-22,Sports,Yoga Mat,49,2236.56,45.64,0,0,1.18
2021-11-08,Sports,Yoga Mat,66,3008.86,45.59,0,1,1.18
2022-02-13,Sports,Yoga Mat,45,2192.5,48.72,1,0,1.18
2020-06-01,Clothing,Running Shoes,67,4094.1,61.11,0,0,0.96
2020-06-20,Clothing,Running Shoes,59,3480.74,59.0,0,0,0.96
2020-06-21,Clothing,Running Shoes,64,3731.47,58.3,0,0,0.96
2020-06-26,Clothing,Running Shoes,66,3769.05,57.11,0,0,0.96
2021-01-15,Clothing,Running Shoes,75,4211.6,56.15,0,0,0.96
2021-03-13,Clothing,Running Shoes,69,4077.78,59.1,0,0,0.96
2021-03-16,Clothing,Running Shoes,68,4246.95,62.46,0,0,0.96
2021-04-09,Clothing,Running Shoes,75,4054.59,54.06,0,0,0.96
2021-04-30,Clothing,Running Shoes,62,3696.7,59.62,0,0,0.96
2021-05-23,Clothing,Running Shoes,70,4219.4,60.28,0,0,0.96
2021-06-16,Clothing,Running Shoes,75,4259.45,56.79,0,0,0.96
2021-07-11,Clothing,Running Shoes,65,3941.89,60.64,0,0,0.96
2021-07-13,Clothing,Running Shoes,80,4672.8,58.41,0,0,0.96
2021-08-03,Clothing,Running Shoes,78,5202.17,66.69,1,0,0.96
2021-10-20,Clothing,Running Shoes,73,4267.36,58.46,0,0,0.96
2021-10-23,Clothing,Running Shoes,74,4385.72,59.27,0,0,0.96
2021-11-11,Clothing,Running Shoes,80,5039.66,63.0,0,1,0.96
2021-12-02,Clothing,Running Shoes,78,4697.45,60.22,0,1,0.96
2021-12-03,Clothing,Running Shoes,81,4936.77,60.95,0,1,0.96
2022-01-04,Clothing,Running Shoes,58,3417.1,58.92,0,0,0.96
2022-01-14,Clothing,Running Shoes,60,3690.83,61.51,0,0,0.96
2022-01-28,Clothing,Running Shoes,58,3344.28,57.66,0,0,0.96
2022-02-12,Clothing,Running Shoes,87,5392.76,61.99,0,0,0.96
2022-02-16,Clothing,Running Shoes,76,4759.04,62.62,0,0,0.96
2022-04-28,Clothing,Running Shoes,66,3869.6,58.63,0,0,0.96
2022-07-01,Clothing,Running Shoes,82,4822.63,58.81,0,0,0.96
2022-07-20,Clothing,Running Shoes,73,4036.58,55.3,0,0,0.96
2022-08-11,Clothing,Running Shoes,64,3814.96,59.61,0,0,0.96
2020-06-01,Toys,Building Blocks,34,1253.88,36.88,0,0,0.9
2020-09-05,Toys,Building Blocks,68,2404.93,35.37,0,0,0.9
2021-01-05,Toys,Building Blocks,59,1954.77,33.13,0,0,0.9
2021-01-15,Toys,Building Blocks,63,2214.6,35.15,0,0,0.9
2021-02-10,Toys,Building Blocks,61,2028.39,33.25,0,0,0.9
2021-03-01,Toys,Building Blocks,46,1534.82,33.37,0,0,0.9
2021-03-20,Toys,Building Blocks,53,1826.47,34.46,0,0,0.9
2021-03-21,Toys,Building Blocks,59,2047.81,34.71,0,0,0.9
2021-04-04,Toys,Building Blocks,72,2608.23,36.23,0,0,0.9
2021-04-10,Toys,Building Blocks,58,2006.67,34.6,0,0,0.9
2021-04-19,Toys,Building Blocks,51,1670.67,32.76,0,0,0.9
2021-05-27,Toys,Building Blocks,55,1680.13,30.55,0,0,0.9
2021-07-15,Toys,Building Blocks,49,1685.38,34.4,0,0,0.9
2021-07-25,Toys,Building Blocks,40,1382.57,34.56,0,0,0.9
2021-10-29,Toys,Building Blocks,51,1837.22,36.02,0,0,0.9
2021-12-02,Toys,Building Blocks,59,2087.93,35.39,0,1,0.9
2021-12-24,Toys,Building Blocks,70,2582.47,36.89,0,1,0.9
2021-12-29,Toys,Building Blocks,77,2778.86,36.09,0,1,0.9
2022-01-22,Toys,Building Blocks,59,2045.63,34.67,0,0,0.9
2022-04-03,Toys,Building Blocks,60,2117.61,35.29,0,0,0.9
2022-04-08,Toys,Building Blocks,54,1936.37,35.86,0,0,0.9
2022-04-16,Toys,Building Blocks,63,2277.8,36.16,0,0,0.9
2022-05-08,Toys,Building Blocks,82,2751.52,33.56,0,0,0.9
2022-07-07,Toys,Building Blocks,76,2459.76,32.37,0,0,0.9
2022-07-25,Toys,Building Blocks,55,2011.83,36.58,0,0,0.9
2022-08-03,Toys,Building Blocks,38,1356.85,35.71,0,0,0.9
2020-06-01,Sports,Yoga Mat,42,2002.93,47.69,0,0,0.85
2020-07-19,Sports,Yoga Mat,40,1784.09,44.6,0,0,0.85
2021-01-16,Sports,Yoga Mat,41,1720.22,41.96,0,0,0.85
2021-04-14,Sports,Yoga Mat,60,2605.07,43.42,1,0,0.85
2021-05-18,Sports,Yoga Mat,39,1902.67,48.79,0,0,0.85
2022-05-08,Sports,Yoga Mat,49,2194.97,44.8,0,0,0.85
2022-06-25,Sports,Yoga Mat,45,2046.59,45.48,0,0,0.85
2022-07-17,Sports,Yoga Mat,58,2568.18,44.28,0,0,0.85
2020-06-02,Groceries,Organic Cereal,264,1394.04,5.28,0,0,1.13
2020-07-10,Groceries,Organic Cereal,354,1918.1,5.42,1,0,1.13
2020-11-26,Groceries,Organic Cereal,385,2058.82,5.35,0,1,1.13
2020-12-06,Groceries,Organic Cereal,468,2174.35,4.65,0,1,1.13
2020-12-30,Groceries,Organic Cereal,375,1982.45,5.29,0,1,1.13
2021-03-15,Groceries,Organic Cereal,422,1973.94,4.68,1,0,1.13
2021-06-02,Groceries,Organic Cereal,332,1758.94,5.3,0,0,1.13
2021-06-26,Groceries,Organic Cereal,352,1689.79,4.8,0,0,1.13
2021-08-13,Groceries,Organic Cereal,311,1520.26,4.89,0,0,1.13
2021-08-28,Groceries,Organic Cereal,336,1656.93,4.93,0,0,1.13
2021-09-03,Groceries,Organic Cereal,346,1746.98,5.05,0,0,1.13
2021-09-13,Groceries,Organic Cereal,294,1540.17,5.24,0,0,1.13
2021-10-16,Groceries,Organic Cereal,362,1803.03,4.98,0,0,1.13
2021-12-26,Groceries,Organic Cereal,422,2292.92,5.43,0,1,1.13
2022-01-06,Groceries,Organic Cereal,370,1834.32,4.96,0,0,1.13
2022-04-26,Groceries,Organic Cereal,431,2183.48,5.07,1,0,1.13
2022-05-13,Groceries,Organic Cereal,352,1687.59,4.79,0,0,1.13
2020-06-02,Clothing,Running Shoes,63,3758.34,59.66,0,0,1.06
2020-06-19,Clothing,Running Shoes,56,3254.41,58.11,0,0,1.06
2020-07-11,Clothing,Running Shoes,57,3481.42,61.08,0,0,1.06
2020-07-13,Clothing,Running Shoes,72,4410.74,61.26,1,0,1.06
2020-10-01,Clothing,Running Shoes,54,3422.45,63.38,0,0,1.06
2020-11-13,Clothing,Running Shoes,81,4456.11,55.01,0,1,1.06
2020-12-06,Clothing,Running Shoes,89,4834.2,54.32,0,1,1.06
2020-12-25,Clothing,Running Shoes,93,5580.85,60.01,0,1,1.06
2020-12-26,Clothing,Running Shoes,88,5028.03,57.14,0,1,1.06
2021-01-20,Clothing,Running Shoes,74,4443.34,60.05,0,0,1.06
2021-04-21,Clothing,Running Shoes,67,4073.48,60.8,0,0,1.06
2021-08-29,Clothing,Running Shoes,75,4244.32,56.59,0,0,1.06
2021-09-21,Clothing,Running Shoes,74,4573.08,61.8,0,0,1.06
2021-10-08,Clothing,Running Shoes,57,3484.73,61.14,0,0,1.06
2021-10-14,Clothing,Running Shoes,62,3874.4,62.49,0,0,1.06
2021-10-25,Clothing,Running Shoes,75,4121.08,54.95,0,0,1.06
2021-12-04,Clothing,Running Shoes,103,6463.77,62.76,0,1,1.06
2021-12-16,Clothing,Running Shoes,70,4283.45,61.19,0,1,1.06
2021-12-30,Clothing,Running Shoes,83,5183.65,62.45,0,1,1.06
2022-01-02,Clothing,Running Shoes,75,4754.12,63.39,0,0,1.06
2022-03-01,Clothing,Running Shoes,103,5985.96,58.12,1,0,1.06
2022-03-11,Clothing,Running Shoes,76,4193.99,55.18,0,0,1.06
2022-03-15,Clothing,Running Shoes,80,4539.08,56.74,0,0,1.06
2022-03-20,Clothing,Running Shoes,75,4502.25,60.03,0,0,1.06
2022-03-26,Clothing,Running Shoes,97,5257.11,54.2,0,0,1.06
2022-05-11,Clothing,Running Shoes,59,3758.73,63.71,0,0,1.06
2022-05-20,Clothing,Running Shoes,79,4586.79,58.06,0,0,1.06
2022-06-04,Clothing,Running Shoes,78,4627.21,59.32,0,0,1.06
2022-06-21,Clothing,Running Shoes,86,4850.34,56.4,1,0,1.06
2022-07-08,Clothing,Running Shoes,72,4229.0,58.74,0,0,1.06
2022-07-23,Clothing,Running Shoes,84,5365.32,63.87,0,0,1.06
