data/raw/sales.csv
date,category,product,units_sold,revenue,product_price,promo_flag,is_holiday_season,category_popularity_30d
2020-06-02,Books,Business Book,69,1802.44,26.12,0,0,0.98
2020-07-14,Books,Business Book,79,2075.25,26.27,0,0,0.98
2020-07-19,Books,Business Book,74,1806.91,24.42,0,0,0.98
2020-07-20,Books,Business Book,90,2034.21,22.6,0,0,0.98
2020-08-04,Books,Business Book,83,2148.26,25.88,0,0,0.98
2020-09-15,Books,Business Book,89,2152.05,24.18,0,0,0.98
2020-12-10,Books,Business Book,110,2853.85,25.94,1,1,0.98
2021-01-17,Books,Business Book,90,2406.54,26.74,0,0,0.98
2021-02-01,Books,Business Book,89,2230.11,25.06,0,0,0.98
2021-02-07,Books,Business Book,100,2750.65,27.51,0,0,0.98
2021-02-25,Books,Business Book,107,2421.6,22.63,0,0,0.98
2021-03-04,Books,Business Book,71,1871.25,26.36,0,0,0.98
2021-04-04,Books,Business Book,86,2172.34,25.26,0,0,0.98
2021-05-04,Books,Business Book,91,2573.63,28.28,1,0,0.98
2021-05-20,Books,Business Book,113,2723.33,24.1,1,0,0.98
2021-05-21,Books,Business Book,110,2624.7,23.86,1,0,0.98
2021-06-01,Books,Business Book,100,2281.75,22.82,0,0,0.98
2021-06-03,Books,Business Book,98,2105.15,21.48,0,0,0.98
2021-06-06,Books,Business Book,117,2853.02,24.38,0,0,0.98
2021-06-12,Books,Business Book,110,2439.23,22.17,0,0,0.98
2021-07-03,Books,Business Book,79,2123.94,26.89,0,0,0.98
2021-07-21,Books,Business Book,82,1992.64,24.3,0,0,0.98
2021-09-07,Books,Business Book,100,2594.85,25.95,1,0,0.98
2021-09-19,Books,Business Book,80,2009.17,25.11,0,0,0.98
2021-10-16,Books,Business Book,93,2309.84,24.84,0,0,0.98
2021-11-23,Books,Business Book,131,3323.06,25.37,1,1,0.98
2022-04-15,Books,Business Book,101,2459.38,24.35,0,0,0.98
2022-04-24,Books,Business Book,107,2740.19,25.61,0,0,0.98
2022-05-23,Books,Business Book,83,2162.27,26.05,0,0,0.98
2022-05-26,Books,Business Book,93,2345.52,25.22,0,0,0.98
2022-08-24,Books,Business Book,111,2692.82,24.26,0,0,0.98
2022-08-27,Books,Business Book,124,3017.01,24.33,0,0,0.98
2022-08-28,Books,Business Book,98,2386.64,24.35,0,0,0.98
2022-09-03,Books,Business Book,113,2538.8,22.47,0,0,0.98
2020-06-02,Toys,Building Blocks,56,1979.26,35.34,0,0,1.07
2020-07-02,Toys,Building Blocks,39,1413.82,36.25,0,0,1.07
2020-07-05,Toys,Building Blocks,73,2503.0,34.29,0,0,1.07
2020-11-05,Toys,Building Blocks,65,2185.74,33.63,0,1,1.07
2021-01-17,Toys,Building Blocks,70,2490.53,35.58,0,0,1.07
2021-02-03,Toys,Building Blocks,62,2070.98,33.4,0,0,1.07
2021-05-17,Toys,Building Blocks,66,2228.73,33.77,0,0,1.07
2021-06-07,Toys,Building Blocks,51,1881.35,36.89,0,0,1.07
2021-07-17,Toys,Building Blocks,52,1843.36,35.45,0,0,1.07
2021-08-12,Toys,Building Blocks,66,2249.51,34.08,0,0,1.07
2021-12-04,Toys,Building Blocks,87,3034.83,34.88,0,1,1.07
2022-01-23,Toys,Building Blocks,68,2221.32,32.67,0,0,1.07
2022-02-03,Toys,Building Blocks,49,1634.87,33.36,0,0,1.07
2022-02-17,Toys,Building Blocks,51,1658.85,32.53,0,0,1.07
2022-04-01,Toys,Building Blocks,46,1613.77,35.08,0,0,1.07
2022-04-02,Toys,Building Blocks,62,2163.45,34.89,0,0,1.07
2022-05-16,Toys,Building Blocks,61,2194.22,35.97,0,0,1.07
2022-05-17,Toys,Building Blocks,88,3046.26,34.62,1,0,1.07
2022-06-26,Toys,Building Blocks,65,2230.15,34.31,0,0,1.07
2022-08-06,Toys,Building Blocks,81,2781.5,34.34,1,0,1.07
2022-08-08,Toys,Building Blocks,76,2670.09,35.13,1,0,1.07
2022-08-18,Toys,Building Blocks,81,2796.85,34.53,1,0,1.07
2022-09-09,Toys,Building Blocks,73,2370.93,32.48,0,0,1.07
2020-06-02,Beauty,Face Serum,140,2817.93,20.13,0,0,0.93
2020-06-28,Beauty,Face Serum,205,3916.66,19.11,0,0,0.93
2020-10-06,Beauty,Face Serum,144,3019.18,20.97,0,0,0.93
2020-11-01,Beauty,Face Serum,225,4533.14,20.15,0,1,0.93
2020-11-14,Beauty,Face Serum,213,4551.04,21.37,0,1,0.93
2021-02-17,Beauty,Face Serum,165,3120.5,18.91,0,0,0.93
2021-02-19,Beauty,Face Serum,155,3177.4,20.5,0,0,0.93
2021-02-20,Beauty,Face Serum,159,3369.02,21.19,0,0,0.93
2021-02-27,Beauty,Face Serum,171,3302.13,19.31,0,0,0.93
2021-03-05,Beauty,Face Serum,242,4636.81,19.16,1,0,0.93
2021-03-31,Beauty,Face Serum,185,3294.74,17.81,0,0,0.93
2021-04-06,Beauty,Face Serum,181,3665.34,20.25,0,0,0.93
2021-04-14,Beauty,Face Serum,204,3851.48,18.88,1,0,0.93
2021-05-26,Beauty,Face Serum,188,3321.08,17.67,0,0,0.93
2021-07-05,Beauty,Face Serum,138,2980.46,21.6,0,0,0.93
2022-01-22,Beauty,Face Serum,192,4081.49,21.26,0,0,0.93
2022-04-28,Beauty,Face Serum,178,3568.35,20.05,0,0,0.93
2022-06-25,Beauty,Face Serum,196,3609.48,18.42,0,0,0.93
2022-07-13,Beauty,Face Serum,212,3997.0,18.85,0,0,0.93
2022-07-23,Beauty,Face Serum,179,3487.56,19.48,0,0,0.93
2020-06-03,Groceries,Organic Cereal,257,1443.84,5.62,0,0,0.95
2020-07-01,Groceries,Organic Cereal,280,1451.01,5.18,0,0,0.95
2020-07-18,Groceries,Organic Cereal,298,1621.77,5.44,0,0,0.95
2020-07-23,Groceries,Organic Cereal,306,1467.68,4.8,0,0,0.95
2020-08-15,Groceries,Organic Cereal,375,1741.77,4.64,0,0,0.95
2020-09-22,Groceries,Organic Cereal,285,1507.64,5.29,0,0,0.95
2020-10-12,Groceries,Organic Cereal,285,1475.09,5.18,0,0,0.95
2020-10-28,Groceries,Organic Cereal,289,1599.83,5.54,0,0,0.95
2020-12-07,Groceries,Organic Cereal,374,1844.32,4.93,0,1,0.95
2020-12-16,Groceries,Organic Cereal,497,2535.03,5.1,1,1,0.95
2021-01-23,Groceries,Organic Cereal,444,2311.04,5.21,1,0,0.95
2021-02-09,Groceries,Organic Cereal,432,2048.64,4.74,1,0,0.95
2021-02-20,Groceries,Organic Cereal,344,1703.97,4.95,0,0,0.95
2021-03-13,Groceries,Organic Cereal,347,1665.28,4.8,0,0,0.95
2021-03-17,Groceries,Organic Cereal,305,1607.16,5.27,0,0,0.95
2021-05-12,Groceries,Organic Cereal,316,1615.81,5.11,0,0,0.95
2021-05-16,Groceries,Organic Cereal,353,1805.7,5.12,0,0,0.95
2021-06-27,Groceries,Organic Cereal,443,2203.0,4.97,1,0,0.95
2021-08-24,Groceries,Organic Cereal,467,2146.2,4.6,1,0,0.95
2021-10-01,Groceries,Organic Cereal,303,1602.9,5.29,0,0,0.95
2021-11-15,Groceries,Organic Cereal,472,2571.12,5.45,1,1,0.95
2021-12-15,Groceries,Organic Cereal,425,2269.45,5.34,0,1,0.95
2021-12-22,Groceries,Organic Cereal,411,2072.49,5.04,0,1,0.95
2022-02-23,Groceries,Organic Cereal,314,1642.53,5.23,0,0,0.95
2022-04-02,Groceries,Organic Cereal,352,1762.27,5.01,0,0,0.95
2022-04-29,Groceries,Organic Cereal,349,1690.57,4.84,0,0,0.95
2022-05-05,Groceries,Organic Cereal,412,2006.59,4.87,1,0,0.95
2022-05-15,Groceries,Organic Cereal,332,1779.91,5.36,0,0,0.95
2022-05-22,Groceries,Organic Cereal,387,1892.81,4.89,0,0,0.95
2022-06-24,Groceries,Organic Cereal,347,1848.42,5.33,0,0,0.95
2022-07-09,Groceries,Organic Cereal,494,2300.87,4.66,1,0,0.95
2022-07-11,Groceries,Organic Cereal,357,1755.13,4.92,0,0,0.95
2022-07-16,Groceries,Organic Cereal,386,1973.84,5.11,0,0,0.95
2022-07-25,Groceries,Organic Cereal,319,1620.3,5.08,0,0,0.95
2022-08-08,Groceries,Organic Cereal,424,2122.74,5.01,1,0,0.95
2022-08-10,Groceries,Organic Cereal,389,2105.53,5.41,1,0,0.95
2020-06-03,Clothing,Running Shoes,47,2872.47,61.12,0,0,1.05
2020-07-27,Clothing,Running Shoes,46,2784.82,60.54,0,0,1.05
2020-08-14,Clothing,Running Shoes,66,3818.49,57.86,1,0,1.05
2020-09-16,Clothing,Running Shoes,69,3993.67,57.88,1,0,1.05
2020-10-05,Clothing,Running Shoes,83,4477.17,53.94,1,0,1.05
2020-12-04,Clothing,Running Shoes,69,4333.64,62.81,1,1,1.05
2020-12-07,Clothing,Running Shoes,95,5503.6,57.93,0,1,1.05
2021-01-02,Clothing,Running Shoes,66,4113.64,62.33,0,0,1.05
2021-01-30,Clothing,Running Shoes,67,4207.7,62.8,0,0,1.05
2021-03-20,Clothing,Running Shoes,50,2919.65,58.39,0,0,1.05
2021-04-03,Clothing,Running Shoes,66,4116.5,62.37,0,0,1.05
2021-04-16,Clothing,Running Shoes,75,4138.51,55.18,0,0,1.05
2021-06-26,Clothing,Running Shoes,65,4226.01,65.02,0,0,1.05
2021-07-27,Clothing,Running Shoes,96,5253.37,54.72,1,0,1.05
2021-07-31,Clothing,Running Shoes,74,4686.52,63.33,0,0,1.05
2021-09-16,Clothing,Running Shoes,58,3581.27,61.75,0,0,1.05
2021-10-07,Clothing,Running Shoes,73,4338.44,59.43,0,0,1.05
2021-11-04,Clothing,Running Shoes,88,4933.64,56.06,0,1,1.05
2021-11-21,Clothing,Running Shoes,98,6036.86,61.6,1,1,1.05
2021-12-17,Clothing,Running Shoes,88,5335.96,60.64,0,1,1.05
2022-01-24,Clothing,Running Shoes,70,4331.43,61.88,0,0,1.05
2022-03-02,Clothing,Running Shoes,72,3902.92,54.21,0,0,1.05
2022-05-05,Clothing,Running Shoes,106,5861.93,55.3,1,0,1.05
2022-06-01,Clothing,Running Shoes,81,4831.92,59.65,0,0,1.05
2022-06-06,Clothing,Running Shoes,80,4845.34,60.57,0,0,1.05
2022-08-24,Clothing,Running Shoes,64,3827.39,59.8,0,0,1.05
2022-08-26,Clothing,Running Shoes,66,3879.87,58.79,0,0,1.05
2022-08-30,Clothing,Running Shoes,60,3750.37,62.51,0,0,1.05
2020-06-03,Furniture,Office Chair,4,458.97,114.74,0,0,1.0
2020-09-06,Furniture,Office Chair,7,787.35,112.48,0,0,1.0
2020-10-01,Furniture,Office Chair,11,1370.87,124.62,0,0,1.0
2020-11-03,Furniture,Office Chair,8,1017.69,127.21,0,1,1.0
2020-11-05,Furniture,Office Chair,13,1692.08,130.16,0,1,1.0
2020-11-27,Furniture,Office Chair,15,1669.16,111.28,0,1,1.0
2020-12-08,Furniture,Office Chair,12,1402.93,116.91,0,1,1.0
2020-12-09,Furniture,Office Chair,7,890.79,127.26,0,1,1.0
2020-12-13,Furniture,Office Chair,16,1960.2,122.51,0,1,1.0
2021-03-15,Furniture,Office Chair,9,1105.86,122.87,1,0,1.0
2021-04-28,Furniture,Office Chair,13,1622.81,124.83,1,0,1.0
2021-05-06,Furniture,Office Chair,10,1282.27,128.23,0,0,1.0
2021-07-09,Furniture,Office Chair,11,1271.59,115.6,0,0,1.0
2021-07-14,Furniture,Office Chair,10,1314.28,131.43,0,0,1.0
2021-07-24,Furniture,Office Chair,13,1640.11,126.16,0,0,1.0
2021-08-18,Furniture,Office Chair,9,1053.22,117.02,0,0,1.0
2021-09-21,Furniture,Office Chair,5,648.72,129.74,0,0,1.0
2021-09-27,Furniture,Office Chair,9,1088.67,120.96,0,0,1.0
2021-10-24,Furniture,Office Chair,8,982.96,122.87,0,0,1.0
2021-10-28,Furniture,Office Chair,6,742.64,123.77,0,0,1.0
2021-10-31,Furniture,Office Chair,10,1232.54,123.25,1,0,1.0
2021-12-30,Furniture,Office Chair,14,1717.42,122.67,0,1,1.0
2022-02-26,Furniture,Office Chair,12,1533.56,127.8,0,0,1.0
2022-03-02,Furniture,Office Chair,8,957.11,119.64,0,0,1.0
2022-03-22,Furniture,Office Chair,10,1261.41,126.14,0,0,1.0
2022-04-01,Furniture,Office Chair,10,1137.63,113.76,0,0,1.0
2022-04-06,Furniture,Office Chair,11,1360.59,123.69,0,0,1.0
2022-04-17,Furniture,Office Chair,23,2634.9,114.56,1,0,1.0
2022-05-20,Furniture,Office Chair,7,750.9,107.27,0,0,1.0
2022-06-03,Furniture,Office Chair,9,1013.48,112.61,0,0,1.0
2022-06-20,Furniture,Office Chair,10,1227.21,122.72,0,0,1.0
2022-09-01,Furniture,Office Chair,9,1124.79,124.98,0,0,1.0
2020-06-03,Toys,Building Blocks,52,1983.59,38.15,0,0,1.06
2020-06-06,Toys,Building Blocks,46,1534.45,33.36,0,0,1.06
2020-08-06,Toys,Building Blocks,47,1760.18,37.45,0,0,1.06
2020-09-11,Toys,Building Blocks,49,1765.41,36.03,0,0,1.06
2020-11-11,Toys,Building Blocks,80,2571.84,32.15,0,1,1.06
2020-12-27,Toys,Building Blocks,89,3073.58,34.53,1,1,1.06
2020-12-31,Toys,Building Blocks,79,2918.14,36.94,1,1,1.06
2021-03-11,Toys,Building Blocks,55,1895.68,34.47,0,0,1.06
2021-03-16,Toys,Building Blocks,67,2366.6,35.32,0,0,1.06
2021-04-24,Toys,Building Blocks,61,2137.07,35.03,0,0,1.06
2021-05-22,Toys,Building Blocks,65,2175.01,33.46,1,0,1.06
2021-06-08,Toys,Building Blocks,51,1788.69,35.07,0,0,1.06
2021-08-16,Toys,Building Blocks,54,1862.1,34.48,0,0,1.06
2021-08-17,Toys,Building Blocks,38,1360.24,35.8,0,0,1.06
2021-09-08,Toys,Building Blocks,62,2187.01,35.27,0,0,1.06
2021-09-29,Toys,Building Blocks,56,2009.95,35.89,0,0,1.06
2021-12-27,Toys,Building Blocks,58,2124.38,36.63,0,1,1.06
2022-01-09,Toys,Building Blocks,56,1825.94,32.61,0,0,1.06
2022-02-21,Toys,Building Blocks,40,1456.59,36.41,0,0,1.06
2022-03-18,Toys,Building Blocks,49,1821.43,37.17,0,0,1.06
2022-04-06,Toys,Building Blocks,62,2330.63,37.59,0,0,1.06
2020-06-04,Books,Business Book,71,1778.37,25.05,0,0,1.01
2020-06-15,Books,Business Book,90,2036.34,22.63,0,0,1.01
2020-06-24,Books,Business Book,106,2401.54,22.66,0,0,1.01
2020-07-07,Books,Business Book,56,1439.79,25.71,0,0,1.01
2020-07-15,Books,Business Book,77,1920.88,24.95,0,0,1.01
2020-07-18,Books,Business Book,99,2292.99,23.16,0,0,1.01
2020-08-29,Books,Business Book,84,2110.68,25.13,0,0,1.01
2020-09-01,Books,Business Book,84,2066.19,24.6,0,0,1.01
2020-09-12,Books,Business Book,72,1742.71,24.2,0,0,1.01
2020-09-27,Books,Business Book,91,2286.7,25.13,0,0,1.01
2020-10-20,Books,Business Book,96,2327.95,24.25,0,0,1.01
2020-11-21,Books,Business Book,135,3410.24,25.26,1,1,1.01
2021-01-08,Books,Business Book,85,1857.16,21.85,0,0,1.01
2021-02-02,Books,Business Book,89,2204.19,24.77,0,0,1.01
2021-05-11,Books,Business Book,80,2013.97,25.17,0,0,1.01
2021-07-26,Books,Business Book,84,2197.95,26.17,0,0,1.01
2021-08-15,Books,Business Book,78,1953.06,25.04,0,0,1.01
2021-09-04,Books,Business Book,81,2252.21,27.81,0,0,1.01
2021-09-21,Books,Business Book,82,1949.92,23.78,0,0,1.01
2021-10-07,Books,Business Book,104,2488.71,23.93,0,0,1.01
2021-10-20,Books,Business Book,96,2344.09,24.42,0,0,1.01
2021-11-04,Books,Business Book,123,3212.31,26.12,0,1,1.01
2021-12-04,Books,Business Book,132,3282.18,24.87,0,1,1.01
2021-12-12,Books,Business Book,108,2631.92,24.37,0,1,1.01
2022-01-11,Books,Business Book,96,2262.5,23.57,0,0,1.01
2022-02-09,Books,Business Book,109,2550.36,23.4,0,0,1.01
2022-03-18,Books,Business Book,91,2241.25,24.63,0,0,1.01
2022-04-25,Books,Business Book,94,2410.96,25.65,0,0,1.01
2022-06-27,Books,Business Book,102,2521.14,24.72,0,0,1.01
2020-06-04,Furniture,Office Chair,10,1184.56,118.46,0,0,0.83
2020-08-18,Furniture,Office Chair,7,829.91,118.56,1,0,0.83
2020-11-22,Furniture,Office Chair,10,1240.3,124.03,0,1,0.83
2021-01-13,Furniture,Office Chair,5,566.37,113.27,0,0,0.83
2021-05-29,Furniture,Office Chair,5,655.08,131.02,0,0,0.83
2021-06-22,Furniture,Office Chair,8,913.93,114.24,0,0,0.83
2022-03-04,Furniture,Office Chair,7,767.94,109.71,1,0,0.83
2022-08-11,Furniture,Office Chair,6,720.56,120.09,0,0,0.83
2020-06-04,Toys,Building Blocks,49,1705.96,34.82,0,0,1.18
2020-06-17,Toys,Building Blocks,49,1712.64,34.95,0,0,1.18
2020-06-22,Toys,Building Blocks,38,1354.42,35.64,0,0,1.18
2020-08-12,Toys,Building Blocks,73,2528.97,34.64,1,0,1.18
2021-01-19,Toys,Building Blocks,51,1840.65,36.09,1,0,1.18
2021-04-23,Toys,Building Blocks,46,1705.72,37.08,0,0,1.18
2021-05-26,Toys,Building Blocks,54,1714.92,31.76,0,0,1.18
2021-07-02,Toys,Building Blocks,69,2253.7,32.66,0,0,1.18
2021-12-30,Toys,Building Blocks,62,2157.15,34.79,0,1,1.18
2020-06-04,Sports,Yoga Mat,33,1544.44,46.8,0,0,1.02
2020-06-12,Sports,Yoga Mat,60,2500.35,41.67,0,0,1.02
2020-07-21,Sports,Yoga Mat,40,1700.56,42.51,0,0,1.02
2020-08-06,Sports,Yoga Mat,40,1746.67,43.67,0,0,1.02
2020-09-21,Sports,Yoga Mat,51,2408.8,47.23,0,0,1.02
2020-10-14,Sports,Yoga Mat,39,1842.39,47.24,0,0,1.02
2020-11-08,Sports,Yoga Mat,48,2280.6,47.51,0,1,1.02
2020-12-16,Sports,Yoga Mat,52,2310.13,44.43,1,1,1.02
2021-03-31,Sports,Yoga Mat,41,1911.63,46.63,0,0,1.02
2021-04-04,Sports,Yoga Mat,58,2523.94,43.52,0,0,1.02
2021-05-19,Sports,Yoga Mat,45,2116.77,47.04,0,0,1.02
2021-06-14,Sports,Yoga Mat,63,2832.02,44.95,1,0,1.02
2021-07-22,Sports,Yoga Mat,41,1794.79,43.78,0,0,1.02
2021-08-09,Sports,Yoga Mat,56,2484.12,44.36,1,0,1.02
2021-09-06,Sports,Yoga Mat,50,2109.53,42.19,0,0,1.02
2021-10-30,Sports,Yoga Mat,45,1868.99,41.53,0,0,1.02
2021-12-19,Sports,Yoga Mat,57,2498.0,43.82,0,1,1.02
2021-12-20,Sports,Yoga Mat,48,2297.98,47.87,0,1,1.02
2021-12-28,Sports,Yoga Mat,53,2408.31,45.44,0,1,1.02
2021-12-29,Sports,Yoga Mat,39,1813.59,46.5,0,1,1.02
2022-01-24,Sports,Yoga Mat,43,1973.47,45.89,0,0,1.02
2022-02-11,Sports,Yoga Mat,56,2810.16,50.18,1,0,1.02
2022-02-22,Sports,Yoga Mat,49,2142.42,43.72,0,0,1.02
2022-03-07,Sports,Yoga Mat,36,1755.94,48.78,0,0,1.02
2022-04-06,Sports,Yoga Mat,57,2622.31,46.01,0,0,1.02
2022-04-15,Sports,Yoga Mat,49,1992.66,40.67,0,0,1.02
2022-06-13,Sports,Yoga Mat,47,2214.44,47.12,0,0,1.02
2022-07-07,Sports,Yoga Mat,39,1827.05,46.85,0,0,1.02
2022-07-09,Sports,Yoga Mat,66,2620.66,39.71,1,0,1.02
2022-08-06,Sports,Yoga Mat,65,3216.62,49.49,1,0,1.02
2022-08-14,Sports,Yoga Mat,54,2558.36,47.38,1,0,1.02
2020-06-04,Beauty,Face Serum,125,2672.1,21.38,0,0,1.08
2020-06-10,Beauty,Face Serum,163,3271.9,20.07,0,0,1.08
2020-07-10,Beauty,Face Serum,179,3556.47,19.87,1,0,1.08
2020-07-14,Beauty,Face Serum,160,3024.58,18.9,0,0,1.08
2020-07-29,Beauty,Face Serum,154,3042.77,19.76,0,0,1.08
2020-10-31,Beauty,Face Serum,181,3605.41,19.92,0,0,1.08
2020-11-23,Beauty,Face Serum,189,3608.07,19.09,0,1,1.08
2020-12-08,Beauty,Face Serum,198,3773.06,19.06,0,1,1.08
2021-04-01,Beauty,Face Serum,164,3263.93,19.9,0,0,1.08
2021-05-17,Beauty,Face Serum,130,2732.79,21.02,0,0,1.08
2021-07-02,Beauty,Face Serum,169,3378.66,19.99,0,0,1.08
2021-11-12,Beauty,Face Serum,202,4109.36,20.34,0,1,1.08
2022-01-05,Beauty,Face Serum,181,3581.21,19.79,0,0,1.08
2022-04-14,Beauty,Face Serum,197,3760.29,19.09,0,0,1.08
2022-05-05,Beauty,Face Serum,201,4088.97,20.34,1,0,1.08
2022-05-11,Beauty,Face Serum,183,3796.08,20.74,0,0,1.08
2022-05-20,Beauty,Face Serum,158,3340.54,21.14,0,0,1.08
2022-06-11,Beauty,Face Serum,193,3899.64,20.21,0,0,1.08
2022-06-15,Beauty,Face Serum,188,3433.02,18.26,0,0,1.08
2022-07-04,Beauty,Face Serum,165,3195.87,19.37,0,0,1.08
2022-07-28,Beauty,Face Serum,173,3633.3,21.0,0,0,1.08
2022-07-31,Beauty,Face Serum,190,3898.39,20.52,0,0,1.08
2022-08-02,Beauty,Face Serum,163,3260.1,20.0,0,0,1.08
2022-08-04,Beauty,Face Serum,177,3342.22,18.88,0,0,1.08
2022-08-15,Beauty,Face Serum,161,3465.7,21.53,0,0,1.08
2020-06-05,Groceries,Organic Cereal,360,1797.7,4.99,1,0,1.12
2020-11-15,Groceries,Organic Cereal,420,2018.36,4.81,0,1,1.12
2021-03-04,Groceries,Organic Cereal,311,1580.29,5.08,0,0,1.12
2021-04-02,Groceries,Organic Cereal,359,1696.95,4.73,0,0,1.12
2021-10-07,Groceries,Organic Cereal,341,1641.41,4.81,0,0,1.12
2021-11-16,Groceries,Organic Cereal,547,2641.73,4.83,1,1,1.12
2021-11-29,Groceries,Organic Cereal,386,2011.6,5.21,0,1,1.12
2022-02-12,Groceries,Organic Cereal,418,1891.6,4.53,0,0,1.12
2022-03-05,Groceries,Organic Cereal,388,2015.27,5.19,0,0,1.12
2022-05-11,Groceries,Organic Cereal,333,1751.37,5.26,0,0,1.12
2022-05-21,Groceries,Organic Cereal,390,1907.39,4.89,0,0,1.12
