data/raw/sales.csv
date,category,product,units_sold,revenue,product_price,promo_flag,is_holiday_season,category_popularity_30d
2020-06-05,Books,Business Book,106,2601.98,24.55,1,0,0.89
2020-06-08,Books,Business Book,93,2210.08,23.76,0,0,0.89
2020-07-23,Books,Business Book,79,2049.47,25.94,0,0,0.89
2020-08-17,Books,Business Book,88,2232.74,25.37,0,0,0.89
2020-08-22,Books,Business Book,79,1853.02,23.46,0,0,0.89
2020-11-22,Books,Business Book,107,2784.17,26.02,0,1,0.89
2021-01-29,Books,Business Book,124,3234.07,26.08,1,0,0.89
2021-02-05,Books,Business Book,80,1996.34,24.95,0,0,0.89
2021-03-02,Books,Business Book,80,2003.54,25.04,0,0,0.89
2021-09-26,Books,Business Book,85,2371.22,27.9,0,0,0.89
2021-10-03,Books,Business Book,97,2189.92,22.58,0,0,0.89
2021-11-01,Books,Business Book,124,3157.1,25.46,0,1,0.89
2021-11-09,Books,Business Book,120,2984.29,24.87,0,1,0.89
2021-12-08,Books,Business Book,117,2862.21,24.46,0,1,0.89
2022-01-27,Books,Business Book,85,2354.29,27.7,0,0,0.89
2022-03-19,Books,Business Book,86,2226.64,25.89,0,0,0.89
2022-05-07,Books,Business Book,97,2242.32,23.12,0,0,0.89
2022-05-11,Books,Business Book,100,2471.07,24.71,0,0,0.89
2022-06-26,Books,Business Book,99,2424.22,24.49,0,0,0.89
2022-07-28,Books,Business Book,105,2523.04,24.03,0,0,0.89
2020-06-05,Toys,Building Blocks,58,2037.8,35.13,1,0,0.87
2020-09-29,Toys,Building Blocks,35,1251.39,35.75,0,0,0.87
2020-12-06,Toys,Building Blocks,69,2346.85,34.01,0,1,0.87
2021-03-07,Toys,Building Blocks,82,2842.33,34.66,1,0,0.87
2021-06-19,Toys,Building Blocks,57,2237.99,39.26,0,0,0.87
2021-08-21,Toys,Building Blocks,62,2133.76,34.42,0,0,0.87
2021-10-01,Toys,Building Blocks,55,1942.24,35.31,0,0,0.87
2021-11-10,Toys,Building Blocks,70,2438.34,34.83,0,1,0.87
2022-01-10,Toys,Building Blocks,66,2262.51,34.28,0,0,0.87
2022-07-01,Toys,Building Blocks,40,1384.13,34.6,0,0,0.87
2020-06-06,Electronics,Smart Speaker,15,2290.8,152.72,0,0,1.13
2020-06-20,Electronics,Smart Speaker,17,2492.97,146.65,0,0,1.13
2020-10-01,Electronics,Smart Speaker,9,1381.15,153.46,0,0,1.13
2020-10-09,Electronics,Smart Speaker,10,1495.55,149.55,0,0,1.13
2021-02-26,Electronics,Smart Speaker,10,1565.9,156.59,0,0,1.13
2021-08-17,Electronics,Smart Speaker,11,1878.24,170.75,0,0,1.13
2021-09-06,Electronics,Smart Speaker,12,1747.4,145.62,0,0,1.13
2021-09-28,Electronics,Smart Speaker,15,2203.53,146.9,0,0,1.13
2021-10-03,Electronics,Smart Speaker,8,1249.4,156.17,0,0,1.13
2020-06-06,Clothing,Running Shoes,82,4887.79,59.61,0,0,0.9
2020-07-02,Clothing,Running Shoes,54,3246.63,60.12,0,0,0.9
2020-07-12,Clothing,Running Shoes,69,4502.09,65.25,1,0,0.9
2020-07-25,Clothing,Running Shoes,78,4708.75,60.37,0,0,0.9
2020-09-09,Clothing,Running Shoes,61,3734.43,61.22,0,0,0.9
2020-12-18,Clothing,Running Shoes,67,4082.51,60.93,0,1,0.9
2020-12-22,Clothing,Running Shoes,62,3871.97,62.45,0,1,0.9
2021-02-03,Clothing,Running Shoes,81,4643.77,57.33,0,0,0.9
2021-05-05,Clothing,Running Shoes,65,3905.94,60.09,1,0,0.9
2021-07-14,Clothing,Running Shoes,72,4080.27,56.67,0,0,0.9
2021-08-02,Clothing,Running Shoes,69,4305.98,62.41,0,0,0.9
2021-11-23,Clothing,Running Shoes,98,6285.94,64.14,1,1,0.9
2021-12-05,Clothing,Running Shoes,113,6902.0,61.08,0,1,0.9
2021-12-12,Clothing,Running Shoes,100,6270.87,62.71,0,1,0.9
2021-12-21,Clothing,Running Shoes,73,4658.23,63.81,0,1,0.9
2022-02-18,Clothing,Running Shoes,75,4317.16,57.56,0,0,0.9
2022-04-24,Clothing,Running Shoes,73,4421.93,60.57,0,0,0.9
2022-06-26,Clothing,Running Shoes,77,4350.8,56.5,0,0,0.9
2020-06-06,Furniture,Office Chair,7,845.85,120.84,0,0,1.05
2020-06-19,Furniture,Office Chair,5,589.19,117.84,0,0,1.05
2020-07-11,Furniture,Office Chair,12,1469.37,122.45,0,0,1.05
2020-07-31,Furniture,Office Chair,4,502.27,125.57,0,0,1.05
2020-09-02,Furniture,Office Chair,7,875.52,125.07,0,0,1.05
2020-10-04,Furniture,Office Chair,6,714.64,119.11,0,0,1.05
2020-10-20,Furniture,Office Chair,4,503.21,125.8,0,0,1.05
2020-11-11,Furniture,Office Chair,16,1953.87,122.12,0,1,1.05
2021-01-22,Furniture,Office Chair,7,835.56,119.37,0,0,1.05
2021-02-14,Furniture,Office Chair,11,1252.97,113.91,0,0,1.05
2021-03-01,Furniture,Office Chair,8,963.98,120.5,0,0,1.05
2021-03-24,Furniture,Office Chair,8,969.55,121.19,0,0,1.05
2021-04-02,Furniture,Office Chair,3,344.68,114.89,0,0,1.05
2021-05-08,Furniture,Office Chair,12,1512.38,126.03,0,0,1.05
2021-06-07,Furniture,Office Chair,8,918.86,114.86,0,0,1.05
2021-06-27,Furniture,Office Chair,19,2336.16,122.96,1,0,1.05
2021-06-28,Furniture,Office Chair,13,1560.8,120.06,0,0,1.05
2021-07-11,Furniture,Office Chair,6,733.09,122.18,0,0,1.05
2021-07-23,Furniture,Office Chair,10,1151.8,115.18,0,0,1.05
2021-09-06,Furniture,Office Chair,5,625.76,125.15,0,0,1.05
2021-09-13,Furniture,Office Chair,10,1249.05,124.9,0,0,1.05
2021-09-20,Furniture,Office Chair,10,1152.77,115.28,0,0,1.05
2021-09-30,Furniture,Office Chair,7,794.71,113.53,0,0,1.05
2021-10-20,Furniture,Office Chair,7,843.72,120.53,0,0,1.05
2021-11-14,Furniture,Office Chair,16,1846.48,115.4,0,1,1.05
2021-12-10,Furniture,Office Chair,13,1599.75,123.06,0,1,1.05
2022-01-10,Furniture,Office Chair,6,753.54,125.59,0,0,1.05
2022-03-11,Furniture,Office Chair,5,541.13,108.23,0,0,1.05
2022-04-12,Furniture,Office Chair,9,1043.29,115.92,0,0,1.05
2022-05-05,Furniture,Office Chair,10,1152.71,115.27,1,0,1.05
2022-05-24,Furniture,Office Chair,11,1249.43,113.58,0,0,1.05
2022-06-13,Furniture,Office Chair,16,1989.57,124.35,0,0,1.05
2022-06-15,Furniture,Office Chair,3,412.25,137.42,0,0,1.05
2022-06-18,Furniture,Office Chair,10,1176.95,117.69,0,0,1.05
2022-07-16,Furniture,Office Chair,5,618.11,123.62,0,0,1.05
2022-08-13,Furniture,Office Chair,4,483.38,120.84,0,0,1.05
2022-08-24,Furniture,Office Chair,5,617.43,123.49,0,0,1.05
2022-08-26,Furniture,Office Chair,16,1990.76,124.42,0,0,1.05
2020-06-07,Electronics,Smart Speaker,7,1108.04,158.29,0,0,1.12
2020-07-15,Electronics,Smart Speaker,8,1196.81,149.6,0,0,1.12
2020-09-15,Electronics,Smart Speaker,12,1998.5,166.54,0,0,1.12
2020-11-20,Electronics,Smart Speaker,11,1573.42,143.04,0,1,1.12
2020-11-22,Electronics,Smart Speaker,11,1625.66,147.79,0,1,1.12
2020-12-20,Electronics,Smart Speaker,19,2801.8,147.46,1,1,1.12
2021-01-23,Electronics,Smart Speaker,13,2028.9,156.07,1,0,1.12
2021-02-24,Electronics,Smart Speaker,11,1475.36,134.12,0,0,1.12
2021-08-21,Electronics,Smart Speaker,14,2029.12,144.94,0,0,1.12
2021-09-30,Electronics,Smart Speaker,16,2363.12,147.69,0,0,1.12
2021-10-11,Electronics,Smart Speaker,12,1858.39,154.87,0,0,1.12
2021-11-13,Electronics,Smart Speaker,16,2201.55,137.6,0,1,1.12
2022-01-31,Electronics,Smart Speaker,8,1105.59,138.2,0,0,1.12
2022-04-16,Electronics,Smart Speaker,11,1694.9,154.08,0,0,1.12
2022-04-28,Electronics,Smart Speaker,17,2449.22,144.07,0,0,1.12
2022-05-29,Electronics,Smart Speaker,13,2063.63,158.74,0,0,1.12
2022-07-23,Electronics,Smart Speaker,8,1238.76,154.85,0,0,1.12
2022-08-04,Electronics,Smart Speaker,14,2183.02,155.93,0,0,1.12
2022-09-07,Electronics,Smart Speaker,8,1298.78,162.35,0,0,1.12
2020-06-07,Groceries,Organic Cereal,279,1508.93,5.41,0,0,0.89
2020-07-20,Groceries,Organic Cereal,248,1324.89,5.34,0,0,0.89
2020-08-24,Groceries,Organic Cereal,309,1469.26,4.75,0,0,0.89
2020-10-11,Groceries,Organic Cereal,453,2283.47,5.04,1,0,0.89
2021-01-09,Groceries,Organic Cereal,345,1761.43,5.11,0,0,0.89
2021-02-08,Groceries,Organic Cereal,299,1507.42,5.04,0,0,0.89
2021-06-25,Groceries,Organic Cereal,333,1626.05,4.88,0,0,0.89
2021-06-30,Groceries,Organic Cereal,322,1608.57,5.0,0,0,0.89
2021-07-02,Groceries,Organic Cereal,340,1756.81,5.17,0,0,0.89
2021-07-17,Groceries,Organic Cereal,327,1803.43,5.52,0,0,0.89
2021-08-05,Groceries,Organic Cereal,403,1912.88,4.75,1,0,0.89
2021-08-29,Groceries,Organic Cereal,368,1843.63,5.01,0,0,0.89
2021-09-20,Groceries,Organic Cereal,341,1641.25,4.81,0,0,0.89
2021-09-26,Groceries,Organic Cereal,374,1856.12,4.96,0,0,0.89
2021-09-28,Groceries,Organic Cereal,324,1542.45,4.76,0,0,0.89
2021-10-10,Groceries,Organic Cereal,350,1783.59,5.1,0,0,0.89
2021-10-26,Groceries,Organic Cereal,312,1605.79,5.15,0,0,0.89
2021-11-01,Groceries,Organic Cereal,445,2155.23,4.84,0,1,0.89
2022-03-10,Groceries,Organic Cereal,318,1641.71,5.16,0,0,0.89
2022-04-24,Groceries,Organic Cereal,395,2038.86,5.16,0,0,0.89
2022-05-18,Groceries,Organic Cereal,367,1801.89,4.91,0,0,0.89
2022-06-05,Groceries,Organic Cereal,425,2457.81,5.78,1,0,0.89
2022-06-10,Groceries,Organic Cereal,354,1787.47,5.05,0,0,0.89
2022-07-04,Groceries,Organic Cereal,349,1768.2,5.07,0,0,0.89
2020-06-07,Furniture,Office Chair,7,889.96,127.14,0,0,0.88
2020-09-13,Furniture,Office Chair,10,1150.68,115.07,1,0,0.88
2021-01-12,Furniture,Office Chair,8,990.3,123.79,0,0,0.88
2021-04-04,Furniture,Office Chair,12,1369.63,114.14,0,0,0.88
2021-06-11,Furniture,Office Chair,5,579.0,115.8,1,0,0.88
2021-09-03,Furniture,Office Chair,11,1257.72,114.34,0,0,0.88
2021-12-08,Furniture,Office Chair,17,2163.98,127.29,0,1,0.88
2022-02-11,Furniture,Office Chair,16,1865.49,116.59,1,0,0.88
2022-03-29,Furniture,Office Chair,7,786.79,112.4,0,0,0.88
2022-06-17,Furniture,Office Chair,3,369.31,123.1,0,0,0.88
2022-07-10,Furniture,Office Chair,16,1839.82,114.99,0,0,0.88
2022-07-28,Furniture,Office Chair,5,621.2,124.24,0,0,0.88
2020-06-07,Toys,Building Blocks,56,1852.57,33.08,0,0,0.86
2020-06-18,Toys,Building Blocks,51,1811.2,35.51,0,0,0.86
2020-07-11,Toys,Building Blocks,68,2286.47,33.62,0,0,0.86
2021-01-22,Toys,Building Blocks,53,1935.61,36.52,0,0,0.86
2021-01-25,Toys,Building Blocks,61,2127.72,34.88,0,0,0.86
2021-06-21,Toys,Building Blocks,63,2130.36,33.82,0,0,0.86
2021-09-15,Toys,Building Blocks,62,2118.2,34.16,0,0,0.86
2021-12-21,Toys,Building Blocks,85,2966.53,34.9,0,1,0.86
2022-02-10,Toys,Building Blocks,52,1690.32,32.51,0,0,0.86
2022-08-04,Toys,Building Blocks,60,2230.14,37.17,0,0,0.86
2022-08-12,Toys,Building Blocks,48,1583.89,33.0,0,0,0.86
2020-06-08,Electronics,Smart Speaker,12,1805.32,150.44,0,0,1.11
2020-07-01,Electronics,Smart Speaker,5,717.81,143.56,0,0,1.11
2020-08-31,Electronics,Smart Speaker,6,919.15,153.19,1,0,1.11
2020-09-04,Electronics,Smart Speaker,14,2048.79,146.34,1,0,1.11
2020-11-17,Electronics,Smart Speaker,14,2272.13,162.29,1,1,1.11
2020-11-19,Electronics,Smart Speaker,15,2372.6,158.17,0,1,1.11
2020-12-15,Electronics,Smart Speaker,18,2636.45,146.47,1,1,1.11
2020-12-26,Electronics,Smart Speaker,16,2605.75,162.86,0,1,1.11
2021-01-08,Electronics,Smart Speaker,9,1401.66,155.74,0,0,1.11
2021-01-17,Electronics,Smart Speaker,18,2592.35,144.02,0,0,1.11
2021-07-02,Electronics,Smart Speaker,14,2221.53,158.68,0,0,1.11
2021-07-17,Electronics,Smart Speaker,16,2352.86,147.05,0,0,1.11
2021-08-02,Electronics,Smart Speaker,15,2124.47,141.63,0,0,1.11
2021-09-10,Electronics,Smart Speaker,10,1582.09,158.21,0,0,1.11
2021-09-21,Electronics,Smart Speaker,15,2600.24,173.35,0,0,1.11
2021-10-14,Electronics,Smart Speaker,9,1443.03,160.34,0,0,1.11
2021-10-22,Electronics,Smart Speaker,11,1544.96,140.45,0,0,1.11
2022-01-11,Electronics,Smart Speaker,12,1770.37,147.53,0,0,1.11
2022-02-18,Electronics,Smart Speaker,17,2474.28,145.55,0,0,1.11
2022-02-28,Electronics,Smart Speaker,11,1656.42,150.58,0,0,1.11
2022-03-11,Electronics,Smart Speaker,11,1553.75,141.25,0,0,1.11
2022-04-01,Electronics,Smart Speaker,12,1738.67,144.89,0,0,1.11
2022-05-14,Electronics,Smart Speaker,8,1174.16,146.77,0,0,1.11
2022-08-01,Electronics,Smart Speaker,15,2125.07,141.67,0,0,1.11
2020-06-08,Groceries,Organic Cereal,276,1432.37,5.19,0,0,1.03
2020-07-29,Groceries,Organic Cereal,265,1350.77,5.1,0,0,1.03
2020-08-03,Groceries,Organic Cereal,302,1507.62,4.99,0,0,1.03
2020-08-25,Groceries,Organic Cereal,292,1487.84,5.1,0,0,1.03
2020-10-08,Groceries,Organic Cereal,284,1352.84,4.76,0,0,1.03
2020-12-01,Groceries,Organic Cereal,403,1990.08,4.94,0,1,1.03
2021-01-13,Groceries,Organic Cereal,305,1572.13,5.15,0,0,1.03
2021-02-21,Groceries,Organic Cereal,375,1865.39,4.97,0,0,1.03
2021-03-18,Groceries,Organic Cereal,380,1901.44,5.0,1,0,1.03
2021-04-15,Groceries,Organic Cereal,320,1700.04,5.31,0,0,1.03
2021-04-27,Groceries,Organic Cereal,340,1671.74,4.92,0,0,1.03
2021-05-04,Groceries,Organic Cereal,386,1998.08,5.18,1,0,1.03
2021-05-09,Groceries,Organic Cereal,341,1766.07,5.18,0,0,1.03
2021-05-14,Groceries,Organic Cereal,304,1623.87,5.34,0,0,1.03
2021-05-29,Groceries,Organic Cereal,394,1902.56,4.83,0,0,1.03
2021-06-10,Groceries,Organic Cereal,312,1543.43,4.95,0,0,1.03
2021-06-17,Groceries,Organic Cereal,324,1661.33,5.13,0,0,1.03
2021-09-30,Groceries,Organic Cereal,309,1570.34,5.08,0,0,1.03
2021-10-14,Groceries,Organic Cereal,358,1760.68,4.92,0,0,1.03
2021-10-18,Groceries,Organic Cereal,340,1653.85,4.86,0,0,1.03
2021-10-24,Groceries,Organic Cereal,389,1794.49,4.61,0,0,1.03
2021-11-14,Groceries,Organic Cereal,423,2316.77,5.48,0,1,1.03
2021-12-16,Groceries,Organic Cereal,452,2211.78,4.89,0,1,1.03
2021-12-17,Groceries,Organic Cereal,383,2028.96,5.3,0,1,1.03
2022-01-04,Groceries,Organic Cereal,331,1726.17,5.22,0,0,1.03
2022-03-07,Groceries,Organic Cereal,315,1621.74,5.15,0,0,1.03
2022-05-08,Groceries,Organic Cereal,358,1863.79,5.21,0,0,1.03
2022-05-20,Groceries,Organic Cereal,328,1629.91,4.97,0,0,1.03
2022-05-25,Groceries,Organic Cereal,316,1670.58,5.29,0,0,1.03
2022-07-01,Groceries,Organic Cereal,384,1801.57,4.69,0,0,1.03
2020-06-08,Sports,Yoga Mat,38,1829.48,48.14,0,0,0.99
2020-08-16,Sports,Yoga Mat,48,2118.66,44.14,1,0,0.99
2020-10-10,Sports,Yoga Mat,45,2076.21,46.14,0,0,0.99
2020-10-15,Sports,Yoga Mat,39,1816.72,46.58,0,0,0.99
2020-11-02,Sports,Yoga Mat,55,2607.48,47.41,0,1,0.99
2020-11-09,Sports,Yoga Mat,62,2720.3,43.88,1,1,0.99
2020-11-18,Sports,Yoga Mat,84,3580.66,42.63,1,1,0.99
2020-11-19,Sports,Yoga Mat,47,2110.57,44.91,0,1,0.99
2020-12-26,Sports,Yoga Mat,53,2523.97,47.62,0,1,0.99
2020-12-29,Sports,Yoga Mat,45,2081.99,46.27,0,1,0.99
2021-05-17,Sports,Yoga Mat,40,1824.47,45.61,0,0,0.99
2021-05-25,Sports,Yoga Mat,35,1542.22,44.06,0,0,0.99
2021-06-06,Sports,Yoga Mat,46,2189.6,47.6,0,0,0.99
2021-07-21,Sports,Yoga Mat,37,1769.25,47.82,0,0,0.99
2021-08-02,Sports,Yoga Mat,46,2064.18,44.87,0,0,0.99
2021-08-19,Sports,Yoga Mat,49,2113.01,43.12,0,0,0.99
2021-09-18,Sports,Yoga Mat,49,2225.44,45.42,0,0,0.99
2021-10-08,Sports,Yoga Mat,45,2056.41,45.7,0,0,0.99
2021-10-16,Sports,Yoga Mat,49,2187.2,44.64,0,0,0.99
2022-01-28,Sports,Yoga Mat,42,1818.61,43.3,0,0,0.99
2022-04-02,Sports,Yoga Mat,51,2248.79,44.09,0,0,0.99
2022-05-16,Sports,Yoga Mat,54,2437.7,45.14,0,0,0.99
2022-05-19,Sports,Yoga Mat,52,2282.05,43.89,0,0,0.99
2022-06-10,Sports,Yoga Mat,56,2594.89,46.34,0,0,0.99
2022-06-15,Sports,Yoga Mat,62,2778.96,44.82,0,0,0.99
2022-06-19,Sports,Yoga Mat,38,1754.43,46.17,0,0,0.99
2022-07-02,Sports,Yoga Mat,64,2950.28,46.1,1,0,0.99
2022-08-20,Sports,Yoga Mat,49,2295.19,46.84,0,0,0.99
2022-08-28,Sports,Yoga Mat,43,1982.45,46.1,0,0,0.99
2020-06-08,Beauty,Face Serum,150,3070.79,20.47,0,0,1.01
2020-06-11,Beauty,Face Serum,156,2725.99,17.47,0,0,1.01
2020-06-18,Beauty,Face Serum,174,3303.25,18.98,0,0,1.01
2020-08-15,Beauty,Face Serum,203,3896.64,19.2,0,0,1.01
2020-08-23,Beauty,Face Serum,154,3212.38,20.86,0,0,1.01
2020-09-08,Beauty,Face Serum,151,3129.15,20.72,0,0,1.01
2020-09-11,Beauty,Face Serum,153,2936.62,19.19,0,0,1.01
2020-10-07,Beauty,Face Serum,141,2985.98,21.18,0,0,1.01
2020-10-18,Beauty,Face Serum,139,2916.76,20.98,0,0,1.01
2020-10-26,Beauty,Face Serum,139,3015.24,21.69,0,0,1.01
2020-12-27,Beauty,Face Serum,211,4628.47,21.94,1,1,1.01
2021-01-15,Beauty,Face Serum,130,2852.36,21.94,0,0,1.01
2021-01-25,Beauty,Face Serum,142,2877.56,20.26,0,0,1.01
2021-03-04,Beauty,Face Serum,176,3266.1,18.56,0,0,1.01
2021-03-18,Beauty,Face Serum,181,3957.18,21.86,1,0,1.01
2021-04-04,Beauty,Face Serum,180,3642.36,20.24,0,0,1.01
2021-04-19,Beauty,Face Serum,150,3149.34,21.0,0,0,1.01
2021-05-08,Beauty,Face Serum,182,3478.92,19.11,0,0,1.01
2021-06-19,Beauty,Face Serum,170,3352.41,19.72,0,0,1.01
2021-07-13,Beauty,Face Serum,150,2780.9,18.54,0,0,1.01
2021-07-29,Beauty,Face Serum,185,4093.89,22.13,1,0,1.01
2021-08-03,Beauty,Face Serum,204,4373.36,21.44,1,0,1.01
2021-08-17,Beauty,Face Serum,156,3168.23,20.31,0,0,1.01
2021-08-22,Beauty,Face Serum,185,3469.98,18.76,0,0,1.01
2021-08-24,Beauty,Face Serum,204,4052.99,19.87,1,0,1.01
2021-09-11,Beauty,Face Serum,142,3011.39,21.21,0,0,1.01
2021-09-24,Beauty,Face Serum,133,2995.12,22.52,0,0,1.01
2021-10-02,Beauty,Face Serum,194,3882.73,20.01,0,0,1.01
2021-11-26,Beauty,Face Serum,227,4359.44,19.2,0,1,1.01
2022-02-04,Beauty,Face Serum,159,3529.5,22.2,0,0,1.01
2022-02-05,Beauty,Face Serum,174,3590.19,20.63,0,0,1.01
2022-02-26,Beauty,Face Serum,196,3841.81,19.6,0,0,1.01
2022-03-10,Beauty,Face Serum,174,3263.42,18.76,0,0,1.01
2022-03-21,Beauty,Face Serum,182,3662.26,20.12,0,0,1.01
2022-03-24,Beauty,Face Serum,178,3650.46,20.51,0,0,1.01
2022-04-05,Beauty,Face Serum,155,3411.92,22.01,0,0,1.01
2022-05-07,Beauty,Face Serum,175,3838.01,21.93,0,0,1.01
2022-06-19,Beauty,Face Serum,196,3943.9,20.12,0,0,1.01
2022-06-29,Beauty,Face Serum,188,3475.94,18.49,0,0,1.01
2022-07-05,Beauty,Face Serum,136,3222.06,23.69,0,0,1.01
2022-07-17,Beauty,Face Serum,199,3805.79,19.12,0,0,1.01
2022-08-25,Beauty,Face Serum,152,3127.63,20.58,0,0,1.01
