data/raw/sales.csv
date,category,product,units_sold,revenue,product_price,promo_flag,is_holiday_season,category_popularity_30d
2020-06-09,Groceries,Organic Cereal,417,1955.33,4.69,1,0,0.93
2020-07-09,Groceries,Organic Cereal,267,1456.04,5.45,0,0,0.93
2020-07-27,Groceries,Organic Cereal,278,1380.63,4.97,0,0,0.93
2020-08-02,Groceries,Organic Cereal,354,1692.03,4.78,0,0,0.93
2020-09-19,Groceries,Organic Cereal,344,1724.95,5.01,0,0,0.93
2020-10-27,Groceries,Organic Cereal,311,1599.88,5.14,0,0,0.93
2021-01-10,Groceries,Organic Cereal,413,1908.08,4.62,0,0,0.93
2021-01-16,Groceries,Organic Cereal,345,1659.47,4.81,0,0,0.93
2021-02-17,Groceries,Organic Cereal,306,1574.94,5.15,0,0,0.93
2021-03-08,Groceries,Organic Cereal,298,1564.69,5.25,0,0,0.93
2021-04-08,Groceries,Organic Cereal,418,1993.1,4.77,1,0,0.93
2021-08-19,Groceries,Organic Cereal,330,1731.43,5.25,0,0,0.93
2021-08-25,Groceries,Organic Cereal,321,1524.45,4.75,0,0,0.93
2021-10-25,Groceries,Organic Cereal,322,1618.31,5.03,0,0,0.93
2021-11-23,Groceries,Organic Cereal,513,2641.83,5.15,1,1,0.93
2022-02-21,Groceries,Organic Cereal,334,1822.04,5.46,0,0,0.93
2022-03-04,Groceries,Organic Cereal,503,2340.88,4.65,1,0,0.93
2022-05-30,Groceries,Organic Cereal,431,2116.89,4.91,1,0,0.93
2022-06-16,Groceries,Organic Cereal,457,2189.36,4.79,1,0,0.93
2022-09-09,Groceries,Organic Cereal,317,1633.76,5.15,0,0,0.93
2020-06-09,Clothing,Running Shoes,80,4729.21,59.12,1,0,1.12
2020-06-23,Clothing,Running Shoes,62,3784.64,61.04,1,0,1.12
2020-09-11,Clothing,Running Shoes,75,4288.57,57.18,0,0,1.12
2020-10-28,Clothing,Running Shoes,52,3144.77,60.48,0,0,1.12
2020-12-01,Clothing,Running Shoes,71,4107.9,57.86,0,1,1.12
2020-12-03,Clothing,Running Shoes,94,5660.83,60.22,0,1,1.12
2020-12-08,Clothing,Running Shoes,70,4306.9,61.53,0,1,1.12
2020-12-10,Clothing,Running Shoes,100,6059.39,60.59,1,1,1.12
2020-12-27,Clothing,Running Shoes,128,7837.59,61.23,1,1,1.12
2021-05-22,Clothing,Running Shoes,86,4929.88,57.32,1,0,1.12
2021-06-27,Clothing,Running Shoes,88,5725.04,65.06,1,0,1.12
2021-07-19,Clothing,Running Shoes,77,4553.09,59.13,1,0,1.12
2021-11-10,Clothing,Running Shoes,83,4964.83,59.82,0,1,1.12
2021-12-10,Clothing,Running Shoes,77,4761.41,61.84,0,1,1.12
2022-02-01,Clothing,Running Shoes,70,4180.02,59.71,0,0,1.12
2020-06-09,Furniture,Office Chair,6,742.82,123.8,1,0,1.04
2020-06-10,Furniture,Office Chair,6,780.21,130.04,0,0,1.04
2020-07-06,Furniture,Office Chair,6,685.72,114.29,0,0,1.04
2020-09-12,Furniture,Office Chair,9,1043.43,115.94,0,0,1.04
2020-09-24,Furniture,Office Chair,11,1426.84,129.71,0,0,1.04
2020-11-10,Furniture,Office Chair,5,590.73,118.15,0,1,1.04
2020-12-24,Furniture,Office Chair,12,1370.09,114.17,0,1,1.04
2021-01-17,Furniture,Office Chair,3,385.14,128.38,0,0,1.04
2021-02-05,Furniture,Office Chair,9,1042.15,115.79,0,0,1.04
2021-03-17,Furniture,Office Chair,11,1239.13,112.65,0,0,1.04
2021-03-26,Furniture,Office Chair,7,877.37,125.34,0,0,1.04
2021-04-20,Furniture,Office Chair,7,842.08,120.3,0,0,1.04
2021-04-24,Furniture,Office Chair,6,640.18,106.7,0,0,1.04
2021-04-25,Furniture,Office Chair,4,473.31,118.33,0,0,1.04
2021-06-08,Furniture,Office Chair,13,1547.21,119.02,0,0,1.04
2021-06-17,Furniture,Office Chair,11,1320.7,120.06,0,0,1.04
2021-07-05,Furniture,Office Chair,9,1009.72,112.19,0,0,1.04
2021-07-12,Furniture,Office Chair,7,843.26,120.47,0,0,1.04
2021-08-27,Furniture,Office Chair,14,1698.12,121.29,1,0,1.04
2021-09-01,Furniture,Office Chair,8,1018.34,127.29,0,0,1.04
2021-09-24,Furniture,Office Chair,11,1317.51,119.77,0,0,1.04
2021-10-27,Furniture,Office Chair,11,1357.97,123.45,0,0,1.04
2021-11-05,Furniture,Office Chair,16,2066.88,129.18,1,1,1.04
2021-11-12,Furniture,Office Chair,13,1485.56,114.27,0,1,1.04
2021-12-23,Furniture,Office Chair,22,2338.48,106.29,0,1,1.04
2022-02-14,Furniture,Office Chair,9,1045.41,116.16,0,0,1.04
2022-02-28,Furniture,Office Chair,7,886.8,126.69,0,0,1.04
2022-04-14,Furniture,Office Chair,5,615.67,123.13,0,0,1.04
2022-05-19,Furniture,Office Chair,9,1062.13,118.01,0,0,1.04
2022-05-31,Furniture,Office Chair,11,1358.19,123.47,0,0,1.04
2022-06-08,Furniture,Office Chair,14,1734.78,123.91,0,0,1.04
2022-07-04,Furniture,Office Chair,6,671.91,111.98,0,0,1.04
2022-07-06,Furniture,Office Chair,14,1819.77,129.98,0,0,1.04
2022-07-19,Furniture,Office Chair,9,1037.22,115.25,0,0,1.04
2022-08-31,Furniture,Office Chair,16,1671.78,104.49,0,0,1.04
2020-06-09,Sports,Yoga Mat,59,2464.42,41.77,1,0,0.81
2020-08-23,Sports,Yoga Mat,40,1951.08,48.78,0,0,0.81
2020-09-10,Sports,Yoga Mat,50,2304.7,46.09,1,0,0.81
2021-12-08,Sports,Yoga Mat,61,2613.93,42.85,0,1,0.81
2022-01-29,Sports,Yoga Mat,58,2494.8,43.01,0,0,0.81
2022-02-03,Sports,Yoga Mat,53,2377.36,44.86,0,0,0.81
2022-03-23,Sports,Yoga Mat,56,2493.77,44.53,1,0,0.81
2022-05-29,Sports,Yoga Mat,41,1925.2,46.96,0,0,0.81
2022-06-08,Sports,Yoga Mat,52,2308.41,44.39,0,0,0.81
2022-07-04,Sports,Yoga Mat,47,2152.81,45.8,0,0,0.81
2020-06-09,Beauty,Face Serum,188,3816.9,20.3,1,0,0.95
2020-08-06,Beauty,Face Serum,150,2922.42,19.48,0,0,0.95
2020-08-11,Beauty,Face Serum,183,3606.56,19.71,1,0,0.95
2020-08-26,Beauty,Face Serum,183,3613.09,19.74,1,0,0.95
2020-09-01,Beauty,Face Serum,128,2497.06,19.51,0,0,0.95
2020-09-27,Beauty,Face Serum,180,3505.22,19.47,0,0,0.95
2020-11-03,Beauty,Face Serum,202,3708.67,18.36,0,1,0.95
2021-04-07,Beauty,Face Serum,158,3484.94,22.06,0,0,0.95
2021-05-01,Beauty,Face Serum,188,3651.12,19.42,0,0,0.95
2021-06-11,Beauty,Face Serum,234,4215.8,18.02,1,0,0.95
2021-06-27,Beauty,Face Serum,256,4893.63,19.12,1,0,0.95
2021-09-15,Beauty,Face Serum,197,3737.79,18.97,0,0,0.95
2021-11-02,Beauty,Face Serum,209,4437.67,21.23,0,1,0.95
2021-11-06,Beauty,Face Serum,219,4654.1,21.25,0,1,0.95
2021-11-25,Beauty,Face Serum,215,4601.14,21.4,0,1,0.95
2021-12-19,Beauty,Face Serum,224,4501.63,20.1,0,1,0.95
2021-12-23,Beauty,Face Serum,220,4341.3,19.73,0,1,0.95
2021-12-27,Beauty,Face Serum,235,4372.91,18.61,0,1,0.95
2022-03-19,Beauty,Face Serum,205,3961.44,19.32,0,0,0.95
2022-04-10,Beauty,Face Serum,192,3872.03,20.17,0,0,0.95
2022-05-17,Beauty,Face Serum,226,4162.84,18.42,1,0,0.95
2022-06-02,Beauty,Face Serum,161,3286.93,20.42,0,0,0.95
2020-06-10,Electronics,Smart Speaker,7,1019.46,145.64,0,0,0.9
2020-07-22,Electronics,Smart Speaker,5,769.5,153.9,0,0,0.9
2020-09-08,Electronics,Smart Speaker,12,1874.05,156.17,0,0,0.9
2020-09-28,Electronics,Smart Speaker,16,2323.89,145.24,0,0,0.9
2020-11-29,Electronics,Smart Speaker,17,2640.77,155.34,0,1,0.9
2021-01-16,Electronics,Smart Speaker,8,1317.18,164.65,0,0,0.9
2021-01-30,Electronics,Smart Speaker,15,2270.28,151.35,0,0,0.9
2021-01-31,Electronics,Smart Speaker,11,1444.93,131.36,0,0,0.9
2021-02-25,Electronics,Smart Speaker,7,1129.19,161.31,0,0,0.9
2021-03-09,Electronics,Smart Speaker,10,1599.38,159.94,0,0,0.9
2021-04-13,Electronics,Smart Speaker,4,644.36,161.09,0,0,0.9
2021-04-28,Electronics,Smart Speaker,14,2213.23,158.09,1,0,0.9
2021-09-12,Electronics,Smart Speaker,14,2200.39,157.17,0,0,0.9
2021-09-25,Electronics,Smart Speaker,17,2417.82,142.22,0,0,0.9
2021-11-15,Electronics,Smart Speaker,10,1477.51,147.75,1,1,0.9
2021-12-09,Electronics,Smart Speaker,15,2375.18,158.35,0,1,0.9
2021-12-31,Electronics,Smart Speaker,19,2860.64,150.56,1,1,0.9
2022-02-10,Electronics,Smart Speaker,14,1960.24,140.02,0,0,0.9
2022-03-31,Electronics,Smart Speaker,11,1695.06,154.1,0,0,0.9
2022-04-11,Electronics,Smart Speaker,14,2044.77,146.06,0,0,0.9
2022-04-14,Electronics,Smart Speaker,20,2855.78,142.79,0,0,0.9
2022-08-20,Electronics,Smart Speaker,7,1066.48,152.35,0,0,0.9
2020-06-10,Groceries,Organic Cereal,267,1337.28,5.01,0,0,0.92
2020-06-14,Groceries,Organic Cereal,321,1684.93,5.25,0,0,0.92
2020-06-20,Groceries,Organic Cereal,339,1736.08,5.12,0,0,0.92
2020-06-21,Groceries,Organic Cereal,340,1746.39,5.14,0,0,0.92
2020-06-28,Groceries,Organic Cereal,338,1567.64,4.64,0,0,0.92
2020-07-03,Groceries,Organic Cereal,311,1497.22,4.81,0,0,0.92
2020-07-30,Groceries,Organic Cereal,252,1302.67,5.17,0,0,0.92
2020-08-06,Groceries,Organic Cereal,267,1467.94,5.5,0,0,0.92
2020-08-12,Groceries,Organic Cereal,408,2085.37,5.11,1,0,0.92
2020-08-21,Groceries,Organic Cereal,310,1540.17,4.97,0,0,0.92
2020-09-30,Groceries,Organic Cereal,316,1517.84,4.8,0,0,0.92
2020-10-10,Groceries,Organic Cereal,341,1642.14,4.82,0,0,0.92
2020-11-06,Groceries,Organic Cereal,392,1977.67,5.05,0,1,0.92
2020-12-03,Groceries,Organic Cereal,378,1900.77,5.03,0,1,0.92
2020-12-25,Groceries,Organic Cereal,388,2041.68,5.26,0,1,0.92
2021-05-01,Groceries,Organic Cereal,361,1785.8,4.95,0,0,0.92
2021-05-17,Groceries,Organic Cereal,358,1706.88,4.77,0,0,0.92
2021-07-24,Groceries,Organic Cereal,350,1886.85,5.39,0,0,0.92
2021-07-31,Groceries,Organic Cereal,339,1671.14,4.93,0,0,0.92
2021-08-30,Groceries,Organic Cereal,333,1859.53,5.58,1,0,0.92
2021-08-31,Groceries,Organic Cereal,340,1704.37,5.01,0,0,0.92
2021-09-06,Groceries,Organic Cereal,318,1540.67,4.84,0,0,0.92
2021-10-15,Groceries,Organic Cereal,341,1615.45,4.74,0,0,0.92
2021-12-05,Groceries,Organic Cereal,447,2212.98,4.95,0,1,0.92
2021-12-29,Groceries,Organic Cereal,436,2168.48,4.97,0,1,0.92
2022-02-25,Groceries,Organic Cereal,339,1692.74,4.99,0,0,0.92
2022-04-01,Groceries,Organic Cereal,366,1781.78,4.87,0,0,0.92
2022-05-14,Groceries,Organic Cereal,381,1908.84,5.01,0,0,0.92
2022-05-16,Groceries,Organic Cereal,365,1761.04,4.82,0,0,0.92
2022-06-02,Groceries,Organic Cereal,319,1639.92,5.14,0,0,0.92
2022-08-05,Groceries,Organic Cereal,345,1697.8,4.92,0,0,0.92
2022-08-17,Groceries,Organic Cereal,316,1587.82,5.02,0,0,0.92
2020-06-10,Clothing,Running Shoes,70,4249.1,60.7,0,0,0.84
2020-08-16,Clothing,Running Shoes,90,5025.09,55.83,1,0,0.84
2020-09-18,Clothing,Running Shoes,69,4266.17,61.83,0,0,0.84
2020-10-11,Clothing,Running Shoes,95,5983.76,62.99,1,0,0.84
2021-02-26,Clothing,Running Shoes,61,3431.88,56.26,0,0,0.84
2021-07-05,Clothing,Running Shoes,63,4043.41,64.18,0,0,0.84
2021-08-23,Clothing,Running Shoes,79,4695.99,59.44,0,0,0.84
2022-01-16,Clothing,Running Shoes,91,5329.26,58.56,0,0,0.84
2022-08-15,Clothing,Running Shoes,66,4163.77,63.09,0,0,0.84
2020-06-10,Books,Business Book,84,1890.66,22.51,0,0,1.04
2020-06-20,Books,Business Book,91,2166.35,23.81,0,0,1.04
2020-07-08,Books,Business Book,68,1759.4,25.87,0,0,1.04
2020-07-26,Books,Business Book,85,2170.64,25.54,0,0,1.04
2020-09-14,Books,Business Book,89,2324.07,26.11,0,0,1.04
2020-10-17,Books,Business Book,78,2020.65,25.91,0,0,1.04
2020-11-06,Books,Business Book,103,2414.77,23.44,0,1,1.04
2021-01-28,Books,Business Book,97,2376.25,24.5,0,0,1.04
2021-02-06,Books,Business Book,81,1997.02,24.65,0,0,1.04
2021-03-08,Books,Business Book,93,2182.35,23.47,0,0,1.04
2021-06-14,Books,Business Book,111,2923.77,26.34,1,0,1.04
2021-09-20,Books,Business Book,97,2241.32,23.11,0,0,1.04
2021-10-17,Books,Business Book,88,2215.84,25.18,0,0,1.04
2021-10-23,Books,Business Book,102,2430.95,23.83,0,0,1.04
2021-10-24,Books,Business Book,81,2090.13,25.8,0,0,1.04
2021-11-10,Books,Business Book,91,2365.91,26.0,0,1,1.04
2021-12-21,Books,Business Book,116,2844.02,24.52,0,1,1.04
2022-02-15,Books,Business Book,94,2438.47,25.94,0,0,1.04
2022-03-10,Books,Business Book,101,2886.97,28.58,0,0,1.04
2022-03-25,Books,Business Book,102,2534.41,24.85,0,0,1.04
2022-05-22,Books,Business Book,99,2425.52,24.5,0,0,1.04
2022-06-13,Books,Business Book,87,2204.3,25.34,0,0,1.04
2022-06-24,Books,Business Book,94,2301.16,24.48,0,0,1.04
2022-06-29,Books,Business Book,106,2566.43,24.21,0,0,1.04
2022-07-11,Books,Business Book,100,2499.24,24.99,0,0,1.04
2022-08-09,Books,Business Book,89,2462.15,27.66,0,0,1.04
2020-06-10,Sports,Yoga Mat,32,1534.61,47.96,0,0,0.88
2020-08-11,Sports,Yoga Mat,39,1622.66,41.61,1,0,0.88
2020-08-22,Sports,Yoga Mat,54,2336.4,43.27,0,0,0.88
2020-10-12,Sports,Yoga Mat,43,1963.34,45.66,0,0,0.88
2020-12-20,Sports,Yoga Mat,80,3706.06,46.33,1,1,0.88
2021-01-06,Sports,Yoga Mat,39,1775.85,45.53,0,0,0.88
2021-01-09,Sports,Yoga Mat,45,1991.0,44.24,0,0,0.88
2021-03-01,Sports,Yoga Mat,37,1692.53,45.74,0,0,0.88
2021-04-25,Sports,Yoga Mat,80,3085.29,38.57,0,0,0.88
2021-05-07,Sports,Yoga Mat,49,2185.74,44.61,1,0,0.88
2021-06-07,Sports,Yoga Mat,41,1662.45,40.55,0,0,0.88
2021-08-07,Sports,Yoga Mat,60,2576.46,42.94,1,0,0.88
2021-08-25,Sports,Yoga Mat,39,1765.95,45.28,0,0,0.88
2021-11-17,Sports,Yoga Mat,56,2477.19,44.24,0,1,0.88
2022-03-15,Sports,Yoga Mat,47,2141.47,45.56,0,0,0.88
2022-04-18,Sports,Yoga Mat,58,2183.94,37.65,0,0,0.88
2022-05-12,Sports,Yoga Mat,28,1335.13,47.68,0,0,0.88
2020-06-11,Groceries,Organic Cereal,289,1451.3,5.02,0,0,1.07
2020-08-05,Groceries,Organic Cereal,277,1326.8,4.79,0,0,1.07
2020-09-24,Groceries,Organic Cereal,342,1607.42,4.7,0,0,1.07
2020-10-01,Groceries,Organic Cereal,305,1486.1,4.87,0,0,1.07
2020-10-04,Groceries,Organic Cereal,321,1618.12,5.04,0,0,1.07
2020-12-02,Groceries,Organic Cereal,412,2005.18,4.87,0,1,1.07
2021-01-01,Groceries,Organic Cereal,285,1408.41,4.94,0,0,1.07
2021-03-20,Groceries,Organic Cereal,318,1750.79,5.51,0,0,1.07
2021-04-11,Groceries,Organic Cereal,376,1951.16,5.19,0,0,1.07
2021-04-24,Groceries,Organic Cereal,368,1961.74,5.33,0,0,1.07
2021-06-01,Groceries,Organic Cereal,299,1536.22,5.14,0,0,1.07
2021-08-10,Groceries,Organic Cereal,318,1627.44,5.12,0,0,1.07
2021-08-21,Groceries,Organic Cereal,361,1812.82,5.02,0,0,1.07
2021-08-22,Groceries,Organic Cereal,335,1744.67,5.21,0,0,1.07
2021-10-19,Groceries,Organic Cereal,325,1495.72,4.6,0,0,1.07
2022-01-03,Groceries,Organic Cereal,347,1831.0,5.28,0,0,1.07
2022-01-15,Groceries,Organic Cereal,357,1752.75,4.91,0,0,1.07
2022-01-18,Groceries,Organic Cereal,338,1611.74,4.77,0,0,1.07
2022-02-09,Groceries,Organic Cereal,344,1761.21,5.12,0,0,1.07
2022-02-10,Groceries,Organic Cereal,327,1686.79,5.16,0,0,1.07
2022-02-11,Groceries,Organic Cereal,431,2114.01,4.9,1,0,1.07
2022-03-21,Groceries,Organic Cereal,294,1566.43,5.33,0,0,1.07
2022-05-19,Groceries,Organic Cereal,370,1797.29,4.86,0,0,1.07
2022-06-20,Groceries,Organic Cereal,379,1799.68,4.75,0,0,1.07
2022-06-21,Groceries,Organic Cereal,435,2160.94,4.97,1,0,1.07
2022-09-02,Groceries,Organic Cereal,355,1691.29,4.76,0,0,1.07
2020-06-11,Clothing,Running Shoes,54,3589.23,66.47,0,0,0.89
2020-07-10,Clothing,Running Shoes,77,4807.43,62.43,1,0,0.89
2020-08-17,Clothing,Running Shoes,67,3768.87,56.25,0,0,0.89
2020-08-26,Clothing,Running Shoes,78,4657.11,59.71,1,0,0.89
2020-09-14,Clothing,Running Shoes,70,4111.49,58.74,0,0,0.89
2020-09-22,Clothing,Running Shoes,75,4524.11,60.32,0,0,0.89
2020-10-30,Clothing,Running Shoes,56,3460.31,61.79,0,0,0.89
2020-12-29,Clothing,Running Shoes,64,4084.74,63.82,0,1,0.89
2021-01-05,Clothing,Running Shoes,71,4060.67,57.19,0,0,0.89
2021-01-31,Clothing,Running Shoes,73,4414.09,60.47,0,0,0.89
2021-02-21,Clothing,Running Shoes,86,4642.1,53.98,0,0,0.89
2021-07-02,Clothing,Running Shoes,77,4205.48,54.62,0,0,0.89
2021-08-27,Clothing,Running Shoes,78,4253.53,54.53,1,0,0.89
2021-09-13,Clothing,Running Shoes,51,3017.75,59.17,0,0,0.89
2021-10-16,Clothing,Running Shoes,78,4940.27,63.34,0,0,0.89
2021-11-20,Clothing,Running Shoes,86,5371.56,62.46,0,1,0.89
2021-12-20,Clothing,Running Shoes,76,4713.03,62.01,0,1,0.89
2022-02-27,Clothing,Running Shoes,75,4181.86,55.76,0,0,0.89
2022-05-16,Clothing,Running Shoes,78,4899.26,62.81,0,0,0.89
2022-07-10,Clothing,Running Shoes,98,5044.79,51.48,0,0,0.89
2022-07-21,Clothing,Running Shoes,62,3719.71,60.0,0,0,0.89
2022-07-31,Clothing,Running Shoes,74,4370.39,59.06,0,0,0.89
2020-06-11,Furniture,Office Chair,9,1056.32,117.37,0,0,1.12
2020-06-21,Furniture,Office Chair,8,955.05,119.38,0,0,1.12
2020-09-16,Furniture,Office Chair,4,472.53,118.13,1,0,1.12
2020-09-25,Furniture,Office Chair,9,1093.83,121.54,0,0,1.12
2020-11-12,Furniture,Office Chair,14,1564.75,111.77,0,1,1.12
2021-04-01,Furniture,Office Chair,9,1109.52,123.28,0,0,1.12
2021-12-25,Furniture,Office Chair,11,1297.47,117.95,0,1,1.12
2022-01-04,Furniture,Office Chair,12,1576.55,131.38,0,0,1.12
2022-02-18,Furniture,Office Chair,7,827.19,118.17,0,0,1.12
2022-04-13,Furniture,Office Chair,6,637.82,106.3,0,0,1.12
2022-05-14,Furniture,Office Chair,13,1377.36,105.95,0,0,1.12
2022-06-06,Furniture,Office Chair,10,1226.96,122.7,0,0,1.12
2020-06-11,Sports,Yoga Mat,41,2072.38,50.55,0,0,0.97
2020-06-20,Sports,Yoga Mat,50,2288.08,45.76,0,0,0.97
2020-06-22,Sports,Yoga Mat,36,1618.43,44.96,0,0,0.97
2020-07-20,Sports,Yoga Mat,38,1858.67,48.91,0,0,0.97
2020-07-30,Sports,Yoga Mat,48,2216.53,46.18,0,0,0.97
2020-08-12,Sports,Yoga Mat,50,2288.13,45.76,1,0,0.97
2020-08-18,Sports,Yoga Mat,50,2328.56,46.57,1,0,0.97
2020-09-01,Sports,Yoga Mat,41,1863.49,45.45,0,0,0.97
2020-10-17,Sports,Yoga Mat,36,1647.34,45.76,0,0,0.97
2020-10-24,Sports,Yoga Mat,40,1881.24,47.03,0,0,0.97
2020-10-26,Sports,Yoga Mat,30,1298.59,43.29,0,0,0.97
2021-01-17,Sports,Yoga Mat,55,2550.39,46.37,0,0,0.97
2021-02-07,Sports,Yoga Mat,55,2493.36,45.33,0,0,0.97
2021-02-27,Sports,Yoga Mat,48,2099.41,43.74,0,0,0.97
2021-03-15,Sports,Yoga Mat,54,2503.52,46.36,1,0,0.97
2021-03-16,Sports,Yoga Mat,42,1868.09,44.48,0,0,0.97
2021-04-20,Sports,Yoga Mat,40,1907.39,47.68,0,0,0.97
2021-05-27,Sports,Yoga Mat,35,1685.48,48.16,0,0,0.97
2021-05-28,Sports,Yoga Mat,42,2092.56,49.82,1,0,0.97
2021-07-23,Sports,Yoga Mat,41,1935.57,47.21,0,0,0.97
2021-08-23,Sports,Yoga Mat,44,2054.06,46.68,0,0,0.97
2021-10-19,Sports,Yoga Mat,47,1920.42,40.86,0,0,0.97
2021-10-27,Sports,Yoga Mat,58,2621.68,45.2,0,0,0.97
2021-11-13,Sports,Yoga Mat,60,2752.99,45.88,0,1,0.97
2021-12-31,Sports,Yoga Mat,85,3874.48,45.58,1,1,0.97
2022-01-01,Sports,Yoga Mat,43,1950.61,45.36,0,0,0.97
2022-01-08,Sports,Yoga Mat,54,2310.8,42.79,0,0,0.97
2022-04-23,Sports,Yoga Mat,50,2340.86,46.82,0,0,0.97
2022-06-16,Sports,Yoga Mat,68,2910.86,42.81,1,0,0.97
2022-06-28,Sports,Yoga Mat,45,2088.14,46.4,1,0,0.97
2022-07-18,Sports,Yoga Mat,37,1696.24,45.84,0,0,0.97
2022-07-22,Sports,Yoga Mat,45,2014.92,44.78,0,0,0.97
2022-07-27,Sports,Yoga Mat,45,2006.26,44.58,0,0,0.97
