data/raw/sales.csv
date,category,product,units_sold,revenue,product_price,promo_flag,is_holiday_season,category_popularity_30d
2020-06-12,Clothing,Running Shoes,49,2886.02,58.9,0,0,0.93
2020-07-30,Clothing,Running Shoes,64,3469.02,54.2,0,0,0.93
2020-08-13,Clothing,Running Shoes,55,3464.43,62.99,0,0,0.93
2020-08-18,Clothing,Running Shoes,66,4222.54,63.98,1,0,0.93
2020-10-22,Clothing,Running Shoes,79,4462.83,56.49,1,0,0.93
2021-03-05,Clothing,Running Shoes,71,4294.92,60.49,1,0,0.93
2021-05-15,Clothing,Running Shoes,93,5215.35,56.08,1,0,0.93
2021-08-26,Clothing,Running Shoes,77,4490.02,58.31,1,0,0.93
2021-09-22,Clothing,Running Shoes,69,4574.54,66.3,0,0,0.93
2021-10-01,Clothing,Running Shoes,65,3704.13,56.99,0,0,0.93
2021-10-06,Clothing,Running Shoes,60,3421.18,57.02,0,0,0.93
2021-11-19,Clothing,Running Shoes,95,5660.6,59.59,0,1,0.93
2021-12-13,Clothing,Running Shoes,71,4524.28,63.72,0,1,0.93
2021-12-24,Clothing,Running Shoes,96,5666.21,59.02,0,1,0.93
2021-12-28,Clothing,Running Shoes,79,4505.92,57.04,0,1,0.93
2022-01-07,Clothing,Running Shoes,85,5511.76,64.84,1,0,0.93
2022-01-13,Clothing,Running Shoes,72,4071.07,56.54,0,0,0.93
2022-01-31,Clothing,Running Shoes,84,4929.69,58.69,0,0,0.93
2022-02-05,Clothing,Running Shoes,84,4709.05,56.06,0,0,0.93
2022-02-21,Clothing,Running Shoes,63,3906.39,62.01,0,0,0.93
2022-04-06,Clothing,Running Shoes,78,4686.94,60.09,0,0,0.93
2022-04-14,Clothing,Running Shoes,69,3961.6,57.41,0,0,0.93
2022-04-15,Clothing,Running Shoes,79,4919.8,62.28,0,0,0.93
2022-04-20,Clothing,Running Shoes,56,3395.45,60.63,0,0,0.93
2022-05-25,Clothing,Running Shoes,75,4419.16,58.92,0,0,0.93
2022-06-29,Clothing,Running Shoes,70,4339.35,61.99,0,0,0.93
2022-08-22,Clothing,Running Shoes,73,4638.37,63.54,0,0,0.93
2022-08-29,Clothing,Running Shoes,90,5425.65,60.29,1,0,0.93
2022-09-08,Clothing,Running Shoes,61,3569.49,58.52,0,0,0.93
2020-06-12,Books,Business Book,83,2076.63,25.02,0,0,0.93
2020-06-26,Books,Business Book,75,1860.88,24.81,0,0,0.93
2020-07-03,Books,Business Book,73,1806.23,24.74,0,0,0.93
2020-08-12,Books,Business Book,97,2381.35,24.55,1,0,0.93
2020-09-06,Books,Business Book,98,2360.18,24.08,0,0,0.93
2020-10-01,Books,Business Book,74,1984.24,26.81,0,0,0.93
2020-10-21,Books,Business Book,69,1837.26,26.63,0,0,0.93
2020-11-08,Books,Business Book,118,2733.92,23.17,0,1,0.93
2020-11-18,Books,Business Book,132,3275.72,24.82,1,1,0.93
2020-11-19,Books,Business Book,94,2470.86,26.29,0,1,0.93
2020-12-26,Books,Business Book,112,2854.64,25.49,0,1,0.93
2021-04-25,Books,Business Book,95,2394.64,25.21,0,0,0.93
2021-08-24,Books,Business Book,88,2243.04,25.49,1,0,0.93
2021-12-02,Books,Business Book,127,3243.27,25.54,0,1,0.93
2022-01-12,Books,Business Book,86,2217.4,25.78,0,0,0.93
2022-01-18,Books,Business Book,94,2351.65,25.02,0,0,0.93
2022-01-23,Books,Business Book,98,2477.54,25.28,0,0,0.93
2022-03-15,Books,Business Book,94,2355.41,25.06,0,0,0.93
2022-07-04,Books,Business Book,95,2468.27,25.98,0,0,0.93
2022-07-09,Books,Business Book,121,2843.93,23.5,1,0,0.93
2022-08-06,Books,Business Book,128,3174.33,24.8,1,0,0.93
2022-08-13,Books,Business Book,90,2325.66,25.84,0,0,0.93
2022-08-23,Books,Business Book,92,2318.3,25.2,0,0,0.93
2020-06-13,Toys,Building Blocks,41,1452.0,35.41,0,0,0.95
2020-06-21,Toys,Building Blocks,48,1729.28,36.03,0,0,0.95
2020-07-20,Toys,Building Blocks,33,1207.86,36.6,0,0,0.95
2020-07-21,Toys,Building Blocks,59,2002.24,33.94,0,0,0.95
2020-07-26,Toys,Building Blocks,60,2226.03,37.1,0,0,0.95
2020-07-29,Toys,Building Blocks,48,1688.13,35.17,0,0,0.95
2020-08-15,Toys,Building Blocks,64,2136.89,33.39,0,0,0.95
2020-09-28,Toys,Building Blocks,50,1675.57,33.51,0,0,0.95
2020-10-04,Toys,Building Blocks,51,1897.02,37.2,0,0,0.95
2020-11-28,Toys,Building Blocks,68,2284.53,33.6,0,1,0.95
2020-12-08,Toys,Building Blocks,54,2030.97,37.61,0,1,0.95
2021-02-12,Toys,Building Blocks,49,1723.49,35.17,0,0,0.95
2021-03-31,Toys,Building Blocks,62,2281.69,36.8,0,0,0.95
2021-06-18,Toys,Building Blocks,61,1958.68,32.11,0,0,0.95
2021-07-03,Toys,Building Blocks,58,2008.95,34.64,0,0,0.95
2021-07-04,Toys,Building Blocks,65,2115.67,32.55,0,0,0.95
2021-07-16,Toys,Building Blocks,58,2128.53,36.7,0,0,0.95
2021-10-19,Toys,Building Blocks,52,1929.56,37.11,0,0,0.95
2021-11-09,Toys,Building Blocks,68,2424.67,35.66,0,1,0.95
2021-12-14,Toys,Building Blocks,76,2872.28,37.79,1,1,0.95
2022-01-11,Toys,Building Blocks,72,2267.73,31.5,0,0,0.95
2022-01-19,Toys,Building Blocks,60,2191.24,36.52,0,0,0.95
2022-03-21,Toys,Building Blocks,50,1771.35,35.43,0,0,0.95
2022-03-31,Toys,Building Blocks,49,1760.17,35.92,0,0,0.95
2022-06-08,Toys,Building Blocks,56,2120.29,37.86,0,0,0.95
2022-06-11,Toys,Building Blocks,73,2343.18,32.1,0,0,0.95
2022-06-17,Toys,Building Blocks,50,1832.93,36.66,0,0,0.95
2022-07-13,Toys,Building Blocks,56,1892.65,33.8,0,0,0.95
2022-07-20,Toys,Building Blocks,54,1891.66,35.03,0,0,0.95
2022-07-28,Toys,Building Blocks,53,1963.78,37.05,0,0,0.95
2022-08-01,Toys,Building Blocks,54,1977.26,36.62,0,0,0.95
2022-08-14,Toys,Building Blocks,90,3007.83,33.42,1,0,0.95
2022-08-23,Toys,Building Blocks,49,1848.93,37.73,0,0,0.95
2022-08-31,Toys,Building Blocks,75,2513.01,33.51,0,0,0.95
2022-09-01,Toys,Building Blocks,65,2325.44,35.78,0,0,0.95
2020-06-13,Beauty,Face Serum,147,3040.0,20.68,0,0,1.12
2020-06-17,Beauty,Face Serum,174,3613.3,20.77,0,0,1.12
2020-09-14,Beauty,Face Serum,143,2860.45,20.0,0,0,1.12
2020-12-21,Beauty,Face Serum,188,3803.97,20.23,0,1,1.12
2021-02-05,Beauty,Face Serum,152,3079.8,20.26,0,0,1.12
2021-03-06,Beauty,Face Serum,239,4773.3,19.97,1,0,1.12
2021-06-26,Beauty,Face Serum,183,3799.33,20.76,0,0,1.12
2021-07-15,Beauty,Face Serum,156,3371.93,21.61,0,0,1.12
2021-08-08,Beauty,Face Serum,163,3293.48,20.21,0,0,1.12
2021-08-18,Beauty,Face Serum,141,2739.18,19.43,0,0,1.12
2021-08-19,Beauty,Face Serum,165,3709.88,22.48,0,0,1.12
2021-08-25,Beauty,Face Serum,151,3113.26,20.62,0,0,1.12
2021-12-04,Beauty,Face Serum,181,4074.97,22.51,0,1,1.12
2022-01-21,Beauty,Face Serum,148,3162.97,21.37,0,0,1.12
2022-02-17,Beauty,Face Serum,172,3329.13,19.36,0,0,1.12
2022-04-04,Beauty,Face Serum,231,4281.86,18.54,1,0,1.12
2022-05-15,Beauty,Face Serum,207,3891.98,18.8,0,0,1.12
2020-06-14,Electronics,Smart Speaker,8,1271.14,158.89,0,0,1.07
2020-06-15,Electronics,Smart Speaker,8,1229.46,153.68,0,0,1.07
2020-06-30,Electronics,Smart Speaker,15,2232.57,148.84,0,0,1.07
2020-08-19,Electronics,Smart Speaker,10,1604.51,160.45,0,0,1.07
2020-09-03,Electronics,Smart Speaker,7,985.08,140.73,0,0,1.07
2020-09-24,Electronics,Smart Speaker,11,1539.79,139.98,0,0,1.07
2020-10-15,Electronics,Smart Speaker,10,1503.7,150.37,0,0,1.07
2020-10-17,Electronics,Smart Speaker,11,1648.63,149.88,0,0,1.07
2020-11-02,Electronics,Smart Speaker,18,2739.23,152.18,0,1,1.07
2020-12-18,Electronics,Smart Speaker,9,1419.91,157.77,0,1,1.07
2021-01-26,Electronics,Smart Speaker,17,2512.3,147.78,0,0,1.07
2021-02-05,Electronics,Smart Speaker,7,1061.39,151.63,0,0,1.07
2021-03-14,Electronics,Smart Speaker,18,2474.65,137.48,1,0,1.07
2021-03-26,Electronics,Smart Speaker,15,2430.43,162.03,0,0,1.07
2021-04-04,Electronics,Smart Speaker,10,1410.37,141.04,0,0,1.07
2021-07-07,Electronics,Smart Speaker,19,2897.36,152.49,0,0,1.07
2021-08-16,Electronics,Smart Speaker,17,2293.05,134.89,0,0,1.07
2021-09-16,Electronics,Smart Speaker,15,2352.8,156.85,0,0,1.07
2021-10-10,Electronics,Smart Speaker,12,1622.29,135.19,0,0,1.07
2021-10-13,Electronics,Smart Speaker,7,1071.35,153.05,0,0,1.07
2021-11-25,Electronics,Smart Speaker,12,1889.99,157.5,0,1,1.07
2021-12-11,Electronics,Smart Speaker,18,2541.73,141.21,0,1,1.07
2022-03-22,Electronics,Smart Speaker,10,1473.45,147.34,0,0,1.07
2022-05-03,Electronics,Smart Speaker,8,1223.36,152.92,0,0,1.07
2022-05-05,Electronics,Smart Speaker,19,2802.25,147.49,1,0,1.07
2022-06-04,Electronics,Smart Speaker,12,1809.7,150.81,0,0,1.07
2022-07-02,Electronics,Smart Speaker,14,1889.14,134.94,1,0,1.07
2022-07-05,Electronics,Smart Speaker,12,1821.53,151.79,0,0,1.07
2022-08-11,Electronics,Smart Speaker,11,1631.2,148.29,0,0,1.07
2020-06-15,Clothing,Running Shoes,59,3627.52,61.48,0,0,1.07
2020-07-06,Clothing,Running Shoes,58,3481.94,60.03,0,0,1.07
2020-07-26,Clothing,Running Shoes,73,4069.8,55.75,0,0,1.07
2020-09-30,Clothing,Running Shoes,63,3732.36,59.24,0,0,1.07
2020-10-07,Clothing,Running Shoes,56,3364.9,60.09,0,0,1.07
2020-10-10,Clothing,Running Shoes,64,3796.28,59.32,0,0,1.07
2020-10-18,Clothing,Running Shoes,58,3650.76,62.94,0,0,1.07
2020-11-08,Clothing,Running Shoes,92,5418.49,58.9,0,1,1.07
2020-11-20,Clothing,Running Shoes,79,4852.49,61.42,0,1,1.07
2021-04-18,Clothing,Running Shoes,94,6019.2,64.03,1,0,1.07
2021-07-28,Clothing,Running Shoes,77,4829.84,62.73,0,0,1.07
2021-08-17,Clothing,Running Shoes,56,3161.19,56.45,0,0,1.07
2021-09-11,Clothing,Running Shoes,81,4451.32,54.95,0,0,1.07
2021-10-12,Clothing,Running Shoes,71,4427.07,62.35,0,0,1.07
2021-10-30,Clothing,Running Shoes,63,4018.03,63.78,0,0,1.07
2021-11-16,Clothing,Running Shoes,103,6641.29,64.48,1,1,1.07
2022-02-08,Clothing,Running Shoes,65,3966.88,61.03,0,0,1.07
2022-03-04,Clothing,Running Shoes,95,5681.82,59.81,1,0,1.07
2022-03-17,Clothing,Running Shoes,64,4034.18,63.03,0,0,1.07
2022-04-03,Clothing,Running Shoes,79,4535.51,57.41,0,0,1.07
2022-04-07,Clothing,Running Shoes,71,4128.44,58.15,0,0,1.07
2022-05-08,Clothing,Running Shoes,62,3779.72,60.96,0,0,1.07
2022-05-13,Clothing,Running Shoes,67,3906.98,58.31,0,0,1.07
2022-05-29,Clothing,Running Shoes,83,5058.77,60.95,0,0,1.07
2022-06-17,Clothing,Running Shoes,55,3461.08,62.93,0,0,1.07
2022-08-27,Clothing,Running Shoes,73,4324.23,59.24,0,0,1.07
2020-06-15,Toys,Building Blocks,57,1974.15,34.63,0,0,0.91
2020-07-30,Toys,Building Blocks,39,1472.0,37.74,0,0,0.91
2020-10-09,Toys,Building Blocks,37,1316.68,35.59,0,0,0.91
2020-11-13,Toys,Building Blocks,77,2443.03,31.73,0,1,0.91
2020-12-13,Toys,Building Blocks,82,2996.14,36.54,0,1,0.91
2021-07-14,Toys,Building Blocks,39,1404.53,36.01,0,0,0.91
2021-08-01,Toys,Building Blocks,64,2170.43,33.91,0,0,0.91
2021-08-11,Toys,Building Blocks,70,2492.27,35.6,1,0,0.91
2022-02-27,Toys,Building Blocks,53,1918.78,36.2,0,0,0.91
2022-04-18,Toys,Building Blocks,51,1823.17,35.75,0,0,0.91
2022-08-15,Toys,Building Blocks,53,1842.85,34.77,0,0,0.91
2020-06-15,Sports,Yoga Mat,39,1901.53,48.76,0,0,1.04
2020-07-18,Sports,Yoga Mat,51,2156.61,42.29,0,0,1.04
2020-08-05,Sports,Yoga Mat,43,2040.96,47.46,0,0,1.04
2020-08-20,Sports,Yoga Mat,47,2050.68,43.63,1,0,1.04
2020-09-17,Sports,Yoga Mat,33,1539.13,46.64,0,0,1.04
2020-09-25,Sports,Yoga Mat,41,1747.78,42.63,0,0,1.04
2020-12-18,Sports,Yoga Mat,49,2291.29,46.76,0,1,1.04
2021-01-22,Sports,Yoga Mat,42,1728.26,41.15,0,0,1.04
2021-02-18,Sports,Yoga Mat,38,1764.03,46.42,0,0,1.04
2021-03-18,Sports,Yoga Mat,59,2728.49,46.25,1,0,1.04
2021-05-01,Sports,Yoga Mat,58,2531.75,43.65,0,0,1.04
2021-05-20,Sports,Yoga Mat,50,2443.09,48.86,1,0,1.04
2021-07-08,Sports,Yoga Mat,48,2318.05,48.29,0,0,1.04
2021-08-10,Sports,Yoga Mat,52,2210.17,42.5,0,0,1.04
2021-08-14,Sports,Yoga Mat,43,1967.67,45.76,0,0,1.04
2021-09-12,Sports,Yoga Mat,43,1886.18,43.86,0,0,1.04
2021-09-29,Sports,Yoga Mat,31,1391.46,44.89,0,0,1.04
2021-11-03,Sports,Yoga Mat,68,3043.28,44.75,1,1,1.04
2022-01-10,Sports,Yoga Mat,31,1573.92,50.77,0,0,1.04
2022-01-26,Sports,Yoga Mat,54,2220.52,41.12,0,0,1.04
2022-02-02,Sports,Yoga Mat,44,1898.1,43.14,0,0,1.04
2022-03-25,Sports,Yoga Mat,51,2224.32,43.61,0,0,1.04
2022-04-20,Sports,Yoga Mat,42,1951.89,46.47,0,0,1.04
2022-05-18,Sports,Yoga Mat,52,2360.86,45.4,0,0,1.04
2022-05-27,Sports,Yoga Mat,40,1753.28,43.83,0,0,1.04
2022-05-28,Sports,Yoga Mat,59,2756.01,46.71,0,0,1.04
2022-06-17,Sports,Yoga Mat,54,2279.16,42.21,0,0,1.04
2022-06-22,Sports,Yoga Mat,38,1822.38,47.96,0,0,1.04
2022-08-05,Sports,Yoga Mat,45,1907.56,42.39,0,0,1.04
2022-08-22,Sports,Yoga Mat,59,2329.2,39.48,0,0,1.04
2022-08-23,Sports,Yoga Mat,53,2361.72,44.56,0,0,1.04
2020-06-15,Beauty,Face Serum,143,3031.12,21.2,0,0,0.94
2020-06-24,Beauty,Face Serum,156,3142.6,20.14,0,0,0.94
2020-08-03,Beauty,Face Serum,134,3022.33,22.55,0,0,0.94
2020-09-02,Beauty,Face Serum,147,3001.84,20.42,0,0,0.94
2020-09-06,Beauty,Face Serum,163,3369.49,20.67,0,0,0.94
2020-09-21,Beauty,Face Serum,145,2936.89,20.25,0,0,0.94
2020-11-05,Beauty,Face Serum,214,4101.81,19.17,0,1,0.94
2020-12-10,Beauty,Face Serum,270,4768.62,17.66,1,1,0.94
2021-01-16,Beauty,Face Serum,183,3571.1,19.51,0,0,0.94
2021-01-28,Beauty,Face Serum,158,3139.99,19.87,0,0,0.94
2021-03-14,Beauty,Face Serum,244,4893.79,20.06,1,0,0.94
2021-03-16,Beauty,Face Serum,228,3802.79,16.68,0,0,0.94
2021-04-11,Beauty,Face Serum,183,3601.33,19.68,0,0,0.94
2021-04-30,Beauty,Face Serum,143,3243.19,22.68,0,0,0.94
2021-05-24,Beauty,Face Serum,149,3175.94,21.32,0,0,0.94
2021-07-07,Beauty,Face Serum,173,3485.85,20.15,0,0,0.94
2021-08-21,Beauty,Face Serum,170,3698.83,21.76,0,0,0.94
2021-09-01,Beauty,Face Serum,178,3860.52,21.69,0,0,0.94
2021-10-17,Beauty,Face Serum,181,3569.93,19.72,0,0,0.94
2021-12-17,Beauty,Face Serum,203,4221.83,20.8,0,1,0.94
2022-09-01,Beauty,Face Serum,164,3221.49,19.64,0,0,0.94
2020-06-16,Electronics,Smart Speaker,7,973.88,139.13,0,0,0.89
2020-11-15,Electronics,Smart Speaker,14,2036.58,145.47,0,1,0.89
2021-02-01,Electronics,Smart Speaker,7,1077.87,153.98,0,0,0.89
2021-04-12,Electronics,Smart Speaker,12,1841.9,153.49,0,0,0.89
2021-04-16,Electronics,Smart Speaker,14,1969.13,140.65,0,0,0.89
2021-09-24,Electronics,Smart Speaker,11,1700.42,154.58,0,0,0.89
2022-03-19,Electronics,Smart Speaker,7,1084.24,154.89,0,0,0.89
2022-03-20,Electronics,Smart Speaker,6,879.66,146.61,0,0,0.89
2022-07-03,Electronics,Smart Speaker,15,2335.49,155.7,1,0,0.89
2020-06-16,Clothing,Running Shoes,63,3458.92,54.9,0,0,1.15
2020-06-17,Clothing,Running Shoes,47,3085.73,65.65,0,0,1.15
2020-10-24,Clothing,Running Shoes,66,3798.75,57.56,0,0,1.15
2021-05-16,Clothing,Running Shoes,71,4266.99,60.1,0,0,1.15
2021-05-21,Clothing,Running Shoes,92,5511.86,59.91,1,0,1.15
2021-05-30,Clothing,Running Shoes,99,5555.41,56.12,1,0,1.15
2021-07-04,Clothing,Running Shoes,65,3926.95,60.41,0,0,1.15
2022-07-12,Clothing,Running Shoes,46,2833.12,61.59,0,0,1.15
2022-09-02,Clothing,Running Shoes,69,4133.43,59.9,0,0,1.15
2020-06-17,Electronics,Smart Speaker,12,1707.82,142.32,0,0,1.19
2020-11-21,Electronics,Smart Speaker,22,3103.34,141.06,1,1,1.19
2020-12-02,Electronics,Smart Speaker,13,2012.57,154.81,0,1,1.19
2021-02-10,Electronics,Smart Speaker,15,2413.66,160.91,0,0,1.19
2021-02-19,Electronics,Smart Speaker,12,1636.29,136.36,0,0,1.19
2021-03-19,Electronics,Smart Speaker,15,2288.39,152.56,0,0,1.19
2021-04-30,Electronics,Smart Speaker,12,1836.1,153.01,0,0,1.19
2022-03-08,Electronics,Smart Speaker,14,1895.48,135.39,0,0,1.19
2022-03-15,Electronics,Smart Speaker,11,1561.88,141.99,0,0,1.19
2022-06-05,Electronics,Smart Speaker,9,1536.59,170.73,1,0,1.19
2022-08-25,Electronics,Smart Speaker,14,1998.73,142.77,0,0,1.19
2020-06-17,Groceries,Organic Cereal,323,1596.71,4.94,0,0,0.9
2020-07-06,Groceries,Organic Cereal,330,1604.57,4.86,0,0,0.9
2020-07-11,Groceries,Organic Cereal,289,1503.34,5.2,0,0,0.9
2020-11-13,Groceries,Organic Cereal,421,1970.18,4.68,0,1,0.9
2020-12-17,Groceries,Organic Cereal,367,1918.87,5.23,0,1,0.9
2021-01-14,Groceries,Organic Cereal,342,1650.03,4.82,0,0,0.9
2021-03-05,Groceries,Organic Cereal,477,2280.28,4.78,1,0,0.9
2021-03-23,Groceries,Organic Cereal,337,1591.98,4.72,0,0,0.9
2021-05-26,Groceries,Organic Cereal,335,1711.25,5.11,0,0,0.9
2021-07-03,Groceries,Organic Cereal,394,1915.41,4.86,0,0,0.9
2021-07-11,Groceries,Organic Cereal,375,1931.63,5.15,0,0,0.9
2021-07-29,Groceries,Organic Cereal,433,1980.28,4.57,1,0,0.9
2021-09-19,Groceries,Organic Cereal,342,1636.8,4.79,0,0,0.9
2021-10-02,Groceries,Organic Cereal,366,1740.02,4.75,0,0,0.9
2021-10-17,Groceries,Organic Cereal,352,1777.15,5.05,0,0,0.9
2021-11-18,Groceries,Organic Cereal,527,2568.96,4.87,1,1,0.9
2021-11-22,Groceries,Organic Cereal,509,2526.78,4.96,1,1,0.9
2022-02-22,Groceries,Organic Cereal,395,1809.7,4.58,0,0,0.9
2022-03-09,Groceries,Organic Cereal,332,1702.03,5.13,0,0,0.9
2022-06-04,Groceries,Organic Cereal,378,1911.28,5.06,0,0,0.9
2022-06-27,Groceries,Organic Cereal,342,1823.4,5.33,0,0,0.9
2022-06-28,Groceries,Organic Cereal,458,2303.73,5.03,1,0,0.9
2022-07-17,Groceries,Organic Cereal,338,1848.6,5.47,0,0,0.9
2020-06-17,Books,Business Book,74,1863.03,25.18,0,0,0.82
2020-08-10,Books,Business Book,80,2052.26,25.65,0,0,0.82
2020-10-28,Books,Business Book,59,1493.71,25.32,0,0,0.82
2021-02-08,Books,Business Book,86,2021.71,23.51,0,0,0.82
2021-10-26,Books,Business Book,91,2309.32,25.38,0,0,0.82
2021-10-31,Books,Business Book,118,2865.33,24.28,1,0,0.82
2022-01-15,Books,Business Book,87,2380.07,27.36,0,0,0.82
2022-09-02,Books,Business Book,78,2015.83,25.84,0,0,0.82
