data/raw/sales.csv
date,category,product,units_sold,revenue,product_price,promo_flag,is_holiday_season,category_popularity_30d
2020-06-18,Electronics,Smart Speaker,8,1141.42,142.68,0,0,0.91
2020-07-13,Electronics,Smart Speaker,13,1927.59,148.28,1,0,0.91
2020-08-04,Electronics,Smart Speaker,9,1363.24,151.47,0,0,0.91
2020-08-28,Electronics,Smart Speaker,9,1343.81,149.31,0,0,0.91
2020-09-26,Electronics,Smart Speaker,11,1743.76,158.52,0,0,0.91
2020-10-19,Electronics,Smart Speaker,10,1379.61,137.96,0,0,0.91
2020-10-26,Electronics,Smart Speaker,13,1779.9,136.92,0,0,0.91
2020-12-01,Electronics,Smart Speaker,10,1445.49,144.55,0,1,0.91
2020-12-08,Electronics,Smart Speaker,10,1415.52,141.55,0,1,0.91
2021-02-14,Electronics,Smart Speaker,13,1936.96,149.0,0,0,0.91
2021-05-15,Electronics,Smart Speaker,16,2333.22,145.83,1,0,0.91
2021-05-26,Electronics,Smart Speaker,11,1749.75,159.07,0,0,0.91
2021-08-13,Electronics,Smart Speaker,5,756.97,151.39,0,0,0.91
2021-08-27,Electronics,Smart Speaker,11,1720.09,156.37,1,0,0.91
2021-09-08,Electronics,Smart Speaker,11,1506.31,136.94,0,0,0.91
2021-12-17,Electronics,Smart Speaker,14,2380.55,170.04,0,1,0.91
2022-01-26,Electronics,Smart Speaker,7,976.91,139.56,0,0,0.91
2022-02-25,Electronics,Smart Speaker,12,1873.85,156.15,0,0,0.91
2022-04-17,Electronics,Smart Speaker,20,2856.02,142.8,1,0,0.91
2022-05-08,Electronics,Smart Speaker,14,2085.05,148.93,0,0,0.91
2022-05-13,Electronics,Smart Speaker,19,2919.48,153.66,0,0,0.91
2022-06-17,Electronics,Smart Speaker,16,2253.56,140.85,0,0,0.91
2022-07-09,Electronics,Smart Speaker,26,4012.29,154.32,1,0,0.91
2022-07-24,Electronics,Smart Speaker,14,2027.21,144.8,0,0,0.91
2022-08-02,Electronics,Smart Speaker,12,1986.04,165.5,0,0,0.91
2022-08-07,Electronics,Smart Speaker,18,2691.95,149.55,1,0,0.91
2022-08-15,Electronics,Smart Speaker,3,505.02,168.34,0,0,0.91
2022-08-31,Electronics,Smart Speaker,15,2269.51,151.3,0,0,0.91
2022-09-01,Electronics,Smart Speaker,16,2529.48,158.09,0,0,0.91
2020-06-18,Groceries,Organic Cereal,320,1575.69,4.92,0,0,1.16
2020-08-19,Groceries,Organic Cereal,279,1415.72,5.07,0,0,1.16
2020-11-11,Groceries,Organic Cereal,379,1994.13,5.26,0,1,1.16
2021-04-03,Groceries,Organic Cereal,358,1717.97,4.8,0,0,1.16
2022-01-07,Groceries,Organic Cereal,407,2167.09,5.32,1,0,1.16
2022-03-12,Groceries,Organic Cereal,472,2488.22,5.27,1,0,1.16
2022-04-04,Groceries,Organic Cereal,453,2249.86,4.97,1,0,1.16
2022-07-23,Groceries,Organic Cereal,380,1939.4,5.1,0,0,1.16
2020-06-18,Clothing,Running Shoes,52,3037.93,58.42,0,0,1.0
2020-07-03,Clothing,Running Shoes,63,3648.64,57.91,0,0,1.0
2020-07-08,Clothing,Running Shoes,42,2583.08,61.5,0,0,1.0
2020-08-02,Clothing,Running Shoes,72,4268.57,59.29,0,0,1.0
2020-09-03,Clothing,Running Shoes,54,3277.12,60.69,0,0,1.0
2020-09-07,Clothing,Running Shoes,64,3572.59,55.82,0,0,1.0
2020-09-10,Clothing,Running Shoes,73,4521.38,61.94,1,0,1.0
2020-09-17,Clothing,Running Shoes,60,3831.85,63.86,0,0,1.0
2020-11-18,Clothing,Running Shoes,97,6397.24,65.95,1,1,1.0
2020-11-26,Clothing,Running Shoes,73,4802.42,65.79,0,1,1.0
2020-11-28,Clothing,Running Shoes,87,5122.02,58.87,0,1,1.0
2020-12-17,Clothing,Running Shoes,86,5214.91,60.64,0,1,1.0
2021-01-03,Clothing,Running Shoes,84,4821.55,57.4,0,0,1.0
2021-01-19,Clothing,Running Shoes,98,5815.91,59.35,1,0,1.0
2021-02-10,Clothing,Running Shoes,54,3417.01,63.28,0,0,1.0
2021-03-11,Clothing,Running Shoes,79,4428.69,56.06,0,0,1.0
2021-03-18,Clothing,Running Shoes,82,4774.17,58.22,1,0,1.0
2021-04-15,Clothing,Running Shoes,77,4559.56,59.22,0,0,1.0
2021-04-17,Clothing,Running Shoes,93,5661.46,60.88,1,0,1.0
2021-04-29,Clothing,Running Shoes,47,2855.44,60.75,0,0,1.0
2021-06-07,Clothing,Running Shoes,59,3854.18,65.33,0,0,1.0
2021-06-23,Clothing,Running Shoes,53,3432.19,64.76,0,0,1.0
2021-07-08,Clothing,Running Shoes,68,4057.1,59.66,0,0,1.0
2021-07-15,Clothing,Running Shoes,48,3027.92,63.08,0,0,1.0
2021-08-11,Clothing,Running Shoes,90,5193.32,57.7,1,0,1.0
2021-08-14,Clothing,Running Shoes,75,4502.41,60.03,0,0,1.0
2021-09-07,Clothing,Running Shoes,80,4749.64,59.37,1,0,1.0
2021-09-25,Clothing,Running Shoes,76,4481.13,58.96,0,0,1.0
2021-10-15,Clothing,Running Shoes,71,4387.82,61.8,0,0,1.0
2021-12-19,Clothing,Running Shoes,71,4762.32,67.07,0,1,1.0
2021-12-22,Clothing,Running Shoes,84,5215.96,62.09,0,1,1.0
2022-01-11,Clothing,Running Shoes,70,4191.17,59.87,0,0,1.0
2022-01-15,Clothing,Running Shoes,65,3934.32,60.53,0,0,1.0
2022-02-17,Clothing,Running Shoes,58,3358.61,57.91,0,0,1.0
2022-02-22,Clothing,Running Shoes,80,4542.51,56.78,0,0,1.0
2022-03-18,Clothing,Running Shoes,70,4531.83,64.74,0,0,1.0
2022-04-01,Clothing,Running Shoes,64,4118.27,64.35,0,0,1.0
2022-05-31,Clothing,Running Shoes,74,4480.71,60.55,0,0,1.0
2022-07-06,Clothing,Running Shoes,75,4523.18,60.31,0,0,1.0
2022-07-11,Clothing,Running Shoes,77,4175.45,54.23,0,0,1.0
2022-07-15,Clothing,Running Shoes,67,4148.33,61.92,0,0,1.0
2022-07-22,Clothing,Running Shoes,77,4612.44,59.9,0,0,1.0
2022-09-01,Clothing,Running Shoes,71,4352.1,61.3,0,0,1.0
2022-09-04,Clothing,Running Shoes,88,5310.16,60.34,0,0,1.0
2020-06-19,Electronics,Smart Speaker,11,1681.31,152.85,0,0,1.18
2020-11-18,Electronics,Smart Speaker,24,3729.45,155.39,1,1,1.18
2021-01-29,Electronics,Smart Speaker,19,2882.9,151.73,1,0,1.18
2021-02-22,Electronics,Smart Speaker,15,2172.94,144.86,0,0,1.18
2021-03-13,Electronics,Smart Speaker,10,1588.29,158.83,0,0,1.18
2021-09-23,Electronics,Smart Speaker,12,1851.84,154.32,1,0,1.18
2021-12-13,Electronics,Smart Speaker,15,2200.69,146.71,0,1,1.18
2022-01-27,Electronics,Smart Speaker,11,1635.51,148.68,0,0,1.18
2022-06-11,Electronics,Smart Speaker,10,1562.29,156.23,0,0,1.18
2020-06-20,Furniture,Office Chair,9,1081.31,120.15,0,0,1.14
2020-07-27,Furniture,Office Chair,6,663.79,110.63,0,0,1.14
2020-11-14,Furniture,Office Chair,12,1401.98,116.83,0,1,1.14
2020-11-20,Furniture,Office Chair,12,1610.59,134.22,0,1,1.14
2021-04-13,Furniture,Office Chair,12,1461.11,121.76,0,0,1.14
2021-12-15,Furniture,Office Chair,12,1377.36,114.78,0,1,1.14
2021-12-20,Furniture,Office Chair,15,1754.06,116.94,0,1,1.14
2022-03-16,Furniture,Office Chair,17,2029.16,119.36,1,0,1.14
2022-04-30,Furniture,Office Chair,7,853.73,121.96,0,0,1.14
2022-07-02,Furniture,Office Chair,8,900.11,112.51,1,0,1.14
2020-06-20,Beauty,Face Serum,173,3285.87,18.99,0,0,1.11
2020-08-18,Beauty,Face Serum,190,3697.19,19.46,1,0,1.11
2020-11-11,Beauty,Face Serum,208,4228.31,20.33,0,1,1.11
2020-12-20,Beauty,Face Serum,279,5610.13,20.11,1,1,1.11
2021-01-06,Beauty,Face Serum,160,3154.84,19.72,0,0,1.11
2021-01-22,Beauty,Face Serum,146,2971.17,20.35,0,0,1.11
2021-02-01,Beauty,Face Serum,146,2913.75,19.96,0,0,1.11
2021-03-19,Beauty,Face Serum,167,3536.39,21.18,0,0,1.11
2021-05-07,Beauty,Face Serum,212,4249.12,20.04,1,0,1.11
2021-06-29,Beauty,Face Serum,175,3074.55,17.57,0,0,1.11
2021-07-23,Beauty,Face Serum,169,3374.94,19.97,0,0,1.11
2021-07-28,Beauty,Face Serum,166,3325.77,20.03,0,0,1.11
2021-11-24,Beauty,Face Serum,211,4090.33,19.39,0,1,1.11
2021-11-27,Beauty,Face Serum,264,5207.18,19.72,0,1,1.11
2021-12-20,Beauty,Face Serum,217,4565.41,21.04,0,1,1.11
2022-01-26,Beauty,Face Serum,187,3327.6,17.79,0,0,1.11
2022-02-07,Beauty,Face Serum,204,3932.68,19.28,0,0,1.11
2022-03-11,Beauty,Face Serum,180,3532.56,19.63,0,0,1.11
2022-03-16,Beauty,Face Serum,241,4637.75,19.24,1,0,1.11
2022-03-31,Beauty,Face Serum,187,3649.08,19.51,0,0,1.11
2022-04-17,Beauty,Face Serum,248,4980.58,20.08,1,0,1.11
2022-07-24,Beauty,Face Serum,190,3938.6,20.73,0,0,1.11
2022-07-25,Beauty,Face Serum,174,3342.0,19.21,0,0,1.11
2020-06-22,Books,Business Book,96,2377.5,24.77,0,0,0.91
2020-07-10,Books,Business Book,109,2572.05,23.6,1,0,0.91
2020-07-13,Books,Business Book,87,2226.51,25.59,1,0,0.91
2020-09-04,Books,Business Book,90,2306.34,25.63,1,0,0.91
2020-10-11,Books,Business Book,120,3038.06,25.32,1,0,0.91
2020-11-17,Books,Business Book,151,3586.83,23.75,1,1,0.91
2021-05-06,Books,Business Book,79,1961.05,24.82,0,0,0.91
2021-05-30,Books,Business Book,126,2899.85,23.01,1,0,0.91
2021-07-01,Books,Business Book,83,2034.41,24.51,0,0,0.91
2021-07-04,Books,Business Book,88,2135.19,24.26,0,0,0.91
2021-08-07,Books,Business Book,130,3140.29,24.16,1,0,0.91
2021-08-18,Books,Business Book,67,1824.52,27.23,0,0,0.91
2021-08-23,Books,Business Book,106,2559.83,24.15,0,0,0.91
2021-09-16,Books,Business Book,81,2133.7,26.34,0,0,0.91
2021-09-18,Books,Business Book,92,2344.12,25.48,0,0,0.91
2021-09-29,Books,Business Book,83,2201.53,26.52,0,0,0.91
2021-11-14,Books,Business Book,145,3401.22,23.46,0,1,0.91
2021-12-06,Books,Business Book,104,2619.24,25.18,0,1,0.91
2021-12-14,Books,Business Book,144,3496.91,24.28,1,1,0.91
2022-02-10,Books,Business Book,95,2212.32,23.29,0,0,0.91
2022-03-20,Books,Business Book,96,2413.21,25.14,0,0,0.91
2022-04-04,Books,Business Book,120,3016.95,25.14,1,0,0.91
2022-05-15,Books,Business Book,114,2873.31,25.2,0,0,0.91
2022-07-10,Books,Business Book,97,2478.11,25.55,0,0,0.91
2022-09-06,Books,Business Book,120,3111.05,25.93,1,0,0.91
2020-06-23,Sports,Yoga Mat,32,1604.94,50.15,1,0,1.01
2020-06-25,Sports,Yoga Mat,32,1400.49,43.77,0,0,1.01
2020-07-08,Sports,Yoga Mat,42,1855.1,44.17,0,0,1.01
2020-08-02,Sports,Yoga Mat,57,2715.08,47.63,0,0,1.01
2020-08-09,Sports,Yoga Mat,35,1625.44,46.44,0,0,1.01
2020-08-30,Sports,Yoga Mat,50,2127.14,42.54,0,0,1.01
2020-09-15,Sports,Yoga Mat,43,1913.61,44.5,0,0,1.01
2020-10-18,Sports,Yoga Mat,30,1323.04,44.1,0,0,1.01
2020-12-11,Sports,Yoga Mat,58,2494.97,43.02,0,1,1.01
2020-12-15,Sports,Yoga Mat,59,2947.91,49.96,1,1,1.01
2021-02-21,Sports,Yoga Mat,39,1861.61,47.73,0,0,1.01
2021-03-04,Sports,Yoga Mat,54,2515.26,46.58,0,0,1.01
2021-03-24,Sports,Yoga Mat,37,1562.97,42.24,0,0,1.01
2021-03-26,Sports,Yoga Mat,38,1640.06,43.16,0,0,1.01
2021-05-03,Sports,Yoga Mat,35,1685.29,48.15,0,0,1.01
2021-05-21,Sports,Yoga Mat,62,2670.58,43.07,1,0,1.01
2021-06-29,Sports,Yoga Mat,45,1961.23,43.58,0,0,1.01
2021-07-04,Sports,Yoga Mat,37,1687.16,45.6,0,0,1.01
2021-07-18,Sports,Yoga Mat,45,2073.05,46.07,0,0,1.01
2021-09-04,Sports,Yoga Mat,50,2381.49,47.63,0,0,1.01
2022-01-05,Sports,Yoga Mat,40,1819.76,45.49,0,0,1.01
2022-01-27,Sports,Yoga Mat,39,1645.68,42.2,0,0,1.01
2022-03-22,Sports,Yoga Mat,50,2279.81,45.6,0,0,1.01
2022-04-28,Sports,Yoga Mat,35,1598.01,45.66,0,0,1.01
2022-05-24,Sports,Yoga Mat,60,2485.29,41.42,0,0,1.01
2022-05-25,Sports,Yoga Mat,50,2208.81,44.18,0,0,1.01
2022-06-06,Sports,Yoga Mat,44,1891.58,42.99,0,0,1.01
2022-06-09,Sports,Yoga Mat,50,2199.31,43.99,0,0,1.01
2022-07-03,Sports,Yoga Mat,64,2994.57,46.79,1,0,1.01
2022-08-12,Sports,Yoga Mat,53,2318.96,43.75,0,0,1.01
2022-08-17,Sports,Yoga Mat,41,1883.33,45.93,0,0,1.01
2022-08-30,Sports,Yoga Mat,44,1825.95,41.5,0,0,1.01
2020-06-24,Groceries,Organic Cereal,283,1420.83,5.02,0,0,0.85
2020-06-27,Groceries,Organic Cereal,349,1610.66,4.62,0,0,0.85
2020-07-21,Groceries,Organic Cereal,381,1588.32,4.17,0,0,0.85
2020-09-27,Groceries,Organic Cereal,338,1804.16,5.34,0,0,0.85
2021-02-05,Groceries,Organic Cereal,308,1685.28,5.47,0,0,0.85
2021-07-06,Groceries,Organic Cereal,301,1589.43,5.28,0,0,0.85
2021-07-30,Groceries,Organic Cereal,322,1691.78,5.25,0,0,0.85
2021-10-11,Groceries,Organic Cereal,336,1652.78,4.92,0,0,0.85
2021-10-27,Groceries,Organic Cereal,366,1761.08,4.81,0,0,0.85
2022-01-25,Groceries,Organic Cereal,333,1700.87,5.11,0,0,0.85
2022-05-04,Groceries,Organic Cereal,311,1587.84,5.11,0,0,0.85
2022-08-27,Groceries,Organic Cereal,357,1864.21,5.22,0,0,0.85
2020-06-25,Clothing,Running Shoes,64,3872.38,60.51,0,0,1.04
2020-07-07,Clothing,Running Shoes,47,3074.11,65.41,0,0,1.04
2020-08-20,Clothing,Running Shoes,64,3943.22,61.61,1,0,1.04
2020-08-31,Clothing,Running Shoes,76,4815.86,63.37,1,0,1.04
2020-09-02,Clothing,Running Shoes,50,3127.51,62.55,0,0,1.04
2020-11-22,Clothing,Running Shoes,71,4559.75,64.22,0,1,1.04
2020-12-28,Clothing,Running Shoes,77,4932.48,64.06,0,1,1.04
2021-01-18,Clothing,Running Shoes,77,4879.21,63.37,0,0,1.04
2021-01-25,Clothing,Running Shoes,61,3577.58,58.65,0,0,1.04
2021-02-09,Clothing,Running Shoes,75,4644.01,61.92,1,0,1.04
2021-02-13,Clothing,Running Shoes,104,6548.46,62.97,1,0,1.04
2021-03-04,Clothing,Running Shoes,73,4121.98,56.47,0,0,1.04
2021-04-19,Clothing,Running Shoes,62,3719.02,59.98,0,0,1.04
2021-05-17,Clothing,Running Shoes,84,4668.75,55.58,0,0,1.04
2021-06-15,Clothing,Running Shoes,64,4184.98,65.39,0,0,1.04
2021-08-05,Clothing,Running Shoes,78,4636.03,59.44,1,0,1.04
2021-08-15,Clothing,Running Shoes,64,3855.68,60.24,0,0,1.04
2021-10-22,Clothing,Running Shoes,71,4097.03,57.7,0,0,1.04
2021-12-01,Clothing,Running Shoes,95,5775.14,60.79,1,1,1.04
2021-12-14,Clothing,Running Shoes,122,7410.08,60.74,1,1,1.04
2022-01-06,Clothing,Running Shoes,72,4022.15,55.86,0,0,1.04
2022-02-25,Clothing,Running Shoes,68,4224.68,62.13,0,0,1.04
2022-03-08,Clothing,Running Shoes,73,4064.64,55.68,0,0,1.04
2022-03-27,Clothing,Running Shoes,61,3710.45,60.83,0,0,1.04
2022-03-29,Clothing,Running Shoes,57,3357.68,58.91,0,0,1.04
2022-03-31,Clothing,Running Shoes,59,3561.44,60.36,0,0,1.04
2022-04-21,Clothing,Running Shoes,88,5409.25,61.47,1,0,1.04
2022-04-29,Clothing,Running Shoes,70,4211.58,60.17,0,0,1.04
2022-05-21,Clothing,Running Shoes,60,3686.39,61.44,0,0,1.04
2022-05-23,Clothing,Running Shoes,54,3379.73,62.59,0,0,1.04
2022-06-08,Clothing,Running Shoes,69,3981.15,57.7,0,0,1.04
2022-06-15,Clothing,Running Shoes,82,4637.18,56.55,0,0,1.04
2022-07-05,Clothing,Running Shoes,76,4526.74,59.56,0,0,1.04
2022-07-27,Clothing,Running Shoes,75,4365.55,58.21,0,0,1.04
2022-08-02,Clothing,Running Shoes,73,4731.27,64.81,0,0,1.04
2020-06-25,Beauty,Face Serum,146,3104.79,21.27,0,0,0.91
2020-07-04,Beauty,Face Serum,172,3413.54,19.85,0,0,0.91
2020-09-24,Beauty,Face Serum,141,2801.81,19.87,0,0,0.91
2020-10-03,Beauty,Face Serum,154,3071.56,19.95,0,0,0.91
2020-10-10,Beauty,Face Serum,161,3182.18,19.77,0,0,0.91
2020-11-06,Beauty,Face Serum,206,3942.92,19.14,0,1,0.91
2020-12-12,Beauty,Face Serum,237,4226.4,17.83,0,1,0.91
2020-12-22,Beauty,Face Serum,174,3621.72,20.81,0,1,0.91
2021-01-19,Beauty,Face Serum,180,3593.71,19.97,1,0,0.91
2021-02-23,Beauty,Face Serum,137,2744.42,20.03,0,0,0.91
2021-05-30,Beauty,Face Serum,249,4493.18,18.04,1,0,0.91
2021-06-03,Beauty,Face Serum,164,3197.85,19.5,0,0,0.91
2021-06-09,Beauty,Face Serum,163,3191.86,19.58,0,0,0.91
2021-07-11,Beauty,Face Serum,199,3976.84,19.98,0,0,0.91
2021-08-31,Beauty,Face Serum,149,3061.03,20.54,0,0,0.91
2021-10-08,Beauty,Face Serum,173,3039.45,17.57,0,0,0.91
2021-10-29,Beauty,Face Serum,133,2995.74,22.52,0,0,0.91
2021-12-30,Beauty,Face Serum,218,4273.64,19.6,0,1,0.91
2022-01-01,Beauty,Face Serum,200,3678.97,18.39,0,0,0.91
2022-02-11,Beauty,Face Serum,233,4379.59,18.8,1,0,0.91
2022-04-08,Beauty,Face Serum,179,3561.6,19.9,0,0,0.91
2022-06-21,Beauty,Face Serum,226,4555.31,20.16,1,0,0.91
2020-06-26,Groceries,Organic Cereal,282,1392.15,4.94,0,0,0.88
2020-08-07,Groceries,Organic Cereal,265,1326.25,5.0,0,0,0.88
2020-08-29,Groceries,Organic Cereal,334,1621.13,4.85,0,0,0.88
2020-09-02,Groceries,Organic Cereal,286,1388.53,4.85,0,0,0.88
2020-09-17,Groceries,Organic Cereal,262,1459.15,5.57,0,0,0.88
2020-09-25,Groceries,Organic Cereal,333,1683.59,5.06,0,0,0.88
2020-12-31,Groceries,Organic Cereal,514,2556.66,4.97,1,1,0.88
2021-01-08,Groceries,Organic Cereal,351,1741.36,4.96,0,0,0.88
2021-05-02,Groceries,Organic Cereal,317,1734.6,5.47,0,0,0.88
2021-07-26,Groceries,Organic Cereal,334,1747.56,5.23,0,0,0.88
2021-07-27,Groceries,Organic Cereal,411,2015.74,4.9,1,0,0.88
2021-11-11,Groceries,Organic Cereal,438,2082.96,4.76,0,1,0.88
2022-02-08,Groceries,Organic Cereal,339,1767.26,5.21,0,0,0.88
2022-06-19,Groceries,Organic Cereal,386,1901.19,4.93,0,0,0.88
2022-06-22,Groceries,Organic Cereal,370,1785.93,4.83,0,0,0.88
2022-06-30,Groceries,Organic Cereal,446,2285.48,5.12,1,0,0.88
2022-08-28,Groceries,Organic Cereal,411,1918.41,4.67,0,0,0.88
2020-06-26,Beauty,Face Serum,144,2842.73,19.74,0,0,1.16
2020-08-29,Beauty,Face Serum,153,3124.58,20.42,0,0,1.16
2020-12-29,Beauty,Face Serum,226,4439.56,19.64,0,1,1.16
2021-01-05,Beauty,Face Serum,150,3104.52,20.7,0,0,1.16
2021-01-09,Beauty,Face Serum,206,4097.88,19.89,0,0,1.16
2021-02-13,Beauty,Face Serum,222,4148.96,18.69,1,0,1.16
2021-06-16,Beauty,Face Serum,151,3087.74,20.45,0,0,1.16
2021-09-06,Beauty,Face Serum,153,3225.48,21.08,0,0,1.16
2022-01-27,Beauty,Face Serum,167,3455.15,20.69,0,0,1.16
2022-04-11,Beauty,Face Serum,140,2994.38,21.39,0,0,1.16
2022-07-01,Beauty,Face Serum,174,3464.02,19.91,0,0,1.16
2020-06-27,Books,Business Book,83,2052.26,24.73,0,0,1.12
2020-07-28,Books,Business Book,98,2421.56,24.71,1,0,1.12
2020-09-10,Books,Business Book,99,2472.0,24.97,1,0,1.12
2020-11-16,Books,Business Book,138,3230.86,23.41,1,1,1.12
2020-12-07,Books,Business Book,102,2717.1,26.64,0,1,1.12
2021-03-18,Books,Business Book,114,2760.65,24.22,1,0,1.12
2021-05-05,Books,Business Book,108,2996.66,27.75,1,0,1.12
2021-05-14,Books,Business Book,75,1940.57,25.87,0,0,1.12
2021-06-02,Books,Business Book,91,2142.26,23.54,0,0,1.12
2021-06-05,Books,Business Book,104,2456.03,23.62,0,0,1.12
2021-07-11,Books,Business Book,111,2626.05,23.66,0,0,1.12
2021-12-11,Books,Business Book,118,2855.29,24.2,0,1,1.12
2022-01-03,Books,Business Book,89,2276.71,25.58,0,0,1.12
2022-04-12,Books,Business Book,97,2325.67,23.98,0,0,1.12
2022-06-28,Books,Business Book,109,2711.93,24.88,1,0,1.12
2022-07-20,Books,Business Book,72,1882.54,26.15,0,0,1.12
