data/raw/sales.csv
date,category,product,units_sold,revenue,product_price,promo_flag,is_holiday_season,category_popularity_30d
2020-06-27,Beauty,Face Serum,145,2944.67,20.31,0,0,0.96
2020-09-13,Beauty,Face Serum,231,4382.67,18.97,1,0,0.96
2020-10-05,Beauty,Face Serum,190,3491.49,18.38,1,0,0.96
2020-10-19,Beauty,Face Serum,160,3305.43,20.66,0,0,0.96
2020-10-23,Beauty,Face Serum,163,3153.76,19.35,0,0,0.96
2020-11-15,Beauty,Face Serum,237,4270.45,18.02,0,1,0.96
2020-12-05,Beauty,Face Serum,245,5591.93,22.82,1,1,0.96
2020-12-11,Beauty,Face Serum,203,4066.97,20.03,0,1,0.96
2020-12-23,Beauty,Face Serum,197,4134.76,20.99,0,1,0.96
2020-12-25,Beauty,Face Serum,177,3718.84,21.01,0,1,0.96
2020-12-26,Beauty,Face Serum,240,4632.13,19.3,0,1,0.96
2021-02-18,Beauty,Face Serum,124,2609.18,21.04,0,0,0.96
2021-02-25,Beauty,Face Serum,148,3282.87,22.18,0,0,0.96
2021-04-20,Beauty,Face Serum,164,3303.95,20.15,0,0,0.96
2021-05-09,Beauty,Face Serum,170,3558.83,20.93,0,0,0.96
2021-07-24,Beauty,Face Serum,148,3026.21,20.45,0,0,0.96
2021-07-27,Beauty,Face Serum,158,3442.28,21.79,1,0,0.96
2021-08-05,Beauty,Face Serum,207,4124.3,19.92,1,0,0.96
2021-08-20,Beauty,Face Serum,175,3537.21,20.21,0,0,0.96
2021-08-26,Beauty,Face Serum,222,4260.65,19.19,1,0,0.96
2021-10-04,Beauty,Face Serum,144,2914.35,20.24,0,0,0.96
2021-10-10,Beauty,Face Serum,166,3348.82,20.17,0,0,0.96
2021-11-04,Beauty,Face Serum,229,4105.69,17.93,0,1,0.96
2021-12-09,Beauty,Face Serum,208,4467.92,21.48,0,1,0.96
2021-12-25,Beauty,Face Serum,276,5061.71,18.34,0,1,0.96
2022-01-17,Beauty,Face Serum,175,3310.68,18.92,0,0,0.96
2022-01-29,Beauty,Face Serum,175,3869.44,22.11,0,0,0.96
2022-05-23,Beauty,Face Serum,169,3440.74,20.36,0,0,0.96
2022-05-24,Beauty,Face Serum,169,3373.12,19.96,0,0,0.96
2022-06-20,Beauty,Face Serum,150,3096.55,20.64,0,0,0.96
2022-07-18,Beauty,Face Serum,158,3274.57,20.73,0,0,0.96
2022-07-21,Beauty,Face Serum,162,3294.52,20.34,0,0,0.96
2022-08-20,Beauty,Face Serum,185,3880.77,20.98,0,0,0.96
2022-08-27,Beauty,Face Serum,170,3370.4,19.83,0,0,0.96
2020-06-28,Electronics,Smart Speaker,15,2235.98,149.07,0,0,0.88
2020-07-07,Electronics,Smart Speaker,7,994.23,142.03,0,0,0.88
2020-10-06,Electronics,Smart Speaker,10,1466.4,146.64,0,0,0.88
2020-11-01,Electronics,Smart Speaker,15,2221.95,148.13,0,1,0.88
2021-01-03,Electronics,Smart Speaker,16,2302.09,143.88,0,0,0.88
2021-04-05,Electronics,Smart Speaker,12,1804.61,150.38,0,0,0.88
2021-06-10,Electronics,Smart Speaker,12,1818.39,151.53,0,0,0.88
2021-11-08,Electronics,Smart Speaker,13,1837.42,141.34,0,1,0.88
2021-11-17,Electronics,Smart Speaker,9,1388.61,154.29,0,1,0.88
2022-01-23,Electronics,Smart Speaker,11,1599.89,145.44,0,0,0.88
2022-02-04,Electronics,Smart Speaker,13,2031.79,156.29,0,0,0.88
2022-03-02,Electronics,Smart Speaker,14,2100.78,150.06,0,0,0.88
2022-03-25,Electronics,Smart Speaker,9,1354.29,150.48,0,0,0.88
2022-04-07,Electronics,Smart Speaker,13,1975.77,151.98,0,0,0.88
2022-04-23,Electronics,Smart Speaker,11,1662.37,151.12,0,0,0.88
2022-05-25,Electronics,Smart Speaker,12,1852.43,154.37,0,0,0.88
2022-07-17,Electronics,Smart Speaker,15,2282.61,152.17,0,0,0.88
2022-08-05,Electronics,Smart Speaker,5,764.25,152.85,0,0,0.88
2022-08-12,Electronics,Smart Speaker,13,1990.76,153.14,0,0,0.88
2022-09-08,Electronics,Smart Speaker,12,1832.89,152.74,0,0,0.88
2020-06-28,Books,Business Book,91,2410.81,26.49,0,0,0.97
2020-07-11,Books,Business Book,84,2279.03,27.13,0,0,0.97
2020-08-13,Books,Business Book,76,1902.27,25.03,0,0,0.97
2020-09-26,Books,Business Book,88,2174.03,24.7,0,0,0.97
2020-09-29,Books,Business Book,78,1990.27,25.52,0,0,0.97
2020-10-25,Books,Business Book,84,2103.95,25.05,0,0,0.97
2020-11-11,Books,Business Book,117,3071.79,26.25,0,1,0.97
2020-12-03,Books,Business Book,129,3008.85,23.32,0,1,0.97
2021-02-23,Books,Business Book,90,2065.7,22.95,0,0,0.97
2021-03-09,Books,Business Book,99,2328.26,23.52,0,0,0.97
2021-04-17,Books,Business Book,111,2960.57,26.67,1,0,0.97
2021-06-08,Books,Business Book,85,2041.0,24.01,0,0,0.97
2021-07-24,Books,Business Book,98,2333.94,23.82,0,0,0.97
2021-08-19,Books,Business Book,80,2008.37,25.1,0,0,0.97
2021-09-15,Books,Business Book,84,2026.32,24.12,0,0,0.97
2021-09-22,Books,Business Book,77,2016.56,26.19,0,0,0.97
2022-01-20,Books,Business Book,89,2257.63,25.37,0,0,0.97
2022-03-07,Books,Business Book,86,2141.32,24.9,0,0,0.97
2022-06-01,Books,Business Book,102,2454.58,24.06,0,0,0.97
2022-06-07,Books,Business Book,116,2993.69,25.81,1,0,0.97
2022-06-23,Books,Business Book,82,2226.66,27.15,0,0,0.97
2022-07-12,Books,Business Book,83,2070.5,24.95,0,0,0.97
2022-07-16,Books,Business Book,96,2483.57,25.87,0,0,0.97
2022-07-24,Books,Business Book,113,2622.44,23.21,0,0,0.97
2020-06-29,Clothing,Running Shoes,76,4742.49,62.4,1,0,1.08
2020-10-19,Clothing,Running Shoes,58,3561.22,61.4,0,0,1.08
2020-12-19,Clothing,Running Shoes,81,4814.38,59.44,0,1,1.08
2021-01-01,Clothing,Running Shoes,68,3585.03,52.72,0,0,1.08
2021-01-16,Clothing,Running Shoes,65,3982.14,61.26,0,0,1.08
2021-02-05,Clothing,Running Shoes,66,4077.15,61.77,0,0,1.08
2021-02-23,Clothing,Running Shoes,63,3746.05,59.46,0,0,1.08
2021-05-18,Clothing,Running Shoes,62,3731.14,60.18,0,0,1.08
2021-08-25,Clothing,Running Shoes,60,3603.18,60.05,0,0,1.08
2021-09-08,Clothing,Running Shoes,65,3916.45,60.25,0,0,1.08
2021-10-29,Clothing,Running Shoes,88,5043.54,57.31,0,0,1.08
2021-11-03,Clothing,Running Shoes,93,5690.91,61.19,1,1,1.08
2021-11-05,Clothing,Running Shoes,91,5648.45,62.07,1,1,1.08
2021-12-23,Clothing,Running Shoes,77,4646.4,60.34,0,1,1.08
2022-04-02,Clothing,Running Shoes,58,3531.18,60.88,0,0,1.08
2022-04-05,Clothing,Running Shoes,60,3869.36,64.49,0,0,1.08
2022-06-11,Clothing,Running Shoes,84,4744.23,56.48,0,0,1.08
2022-06-28,Clothing,Running Shoes,103,6002.79,58.28,1,0,1.08
2022-07-09,Clothing,Running Shoes,78,4976.96,63.81,1,0,1.08
2022-07-19,Clothing,Running Shoes,65,3848.53,59.21,0,0,1.08
2022-08-07,Clothing,Running Shoes,112,6344.19,56.64,1,0,1.08
2022-08-17,Clothing,Running Shoes,76,4455.43,58.62,0,0,1.08
2022-08-25,Clothing,Running Shoes,68,3854.91,56.69,0,0,1.08
2020-06-29,Toys,Building Blocks,66,2218.48,33.61,1,0,0.97
2020-08-23,Toys,Building Blocks,49,1681.7,34.32,0,0,0.97
2020-09-03,Toys,Building Blocks,43,1461.86,34.0,0,0,0.97
2020-10-07,Toys,Building Blocks,36,1455.19,40.42,0,0,0.97
2020-10-16,Toys,Building Blocks,57,1912.88,33.56,0,0,0.97
2020-10-21,Toys,Building Blocks,41,1520.81,37.09,0,0,0.97
2020-11-23,Toys,Building Blocks,69,2564.39,37.17,0,1,0.97
2021-01-27,Toys,Building Blocks,56,1834.1,32.75,0,0,0.97
2021-04-17,Toys,Building Blocks,71,2536.36,35.72,1,0,0.97
2021-05-19,Toys,Building Blocks,56,2040.19,36.43,0,0,0.97
2021-05-28,Toys,Building Blocks,72,2182.32,30.31,1,0,0.97
2021-06-13,Toys,Building Blocks,73,2527.83,34.63,0,0,0.97
2021-07-12,Toys,Building Blocks,43,1520.27,35.36,0,0,0.97
2021-08-22,Toys,Building Blocks,62,2108.31,34.01,0,0,0.97
2021-09-13,Toys,Building Blocks,53,1923.25,36.29,0,0,0.97
2021-09-16,Toys,Building Blocks,42,1593.44,37.94,0,0,0.97
2021-09-27,Toys,Building Blocks,49,1758.24,35.88,0,0,0.97
2021-10-03,Toys,Building Blocks,70,2455.87,35.08,0,0,0.97
2021-10-05,Toys,Building Blocks,72,2306.0,32.03,1,0,0.97
2021-10-08,Toys,Building Blocks,50,1648.82,32.98,0,0,0.97
2021-11-16,Toys,Building Blocks,60,2202.03,36.7,1,1,0.97
2021-11-30,Toys,Building Blocks,92,3004.07,32.65,0,1,0.97
2022-02-12,Toys,Building Blocks,54,1994.5,36.94,0,0,0.97
2022-02-22,Toys,Building Blocks,58,2022.97,34.88,0,0,0.97
2022-06-27,Toys,Building Blocks,62,1897.9,30.61,0,0,0.97
2022-07-05,Toys,Building Blocks,53,1965.8,37.09,0,0,0.97
2022-07-18,Toys,Building Blocks,60,2200.54,36.68,0,0,0.97
2022-08-27,Toys,Building Blocks,75,2530.93,33.75,0,0,0.97
2022-09-08,Toys,Building Blocks,56,2051.79,36.64,0,0,0.97
2020-06-30,Sports,Yoga Mat,25,1125.01,45.0,0,0,1.0
2020-09-16,Sports,Yoga Mat,53,2318.76,43.75,1,0,1.0
2020-10-03,Sports,Yoga Mat,39,1843.65,47.27,0,0,1.0
2020-11-10,Sports,Yoga Mat,56,2449.85,43.75,0,1,1.0
2020-12-21,Sports,Yoga Mat,44,2046.96,46.52,0,1,1.0
2021-01-07,Sports,Yoga Mat,43,1876.31,43.64,0,0,1.0
2021-01-30,Sports,Yoga Mat,51,2308.12,45.26,0,0,1.0
2021-02-28,Sports,Yoga Mat,52,2238.06,43.04,0,0,1.0
2021-03-05,Sports,Yoga Mat,47,2155.94,45.87,1,0,1.0
2021-06-08,Sports,Yoga Mat,49,2169.89,44.28,0,0,1.0
2021-06-15,Sports,Yoga Mat,39,1724.31,44.21,0,0,1.0
2021-07-02,Sports,Yoga Mat,52,2328.63,44.78,0,0,1.0
2021-07-06,Sports,Yoga Mat,40,2104.61,52.62,0,0,1.0
2021-07-13,Sports,Yoga Mat,54,2232.92,41.35,0,0,1.0
2021-09-03,Sports,Yoga Mat,55,2403.98,43.71,0,0,1.0
2021-11-01,Sports,Yoga Mat,52,2249.52,43.26,0,1,1.0
2021-11-10,Sports,Yoga Mat,62,2721.02,43.89,0,1,1.0
2021-11-25,Sports,Yoga Mat,49,2217.85,45.26,0,1,1.0
2021-12-30,Sports,Yoga Mat,61,2679.45,43.93,0,1,1.0
2022-01-12,Sports,Yoga Mat,38,1633.15,42.98,0,0,1.0
2022-02-12,Sports,Yoga Mat,47,2186.31,46.52,0,0,1.0
2022-02-15,Sports,Yoga Mat,44,1914.7,43.52,0,0,1.0
2022-02-23,Sports,Yoga Mat,44,1822.78,41.43,0,0,1.0
2022-03-09,Sports,Yoga Mat,41,1913.95,46.68,0,0,1.0
2022-03-26,Sports,Yoga Mat,48,2225.08,46.36,0,0,1.0
2022-05-11,Sports,Yoga Mat,37,1627.51,43.99,0,0,1.0
2022-06-02,Sports,Yoga Mat,35,1551.58,44.33,0,0,1.0
2022-06-14,Sports,Yoga Mat,52,2395.77,46.07,0,0,1.0
2022-07-10,Sports,Yoga Mat,60,2727.45,45.46,0,0,1.0
2022-07-13,Sports,Yoga Mat,38,1774.91,46.71,0,0,1.0
2022-07-30,Sports,Yoga Mat,75,3396.61,45.29,1,0,1.0
2022-08-29,Sports,Yoga Mat,74,3317.88,44.84,1,0,1.0
2022-09-02,Sports,Yoga Mat,59,2429.7,41.18,0,0,1.0
2022-09-07,Sports,Yoga Mat,50,2147.61,42.95,0,0,1.0
2022-09-08,Sports,Yoga Mat,44,2126.19,48.32,0,0,1.0
2020-07-01,Clothing,Running Shoes,73,4345.05,59.52,0,0,1.09
2020-08-28,Clothing,Running Shoes,69,3907.9,56.64,0,0,1.09
2020-09-01,Clothing,Running Shoes,59,3364.54,57.03,0,0,1.09
2020-10-03,Clothing,Running Shoes,84,4853.4,57.78,0,0,1.09
2020-11-11,Clothing,Running Shoes,74,4386.04,59.27,0,1,1.09
2021-02-19,Clothing,Running Shoes,74,4518.66,61.06,0,0,1.09
2021-03-26,Clothing,Running Shoes,56,3540.33,63.22,0,0,1.09
2021-04-07,Clothing,Running Shoes,66,4130.03,62.58,0,0,1.09
2021-04-23,Clothing,Running Shoes,77,4295.57,55.79,0,0,1.09
2021-05-10,Clothing,Running Shoes,54,3248.82,60.16,0,0,1.09
2021-06-20,Clothing,Running Shoes,81,5053.57,62.39,0,0,1.09
2021-07-01,Clothing,Running Shoes,63,3734.3,59.27,0,0,1.09
2021-07-30,Clothing,Running Shoes,75,4445.95,59.28,0,0,1.09
2021-08-28,Clothing,Running Shoes,79,5261.21,66.6,0,0,1.09
2021-08-31,Clothing,Running Shoes,82,4966.41,60.57,0,0,1.09
2021-09-18,Clothing,Running Shoes,65,3876.06,59.63,0,0,1.09
2021-09-27,Clothing,Running Shoes,74,4602.29,62.19,0,0,1.09
2021-10-11,Clothing,Running Shoes,74,4290.82,57.98,0,0,1.09
2021-11-06,Clothing,Running Shoes,109,6108.88,56.04,0,1,1.09
2021-11-30,Clothing,Running Shoes,92,5594.87,60.81,0,1,1.09
2022-01-10,Clothing,Running Shoes,66,3834.68,58.1,0,0,1.09
2022-04-18,Clothing,Running Shoes,62,3613.5,58.28,0,0,1.09
2022-06-20,Clothing,Running Shoes,65,3597.74,55.35,0,0,1.09
2022-07-07,Clothing,Running Shoes,80,4867.42,60.84,0,0,1.09
2022-08-01,Clothing,Running Shoes,64,3693.16,57.71,0,0,1.09
2020-07-01,Books,Business Book,77,1918.69,24.92,0,0,1.2
2021-01-11,Books,Business Book,69,1830.27,26.53,0,0,1.2
2021-03-29,Books,Business Book,84,2245.93,26.74,0,0,1.2
2021-05-23,Books,Business Book,95,2467.02,25.97,0,0,1.2
2021-09-01,Books,Business Book,90,2342.86,26.03,0,0,1.2
2021-10-11,Books,Business Book,109,2654.85,24.36,0,0,1.2
2022-01-29,Books,Business Book,107,2662.13,24.88,0,0,1.2
2022-02-04,Books,Business Book,71,1840.46,25.92,0,0,1.2
2022-03-23,Books,Business Book,129,3267.87,25.33,1,0,1.2
2022-05-09,Books,Business Book,90,2355.54,26.17,0,0,1.2
2022-05-17,Books,Business Book,115,2860.85,24.88,1,0,1.2
2020-07-03,Furniture,Office Chair,10,1220.33,122.03,0,0,0.9
2020-07-05,Furniture,Office Chair,3,360.26,120.09,0,0,0.9
2020-10-06,Furniture,Office Chair,8,976.24,122.03,0,0,0.9
2020-10-31,Furniture,Office Chair,3,339.99,113.33,0,0,0.9
2020-11-02,Furniture,Office Chair,4,468.3,117.08,0,1,0.9
2020-12-30,Furniture,Office Chair,8,972.67,121.58,0,1,0.9
2021-03-06,Furniture,Office Chair,5,611.32,122.26,1,0,0.9
2021-03-28,Furniture,Office Chair,6,778.18,129.7,0,0,0.9
2021-05-05,Furniture,Office Chair,12,1458.33,121.53,1,0,0.9
2021-06-02,Furniture,Office Chair,9,962.81,106.98,0,0,0.9
2021-06-19,Furniture,Office Chair,9,1076.74,119.64,0,0,0.9
2021-11-02,Furniture,Office Chair,13,1502.07,115.54,0,1,0.9
2021-11-03,Furniture,Office Chair,13,1703.25,131.02,1,1,0.9
2021-11-13,Furniture,Office Chair,9,1158.93,128.77,0,1,0.9
2021-11-15,Furniture,Office Chair,15,2065.01,137.67,1,1,0.9
2021-11-16,Furniture,Office Chair,14,1661.73,118.69,1,1,0.9
2021-11-30,Furniture,Office Chair,12,1528.2,127.35,0,1,0.9
2022-01-23,Furniture,Office Chair,9,1088.29,120.92,0,0,0.9
2022-02-02,Furniture,Office Chair,8,1009.9,126.24,0,0,0.9
2022-02-05,Furniture,Office Chair,8,1008.08,126.01,0,0,0.9
2022-07-01,Furniture,Office Chair,9,1058.54,117.62,0,0,0.9
2022-07-07,Furniture,Office Chair,12,1447.23,120.6,0,0,0.9
2022-07-17,Furniture,Office Chair,13,1518.65,116.82,0,0,0.9
2022-08-28,Furniture,Office Chair,10,1221.19,122.12,0,0,0.9
2020-07-04,Sports,Yoga Mat,54,2345.48,43.43,0,0,0.89
2020-07-06,Sports,Yoga Mat,37,1574.49,42.55,0,0,0.89
2020-07-15,Sports,Yoga Mat,38,1765.71,46.47,0,0,0.89
2020-07-24,Sports,Yoga Mat,42,1997.32,47.56,1,0,0.89
2020-10-01,Sports,Yoga Mat,40,1756.99,43.92,0,0,0.89
2020-10-19,Sports,Yoga Mat,41,2008.01,48.98,0,0,0.89
2020-12-08,Sports,Yoga Mat,50,2204.78,44.1,0,1,0.89
2020-12-10,Sports,Yoga Mat,65,3206.62,49.33,1,1,0.89
2020-12-25,Sports,Yoga Mat,63,2587.68,41.07,0,1,0.89
2021-01-27,Sports,Yoga Mat,36,1640.97,45.58,0,0,0.89
2021-02-06,Sports,Yoga Mat,41,1784.41,43.52,0,0,0.89
2021-02-09,Sports,Yoga Mat,75,3159.49,42.13,1,0,0.89
2021-03-02,Sports,Yoga Mat,55,2345.02,42.64,0,0,0.89
2021-03-03,Sports,Yoga Mat,52,2367.92,45.54,0,0,0.89
2021-03-11,Sports,Yoga Mat,37,1626.74,43.97,0,0,0.89
2021-04-01,Sports,Yoga Mat,37,1809.42,48.9,0,0,0.89
2021-04-27,Sports,Yoga Mat,40,1767.88,44.2,0,0,0.89
2021-08-06,Sports,Yoga Mat,38,1719.3,45.24,0,0,0.89
2021-08-18,Sports,Yoga Mat,46,1997.71,43.43,0,0,0.89
2021-08-29,Sports,Yoga Mat,43,1917.03,44.58,0,0,0.89
2021-09-13,Sports,Yoga Mat,44,1985.06,45.12,0,0,0.89
2021-12-17,Sports,Yoga Mat,61,2701.48,44.29,0,1,0.89
2022-01-02,Sports,Yoga Mat,39,1867.9,47.89,0,0,0.89
2022-02-06,Sports,Yoga Mat,61,2592.44,42.5,0,0,0.89
2022-02-17,Sports,Yoga Mat,49,2186.95,44.63,0,0,0.89
2022-02-27,Sports,Yoga Mat,41,1809.31,44.13,0,0,0.89
2022-04-29,Sports,Yoga Mat,47,2296.78,48.87,0,0,0.89
2022-05-03,Sports,Yoga Mat,43,1939.04,45.09,0,0,0.89
2022-06-26,Sports,Yoga Mat,47,2225.42,47.35,0,0,0.89
2022-06-29,Sports,Yoga Mat,40,1829.92,45.75,0,0,0.89
2020-07-05,Books,Business Book,102,2298.81,22.54,0,0,1.09
2020-08-19,Books,Business Book,85,2131.35,25.07,0,0,1.09
2020-08-26,Books,Business Book,102,2529.61,24.8,1,0,1.09
2020-08-31,Books,Business Book,109,2602.01,23.87,1,0,1.09
2020-10-05,Books,Business Book,96,2444.86,25.47,1,0,1.09
2020-10-12,Books,Business Book,77,2236.86,29.05,0,0,1.09
2020-11-13,Books,Business Book,125,2928.43,23.43,0,1,1.09
2020-12-30,Books,Business Book,112,2652.05,23.68,0,1,1.09
2021-01-16,Books,Business Book,95,2493.18,26.24,0,0,1.09
2021-02-21,Books,Business Book,98,2418.59,24.68,0,0,1.09
2021-03-22,Books,Business Book,93,2221.69,23.89,0,0,1.09
2021-03-31,Books,Business Book,97,2434.38,25.1,0,0,1.09
2021-04-15,Books,Business Book,84,2057.59,24.5,0,0,1.09
2021-05-22,Books,Business Book,137,3079.34,22.48,1,0,1.09
2021-06-29,Books,Business Book,84,2110.93,25.13,0,0,1.09
2021-07-31,Books,Business Book,80,2121.45,26.52,0,0,1.09
2021-09-23,Books,Business Book,92,2292.79,24.92,1,0,1.09
2022-03-24,Books,Business Book,102,2556.82,25.07,0,0,1.09
2022-04-29,Books,Business Book,82,2058.76,25.11,0,0,1.09
2022-06-20,Books,Business Book,96,2187.9,22.79,0,0,1.09
2022-07-29,Books,Business Book,130,3210.62,24.7,1,0,1.09
2022-08-14,Books,Business Book,144,3563.15,24.74,1,0,1.09
2020-07-05,Sports,Yoga Mat,40,1977.88,49.45,0,0,0.84
2020-09-02,Sports,Yoga Mat,51,2291.11,44.92,0,0,0.84
2021-04-12,Sports,Yoga Mat,38,1524.9,40.13,0,0,0.84
2021-04-15,Sports,Yoga Mat,34,1577.71,46.4,0,0,0.84
2021-05-16,Sports,Yoga Mat,52,2296.5,44.16,0,0,0.84
2021-07-17,Sports,Yoga Mat,56,2456.2,43.86,0,0,0.84
2021-07-29,Sports,Yoga Mat,80,3221.0,40.26,1,0,0.84
2021-08-26,Sports,Yoga Mat,53,2453.93,46.3,1,0,0.84
2022-02-01,Sports,Yoga Mat,48,2418.32,50.38,0,0,0.84
2022-04-27,Sports,Yoga Mat,37,1565.36,42.31,0,0,0.84
2022-06-12,Sports,Yoga Mat,52,2325.98,44.73,0,0,0.84
2020-07-05,Beauty,Face Serum,192,3667.43,19.1,0,0,0.87
2020-09-09,Beauty,Face Serum,135,2789.25,20.66,0,0,0.87
2020-10-09,Beauty,Face Serum,128,2660.35,20.78,0,0,0.87
2020-11-20,Beauty,Face Serum,191,4096.97,21.45,0,1,0.87
2021-02-06,Beauty,Face Serum,173,3779.82,21.85,0,0,0.87
2021-02-26,Beauty,Face Serum,171,3469.28,20.29,0,0,0.87
2021-02-28,Beauty,Face Serum,189,3835.01,20.29,0,0,0.87
2021-05-27,Beauty,Face Serum,189,3529.41,18.67,0,0,0.87
2021-06-05,Beauty,Face Serum,150,3145.6,20.97,0,0,0.87
2021-06-24,Beauty,Face Serum,155,3203.51,20.67,0,0,0.87
2021-07-01,Beauty,Face Serum,184,3392.4,18.44,0,0,0.87
2021-09-10,Beauty,Face Serum,168,3357.52,19.99,0,0,0.87
2021-10-16,Beauty,Face Serum,183,3979.53,21.75,0,0,0.87
2022-03-29,Beauty,Face Serum,174,3525.86,20.26,0,0,0.87
2022-05-01,Beauty,Face Serum,186,3478.1,18.7,0,0,0.87
2022-08-23,Beauty,Face Serum,165,3270.71,19.82,0,0,0.87
2020-07-07,Groceries,Organic Cereal,287,1539.74,5.36,0,0,0.83
2020-12-27,Groceries,Organic Cereal,539,2755.08,5.11,1,1,0.83
2021-03-29,Groceries,Organic Cereal,277,1504.92,5.43,0,0,0.83
2021-11-08,Groceries,Organic Cereal,423,2067.94,4.89,0,1,0.83
2021-12-11,Groceries,Organic Cereal,504,2487.19,4.93,0,1,0.83
2021-12-27,Groceries,Organic Cereal,426,2144.05,5.03,0,1,0.83
2022-02-07,Groceries,Organic Cereal,320,1571.26,4.91,0,0,0.83
2022-03-19,Groceries,Organic Cereal,400,1863.23,4.66,0,0,0.83
2022-05-02,Groceries,Organic Cereal,376,1823.06,4.85,0,0,0.83
