data/raw/sales.csv
date,category,product,units_sold,revenue,product_price,promo_flag,is_holiday_season,category_popularity_30d
2020-07-08,Furniture,Office Chair,9,963.72,107.08,0,0,1.11
2020-08-06,Furniture,Office Chair,14,1530.82,109.34,0,0,1.11
2020-08-23,Furniture,Office Chair,7,790.05,112.86,0,0,1.11
2020-09-20,Furniture,Office Chair,6,704.7,117.45,0,0,1.11
2020-10-10,Furniture,Office Chair,7,841.58,120.23,0,0,1.11
2020-10-30,Furniture,Office Chair,8,991.63,123.95,0,0,1.11
2020-11-01,Furniture,Office Chair,10,1234.1,123.41,0,1,1.11
2021-04-05,Furniture,Office Chair,10,1171.93,117.19,0,0,1.11
2021-04-22,Furniture,Office Chair,4,509.02,127.25,0,0,1.11
2021-06-06,Furniture,Office Chair,9,1113.74,123.75,0,0,1.11
2021-09-11,Furniture,Office Chair,8,943.31,117.91,0,0,1.11
2021-10-05,Furniture,Office Chair,14,1611.29,115.09,1,0,1.11
2022-05-11,Furniture,Office Chair,13,1480.79,113.91,0,0,1.11
2022-05-25,Furniture,Office Chair,9,1081.41,120.16,0,0,1.11
2022-06-24,Furniture,Office Chair,8,991.66,123.96,0,0,1.11
2022-08-03,Furniture,Office Chair,15,1744.81,116.32,0,0,1.11
2020-07-08,Toys,Building Blocks,58,2153.01,37.12,0,0,1.03
2020-07-23,Toys,Building Blocks,63,2215.12,35.16,0,0,1.03
2020-08-05,Toys,Building Blocks,35,1298.65,37.1,0,0,1.03
2020-08-14,Toys,Building Blocks,58,1970.53,33.97,1,0,1.03
2020-09-02,Toys,Building Blocks,58,1908.76,32.91,0,0,1.03
2020-09-10,Toys,Building Blocks,54,1879.17,34.8,1,0,1.03
2020-09-16,Toys,Building Blocks,67,2351.7,35.1,1,0,1.03
2020-09-20,Toys,Building Blocks,52,1887.94,36.31,0,0,1.03
2020-09-24,Toys,Building Blocks,38,1376.31,36.22,0,0,1.03
2020-10-05,Toys,Building Blocks,74,2636.85,35.63,1,0,1.03
2020-10-11,Toys,Building Blocks,65,2603.93,40.06,1,0,1.03
2020-10-13,Toys,Building Blocks,47,1710.04,36.38,0,0,1.03
2020-11-02,Toys,Building Blocks,57,2036.16,35.72,0,1,1.03
2020-12-18,Toys,Building Blocks,65,2464.59,37.92,0,1,1.03
2021-05-05,Toys,Building Blocks,73,2592.08,35.51,1,0,1.03
2021-05-31,Toys,Building Blocks,52,1976.31,38.01,0,0,1.03
2021-06-16,Toys,Building Blocks,56,1983.76,35.42,0,0,1.03
2021-07-09,Toys,Building Blocks,45,1526.15,33.91,0,0,1.03
2021-08-05,Toys,Building Blocks,66,2429.89,36.82,1,0,1.03
2021-08-27,Toys,Building Blocks,74,2750.71,37.17,1,0,1.03
2021-09-09,Toys,Building Blocks,52,1961.59,37.72,0,0,1.03
2021-10-06,Toys,Building Blocks,50,1701.51,34.03,0,0,1.03
2021-10-18,Toys,Building Blocks,43,1690.56,39.32,0,0,1.03
2021-12-10,Toys,Building Blocks,63,2341.3,37.16,0,1,1.03
2022-01-08,Toys,Building Blocks,62,1982.34,31.97,0,0,1.03
2022-02-07,Toys,Building Blocks,62,2083.89,33.61,0,0,1.03
2022-04-21,Toys,Building Blocks,77,2592.69,33.67,1,0,1.03
2022-04-29,Toys,Building Blocks,52,1843.75,35.46,0,0,1.03
2022-05-15,Toys,Building Blocks,76,2654.74,34.93,0,0,1.03
2022-07-14,Toys,Building Blocks,77,2431.1,31.57,0,0,1.03
2020-07-08,Beauty,Face Serum,163,3092.21,18.97,0,0,0.86
2020-07-12,Beauty,Face Serum,219,4129.13,18.85,1,0,0.86
2020-07-30,Beauty,Face Serum,144,2812.44,19.53,0,0,0.86
2020-09-28,Beauty,Face Serum,152,3088.63,20.32,0,0,0.86
2020-09-29,Beauty,Face Serum,172,3468.45,20.17,0,0,0.86
2020-10-27,Beauty,Face Serum,128,2524.1,19.72,0,0,0.86
2020-12-19,Beauty,Face Serum,249,4738.4,19.03,0,1,0.86
2021-02-24,Beauty,Face Serum,163,3239.01,19.87,0,0,0.86
2021-03-11,Beauty,Face Serum,174,3471.65,19.95,0,0,0.86
2021-04-23,Beauty,Face Serum,159,3181.67,20.01,0,0,0.86
2021-08-10,Beauty,Face Serum,156,3164.84,20.29,0,0,0.86
2021-10-05,Beauty,Face Serum,201,4141.53,20.6,1,0,0.86
2021-12-24,Beauty,Face Serum,203,4132.47,20.36,0,1,0.86
2022-02-06,Beauty,Face Serum,189,3350.79,17.73,0,0,0.86
2022-02-16,Beauty,Face Serum,178,3268.99,18.37,0,0,0.86
2022-02-21,Beauty,Face Serum,151,3144.03,20.82,0,0,0.86
2022-03-03,Beauty,Face Serum,226,4466.17,19.76,1,0,0.86
2022-04-13,Beauty,Face Serum,170,3551.89,20.89,0,0,0.86
2022-05-30,Beauty,Face Serum,210,4469.16,21.28,1,0,0.86
2020-07-10,Sports,Yoga Mat,37,1712.0,46.27,1,0,0.9
2020-09-04,Sports,Yoga Mat,50,2348.19,46.96,1,0,0.9
2020-11-20,Sports,Yoga Mat,46,2207.08,47.98,0,1,0.9
2021-01-18,Sports,Yoga Mat,27,1314.8,48.7,0,0,0.9
2021-02-25,Sports,Yoga Mat,42,2094.1,49.86,0,0,0.9
2021-03-06,Sports,Yoga Mat,57,2764.74,48.5,1,0,0.9
2021-03-28,Sports,Yoga Mat,56,2234.1,39.89,0,0,0.9
2021-05-08,Sports,Yoga Mat,37,1577.46,42.63,0,0,0.9
2021-05-13,Sports,Yoga Mat,31,1419.09,45.78,0,0,0.9
2021-06-24,Sports,Yoga Mat,39,1675.34,42.96,0,0,0.9
2021-06-26,Sports,Yoga Mat,40,1777.22,44.43,0,0,0.9
2021-07-15,Sports,Yoga Mat,25,1165.92,46.64,0,0,0.9
2021-07-16,Sports,Yoga Mat,52,2217.68,42.65,0,0,0.9
2021-08-01,Sports,Yoga Mat,45,2154.0,47.87,0,0,0.9
2021-09-09,Sports,Yoga Mat,46,2051.35,44.59,0,0,0.9
2021-12-14,Sports,Yoga Mat,53,2574.98,48.58,1,1,0.9
2022-01-13,Sports,Yoga Mat,46,2094.57,45.53,0,0,0.9
2022-03-19,Sports,Yoga Mat,54,2489.09,46.09,0,0,0.9
2022-04-01,Sports,Yoga Mat,50,2115.49,42.31,0,0,0.9
2022-04-07,Sports,Yoga Mat,50,2394.71,47.89,0,0,0.9
2022-05-21,Sports,Yoga Mat,50,2217.27,44.35,0,0,0.9
2022-08-24,Sports,Yoga Mat,41,1682.31,41.03,0,0,0.9
2022-09-06,Sports,Yoga Mat,48,2080.44,43.34,1,0,0.9
2020-07-11,Beauty,Face Serum,168,3258.22,19.39,0,0,1.17
2020-07-22,Beauty,Face Serum,182,3260.69,17.92,0,0,1.17
2020-08-13,Beauty,Face Serum,143,2872.06,20.08,0,0,1.17
2020-09-18,Beauty,Face Serum,129,2400.44,18.61,0,0,1.17
2020-09-25,Beauty,Face Serum,147,2891.57,19.67,0,0,1.17
2021-01-14,Beauty,Face Serum,157,3013.38,19.19,0,0,1.17
2021-02-16,Beauty,Face Serum,159,3111.65,19.57,0,0,1.17
2021-04-08,Beauty,Face Serum,193,4259.06,22.07,1,0,1.17
2021-09-17,Beauty,Face Serum,178,3469.81,19.49,0,0,1.17
2020-07-12,Groceries,Organic Cereal,367,1907.77,5.2,1,0,1.0
2020-08-30,Groceries,Organic Cereal,326,1576.71,4.84,0,0,1.0
2020-10-05,Groceries,Organic Cereal,375,1859.79,4.96,1,0,1.0
2020-10-19,Groceries,Organic Cereal,277,1483.44,5.36,0,0,1.0
2021-01-11,Groceries,Organic Cereal,316,1633.85,5.17,0,0,1.0
2021-01-21,Groceries,Organic Cereal,364,1854.69,5.1,0,0,1.0
2021-01-28,Groceries,Organic Cereal,281,1507.64,5.37,0,0,1.0
2021-02-10,Groceries,Organic Cereal,375,1645.96,4.39,0,0,1.0
2021-03-02,Groceries,Organic Cereal,332,1593.58,4.8,0,0,1.0
2021-05-21,Groceries,Organic Cereal,400,2014.4,5.04,1,0,1.0
2021-07-05,Groceries,Organic Cereal,285,1457.97,5.12,0,0,1.0
2021-07-13,Groceries,Organic Cereal,314,1639.65,5.22,0,0,1.0
2021-07-16,Groceries,Organic Cereal,368,1731.83,4.71,0,0,1.0
2021-09-14,Groceries,Organic Cereal,298,1622.9,5.45,0,0,1.0
2021-09-25,Groceries,Organic Cereal,352,1815.39,5.16,0,0,1.0
2021-09-27,Groceries,Organic Cereal,327,1671.2,5.11,0,0,1.0
2021-10-20,Groceries,Organic Cereal,324,1658.76,5.12,0,0,1.0
2021-11-10,Groceries,Organic Cereal,443,2317.76,5.23,0,1,1.0
2021-11-27,Groceries,Organic Cereal,445,2246.67,5.05,0,1,1.0
2021-12-06,Groceries,Organic Cereal,507,2396.94,4.73,0,1,1.0
2021-12-12,Groceries,Organic Cereal,483,2280.27,4.72,0,1,1.0
2022-01-05,Groceries,Organic Cereal,348,1698.4,4.88,0,0,1.0
2022-01-08,Groceries,Organic Cereal,355,1918.31,5.4,0,0,1.0
2022-03-13,Groceries,Organic Cereal,441,1929.72,4.38,0,0,1.0
2022-03-30,Groceries,Organic Cereal,396,2059.15,5.2,1,0,1.0
2022-04-10,Groceries,Organic Cereal,447,2161.24,4.83,0,0,1.0
2022-05-23,Groceries,Organic Cereal,314,1631.46,5.2,0,0,1.0
2022-06-08,Groceries,Organic Cereal,330,1676.6,5.08,0,0,1.0
2022-08-18,Groceries,Organic Cereal,445,2269.17,5.1,1,0,1.0
2022-09-06,Groceries,Organic Cereal,360,1919.02,5.33,1,0,1.0
2020-07-12,Sports,Yoga Mat,59,2794.25,47.36,1,0,0.95
2020-07-27,Sports,Yoga Mat,41,1836.39,44.79,0,0,0.95
2020-07-28,Sports,Yoga Mat,50,2401.5,48.03,1,0,0.95
2020-09-20,Sports,Yoga Mat,62,2862.28,46.17,0,0,0.95
2020-12-04,Sports,Yoga Mat,82,3379.87,41.22,1,1,0.95
2020-12-09,Sports,Yoga Mat,65,2920.17,44.93,0,1,0.95
2021-02-03,Sports,Yoga Mat,38,1839.56,48.41,0,0,0.95
2021-02-16,Sports,Yoga Mat,47,2010.43,42.78,0,0,0.95
2021-04-10,Sports,Yoga Mat,48,2171.27,45.23,0,0,0.95
2021-06-19,Sports,Yoga Mat,44,2089.31,47.48,0,0,0.95
2021-07-10,Sports,Yoga Mat,49,2119.14,43.25,0,0,0.95
2021-08-05,Sports,Yoga Mat,58,2644.9,45.6,1,0,0.95
2021-09-17,Sports,Yoga Mat,37,1763.51,47.66,0,0,0.95
2021-09-28,Sports,Yoga Mat,46,2135.59,46.43,0,0,0.95
2021-10-23,Sports,Yoga Mat,47,2136.73,45.46,0,0,0.95
2021-10-28,Sports,Yoga Mat,44,1984.0,45.09,0,0,0.95
2021-10-29,Sports,Yoga Mat,47,2231.24,47.47,0,0,0.95
2021-11-06,Sports,Yoga Mat,83,3632.99,43.77,0,1,0.95
2021-11-20,Sports,Yoga Mat,65,3228.93,49.68,0,1,0.95
2022-01-07,Sports,Yoga Mat,53,2417.87,45.62,1,0,0.95
2022-02-19,Sports,Yoga Mat,38,1775.77,46.73,0,0,0.95
2022-04-30,Sports,Yoga Mat,52,2255.54,43.38,0,0,0.95
2022-06-07,Sports,Yoga Mat,48,2218.58,46.22,1,0,0.95
2022-06-23,Sports,Yoga Mat,43,1859.66,43.25,0,0,0.95
2022-06-27,Sports,Yoga Mat,51,2315.29,45.4,0,0,0.95
2022-08-18,Sports,Yoga Mat,57,2697.61,47.33,1,0,0.95
2020-07-13,Sports,Yoga Mat,41,1779.54,43.4,1,0,0.87
2020-07-17,Sports,Yoga Mat,33,1565.32,47.43,0,0,0.87
2021-01-15,Sports,Yoga Mat,44,1933.03,43.93,0,0,0.87
2021-06-20,Sports,Yoga Mat,41,1811.29,44.18,0,0,0.87
2021-07-24,Sports,Yoga Mat,35,1480.38,42.3,0,0,0.87
2021-08-30,Sports,Yoga Mat,52,2337.6,44.95,1,0,0.87
2021-10-09,Sports,Yoga Mat,36,1562.12,43.39,0,0,0.87
2021-11-11,Sports,Yoga Mat,47,1986.85,42.27,0,1,0.87
2021-11-16,Sports,Yoga Mat,85,3606.94,42.43,1,1,0.87
2021-11-23,Sports,Yoga Mat,75,3421.03,45.61,1,1,0.87
2021-11-28,Sports,Yoga Mat,69,3059.06,44.33,0,1,0.87
2022-01-21,Sports,Yoga Mat,44,1995.03,45.34,0,0,0.87
2022-02-04,Sports,Yoga Mat,53,2464.85,46.51,0,0,0.87
2022-04-13,Sports,Yoga Mat,52,2240.71,43.09,0,0,0.87
2022-04-24,Sports,Yoga Mat,46,2195.33,47.72,0,0,0.87
2022-07-08,Sports,Yoga Mat,61,2733.2,44.81,0,0,0.87
2022-07-24,Sports,Yoga Mat,60,2689.51,44.83,0,0,0.87
2020-07-14,Groceries,Organic Cereal,331,1481.88,4.48,0,0,1.14
2020-09-07,Groceries,Organic Cereal,315,1557.23,4.94,0,0,1.14
2020-09-13,Groceries,Organic Cereal,404,2120.37,5.25,1,0,1.14
2020-09-21,Groceries,Organic Cereal,356,1701.55,4.78,0,0,1.14
2021-02-01,Groceries,Organic Cereal,328,1613.77,4.92,0,0,1.14
2021-04-13,Groceries,Organic Cereal,288,1465.28,5.09,0,0,1.14
2021-05-23,Groceries,Organic Cereal,368,1760.93,4.79,0,0,1.14
2021-09-22,Groceries,Organic Cereal,363,1745.33,4.81,0,0,1.14
2021-11-03,Groceries,Organic Cereal,543,2660.35,4.9,1,1,1.14
2022-01-16,Groceries,Organic Cereal,433,1972.63,4.56,0,0,1.14
2022-04-23,Groceries,Organic Cereal,396,2063.63,5.21,0,0,1.14
2022-07-24,Groceries,Organic Cereal,361,1917.62,5.31,0,0,1.14
2020-07-16,Electronics,Smart Speaker,14,2246.64,160.47,0,0,1.04
2020-08-24,Electronics,Smart Speaker,11,1663.78,151.25,0,0,1.04
2020-09-05,Electronics,Smart Speaker,8,1185.34,148.17,0,0,1.04
2020-09-07,Electronics,Smart Speaker,13,2056.87,158.22,0,0,1.04
2020-10-02,Electronics,Smart Speaker,8,1298.61,162.33,0,0,1.04
2020-11-03,Electronics,Smart Speaker,15,2011.05,134.07,0,1,1.04
2021-01-19,Electronics,Smart Speaker,16,2313.22,144.58,1,0,1.04
2021-01-25,Electronics,Smart Speaker,13,1676.81,128.99,0,0,1.04
2021-01-28,Electronics,Smart Speaker,6,894.53,149.09,0,0,1.04
2021-02-06,Electronics,Smart Speaker,10,1417.17,141.72,0,0,1.04
2021-02-07,Electronics,Smart Speaker,10,1487.1,148.71,0,0,1.04
2021-02-20,Electronics,Smart Speaker,14,1973.11,140.94,0,0,1.04
2021-05-17,Electronics,Smart Speaker,9,1285.08,142.79,0,0,1.04
2021-05-25,Electronics,Smart Speaker,11,1702.31,154.76,0,0,1.04
2021-07-28,Electronics,Smart Speaker,11,1585.69,144.15,0,0,1.04
2021-07-30,Electronics,Smart Speaker,17,2525.98,148.59,0,0,1.04
2021-09-26,Electronics,Smart Speaker,9,1352.27,150.25,0,0,1.04
2021-11-11,Electronics,Smart Speaker,11,1646.37,149.67,0,1,1.04
2021-11-24,Electronics,Smart Speaker,20,2771.48,138.57,0,1,1.04
2021-11-26,Electronics,Smart Speaker,12,1643.79,136.98,0,1,1.04
2021-12-19,Electronics,Smart Speaker,20,2923.87,146.19,0,1,1.04
2021-12-23,Electronics,Smart Speaker,13,1934.02,148.77,0,1,1.04
2022-02-09,Electronics,Smart Speaker,12,1841.7,153.47,0,0,1.04
2022-03-03,Electronics,Smart Speaker,8,1168.1,146.01,1,0,1.04
2022-04-29,Electronics,Smart Speaker,12,1783.16,148.6,0,0,1.04
2022-04-30,Electronics,Smart Speaker,12,1783.71,148.64,0,0,1.04
2022-05-11,Electronics,Smart Speaker,11,1613.07,146.64,0,0,1.04
2022-06-20,Electronics,Smart Speaker,9,1351.51,150.17,0,0,1.04
2020-07-16,Groceries,Organic Cereal,304,1534.49,5.05,0,0,1.09
2020-08-17,Groceries,Organic Cereal,313,1586.83,5.07,0,0,1.09
2020-08-27,Groceries,Organic Cereal,358,1887.73,5.27,1,0,1.09
2020-11-08,Groceries,Organic Cereal,444,2015.92,4.54,0,1,1.09
2020-11-19,Groceries,Organic Cereal,388,1937.82,4.99,0,1,1.09
2020-12-04,Groceries,Organic Cereal,432,2265.45,5.24,1,1,1.09
2021-04-04,Groceries,Organic Cereal,362,1760.62,4.86,0,0,1.09
2021-05-06,Groceries,Organic Cereal,317,1538.37,4.85,0,0,1.09
2021-05-11,Groceries,Organic Cereal,337,1697.53,5.04,0,0,1.09
2021-06-21,Groceries,Organic Cereal,292,1558.63,5.34,0,0,1.09
2021-08-06,Groceries,Organic Cereal,314,1604.74,5.11,0,0,1.09
2021-08-27,Groceries,Organic Cereal,414,2033.58,4.91,1,0,1.09
2021-09-08,Groceries,Organic Cereal,336,1623.71,4.83,0,0,1.09
2021-09-15,Groceries,Organic Cereal,311,1658.39,5.33,0,0,1.09
2021-11-02,Groceries,Organic Cereal,413,2138.91,5.18,0,1,1.09
2021-11-17,Groceries,Organic Cereal,419,2117.66,5.05,0,1,1.09
2022-03-11,Groceries,Organic Cereal,394,1787.88,4.54,0,0,1.09
2022-04-11,Groceries,Organic Cereal,323,1665.07,5.16,0,0,1.09
2022-06-01,Groceries,Organic Cereal,334,1800.96,5.39,0,0,1.09
2022-06-26,Groceries,Organic Cereal,380,1818.9,4.79,0,0,1.09
2022-08-01,Groceries,Organic Cereal,360,1617.34,4.49,0,0,1.09
2022-08-22,Groceries,Organic Cereal,343,1714.78,5.0,0,0,1.09
2020-07-16,Sports,Yoga Mat,45,1942.24,43.16,0,0,0.94
2020-08-21,Sports,Yoga Mat,34,1323.11,38.92,0,0,0.94
2020-09-06,Sports,Yoga Mat,39,1900.2,48.72,0,0,0.94
2020-09-30,Sports,Yoga Mat,42,1809.08,43.07,0,0,0.94
2020-10-23,Sports,Yoga Mat,57,2545.47,44.66,0,0,0.94
2020-12-12,Sports,Yoga Mat,55,2470.43,44.92,0,1,0.94
2021-01-24,Sports,Yoga Mat,58,2569.51,44.3,0,0,0.94
2021-02-13,Sports,Yoga Mat,69,2956.13,42.84,1,0,0.94
2021-03-21,Sports,Yoga Mat,50,2166.89,43.34,0,0,0.94
2021-04-26,Sports,Yoga Mat,39,1627.16,41.72,0,0,0.94
2021-06-11,Sports,Yoga Mat,56,2436.2,43.5,1,0,0.94
2021-06-18,Sports,Yoga Mat,35,1610.68,46.02,0,0,0.94
2021-08-15,Sports,Yoga Mat,60,2763.95,46.07,0,0,0.94
2021-08-22,Sports,Yoga Mat,61,2762.21,45.28,0,0,0.94
2021-10-03,Sports,Yoga Mat,41,1896.01,46.24,0,0,0.94
2021-11-19,Sports,Yoga Mat,56,2468.58,44.08,0,1,0.94
2021-12-02,Sports,Yoga Mat,62,2784.44,44.91,0,1,0.94
2022-02-14,Sports,Yoga Mat,43,1941.5,45.15,0,0,0.94
2022-05-06,Sports,Yoga Mat,49,2160.59,44.09,0,0,0.94
2022-05-13,Sports,Yoga Mat,50,2267.06,45.34,0,0,0.94
2022-07-20,Sports,Yoga Mat,43,1795.16,41.75,0,0,0.94
2022-08-21,Sports,Yoga Mat,58,2522.81,43.5,0,0,0.94
2020-07-16,Beauty,Face Serum,168,3103.64,18.47,0,0,1.06
2020-08-21,Beauty,Face Serum,142,2770.67,19.51,0,0,1.06
2020-10-20,Beauty,Face Serum,146,2785.94,19.08,0,0,1.06
2020-11-29,Beauty,Face Serum,195,4011.35,20.57,0,1,1.06
2020-12-09,Beauty,Face Serum,195,4149.18,21.28,0,1,1.06
2020-12-30,Beauty,Face Serum,219,4428.95,20.22,0,1,1.06
2021-01-11,Beauty,Face Serum,173,3502.28,20.24,0,0,1.06
2021-03-02,Beauty,Face Serum,144,3033.37,21.07,0,0,1.06
2021-03-03,Beauty,Face Serum,154,3198.14,20.77,0,0,1.06
2021-03-24,Beauty,Face Serum,153,3193.58,20.87,0,0,1.06
2021-04-05,Beauty,Face Serum,171,3562.43,20.83,0,0,1.06
2021-04-16,Beauty,Face Serum,148,3208.04,21.68,0,0,1.06
2021-04-25,Beauty,Face Serum,190,3820.03,20.11,0,0,1.06
2021-06-12,Beauty,Face Serum,194,3745.57,19.31,0,0,1.06
2021-07-17,Beauty,Face Serum,165,3256.9,19.74,0,0,1.06
2021-08-04,Beauty,Face Serum,144,2895.34,20.11,0,0,1.06
2021-08-16,Beauty,Face Serum,159,3075.94,19.35,0,0,1.06
2021-10-13,Beauty,Face Serum,191,3374.25,17.67,0,0,1.06
2021-10-23,Beauty,Face Serum,174,3541.07,20.35,0,0,1.06
2021-10-28,Beauty,Face Serum,185,3710.22,20.06,0,0,1.06
2021-11-23,Beauty,Face Serum,212,4556.74,21.49,1,1,1.06
2021-12-18,Beauty,Face Serum,188,4054.37,21.57,0,1,1.06
2022-01-28,Beauty,Face Serum,172,3548.2,20.63,0,0,1.06
2022-01-30,Beauty,Face Serum,193,3950.2,20.47,0,0,1.06
2022-01-31,Beauty,Face Serum,202,4010.8,19.86,0,0,1.06
2022-03-12,Beauty,Face Serum,231,4551.29,19.7,1,0,1.06
2022-03-17,Beauty,Face Serum,192,3773.68,19.65,0,0,1.06
2022-03-23,Beauty,Face Serum,208,4507.71,21.67,1,0,1.06
2022-04-20,Beauty,Face Serum,177,3449.69,19.49,0,0,1.06
2022-05-09,Beauty,Face Serum,160,3204.48,20.03,0,0,1.06
2022-07-12,Beauty,Face Serum,161,3344.97,20.78,0,0,1.06
2022-08-17,Beauty,Face Serum,182,3903.97,21.45,0,0,1.06
2020-07-17,Electronics,Smart Speaker,5,723.87,144.77,0,0,1.06
2020-10-20,Electronics,Smart Speaker,11,1694.34,154.03,0,0,1.06
2020-12-30,Electronics,Smart Speaker,10,1633.37,163.34,0,1,1.06
2021-01-04,Electronics,Smart Speaker,13,2088.47,160.65,0,0,1.06
2021-01-12,Electronics,Smart Speaker,12,1828.15,152.35,0,0,1.06
2021-03-05,Electronics,Smart Speaker,15,2182.13,145.48,1,0,1.06
2021-03-08,Electronics,Smart Speaker,13,1980.71,152.36,0,0,1.06
2021-03-15,Electronics,Smart Speaker,16,2372.8,148.3,1,0,1.06
2021-04-02,Electronics,Smart Speaker,14,2134.2,152.44,0,0,1.06
2021-04-14,Electronics,Smart Speaker,15,2078.37,138.56,1,0,1.06
2021-05-03,Electronics,Smart Speaker,12,1921.13,160.09,0,0,1.06
2021-05-16,Electronics,Smart Speaker,10,1608.36,160.84,0,0,1.06
2021-06-12,Electronics,Smart Speaker,21,3100.27,147.63,0,0,1.06
2021-06-17,Electronics,Smart Speaker,14,2167.49,154.82,0,0,1.06
2021-06-25,Electronics,Smart Speaker,8,1235.55,154.44,0,0,1.06
2021-08-04,Electronics,Smart Speaker,13,1889.56,145.35,0,0,1.06
2021-09-11,Electronics,Smart Speaker,17,2570.4,151.2,0,0,1.06
2021-10-31,Electronics,Smart Speaker,14,2209.52,157.82,1,0,1.06
2022-01-08,Electronics,Smart Speaker,14,2366.44,169.03,0,0,1.06
2022-03-12,Electronics,Smart Speaker,19,2756.63,145.09,1,0,1.06
2022-05-02,Electronics,Smart Speaker,10,1456.84,145.68,0,0,1.06
2022-05-19,Electronics,Smart Speaker,9,1396.57,155.17,0,0,1.06
