data/raw/sales.csv
date,category,product,units_sold,revenue,product_price,promo_flag,is_holiday_season,category_popularity_30d
2020-07-17,Books,Business Book,74,1819.53,24.59,0,0,1.07
2020-08-11,Books,Business Book,94,2431.41,25.87,1,0,1.07
2020-09-24,Books,Business Book,87,2105.28,24.2,0,0,1.07
2020-10-02,Books,Business Book,69,1600.49,23.2,0,0,1.07
2020-10-03,Books,Business Book,90,2161.96,24.02,0,0,1.07
2020-10-22,Books,Business Book,130,3030.01,23.31,1,0,1.07
2020-12-18,Books,Business Book,84,1926.79,22.94,0,1,1.07
2020-12-31,Books,Business Book,139,3778.07,27.18,1,1,1.07
2021-02-10,Books,Business Book,83,2063.66,24.86,0,0,1.07
2021-03-24,Books,Business Book,86,2241.68,26.07,0,0,1.07
2021-04-10,Books,Business Book,109,2825.88,25.93,0,0,1.07
2021-05-12,Books,Business Book,93,2240.73,24.09,0,0,1.07
2021-05-24,Books,Business Book,64,1745.45,27.27,0,0,1.07
2021-05-25,Books,Business Book,101,2587.91,25.62,0,0,1.07
2021-06-17,Books,Business Book,92,2498.43,27.16,0,0,1.07
2021-06-22,Books,Business Book,103,2587.13,25.12,0,0,1.07
2021-06-23,Books,Business Book,72,1818.71,25.26,0,0,1.07
2021-06-27,Books,Business Book,142,3321.0,23.39,1,0,1.07
2021-07-10,Books,Business Book,92,2267.62,24.65,0,0,1.07
2021-10-09,Books,Business Book,103,2331.94,22.64,0,0,1.07
2021-10-28,Books,Business Book,66,1807.47,27.39,0,0,1.07
2021-11-25,Books,Business Book,118,2882.14,24.42,0,1,1.07
2022-01-13,Books,Business Book,91,2389.48,26.26,0,0,1.07
2022-02-26,Books,Business Book,99,2405.03,24.29,0,0,1.07
2022-03-08,Books,Business Book,100,2430.53,24.31,0,0,1.07
2022-03-14,Books,Business Book,88,2284.95,25.97,0,0,1.07
2022-05-06,Books,Business Book,96,2619.07,27.28,0,0,1.07
2022-05-21,Books,Business Book,91,2290.78,25.17,0,0,1.07
2022-07-08,Books,Business Book,80,1961.27,24.52,0,0,1.07
2022-07-19,Books,Business Book,99,2596.84,26.23,0,0,1.07
2022-08-01,Books,Business Book,104,2621.44,25.21,0,0,1.07
2022-08-12,Books,Business Book,95,2339.75,24.63,0,0,1.07
2020-07-17,Beauty,Face Serum,155,3196.42,20.62,0,0,1.13
2020-08-20,Beauty,Face Serum,156,3434.38,22.02,1,0,1.13
2021-04-10,Beauty,Face Serum,194,3745.72,19.31,0,0,1.13
2021-04-28,Beauty,Face Serum,188,3891.95,20.7,1,0,1.13
2021-07-22,Beauty,Face Serum,167,3462.45,20.73,0,0,1.13
2021-08-27,Beauty,Face Serum,187,3642.11,19.48,1,0,1.13
2021-11-13,Beauty,Face Serum,240,4502.03,18.76,0,1,1.13
2022-05-19,Beauty,Face Serum,176,3510.37,19.95,0,0,1.13
2022-07-22,Beauty,Face Serum,161,3575.5,22.21,0,0,1.13
2022-08-03,Beauty,Face Serum,171,3415.39,19.97,0,0,1.13
2022-08-10,Beauty,Face Serum,214,4272.88,19.97,1,0,1.13
2020-07-18,Furniture,Office Chair,9,1117.36,124.15,0,0,1.16
2020-08-04,Furniture,Office Chair,9,1027.91,114.21,0,0,1.16
2021-01-07,Furniture,Office Chair,13,1516.1,116.62,0,0,1.16
2021-01-21,Furniture,Office Chair,11,1347.22,122.47,0,0,1.16
2021-05-28,Furniture,Office Chair,8,986.1,123.26,1,0,1.16
2021-07-16,Furniture,Office Chair,12,1413.19,117.77,0,0,1.16
2021-10-30,Furniture,Office Chair,10,1199.09,119.91,0,0,1.16
2021-11-24,Furniture,Office Chair,13,1533.76,117.98,0,1,1.16
2021-12-07,Furniture,Office Chair,10,1245.55,124.55,0,1,1.16
2022-01-13,Furniture,Office Chair,11,1290.49,117.32,0,0,1.16
2022-04-28,Furniture,Office Chair,7,897.56,128.22,0,0,1.16
2020-07-19,Beauty,Face Serum,158,3119.52,19.74,0,0,0.98
2020-07-21,Beauty,Face Serum,158,3046.57,19.28,0,0,0.98
2020-10-11,Beauty,Face Serum,190,3733.53,19.65,1,0,0.98
2020-10-21,Beauty,Face Serum,130,2623.11,20.18,0,0,0.98
2020-12-03,Beauty,Face Serum,160,3292.33,20.58,0,1,0.98
2020-12-14,Beauty,Face Serum,209,4011.09,19.19,0,1,0.98
2021-01-02,Beauty,Face Serum,161,3276.44,20.35,0,0,0.98
2021-01-20,Beauty,Face Serum,152,3097.59,20.38,0,0,0.98
2021-03-01,Beauty,Face Serum,130,2882.01,22.17,0,0,0.98
2021-03-27,Beauty,Face Serum,148,3207.99,21.68,0,0,0.98
2021-04-17,Beauty,Face Serum,256,4894.29,19.12,1,0,0.98
2021-07-09,Beauty,Face Serum,148,2917.44,19.71,0,0,0.98
2021-07-14,Beauty,Face Serum,149,2961.37,19.87,0,0,0.98
2021-08-11,Beauty,Face Serum,208,4238.55,20.38,1,0,0.98
2021-09-23,Beauty,Face Serum,183,3875.51,21.18,1,0,0.98
2021-09-28,Beauty,Face Serum,174,3270.66,18.8,0,0,0.98
2021-11-08,Beauty,Face Serum,199,4025.69,20.23,0,1,0.98
2021-12-01,Beauty,Face Serum,294,5938.01,20.2,1,1,0.98
2021-12-22,Beauty,Face Serum,192,4038.57,21.03,0,1,0.98
2022-03-22,Beauty,Face Serum,182,3481.59,19.13,0,0,0.98
2022-04-16,Beauty,Face Serum,208,3978.79,19.13,0,0,0.98
2022-04-19,Beauty,Face Serum,157,3395.24,21.63,0,0,0.98
2022-05-21,Beauty,Face Serum,231,4423.77,19.15,0,0,0.98
2022-05-22,Beauty,Face Serum,163,3575.74,21.94,0,0,0.98
2022-06-14,Beauty,Face Serum,176,3635.15,20.65,0,0,0.98
2022-06-22,Beauty,Face Serum,175,3592.03,20.53,0,0,0.98
2020-07-20,Electronics,Smart Speaker,6,854.33,142.39,0,0,0.92
2020-08-01,Electronics,Smart Speaker,8,1255.08,156.88,0,0,0.92
2020-08-18,Electronics,Smart Speaker,13,2014.62,154.97,1,0,0.92
2020-08-20,Electronics,Smart Speaker,16,2358.07,147.38,1,0,0.92
2020-09-20,Electronics,Smart Speaker,14,2094.7,149.62,0,0,0.92
2020-11-28,Electronics,Smart Speaker,8,1229.12,153.64,0,1,0.92
2021-03-23,Electronics,Smart Speaker,10,1345.39,134.54,0,0,0.92
2021-06-15,Electronics,Smart Speaker,12,1850.13,154.18,0,0,0.92
2021-08-09,Electronics,Smart Speaker,13,1883.22,144.86,1,0,0.92
2021-08-20,Electronics,Smart Speaker,10,1645.14,164.51,0,0,0.92
2021-08-25,Electronics,Smart Speaker,10,1487.72,148.77,0,0,0.92
2021-08-31,Electronics,Smart Speaker,13,1848.46,142.19,0,0,0.92
2021-10-25,Electronics,Smart Speaker,10,1443.75,144.38,0,0,0.92
2021-12-01,Electronics,Smart Speaker,15,2106.65,140.44,1,1,0.92
2021-12-03,Electronics,Smart Speaker,12,1901.99,158.5,0,1,0.92
2022-02-23,Electronics,Smart Speaker,14,2223.15,158.8,0,0,0.92
2022-03-28,Electronics,Smart Speaker,9,1379.4,153.27,0,0,0.92
2022-03-29,Electronics,Smart Speaker,14,1935.8,138.27,0,0,0.92
2022-05-09,Electronics,Smart Speaker,6,936.1,156.02,0,0,0.92
2022-05-21,Electronics,Smart Speaker,18,2521.46,140.08,0,0,0.92
2022-05-28,Electronics,Smart Speaker,15,2050.43,136.7,0,0,0.92
2022-07-28,Electronics,Smart Speaker,11,1694.97,154.09,0,0,0.92
2022-08-30,Electronics,Smart Speaker,8,1279.0,159.88,0,0,0.92
2022-09-09,Electronics,Smart Speaker,10,1512.46,151.25,0,0,0.92
2020-07-20,Furniture,Office Chair,6,728.51,121.42,0,0,0.89
2020-09-18,Furniture,Office Chair,3,361.52,120.51,0,0,0.89
2020-11-06,Furniture,Office Chair,8,925.43,115.68,0,1,0.89
2020-12-16,Furniture,Office Chair,10,1330.03,133.0,1,1,0.89
2020-12-17,Furniture,Office Chair,10,1175.44,117.54,0,1,0.89
2021-01-28,Furniture,Office Chair,10,1233.43,123.34,0,0,0.89
2021-02-01,Furniture,Office Chair,6,739.6,123.27,0,0,0.89
2021-02-06,Furniture,Office Chair,3,352.06,117.35,0,0,0.89
2021-02-25,Furniture,Office Chair,6,639.05,106.51,0,0,0.89
2021-03-13,Furniture,Office Chair,9,1053.5,117.06,0,0,0.89
2021-04-30,Furniture,Office Chair,13,1595.2,122.71,0,0,0.89
2021-05-25,Furniture,Office Chair,10,1208.02,120.8,0,0,0.89
2021-08-02,Furniture,Office Chair,11,1481.81,134.71,0,0,0.89
2021-10-12,Furniture,Office Chair,11,1307.9,118.9,0,0,0.89
2022-01-12,Furniture,Office Chair,9,1135.21,126.13,0,0,0.89
2022-02-16,Furniture,Office Chair,8,1025.24,128.15,0,0,0.89
2022-05-01,Furniture,Office Chair,6,770.91,128.49,0,0,0.89
2022-05-07,Furniture,Office Chair,16,1917.32,119.83,0,0,0.89
2020-07-23,Clothing,Running Shoes,46,2957.22,64.29,0,0,0.94
2020-08-09,Clothing,Running Shoes,64,4071.3,63.61,0,0,0.94
2020-08-22,Clothing,Running Shoes,68,4067.54,59.82,0,0,0.94
2020-08-30,Clothing,Running Shoes,69,3945.34,57.18,0,0,0.94
2020-09-04,Clothing,Running Shoes,88,5265.98,59.84,1,0,0.94
2020-09-21,Clothing,Running Shoes,65,3706.55,57.02,0,0,0.94
2020-09-29,Clothing,Running Shoes,66,3977.02,60.26,0,0,0.94
2020-10-12,Clothing,Running Shoes,53,3531.14,66.63,0,0,0.94
2020-12-02,Clothing,Running Shoes,83,4442.57,53.52,0,1,0.94
2020-12-31,Clothing,Running Shoes,93,6024.17,64.78,1,1,0.94
2021-03-08,Clothing,Running Shoes,51,3170.76,62.17,0,0,0.94
2021-05-01,Clothing,Running Shoes,81,4807.0,59.35,0,0,0.94
2021-05-07,Clothing,Running Shoes,80,4796.42,59.96,1,0,0.94
2021-06-05,Clothing,Running Shoes,56,3217.47,57.45,0,0,0.94
2021-07-22,Clothing,Running Shoes,63,4099.19,65.07,0,0,0.94
2021-09-17,Clothing,Running Shoes,68,3989.9,58.67,0,0,0.94
2021-09-30,Clothing,Running Shoes,71,4460.49,62.82,0,0,0.94
2021-10-18,Clothing,Running Shoes,58,3352.61,57.8,0,0,0.94
2021-11-13,Clothing,Running Shoes,113,6394.27,56.59,0,1,0.94
2021-12-09,Clothing,Running Shoes,80,4913.19,61.41,0,1,0.94
2021-12-15,Clothing,Running Shoes,68,4053.32,59.61,0,1,0.94
2021-12-29,Clothing,Running Shoes,87,5176.81,59.5,0,1,0.94
2022-01-29,Clothing,Running Shoes,68,4031.78,59.29,0,0,0.94
2022-03-05,Clothing,Running Shoes,72,4223.61,58.66,0,0,0.94
2022-05-02,Clothing,Running Shoes,65,3814.96,58.69,0,0,0.94
2022-05-17,Clothing,Running Shoes,66,4174.55,63.25,1,0,0.94
2022-06-22,Clothing,Running Shoes,64,3697.43,57.77,0,0,0.94
2022-07-04,Clothing,Running Shoes,70,3909.75,55.85,0,0,0.94
2022-08-13,Clothing,Running Shoes,82,4521.84,55.14,0,0,0.94
2020-07-24,Toys,Building Blocks,63,2100.38,33.34,1,0,1.17
2020-12-02,Toys,Building Blocks,81,2696.48,33.29,0,1,1.17
2021-04-16,Toys,Building Blocks,56,1981.42,35.38,0,0,1.17
2021-05-20,Toys,Building Blocks,83,2675.6,32.24,1,0,1.17
2021-07-22,Toys,Building Blocks,52,1665.69,32.03,0,0,1.17
2021-11-22,Toys,Building Blocks,89,3293.83,37.01,1,1,1.17
2021-11-23,Toys,Building Blocks,100,3360.3,33.6,1,1,1.17
2022-01-27,Toys,Building Blocks,56,2005.04,35.8,0,0,1.17
2022-03-09,Toys,Building Blocks,65,2227.85,34.27,0,0,1.17
2022-05-12,Toys,Building Blocks,62,2243.91,36.19,0,0,1.17
2022-06-02,Toys,Building Blocks,66,1916.78,29.04,0,0,1.17
2020-07-25,Electronics,Smart Speaker,9,1365.48,151.72,0,0,1.17
2020-12-22,Electronics,Smart Speaker,15,1990.61,132.71,0,1,1.17
2021-02-13,Electronics,Smart Speaker,21,3004.01,143.05,1,0,1.17
2021-05-13,Electronics,Smart Speaker,9,1312.06,145.78,0,0,1.17
2021-08-05,Electronics,Smart Speaker,12,1735.79,144.65,1,0,1.17
2021-10-08,Electronics,Smart Speaker,12,1782.03,148.5,0,0,1.17
2021-10-17,Electronics,Smart Speaker,15,2251.59,150.11,0,0,1.17
2021-10-21,Electronics,Smart Speaker,13,1921.78,147.83,0,0,1.17
2022-05-20,Electronics,Smart Speaker,18,2771.83,153.99,0,0,1.17
2022-07-15,Electronics,Smart Speaker,9,1333.36,148.15,0,0,1.17
2020-07-25,Groceries,Organic Cereal,314,1631.26,5.2,0,0,0.84
2020-09-08,Groceries,Organic Cereal,296,1431.74,4.84,0,0,0.84
2020-09-26,Groceries,Organic Cereal,334,1600.77,4.79,0,0,0.84
2020-12-14,Groceries,Organic Cereal,417,2079.66,4.99,0,1,0.84
2021-03-21,Groceries,Organic Cereal,308,1628.1,5.29,0,0,0.84
2021-10-31,Groceries,Organic Cereal,447,2294.28,5.13,1,0,0.84
2021-11-20,Groceries,Organic Cereal,476,2256.86,4.74,0,1,0.84
2022-08-07,Groceries,Organic Cereal,482,2462.94,5.11,1,0,0.84
2022-08-23,Groceries,Organic Cereal,353,1759.03,4.98,0,0,0.84
2020-07-25,Beauty,Face Serum,155,3139.95,20.26,0,0,0.88
2020-07-28,Beauty,Face Serum,172,3516.28,20.44,1,0,0.88
2020-08-08,Beauty,Face Serum,176,3417.61,19.42,0,0,0.88
2020-10-02,Beauty,Face Serum,184,3507.69,19.06,0,0,0.88
2020-10-08,Beauty,Face Serum,145,2951.96,20.36,0,0,0.88
2020-10-24,Beauty,Face Serum,162,3155.8,19.48,0,0,0.88
2020-11-04,Beauty,Face Serum,185,3771.4,20.39,0,1,0.88
2020-11-26,Beauty,Face Serum,193,3790.83,19.64,0,1,0.88
2021-01-21,Beauty,Face Serum,176,3357.0,19.07,0,0,0.88
2021-05-06,Beauty,Face Serum,158,3131.92,19.82,0,0,0.88
2021-06-02,Beauty,Face Serum,141,2823.12,20.02,0,0,0.88
2021-06-10,Beauty,Face Serum,167,3344.69,20.03,0,0,0.88
2021-08-15,Beauty,Face Serum,183,3552.61,19.41,0,0,0.88
2021-09-25,Beauty,Face Serum,181,3596.29,19.87,0,0,0.88
2021-12-29,Beauty,Face Serum,228,4148.65,18.2,0,1,0.88
2022-02-22,Beauty,Face Serum,158,3090.65,19.56,0,0,0.88
2022-05-16,Beauty,Face Serum,173,3645.97,21.07,0,0,0.88
2022-06-06,Beauty,Face Serum,164,3381.76,20.62,0,0,0.88
2020-07-28,Electronics,Smart Speaker,11,1763.06,160.28,1,0,1.14
2020-09-12,Electronics,Smart Speaker,10,1488.27,148.83,0,0,1.14
2021-01-11,Electronics,Smart Speaker,10,1493.76,149.38,0,0,1.14
2021-04-29,Electronics,Smart Speaker,9,1430.22,158.91,0,0,1.14
2021-06-14,Electronics,Smart Speaker,12,1795.01,149.58,1,0,1.14
2022-02-13,Electronics,Smart Speaker,18,2611.27,145.07,1,0,1.14
2022-06-16,Electronics,Smart Speaker,15,2323.08,154.87,1,0,1.14
2022-07-16,Electronics,Smart Speaker,7,1036.92,148.13,0,0,1.14
2022-07-26,Electronics,Smart Speaker,8,1238.07,154.76,0,0,1.14
2022-09-03,Electronics,Smart Speaker,12,1952.38,162.7,0,0,1.14
2020-07-29,Sports,Yoga Mat,48,1972.75,41.1,0,0,1.03
2020-08-15,Sports,Yoga Mat,39,1676.8,42.99,0,0,1.03
2020-09-23,Sports,Yoga Mat,54,2486.04,46.04,1,0,1.03
2020-10-06,Sports,Yoga Mat,40,1718.76,42.97,0,0,1.03
2020-11-06,Sports,Yoga Mat,51,2252.86,44.17,0,1,1.03
2020-11-29,Sports,Yoga Mat,68,2827.02,41.57,0,1,1.03
2020-12-14,Sports,Yoga Mat,62,2697.19,43.5,0,1,1.03
2020-12-17,Sports,Yoga Mat,58,2567.83,44.27,0,1,1.03
2021-01-03,Sports,Yoga Mat,45,1929.64,42.88,0,0,1.03
2021-01-21,Sports,Yoga Mat,51,2239.9,43.92,0,0,1.03
2021-02-08,Sports,Yoga Mat,42,1695.31,40.36,0,0,1.03
2021-02-19,Sports,Yoga Mat,48,2168.95,45.19,0,0,1.03
2021-04-02,Sports,Yoga Mat,45,2000.53,44.46,0,0,1.03
2021-04-07,Sports,Yoga Mat,36,1602.54,44.51,0,0,1.03
2021-04-13,Sports,Yoga Mat,39,1738.42,44.57,0,0,1.03
2021-04-30,Sports,Yoga Mat,39,1866.52,47.86,0,0,1.03
2021-05-14,Sports,Yoga Mat,47,2267.09,48.24,0,0,1.03
2021-05-24,Sports,Yoga Mat,47,2208.11,46.98,0,0,1.03
2021-06-02,Sports,Yoga Mat,41,1765.25,43.05,0,0,1.03
2021-07-07,Sports,Yoga Mat,45,1933.19,42.96,0,0,1.03
2021-07-30,Sports,Yoga Mat,61,2542.13,41.67,0,0,1.03
2021-09-24,Sports,Yoga Mat,36,1773.21,49.26,0,0,1.03
2021-09-26,Sports,Yoga Mat,46,2070.68,45.01,0,0,1.03
2021-10-14,Sports,Yoga Mat,47,2123.99,45.19,0,0,1.03
2021-10-24,Sports,Yoga Mat,52,2348.44,45.16,0,0,1.03
2021-11-07,Sports,Yoga Mat,79,3268.47,41.37,0,1,1.03
2021-12-01,Sports,Yoga Mat,71,3356.88,47.28,1,1,1.03
2021-12-04,Sports,Yoga Mat,60,2554.38,42.57,0,1,1.03
2021-12-10,Sports,Yoga Mat,56,2672.37,47.72,0,1,1.03
2021-12-15,Sports,Yoga Mat,51,2450.85,48.06,0,1,1.03
2022-03-01,Sports,Yoga Mat,53,2379.85,44.9,1,0,1.03
2022-04-04,Sports,Yoga Mat,70,2792.86,39.9,1,0,1.03
2022-04-25,Sports,Yoga Mat,49,2350.32,47.97,0,0,1.03
2022-05-02,Sports,Yoga Mat,59,2678.92,45.41,0,0,1.03
2022-07-16,Sports,Yoga Mat,56,2271.7,40.57,0,0,1.03
2022-08-01,Sports,Yoga Mat,44,2049.03,46.57,0,0,1.03
2022-08-10,Sports,Yoga Mat,62,2755.83,44.45,1,0,1.03
2022-08-27,Sports,Yoga Mat,49,2270.04,46.33,0,0,1.03
2022-09-03,Sports,Yoga Mat,52,2196.42,42.24,0,0,1.03
2020-07-30,Books,Business Book,88,2227.74,25.32,0,0,0.88
2021-02-14,Books,Business Book,100,2530.66,25.31,0,0,0.88
2021-04-02,Books,Business Book,64,1723.48,26.93,0,0,0.88
2021-04-27,Books,Business Book,91,2192.98,24.1,0,0,0.88
2021-06-19,Books,Business Book,94,2472.05,26.3,0,0,0.88
2021-07-16,Books,Business Book,100,2409.07,24.09,0,0,0.88
2021-07-27,Books,Business Book,123,3116.29,25.34,1,0,0.88
2021-08-14,Books,Business Book,73,1861.14,25.5,0,0,0.88
2021-08-29,Books,Business Book,95,2436.68,25.65,0,0,0.88
2021-09-05,Books,Business Book,101,2643.82,26.18,1,0,0.88
2022-01-16,Books,Business Book,119,2625.67,22.06,0,0,0.88
2022-01-30,Books,Business Book,110,2890.57,26.28,0,0,0.88
2022-04-06,Books,Business Book,75,1999.15,26.66,0,0,0.88
2022-04-18,Books,Business Book,78,2178.78,27.93,0,0,0.88
2022-05-14,Books,Business Book,93,2380.62,25.6,0,0,0.88
2022-05-24,Books,Business Book,91,2231.81,24.53,0,0,0.88
2022-06-17,Books,Business Book,91,2341.46,25.73,0,0,0.88
2020-08-05,Books,Business Book,64,1614.79,25.23,0,0,1.14
2020-08-24,Books,Business Book,85,2062.51,24.26,0,0,1.14
2020-10-06,Books,Business Book,79,2032.21,25.72,0,0,1.14
2020-12-01,Books,Business Book,102,2528.06,24.78,0,1,1.14
2021-03-20,Books,Business Book,111,2704.12,24.36,0,0,1.14
2021-04-07,Books,Business Book,81,2020.97,24.95,0,0,1.14
2021-05-26,Books,Business Book,98,2386.6,24.35,0,0,1.14
2021-05-31,Books,Business Book,76,1882.99,24.78,0,0,1.14
2021-09-13,Books,Business Book,70,1781.55,25.45,0,0,1.14
2021-11-15,Books,Business Book,130,3335.82,25.66,1,1,1.14
2021-11-28,Books,Business Book,122,2960.21,24.26,0,1,1.14
2021-12-10,Books,Business Book,101,2588.1,25.62,0,1,1.14
2022-01-19,Books,Business Book,89,2307.56,25.93,0,0,1.14
2022-03-05,Books,Business Book,104,2597.31,24.97,0,0,1.14
2022-03-28,Books,Business Book,88,2291.03,26.03,0,0,1.14
2020-08-07,Sports,Yoga Mat,36,1713.44,47.6,0,0,1.14
2020-10-08,Sports,Yoga Mat,41,1669.29,40.71,0,0,1.14
2020-11-22,Sports,Yoga Mat,59,2552.68,43.27,0,1,1.14
2020-12-07,Sports,Yoga Mat,64,2854.85,44.61,0,1,1.14
2021-06-09,Sports,Yoga Mat,39,1721.22,44.13,0,0,1.14
2021-08-12,Sports,Yoga Mat,38,1610.79,42.39,0,0,1.14
2021-09-23,Sports,Yoga Mat,56,2377.82,42.46,1,0,1.14
2021-11-24,Sports,Yoga Mat,53,2353.37,44.4,0,1,1.14
2021-11-29,Sports,Yoga Mat,64,2830.08,44.22,0,1,1.14
2021-11-30,Sports,Yoga Mat,42,1962.88,46.74,0,1,1.14
2022-01-17,Sports,Yoga Mat,44,1977.87,44.95,0,0,1.14
2022-02-21,Sports,Yoga Mat,33,1505.48,45.62,0,0,1.14
2022-04-26,Sports,Yoga Mat,52,2301.39,44.26,1,0,1.14
2022-08-19,Sports,Yoga Mat,47,2157.45,45.9,0,0,1.14
