data/raw/sales.csv
date,category,product,units_sold,revenue,product_price,promo_flag,is_holiday_season,category_popularity_30d
2020-08-08,Toys,Building Blocks,55,1848.43,33.61,0,0,1.04
2020-09-08,Toys,Building Blocks,33,1178.66,35.72,0,0,1.04
2020-09-22,Toys,Building Blocks,58,1986.47,34.25,0,0,1.04
2020-10-14,Toys,Building Blocks,45,1634.12,36.31,0,0,1.04
2020-11-15,Toys,Building Blocks,69,2330.56,33.78,0,1,1.04
2020-11-21,Toys,Building Blocks,91,3276.16,36.0,1,1,1.04
2021-01-26,Toys,Building Blocks,50,1766.37,35.33,0,0,1.04
2021-03-12,Toys,Building Blocks,62,2068.72,33.37,1,0,1.04
2021-03-13,Toys,Building Blocks,43,1573.24,36.59,0,0,1.04
2021-04-08,Toys,Building Blocks,75,2636.51,35.15,1,0,1.04
2021-08-04,Toys,Building Blocks,58,1968.24,33.94,0,0,1.04
2021-11-03,Toys,Building Blocks,84,2889.45,34.4,1,1,1.04
2021-11-13,Toys,Building Blocks,76,2607.42,34.31,0,1,1.04
2021-11-24,Toys,Building Blocks,58,2148.97,37.05,0,1,1.04
2021-12-28,Toys,Building Blocks,71,2470.49,34.8,0,1,1.04
2022-01-18,Toys,Building Blocks,43,1494.11,34.75,0,0,1.04
2022-02-23,Toys,Building Blocks,67,2297.81,34.3,0,0,1.04
2022-02-24,Toys,Building Blocks,47,1722.69,36.65,0,0,1.04
2022-03-03,Toys,Building Blocks,84,2773.89,33.02,1,0,1.04
2022-05-31,Toys,Building Blocks,59,2110.72,35.77,0,0,1.04
2022-06-30,Toys,Building Blocks,64,2359.37,36.87,1,0,1.04
2022-07-12,Toys,Building Blocks,69,1998.01,28.96,0,0,1.04
2020-08-09,Groceries,Organic Cereal,296,1670.17,5.64,0,0,0.86
2020-10-23,Groceries,Organic Cereal,267,1472.36,5.51,0,0,0.86
2021-02-06,Groceries,Organic Cereal,381,1950.53,5.12,0,0,0.86
2021-03-06,Groceries,Organic Cereal,427,2179.7,5.1,1,0,0.86
2021-04-06,Groceries,Organic Cereal,373,1705.7,4.57,0,0,0.86
2021-04-20,Groceries,Organic Cereal,322,1600.86,4.97,0,0,0.86
2021-08-02,Groceries,Organic Cereal,306,1532.85,5.01,0,0,0.86
2021-10-03,Groceries,Organic Cereal,336,1738.31,5.17,0,0,0.86
2021-11-19,Groceries,Organic Cereal,414,2065.6,4.99,0,1,0.86
2022-03-23,Groceries,Organic Cereal,440,2138.58,4.86,1,0,0.86
2022-04-06,Groceries,Organic Cereal,360,1783.65,4.95,0,0,0.86
2022-04-17,Groceries,Organic Cereal,477,2381.43,4.99,1,0,0.86
2022-06-23,Groceries,Organic Cereal,305,1641.97,5.38,0,0,0.86
2022-07-07,Groceries,Organic Cereal,353,1767.08,5.01,0,0,0.86
2022-07-10,Groceries,Organic Cereal,383,1987.67,5.19,0,0,0.86
2020-08-10,Toys,Building Blocks,57,2128.36,37.34,0,0,1.12
2020-09-01,Toys,Building Blocks,47,1627.52,34.63,0,0,1.12
2020-11-01,Toys,Building Blocks,70,2388.86,34.13,0,1,1.12
2020-12-24,Toys,Building Blocks,73,2455.59,33.64,0,1,1.12
2021-09-07,Toys,Building Blocks,58,1928.49,33.25,1,0,1.12
2021-12-05,Toys,Building Blocks,73,2668.59,36.56,0,1,1.12
2021-12-07,Toys,Building Blocks,71,2540.25,35.78,0,1,1.12
2022-01-07,Toys,Building Blocks,79,2636.13,33.37,1,0,1.12
2022-02-11,Toys,Building Blocks,73,2757.2,37.77,1,0,1.12
2022-03-01,Toys,Building Blocks,75,2847.12,37.96,1,0,1.12
2022-03-05,Toys,Building Blocks,50,1701.15,34.02,0,0,1.12
2022-03-06,Toys,Building Blocks,66,2496.45,37.83,1,0,1.12
2022-03-07,Toys,Building Blocks,58,1949.42,33.61,0,0,1.12
2022-03-12,Toys,Building Blocks,81,2762.86,34.11,1,0,1.12
2022-05-21,Toys,Building Blocks,56,2153.92,38.46,0,0,1.12
2022-08-24,Toys,Building Blocks,45,1694.62,37.66,0,0,1.12
2022-09-05,Toys,Building Blocks,58,2019.36,34.82,0,0,1.12
2020-08-15,Electronics,Smart Speaker,6,911.17,151.86,0,0,0.84
2020-11-23,Electronics,Smart Speaker,9,1363.66,151.52,0,1,0.84
2020-12-28,Electronics,Smart Speaker,8,1276.37,159.55,0,1,0.84
2021-05-06,Electronics,Smart Speaker,10,1463.63,146.36,0,0,0.84
2021-07-05,Electronics,Smart Speaker,13,1971.19,151.63,0,0,0.84
2021-07-29,Electronics,Smart Speaker,15,2323.65,154.91,1,0,0.84
2021-10-18,Electronics,Smart Speaker,9,1394.48,154.94,0,0,0.84
2021-11-16,Electronics,Smart Speaker,21,3136.75,149.37,1,1,0.84
2022-07-04,Electronics,Smart Speaker,8,1246.97,155.87,0,0,0.84
2022-08-17,Electronics,Smart Speaker,19,2801.67,147.46,0,0,0.84
2020-08-18,Toys,Building Blocks,62,2154.47,34.75,1,0,1.08
2020-08-25,Toys,Building Blocks,44,1506.68,34.24,0,0,1.08
2020-08-31,Toys,Building Blocks,43,1495.58,34.78,1,0,1.08
2020-09-25,Toys,Building Blocks,41,1410.09,34.39,0,0,1.08
2020-10-08,Toys,Building Blocks,39,1289.71,33.07,0,0,1.08
2020-11-30,Toys,Building Blocks,65,2355.08,36.23,0,1,1.08
2020-12-05,Toys,Building Blocks,90,3285.48,36.51,1,1,1.08
2020-12-14,Toys,Building Blocks,65,2279.4,35.07,0,1,1.08
2021-02-20,Toys,Building Blocks,70,2440.05,34.86,0,0,1.08
2021-02-22,Toys,Building Blocks,61,2144.67,35.16,0,0,1.08
2021-03-14,Toys,Building Blocks,70,2620.21,37.43,1,0,1.08
2021-03-26,Toys,Building Blocks,57,1883.46,33.04,0,0,1.08
2021-04-29,Toys,Building Blocks,52,1891.11,36.37,0,0,1.08
2021-04-30,Toys,Building Blocks,51,1619.75,31.76,0,0,1.08
2021-06-14,Toys,Building Blocks,83,3233.16,38.95,1,0,1.08
2021-06-24,Toys,Building Blocks,59,2069.53,35.08,0,0,1.08
2021-07-07,Toys,Building Blocks,60,1948.42,32.47,0,0,1.08
2021-07-26,Toys,Building Blocks,73,2451.99,33.59,0,0,1.08
2021-08-19,Toys,Building Blocks,49,1855.3,37.86,0,0,1.08
2021-09-12,Toys,Building Blocks,60,2086.89,34.78,0,0,1.08
2021-11-11,Toys,Building Blocks,53,2066.11,38.98,0,1,1.08
2022-01-25,Toys,Building Blocks,52,1802.12,34.66,0,0,1.08
2022-04-15,Toys,Building Blocks,47,1611.78,34.29,0,0,1.08
2022-05-02,Toys,Building Blocks,64,2361.03,36.89,0,0,1.08
2022-05-14,Toys,Building Blocks,63,2267.25,35.99,0,0,1.08
2022-05-23,Toys,Building Blocks,47,1569.37,33.39,0,0,1.08
2022-05-29,Toys,Building Blocks,63,2244.18,35.62,0,0,1.08
2022-06-20,Toys,Building Blocks,63,2139.13,33.95,0,0,1.08
2022-06-29,Toys,Building Blocks,52,2018.31,38.81,0,0,1.08
2022-07-24,Toys,Building Blocks,64,2137.92,33.4,0,0,1.08
2022-09-06,Toys,Building Blocks,71,2480.78,34.94,1,0,1.08
2020-08-19,Furniture,Office Chair,1,113.78,113.78,0,0,0.99
2020-08-28,Furniture,Office Chair,11,1186.56,107.87,0,0,0.99
2020-11-24,Furniture,Office Chair,15,1922.9,128.19,0,1,0.99
2020-12-12,Furniture,Office Chair,11,1363.59,123.96,0,1,0.99
2021-02-26,Furniture,Office Chair,6,758.07,126.34,0,0,0.99
2021-03-04,Furniture,Office Chair,12,1435.98,119.66,0,0,0.99
2021-03-11,Furniture,Office Chair,9,1091.58,121.29,0,0,0.99
2021-03-25,Furniture,Office Chair,9,1022.38,113.6,0,0,0.99
2021-05-07,Furniture,Office Chair,7,871.79,124.54,1,0,0.99
2021-07-21,Furniture,Office Chair,6,679.61,113.27,0,0,0.99
2021-08-17,Furniture,Office Chair,6,686.56,114.43,0,0,0.99
2021-10-15,Furniture,Office Chair,6,761.55,126.93,0,0,0.99
2021-11-18,Furniture,Office Chair,13,1600.53,123.12,1,1,0.99
2021-12-02,Furniture,Office Chair,12,1443.14,120.26,0,1,0.99
2021-12-19,Furniture,Office Chair,11,1360.56,123.69,0,1,0.99
2022-02-09,Furniture,Office Chair,11,1430.61,130.06,0,0,0.99
2022-02-17,Furniture,Office Chair,6,712.91,118.82,0,0,0.99
2022-02-21,Furniture,Office Chair,12,1379.46,114.96,0,0,0.99
2022-02-24,Furniture,Office Chair,18,2092.92,116.27,0,0,0.99
2022-03-03,Furniture,Office Chair,11,1173.69,106.7,1,0,0.99
2022-03-05,Furniture,Office Chair,10,1182.23,118.22,0,0,0.99
2022-03-31,Furniture,Office Chair,13,1485.73,114.29,0,0,0.99
2022-04-02,Furniture,Office Chair,11,1361.56,123.78,0,0,0.99
2022-04-04,Furniture,Office Chair,13,1489.22,114.56,1,0,0.99
2022-07-11,Furniture,Office Chair,10,1103.4,110.34,0,0,0.99
2022-07-22,Furniture,Office Chair,8,1063.08,132.88,0,0,0.99
2022-08-14,Furniture,Office Chair,11,1414.09,128.55,1,0,0.99
2020-08-20,Furniture,Office Chair,11,1281.68,116.52,1,0,0.94
2020-08-27,Furniture,Office Chair,11,1404.92,127.72,1,0,0.94
2020-09-09,Furniture,Office Chair,9,1121.49,124.61,0,0,0.94
2020-11-19,Furniture,Office Chair,6,737.84,122.97,0,1,0.94
2020-12-05,Furniture,Office Chair,11,1226.53,111.5,1,1,0.94
2020-12-18,Furniture,Office Chair,11,1387.79,126.16,0,1,0.94
2020-12-23,Furniture,Office Chair,13,1490.91,114.69,0,1,0.94
2020-12-27,Furniture,Office Chair,15,1815.66,121.04,1,1,0.94
2021-01-31,Furniture,Office Chair,9,1017.08,113.01,0,0,0.94
2021-02-21,Furniture,Office Chair,6,740.0,123.33,0,0,0.94
2021-03-05,Furniture,Office Chair,4,514.93,128.73,1,0,0.94
2021-04-03,Furniture,Office Chair,7,896.49,128.07,0,0,0.94
2021-04-18,Furniture,Office Chair,6,706.8,117.8,1,0,0.94
2021-05-09,Furniture,Office Chair,8,943.21,117.9,0,0,0.94
2021-05-17,Furniture,Office Chair,11,1372.78,124.8,0,0,0.94
2021-06-05,Furniture,Office Chair,13,1583.1,121.78,0,0,0.94
2021-07-03,Furniture,Office Chair,13,1543.28,118.71,0,0,0.94
2021-12-09,Furniture,Office Chair,5,617.79,123.56,0,1,0.94
2022-01-11,Furniture,Office Chair,8,952.95,119.12,0,0,0.94
2022-02-13,Furniture,Office Chair,14,1587.28,113.38,1,0,0.94
2022-02-20,Furniture,Office Chair,8,942.35,117.79,0,0,0.94
2022-02-23,Furniture,Office Chair,6,778.88,129.81,0,0,0.94
2022-03-23,Furniture,Office Chair,8,991.03,123.88,1,0,0.94
2022-06-30,Furniture,Office Chair,18,2159.97,120.0,1,0,0.94
2022-07-20,Furniture,Office Chair,13,1683.87,129.53,0,0,0.94
2022-08-19,Furniture,Office Chair,8,975.88,121.98,0,0,0.94
2022-09-04,Furniture,Office Chair,13,1594.73,122.67,0,0,0.94
2020-08-21,Books,Business Book,75,1875.43,25.01,0,0,1.08
2020-09-23,Books,Business Book,91,2229.4,24.5,1,0,1.08
2020-10-14,Books,Business Book,83,2160.1,26.03,0,0,1.08
2020-10-23,Books,Business Book,77,2006.09,26.05,0,0,1.08
2020-11-24,Books,Business Book,97,2469.64,25.46,0,1,1.08
2020-12-14,Books,Business Book,105,2534.62,24.14,0,1,1.08
2021-02-26,Books,Business Book,93,2238.84,24.07,0,0,1.08
2021-04-12,Books,Business Book,88,2076.56,23.6,0,0,1.08
2021-04-24,Books,Business Book,98,2561.0,26.13,0,0,1.08
2021-04-26,Books,Business Book,84,1975.49,23.52,0,0,1.08
2021-05-08,Books,Business Book,102,2575.95,25.25,0,0,1.08
2021-07-02,Books,Business Book,111,2560.13,23.06,0,0,1.08
2021-07-20,Books,Business Book,92,2316.57,25.18,0,0,1.08
2021-09-02,Books,Business Book,96,2359.84,24.58,0,0,1.08
2021-09-10,Books,Business Book,95,2281.98,24.02,0,0,1.08
2021-09-27,Books,Business Book,107,2617.34,24.46,0,0,1.08
2021-11-30,Books,Business Book,120,3240.78,27.01,0,1,1.08
2021-12-01,Books,Business Book,147,3673.74,24.99,1,1,1.08
2022-01-22,Books,Business Book,109,2823.14,25.9,0,0,1.08
2022-04-26,Books,Business Book,116,2915.53,25.13,1,0,1.08
2022-04-30,Books,Business Book,103,2546.08,24.72,0,0,1.08
2022-05-27,Books,Business Book,104,2655.07,25.53,0,0,1.08
2022-07-07,Books,Business Book,107,2726.02,25.48,0,0,1.08
2022-07-23,Books,Business Book,93,2534.64,27.25,0,0,1.08
2022-08-18,Books,Business Book,102,2473.61,24.25,1,0,1.08
2022-09-09,Books,Business Book,107,2547.71,23.81,0,0,1.08
2020-08-27,Books,Business Book,105,2657.05,25.31,1,0,0.85
2020-11-04,Books,Business Book,117,2637.69,22.54,0,1,0.85
2020-12-12,Books,Business Book,109,2707.69,24.84,0,1,0.85
2020-12-21,Books,Business Book,105,2641.2,25.15,0,1,0.85
2021-01-01,Books,Business Book,95,2247.96,23.66,0,0,0.85
2021-07-07,Books,Business Book,88,2079.87,23.63,0,0,0.85
2021-07-29,Books,Business Book,98,2471.56,25.22,1,0,0.85
2021-09-09,Books,Business Book,79,2053.73,26.0,0,0,0.85
2022-03-01,Books,Business Book,120,3125.29,26.04,1,0,0.85
2022-03-16,Books,Business Book,90,2410.6,26.78,1,0,0.85
2022-06-15,Books,Business Book,87,2052.83,23.6,0,0,0.85
2022-07-18,Books,Business Book,80,2114.44,26.43,0,0,0.85
2022-07-21,Books,Business Book,96,2358.89,24.57,0,0,0.85
2022-08-17,Books,Business Book,74,1859.07,25.12,0,0,0.85
2022-09-04,Books,Business Book,118,2728.71,23.12,0,0,0.85
2020-08-28,Books,Business Book,77,1912.28,24.83,0,0,0.95
2020-09-05,Books,Business Book,99,2439.76,24.64,0,0,0.95
2020-09-08,Books,Business Book,81,2068.89,25.54,0,0,0.95
2020-10-04,Books,Business Book,87,2224.06,25.56,0,0,0.95
2020-11-20,Books,Business Book,112,2607.41,23.28,0,1,0.95
2020-11-25,Books,Business Book,106,2678.78,25.27,0,1,0.95
2020-11-26,Books,Business Book,104,2627.09,25.26,0,1,0.95
2020-12-11,Books,Business Book,116,2838.56,24.47,0,1,0.95
2021-01-13,Books,Business Book,73,1976.86,27.08,0,0,0.95
2021-01-19,Books,Business Book,115,2966.56,25.8,1,0,0.95
2021-02-22,Books,Business Book,76,2067.13,27.2,0,0,0.95
2021-03-13,Books,Business Book,88,2090.78,23.76,0,0,0.95
2021-04-14,Books,Business Book,102,2550.41,25.0,1,0,0.95
2021-05-01,Books,Business Book,91,2364.64,25.99,0,0,0.95
2021-05-10,Books,Business Book,71,1776.27,25.02,0,0,0.95
2021-05-27,Books,Business Book,88,2448.88,27.83,0,0,0.95
2021-05-28,Books,Business Book,110,2717.55,24.71,1,0,0.95
2021-07-09,Books,Business Book,78,1877.98,24.08,0,0,0.95
2021-10-19,Books,Business Book,92,2341.82,25.45,0,0,0.95
2021-10-25,Books,Business Book,89,2335.91,26.25,0,0,0.95
2021-11-16,Books,Business Book,121,3329.51,27.52,1,1,0.95
2021-11-27,Books,Business Book,129,2915.61,22.6,0,1,0.95
2021-12-16,Books,Business Book,136,3085.22,22.69,0,1,0.95
2021-12-24,Books,Business Book,110,2815.04,25.59,0,1,0.95
2021-12-27,Books,Business Book,97,2647.9,27.3,0,1,0.95
2022-04-05,Books,Business Book,111,2867.9,25.84,0,0,0.95
2022-04-07,Books,Business Book,74,1948.96,26.34,0,0,0.95
2022-05-03,Books,Business Book,112,2667.19,23.81,0,0,0.95
2022-06-25,Books,Business Book,101,2582.09,25.57,0,0,0.95
2020-08-28,Beauty,Face Serum,143,3032.54,21.21,0,0,0.85
2021-06-08,Beauty,Face Serum,146,2886.29,19.77,0,0,0.85
2021-06-15,Beauty,Face Serum,166,3323.19,20.02,0,0,0.85
2021-06-20,Beauty,Face Serum,176,3552.5,20.18,0,0,0.85
2021-07-19,Beauty,Face Serum,193,4114.64,21.32,1,0,0.85
2021-11-21,Beauty,Face Serum,290,6012.53,20.73,1,1,0.85
2022-02-08,Beauty,Face Serum,179,3623.15,20.24,0,0,0.85
2022-02-09,Beauty,Face Serum,202,4006.06,19.83,0,0,0.85
2022-08-19,Beauty,Face Serum,165,3328.07,20.17,0,0,0.85
2020-08-30,Books,Business Book,101,2493.55,24.69,0,0,0.83
2020-09-25,Books,Business Book,73,1868.4,25.59,0,0,0.83
2021-07-13,Books,Business Book,85,2333.37,27.45,0,0,0.83
2021-08-03,Books,Business Book,80,2173.01,27.16,1,0,0.83
2021-12-20,Books,Business Book,136,3254.16,23.93,0,1,0.83
2022-02-20,Books,Business Book,112,2767.51,24.71,0,0,0.83
2022-03-22,Books,Business Book,104,2614.58,25.14,0,0,0.83
2022-05-04,Books,Business Book,77,2078.78,27.0,0,0,0.83
2020-09-01,Furniture,Office Chair,9,1073.19,119.24,0,0,1.1
2020-09-08,Furniture,Office Chair,14,1554.33,111.02,0,0,1.1
2020-10-18,Furniture,Office Chair,6,666.89,111.15,0,0,1.1
2021-01-16,Furniture,Office Chair,8,970.57,121.32,0,0,1.1
2021-01-27,Furniture,Office Chair,12,1313.65,109.47,0,0,1.1
2021-02-02,Furniture,Office Chair,8,877.49,109.69,0,0,1.1
2021-08-16,Furniture,Office Chair,12,1376.49,114.71,0,0,1.1
2021-12-06,Furniture,Office Chair,10,1277.07,127.71,0,1,1.1
2021-12-26,Furniture,Office Chair,11,1384.82,125.89,0,1,1.1
2022-01-28,Furniture,Office Chair,8,1058.01,132.25,0,0,1.1
2022-05-08,Furniture,Office Chair,9,1046.45,116.27,0,0,1.1
2022-07-23,Furniture,Office Chair,16,1928.41,120.53,0,0,1.1
2022-07-27,Furniture,Office Chair,9,982.48,109.16,0,0,1.1
2022-08-22,Furniture,Office Chair,15,1757.81,117.19,0,0,1.1
2020-09-12,Beauty,Face Serum,146,3046.82,20.87,0,0,0.83
2020-11-27,Beauty,Face Serum,204,4274.12,20.95,0,1,0.83
2021-02-12,Beauty,Face Serum,157,3331.97,21.22,0,0,0.83
2021-03-25,Beauty,Face Serum,142,2928.7,20.62,0,0,0.83
2021-09-20,Beauty,Face Serum,175,3232.23,18.47,0,0,0.83
2022-01-12,Beauty,Face Serum,158,3304.02,20.91,0,0,0.83
2022-01-15,Beauty,Face Serum,200,4128.48,20.64,0,0,0.83
2022-07-09,Beauty,Face Serum,233,4375.03,18.78,1,0,0.83
2020-09-15,Furniture,Office Chair,11,1300.57,118.23,0,0,1.15
2020-11-23,Furniture,Office Chair,9,983.85,109.32,0,1,1.15
2020-11-28,Furniture,Office Chair,12,1451.72,120.98,0,1,1.15
2020-12-02,Furniture,Office Chair,11,1311.98,119.27,0,1,1.15
2021-06-30,Furniture,Office Chair,7,827.12,118.16,0,0,1.15
2021-08-31,Furniture,Office Chair,5,646.47,129.29,0,0,1.15
2021-09-02,Furniture,Office Chair,8,948.31,118.54,0,0,1.15
2022-02-03,Furniture,Office Chair,8,987.76,123.47,0,0,1.15
2022-07-12,Furniture,Office Chair,10,1227.21,122.72,0,0,1.15
2022-07-31,Furniture,Office Chair,7,839.33,119.9,0,0,1.15
2022-08-04,Furniture,Office Chair,7,840.69,120.1,0,0,1.15
2020-09-24,Clothing,Running Shoes,66,3668.84,55.59,0,0,0.87
2020-10-16,Clothing,Running Shoes,48,3029.9,63.12,0,0,0.87
2021-01-28,Clothing,Running Shoes,73,4127.08,56.54,0,0,0.87
2021-04-02,Clothing,Running Shoes,62,3825.39,61.7,0,0,0.87
2021-05-03,Clothing,Running Shoes,62,3858.95,62.24,0,0,0.87
2021-10-03,Clothing,Running Shoes,63,3701.48,58.75,0,0,0.87
2021-12-26,Clothing,Running Shoes,113,6941.92,61.43,0,1,0.87
2022-01-19,Clothing,Running Shoes,53,3463.37,65.35,0,0,0.87
2022-01-30,Clothing,Running Shoes,52,3213.85,61.8,0,0,0.87
2022-02-09,Clothing,Running Shoes,65,3830.54,58.93,0,0,0.87
2022-03-24,Clothing,Running Shoes,74,4471.56,60.43,0,0,0.87
2022-06-25,Clothing,Running Shoes,71,4045.19,56.97,0,0,0.87
2022-09-07,Clothing,Running Shoes,50,3264.5,65.29,0,0,0.87
2020-10-03,Toys,Building Blocks,50,1738.54,34.77,0,0,1.11
2021-01-04,Toys,Building Blocks,56,2268.67,40.51,0,0,1.11
2021-01-30,Toys,Building Blocks,71,2532.86,35.67,0,0,1.11
2021-03-02,Toys,Building Blocks,52,1826.25,35.12,0,0,1.11
2021-03-08,Toys,Building Blocks,41,1500.97,36.61,0,0,1.11
2021-04-03,Toys,Building Blocks,52,1806.36,34.74,0,0,1.11
2021-05-12,Toys,Building Blocks,64,2167.89,33.87,0,0,1.11
2021-07-18,Toys,Building Blocks,67,2278.98,34.01,0,0,1.11
2021-10-17,Toys,Building Blocks,74,2521.77,34.08,0,0,1.11
2021-12-03,Toys,Building Blocks,79,2747.68,34.78,0,1,1.11
2022-02-01,Toys,Building Blocks,64,2165.96,33.84,0,0,1.11
2022-04-05,Toys,Building Blocks,54,1951.83,36.14,0,0,1.11
2022-04-19,Toys,Building Blocks,54,1952.95,36.17,0,0,1.11
2022-04-27,Toys,Building Blocks,61,2237.42,36.68,0,0,1.11
2022-05-18,Toys,Building Blocks,57,1935.26,33.95,0,0,1.11
