data/raw/sales.csv
date,category,product,units_sold,revenue,product_price,promo_flag,is_holiday_season,category_popularity_30d
2020-10-14,Groceries,Organic Cereal,293,1501.81,5.13,0,0,0.91
2020-10-16,Groceries,Organic Cereal,251,1401.7,5.58,0,0,0.91
2020-10-17,Groceries,Organic Cereal,313,1713.06,5.47,0,0,0.91
2020-11-23,Groceries,Organic Cereal,396,2025.67,5.12,0,1,0.91
2020-12-19,Groceries,Organic Cereal,439,2221.57,5.06,0,1,0.91
2021-03-01,Groceries,Organic Cereal,334,1558.22,4.67,0,0,0.91
2021-05-27,Groceries,Organic Cereal,302,1560.58,5.17,0,0,0.91
2021-07-23,Groceries,Organic Cereal,273,1478.49,5.42,0,0,0.91
2021-07-25,Groceries,Organic Cereal,363,1876.21,5.17,0,0,0.91
2021-11-04,Groceries,Organic Cereal,405,2214.7,5.47,0,1,0.91
2021-12-10,Groceries,Organic Cereal,369,2009.57,5.45,0,1,0.91
2021-12-13,Groceries,Organic Cereal,490,2241.6,4.57,0,1,0.91
2022-01-13,Groceries,Organic Cereal,366,1792.13,4.9,0,0,0.91
2022-01-22,Groceries,Organic Cereal,391,1925.28,4.92,0,0,0.91
2022-02-04,Groceries,Organic Cereal,389,1856.2,4.77,0,0,0.91
2022-04-20,Groceries,Organic Cereal,367,1756.46,4.79,0,0,0.91
2022-06-29,Groceries,Organic Cereal,367,1949.93,5.31,0,0,0.91
2022-07-22,Groceries,Organic Cereal,325,1681.63,5.17,0,0,0.91
2022-09-03,Groceries,Organic Cereal,364,1866.14,5.13,0,0,0.91
2020-10-14,Furniture,Office Chair,6,799.27,133.21,0,0,0.96
2020-11-16,Furniture,Office Chair,23,2581.85,112.25,1,1,0.96
2020-11-17,Furniture,Office Chair,9,1069.84,118.87,1,1,0.96
2020-11-29,Furniture,Office Chair,10,1094.07,109.41,0,1,0.96
2020-12-15,Furniture,Office Chair,18,2225.24,123.62,1,1,0.96
2021-01-09,Furniture,Office Chair,9,1104.64,122.74,0,0,0.96
2021-01-19,Furniture,Office Chair,10,1242.91,124.29,1,0,0.96
2021-01-20,Furniture,Office Chair,9,1065.52,118.39,0,0,0.96
2021-02-13,Furniture,Office Chair,11,1236.88,112.44,1,0,0.96
2021-02-24,Furniture,Office Chair,5,590.82,118.16,0,0,0.96
2021-04-12,Furniture,Office Chair,9,994.72,110.52,0,0,0.96
2021-05-01,Furniture,Office Chair,6,685.96,114.33,0,0,0.96
2021-07-01,Furniture,Office Chair,8,994.56,124.32,0,0,0.96
2021-07-17,Furniture,Office Chair,8,1017.96,127.24,0,0,0.96
2021-07-19,Furniture,Office Chair,9,1153.7,128.19,1,0,0.96
2021-09-15,Furniture,Office Chair,12,1397.98,116.5,0,0,0.96
2021-10-01,Furniture,Office Chair,9,1070.85,118.98,0,0,0.96
2021-10-14,Furniture,Office Chair,4,491.12,122.78,0,0,0.96
2021-11-20,Furniture,Office Chair,13,1555.68,119.67,0,1,0.96
2021-12-24,Furniture,Office Chair,9,1130.4,125.6,0,1,0.96
2022-02-01,Furniture,Office Chair,10,1199.84,119.98,0,0,0.96
2022-02-08,Furniture,Office Chair,5,572.15,114.43,0,0,0.96
2022-02-25,Furniture,Office Chair,13,1628.38,125.26,0,0,0.96
2022-03-08,Furniture,Office Chair,10,1202.51,120.25,0,0,0.96
2022-03-20,Furniture,Office Chair,15,1845.01,123.0,0,0,0.96
2022-03-30,Furniture,Office Chair,9,1124.01,124.89,1,0,0.96
2022-04-08,Furniture,Office Chair,10,1190.15,119.02,0,0,0.96
2022-04-15,Furniture,Office Chair,4,483.81,120.95,0,0,0.96
2022-05-15,Furniture,Office Chair,6,680.85,113.47,0,0,0.96
2022-06-10,Furniture,Office Chair,7,892.92,127.56,0,0,0.96
2022-06-12,Furniture,Office Chair,6,710.81,118.47,0,0,0.96
2022-08-10,Furniture,Office Chair,11,1298.05,118.0,1,0,0.96
2022-08-16,Furniture,Office Chair,11,1243.92,113.08,0,0,0.96
2022-08-21,Furniture,Office Chair,5,602.02,120.4,0,0,0.96
2022-09-02,Furniture,Office Chair,18,2051.22,113.96,0,0,0.96
2020-10-15,Clothing,Running Shoes,70,3974.87,56.78,0,0,1.13
2020-10-23,Clothing,Running Shoes,51,3127.24,61.32,0,0,1.13
2021-04-26,Clothing,Running Shoes,78,4207.73,53.95,0,0,1.13
2021-05-14,Clothing,Running Shoes,65,4254.27,65.45,0,0,1.13
2021-06-14,Clothing,Running Shoes,94,5336.61,56.77,1,0,1.13
2021-08-18,Clothing,Running Shoes,59,3909.22,66.26,0,0,1.13
2021-08-20,Clothing,Running Shoes,57,3596.31,63.09,0,0,1.13
2021-09-05,Clothing,Running Shoes,99,5341.43,53.95,1,0,1.13
2021-11-25,Clothing,Running Shoes,81,5134.05,63.38,0,1,1.13
2022-02-20,Clothing,Running Shoes,57,3694.01,64.81,0,0,1.13
2022-03-16,Clothing,Running Shoes,67,4120.88,61.51,1,0,1.13
2022-04-17,Clothing,Running Shoes,87,5065.79,58.23,1,0,1.13
2022-07-26,Clothing,Running Shoes,59,3760.18,63.73,0,0,1.13
2022-08-18,Clothing,Running Shoes,83,4641.46,55.92,1,0,1.13
2020-10-18,Books,Business Book,88,2002.44,22.76,0,0,0.84
2021-08-17,Books,Business Book,91,2185.64,24.02,0,0,0.84
2021-12-22,Books,Business Book,96,2479.04,25.82,0,1,0.84
2022-02-17,Books,Business Book,85,1987.01,23.38,0,0,0.84
2022-05-10,Books,Business Book,98,2435.39,24.85,0,0,0.84
2022-05-16,Books,Business Book,88,2393.99,27.2,0,0,0.84
2022-06-08,Books,Business Book,97,2420.05,24.95,0,0,0.84
2022-06-22,Books,Business Book,120,2744.26,22.87,0,0,0.84
2022-08-05,Books,Business Book,97,2520.87,25.99,0,0,0.84
2020-10-29,Toys,Building Blocks,68,2424.45,35.65,1,0,1.15
2021-01-09,Toys,Building Blocks,66,2125.47,32.2,0,0,1.15
2021-03-23,Toys,Building Blocks,67,2150.22,32.09,0,0,1.15
2021-07-19,Toys,Building Blocks,71,2744.26,38.65,1,0,1.15
2021-09-18,Toys,Building Blocks,59,2122.85,35.98,0,0,1.15
2022-03-11,Toys,Building Blocks,66,2128.73,32.25,0,0,1.15
2022-07-27,Toys,Building Blocks,67,2132.79,31.83,0,0,1.15
2022-07-30,Toys,Building Blocks,69,2633.62,38.17,1,0,1.15
2022-08-29,Toys,Building Blocks,68,2388.58,35.13,1,0,1.15
2020-10-30,Sports,Yoga Mat,40,1735.2,43.38,0,0,0.91
2020-11-03,Sports,Yoga Mat,49,2453.0,50.06,0,1,0.91
2020-12-02,Sports,Yoga Mat,54,2529.74,46.85,0,1,0.91
2021-03-19,Sports,Yoga Mat,40,1930.67,48.27,0,0,0.91
2021-09-19,Sports,Yoga Mat,49,2382.03,48.61,0,0,0.91
2021-09-30,Sports,Yoga Mat,44,2104.65,47.83,0,0,0.91
2022-03-21,Sports,Yoga Mat,43,1896.81,44.11,0,0,0.91
2022-04-14,Sports,Yoga Mat,39,1689.82,43.33,0,0,0.91
2022-07-12,Sports,Yoga Mat,43,1856.72,43.18,0,0,0.91
2020-11-16,Toys,Building Blocks,80,2717.2,33.97,1,1,1.16
2021-01-03,Toys,Building Blocks,47,1747.22,37.17,0,0,1.16
2021-03-25,Toys,Building Blocks,47,1637.58,34.84,0,0,1.16
2021-03-27,Toys,Building Blocks,48,1732.35,36.09,0,0,1.16
2021-06-10,Toys,Building Blocks,52,1842.27,35.43,0,0,1.16
2021-06-23,Toys,Building Blocks,41,1512.66,36.89,0,0,1.16
2021-09-10,Toys,Building Blocks,50,1828.85,36.58,0,0,1.16
2022-01-05,Toys,Building Blocks,64,2046.59,31.98,0,0,1.16
2022-02-15,Toys,Building Blocks,51,1802.09,35.34,0,0,1.16
2022-03-02,Toys,Building Blocks,60,2061.55,34.36,0,0,1.16
2022-05-01,Toys,Building Blocks,56,1921.52,34.31,0,0,1.16
2022-08-11,Toys,Building Blocks,67,2270.48,33.89,0,0,1.16
2020-11-18,Beauty,Face Serum,253,4863.93,19.23,1,1,1.14
2021-05-14,Beauty,Face Serum,177,3435.33,19.41,0,0,1.14
2021-05-16,Beauty,Face Serum,152,3186.91,20.97,0,0,1.14
2021-08-28,Beauty,Face Serum,179,3448.07,19.26,0,0,1.14
2021-10-20,Beauty,Face Serum,156,2953.09,18.93,0,0,1.14
2021-11-07,Beauty,Face Serum,227,4483.03,19.75,0,1,1.14
2021-12-10,Beauty,Face Serum,180,3827.37,21.26,0,1,1.14
2021-12-13,Beauty,Face Serum,211,4062.96,19.26,0,1,1.14
2022-02-14,Beauty,Face Serum,145,3065.52,21.14,0,0,1.14
2022-03-06,Beauty,Face Serum,254,4594.03,18.09,1,0,1.14
2022-04-15,Beauty,Face Serum,194,3650.6,18.82,0,0,1.14
2020-12-15,Toys,Building Blocks,85,2991.02,35.19,1,1,1.1
2021-02-05,Toys,Building Blocks,37,1351.16,36.52,0,0,1.1
2021-03-10,Toys,Building Blocks,44,1518.04,34.5,0,0,1.1
2021-03-28,Toys,Building Blocks,58,1856.42,32.01,0,0,1.1
2021-04-26,Toys,Building Blocks,55,2029.96,36.91,0,0,1.1
2021-05-07,Toys,Building Blocks,63,2038.8,32.36,1,0,1.1
2021-05-09,Toys,Building Blocks,71,2403.26,33.85,0,0,1.1
2021-06-20,Toys,Building Blocks,49,1748.13,35.68,0,0,1.1
2021-08-13,Toys,Building Blocks,61,2097.76,34.39,0,0,1.1
2021-08-26,Toys,Building Blocks,50,1790.65,35.81,1,0,1.1
2021-09-19,Toys,Building Blocks,61,2191.06,35.92,0,0,1.1
2021-10-12,Toys,Building Blocks,64,2150.52,33.6,0,0,1.1
2021-10-22,Toys,Building Blocks,44,1754.52,39.88,0,0,1.1
2021-12-09,Toys,Building Blocks,74,2464.98,33.31,0,1,1.1
2021-12-22,Toys,Building Blocks,69,2472.39,35.83,0,1,1.1
2022-01-01,Toys,Building Blocks,71,2534.24,35.69,0,0,1.1
2022-01-29,Toys,Building Blocks,78,2606.85,33.42,0,0,1.1
2022-06-04,Toys,Building Blocks,75,2433.92,32.45,0,0,1.1
2022-07-22,Toys,Building Blocks,60,1940.19,32.34,0,0,1.1
2021-01-13,Electronics,Smart Speaker,9,1343.98,149.33,0,0,1.16
2021-03-07,Electronics,Smart Speaker,29,3709.05,127.9,1,0,1.16
2021-05-30,Electronics,Smart Speaker,16,2413.2,150.83,1,0,1.16
2021-09-14,Electronics,Smart Speaker,10,1424.91,142.49,0,0,1.16
2021-11-09,Electronics,Smart Speaker,10,1614.41,161.44,0,1,1.16
2021-12-04,Electronics,Smart Speaker,19,2813.05,148.06,0,1,1.16
2021-12-07,Electronics,Smart Speaker,20,3160.73,158.04,0,1,1.16
2022-01-05,Electronics,Smart Speaker,15,2159.91,143.99,0,0,1.16
2022-02-16,Electronics,Smart Speaker,17,2528.72,148.75,0,0,1.16
2022-03-17,Electronics,Smart Speaker,13,2066.03,158.93,0,0,1.16
2022-06-14,Electronics,Smart Speaker,9,1384.22,153.8,0,0,1.16
2022-08-13,Electronics,Smart Speaker,11,1745.79,158.71,0,0,1.16
2021-01-21,Toys,Building Blocks,67,2170.05,32.39,0,0,1.13
2021-02-25,Toys,Building Blocks,59,2194.55,37.2,0,0,1.13
2021-03-19,Toys,Building Blocks,47,1660.31,35.33,0,0,1.13
2021-07-27,Toys,Building Blocks,79,2665.51,33.74,1,0,1.13
2021-08-09,Toys,Building Blocks,79,2871.02,36.34,1,0,1.13
2021-09-01,Toys,Building Blocks,65,2410.28,37.08,0,0,1.13
2021-09-22,Toys,Building Blocks,65,2365.31,36.39,0,0,1.13
2021-10-15,Toys,Building Blocks,64,2166.33,33.85,0,0,1.13
2021-10-21,Toys,Building Blocks,57,1820.5,31.94,0,0,1.13
2022-01-26,Toys,Building Blocks,54,1959.22,36.28,0,0,1.13
2022-02-18,Toys,Building Blocks,69,2254.38,32.67,0,0,1.13
2022-06-21,Toys,Building Blocks,86,3039.15,35.34,1,0,1.13
2022-08-25,Toys,Building Blocks,60,2069.8,34.5,0,0,1.13
2021-02-01,Clothing,Running Shoes,63,4138.37,65.69,0,0,0.86
2021-03-02,Clothing,Running Shoes,59,3827.68,64.88,0,0,0.86
2021-05-13,Clothing,Running Shoes,58,3405.25,58.71,0,0,0.86
2021-05-31,Clothing,Running Shoes,56,3390.81,60.55,0,0,0.86
2021-06-17,Clothing,Running Shoes,66,4351.78,65.94,0,0,0.86
2021-07-12,Clothing,Running Shoes,43,2521.14,58.63,0,0,0.86
2021-08-01,Clothing,Running Shoes,88,4688.7,53.28,0,0,0.86
2021-10-24,Clothing,Running Shoes,68,3933.04,57.84,0,0,0.86
2022-01-22,Clothing,Running Shoes,66,4002.58,60.65,0,0,0.86
2022-02-06,Clothing,Running Shoes,68,4230.54,62.21,0,0,0.86
2022-03-06,Clothing,Running Shoes,96,5787.91,60.29,1,0,0.86
2022-04-22,Clothing,Running Shoes,58,3319.13,57.23,0,0,0.86
2022-06-24,Clothing,Running Shoes,62,3817.25,61.57,0,0,0.86
2021-03-26,Beauty,Face Serum,159,3248.88,20.43,0,0,0.84
2021-07-08,Beauty,Face Serum,159,3040.93,19.13,0,0,0.84
2021-07-16,Beauty,Face Serum,150,3024.25,20.16,0,0,0.84
2021-10-03,Beauty,Face Serum,210,3905.74,18.6,0,0,0.84
2021-10-31,Beauty,Face Serum,189,3654.39,19.34,1,0,0.84
2022-01-13,Beauty,Face Serum,178,3414.62,19.18,0,0,0.84
2022-03-18,Beauty,Face Serum,165,3209.52,19.45,0,0,0.84
2022-04-12,Beauty,Face Serum,173,3477.73,20.1,0,0,0.84
2022-06-24,Beauty,Face Serum,149,3023.02,20.29,0,0,0.84
2022-07-11,Beauty,Face Serum,174,3381.44,19.43,0,0,0.84
2021-04-09,Sports,Yoga Mat,42,1832.19,43.62,0,0,0.86
2021-06-30,Sports,Yoga Mat,47,2039.27,43.39,0,0,0.86
2021-07-09,Sports,Yoga Mat,52,2431.7,46.76,0,0,0.86
2021-07-26,Sports,Yoga Mat,46,1804.25,39.22,0,0,0.86
2021-08-03,Sports,Yoga Mat,50,2343.0,46.86,1,0,0.86
2021-09-16,Sports,Yoga Mat,38,1665.0,43.82,0,0,0.86
2022-01-04,Sports,Yoga Mat,55,2486.47,45.21,0,0,0.86
2022-01-14,Sports,Yoga Mat,63,2666.92,42.33,0,0,0.86
2022-02-26,Sports,Yoga Mat,56,2604.04,46.5,0,0,0.86
2022-05-31,Sports,Yoga Mat,56,2555.88,45.64,0,0,0.86
2022-06-04,Sports,Yoga Mat,50,2199.99,44.0,0,0,0.86
2021-04-18,Toys,Building Blocks,84,3013.83,35.88,1,0,0.84
2021-08-25,Toys,Building Blocks,41,1657.19,40.42,0,0,0.84
2021-08-29,Toys,Building Blocks,63,2052.68,32.58,0,0,0.84
2021-11-27,Toys,Building Blocks,74,2605.19,35.21,0,1,0.84
2021-12-15,Toys,Building Blocks,66,2451.22,37.14,0,1,0.84
2022-01-02,Toys,Building Blocks,77,2661.02,34.56,0,0,0.84
2022-03-16,Toys,Building Blocks,74,2876.39,38.87,1,0,0.84
2022-06-09,Toys,Building Blocks,58,1987.55,34.27,0,0,0.84
